Archive member included because of file (symbol)

.\CortexM3\ARM_GCC_493\Debug\capteur_us.a(cyfitter_cfg.o)
                              .\CortexM3\ARM_GCC_493\Debug\Cm3Start.o (cyfitter_cfg)
.\CortexM3\ARM_GCC_493\Debug\capteur_us.a(CyLib.o)
                              .\CortexM3\ARM_GCC_493\Debug\Cm3Start.o (CyHalt)
.\CortexM3\ARM_GCC_493\Debug\capteur_us.a(cyPm.o)
                              .\CortexM3\ARM_GCC_493\Debug\capteur_us.a(CyLib.o) (CyPmReadStatus)
.\CortexM3\ARM_GCC_493\Debug\capteur_us.a(US_40kHz.o)
                              .\CortexM3\ARM_GCC_493\Debug\main.o (US_40kHz_Start)
.\CortexM3\ARM_GCC_493\Debug\capteur_us.a(Detect_Seuil_Recept.o)
                              .\CortexM3\ARM_GCC_493\Debug\main.o (Detect_Seuil_Recept_Start)
.\CortexM3\ARM_GCC_493\Debug\capteur_us.a(V_seuil.o)
                              .\CortexM3\ARM_GCC_493\Debug\main.o (V_seuil_Start)
.\CortexM3\ARM_GCC_493\Debug\capteur_us.a(Timer_US.o)
                              .\CortexM3\ARM_GCC_493\Debug\main.o (Timer_US_ReadCapture)
.\CortexM3\ARM_GCC_493\Debug\capteur_us.a(Ampli_Recept.o)
                              .\CortexM3\ARM_GCC_493\Debug\main.o (Ampli_Recept_Start)
.\CortexM3\ARM_GCC_493\Debug\capteur_us.a(TimerISR.o)
                              .\CortexM3\ARM_GCC_493\Debug\main.o (TimerISR_StartEx)
.\CortexM3\ARM_GCC_493\Debug\capteur_us.a(CharLCD_1.o)
                              .\CortexM3\ARM_GCC_493\Debug\main.o (CharLCD_1_PrintString)
.\CortexM3\ARM_GCC_493\Debug\capteur_us.a(CharLCD_1_CustChars.o)
                              .\CortexM3\ARM_GCC_493\Debug\capteur_us.a(CharLCD_1.o) (CharLCD_1_LoadCustomFonts)
.\CortexM3\ARM_GCC_493\Debug\capteur_us.a(Control_Reg_1.o)
                              .\CortexM3\ARM_GCC_493\Debug\main.o (Control_Reg_1_Write)
.\CortexM3\ARM_GCC_493\Debug\capteur_us.a(Counter_1.o)
                              .\CortexM3\ARM_GCC_493\Debug\main.o (Counter_1_Start)
.\CortexM3\ARM_GCC_493\Debug\capteur_us.a(CounterISR.o)
                              .\CortexM3\ARM_GCC_493\Debug\main.o (CounterISR_StartEx)
.\CortexM3\ARM_GCC_493\Debug\capteur_us.a(CyBootAsmGnu.o)
                              .\CortexM3\ARM_GCC_493\Debug\capteur_us.a(cyfitter_cfg.o) (CyDelayCycles)
.\CortexM3\ARM_GCC_493\Debug\capteur_us.a(CyFlash.o)
                              .\CortexM3\ARM_GCC_493\Debug\capteur_us.a(cyPm.o) (CyFlash_SetWaitCycles)
.\CortexM3\ARM_GCC_493\Debug\capteur_us.a(CySpc.o)
                              .\CortexM3\ARM_GCC_493\Debug\capteur_us.a(CyFlash.o) (CySpcStart)
.\CortexM3\ARM_GCC_493\Debug\capteur_us.a(cyutils.o)
                              .\CortexM3\ARM_GCC_493\Debug\capteur_us.a(Timer_US.o) (CySetReg24)
c:/program files (x86)/cypress/psoc creator/4.0/psoc creator/import/gnu/arm/4.9.3/bin/../lib/gcc/arm-none-eabi/4.9.3/../../../../arm-none-eabi/lib/armv7-m\libg_nano.a(lib_a-errno.o)
                              .\CortexM3\ARM_GCC_493\Debug\Cm3Start.o (__errno)
c:/program files (x86)/cypress/psoc creator/4.0/psoc creator/import/gnu/arm/4.9.3/bin/../lib/gcc/arm-none-eabi/4.9.3/../../../../arm-none-eabi/lib/armv7-m\libg_nano.a(lib_a-exit.o)
                              c:/program files (x86)/cypress/psoc creator/4.0/psoc creator/import/gnu/arm/4.9.3/bin/../lib/gcc/arm-none-eabi/4.9.3/../../../../arm-none-eabi/lib/armv7-m/crt0.o (exit)
c:/program files (x86)/cypress/psoc creator/4.0/psoc creator/import/gnu/arm/4.9.3/bin/../lib/gcc/arm-none-eabi/4.9.3/../../../../arm-none-eabi/lib/armv7-m\libg_nano.a(lib_a-impure.o)
                              c:/program files (x86)/cypress/psoc creator/4.0/psoc creator/import/gnu/arm/4.9.3/bin/../lib/gcc/arm-none-eabi/4.9.3/../../../../arm-none-eabi/lib/armv7-m\libg_nano.a(lib_a-exit.o) (_global_impure_ptr)
c:/program files (x86)/cypress/psoc creator/4.0/psoc creator/import/gnu/arm/4.9.3/bin/../lib/gcc/arm-none-eabi/4.9.3/../../../../arm-none-eabi/lib/armv7-m\libg_nano.a(lib_a-init.o)
                              c:/program files (x86)/cypress/psoc creator/4.0/psoc creator/import/gnu/arm/4.9.3/bin/../lib/gcc/arm-none-eabi/4.9.3/../../../../arm-none-eabi/lib/armv7-m/crt0.o (__libc_init_array)
c:/program files (x86)/cypress/psoc creator/4.0/psoc creator/import/gnu/arm/4.9.3/bin/../lib/gcc/arm-none-eabi/4.9.3/../../../../arm-none-eabi/lib/armv7-m\libg_nano.a(lib_a-memcpy.o)
                              .\CortexM3\ARM_GCC_493\Debug\capteur_us.a(cyfitter_cfg.o) (memcpy)
c:/program files (x86)/cypress/psoc creator/4.0/psoc creator/import/gnu/arm/4.9.3/bin/../lib/gcc/arm-none-eabi/4.9.3/../../../../arm-none-eabi/lib/armv7-m\libg_nano.a(lib_a-memset.o)
                              c:/program files (x86)/cypress/psoc creator/4.0/psoc creator/import/gnu/arm/4.9.3/bin/../lib/gcc/arm-none-eabi/4.9.3/../../../../arm-none-eabi/lib/armv7-m/crt0.o (memset)

Allocating common symbols
Common symbol       size              file

recu                0x1               .\CortexM3\ARM_GCC_493\Debug\main.o
timerCount          0x4               .\CortexM3\ARM_GCC_493\Debug\main.o
dieTemperature      0x2               .\CortexM3\ARM_GCC_493\Debug\capteur_us.a(CyFlash.o)

Discarded input sections

 .text          0x00000000        0x0 c:/program files (x86)/cypress/psoc creator/4.0/psoc creator/import/gnu/arm/4.9.3/bin/../lib/gcc/arm-none-eabi/4.9.3/armv7-m/crti.o
 .data          0x00000000        0x0 c:/program files (x86)/cypress/psoc creator/4.0/psoc creator/import/gnu/arm/4.9.3/bin/../lib/gcc/arm-none-eabi/4.9.3/armv7-m/crti.o
 .bss           0x00000000        0x0 c:/program files (x86)/cypress/psoc creator/4.0/psoc creator/import/gnu/arm/4.9.3/bin/../lib/gcc/arm-none-eabi/4.9.3/armv7-m/crti.o
 .data          0x00000000        0x4 c:/program files (x86)/cypress/psoc creator/4.0/psoc creator/import/gnu/arm/4.9.3/bin/../lib/gcc/arm-none-eabi/4.9.3/armv7-m/crtbegin.o
 .text          0x00000000       0x74 c:/program files (x86)/cypress/psoc creator/4.0/psoc creator/import/gnu/arm/4.9.3/bin/../lib/gcc/arm-none-eabi/4.9.3/../../../../arm-none-eabi/lib/armv7-m/crt0.o
 .data          0x00000000        0x0 c:/program files (x86)/cypress/psoc creator/4.0/psoc creator/import/gnu/arm/4.9.3/bin/../lib/gcc/arm-none-eabi/4.9.3/../../../../arm-none-eabi/lib/armv7-m/crt0.o
 .bss           0x00000000        0x0 c:/program files (x86)/cypress/psoc creator/4.0/psoc creator/import/gnu/arm/4.9.3/bin/../lib/gcc/arm-none-eabi/4.9.3/../../../../arm-none-eabi/lib/armv7-m/crt0.o
 .ARM.extab     0x00000000        0x0 c:/program files (x86)/cypress/psoc creator/4.0/psoc creator/import/gnu/arm/4.9.3/bin/../lib/gcc/arm-none-eabi/4.9.3/../../../../arm-none-eabi/lib/armv7-m/crt0.o
 .ARM.exidx     0x00000000        0x8 c:/program files (x86)/cypress/psoc creator/4.0/psoc creator/import/gnu/arm/4.9.3/bin/../lib/gcc/arm-none-eabi/4.9.3/../../../../arm-none-eabi/lib/armv7-m/crt0.o
 .text          0x00000000        0x0 .\CortexM3\ARM_GCC_493\Debug\main.o
 .data          0x00000000        0x0 .\CortexM3\ARM_GCC_493\Debug\main.o
 .bss           0x00000000        0x0 .\CortexM3\ARM_GCC_493\Debug\main.o
 .text          0x00000000        0x0 .\CortexM3\ARM_GCC_493\Debug\cymetadata.o
 .data          0x00000000        0x0 .\CortexM3\ARM_GCC_493\Debug\cymetadata.o
 .bss           0x00000000        0x0 .\CortexM3\ARM_GCC_493\Debug\cymetadata.o
 .text          0x00000000        0x0 .\CortexM3\ARM_GCC_493\Debug\Cm3Start.o
 .data          0x00000000        0x4 .\CortexM3\ARM_GCC_493\Debug\Cm3Start.o
 .bss           0x00000000        0x0 .\CortexM3\ARM_GCC_493\Debug\Cm3Start.o
 .text._exit    0x00000000        0xc .\CortexM3\ARM_GCC_493\Debug\Cm3Start.o
 .text._sbrk    0x00000000       0x30 .\CortexM3\ARM_GCC_493\Debug\Cm3Start.o
 .text          0x00000000        0x0 .\CortexM3\ARM_GCC_493\Debug\capteur_us.a(cyfitter_cfg.o)
 .data          0x00000000        0x0 .\CortexM3\ARM_GCC_493\Debug\capteur_us.a(cyfitter_cfg.o)
 .bss           0x00000000        0x0 .\CortexM3\ARM_GCC_493\Debug\capteur_us.a(cyfitter_cfg.o)
 .text.SetAnalogRoutingPumps
                0x00000000       0x1c .\CortexM3\ARM_GCC_493\Debug\capteur_us.a(cyfitter_cfg.o)
 .text          0x00000000        0x0 .\CortexM3\ARM_GCC_493\Debug\capteur_us.a(CyLib.o)
 .bss           0x00000000       0x1c .\CortexM3\ARM_GCC_493\Debug\capteur_us.a(CyLib.o)
 .text.CyUSB_PowerOnCheck
                0x00000000       0x48 .\CortexM3\ARM_GCC_493\Debug\capteur_us.a(CyLib.o)
 .text.CyBusClk_Internal_SetDivider
                0x00000000       0x48 .\CortexM3\ARM_GCC_493\Debug\capteur_us.a(CyLib.o)
 .text.CyPLL_OUT_Stop
                0x00000000       0x10 .\CortexM3\ARM_GCC_493\Debug\capteur_us.a(CyLib.o)
 .text.CyIMO_Stop
                0x00000000       0x1c .\CortexM3\ARM_GCC_493\Debug\capteur_us.a(CyLib.o)
 .text.CyIMO_EnableDoubler
                0x00000000       0x10 .\CortexM3\ARM_GCC_493\Debug\capteur_us.a(CyLib.o)
 .text.CyIMO_DisableDoubler
                0x00000000       0x10 .\CortexM3\ARM_GCC_493\Debug\capteur_us.a(CyLib.o)
 .text.CyMasterClk_SetSource
                0x00000000       0x18 .\CortexM3\ARM_GCC_493\Debug\capteur_us.a(CyLib.o)
 .text.CyMasterClk_SetDivider
                0x00000000        0xc .\CortexM3\ARM_GCC_493\Debug\capteur_us.a(CyLib.o)
 .text.CyBusClk_SetDivider
                0x00000000       0x70 .\CortexM3\ARM_GCC_493\Debug\capteur_us.a(CyLib.o)
 .text.CyUsbClk_SetSource
                0x00000000       0x18 .\CortexM3\ARM_GCC_493\Debug\capteur_us.a(CyLib.o)
 .text.CyILO_Start1K
                0x00000000       0x10 .\CortexM3\ARM_GCC_493\Debug\capteur_us.a(CyLib.o)
 .text.CyILO_Stop1K
                0x00000000       0x10 .\CortexM3\ARM_GCC_493\Debug\capteur_us.a(CyLib.o)
 .text.CyILO_Start100K
                0x00000000       0x10 .\CortexM3\ARM_GCC_493\Debug\capteur_us.a(CyLib.o)
 .text.CyILO_Stop100K
                0x00000000       0x10 .\CortexM3\ARM_GCC_493\Debug\capteur_us.a(CyLib.o)
 .text.CyPLL_OUT_Start
                0x00000000       0x78 .\CortexM3\ARM_GCC_493\Debug\capteur_us.a(CyLib.o)
 .text.CyIMO_Start
                0x00000000       0x60 .\CortexM3\ARM_GCC_493\Debug\capteur_us.a(CyLib.o)
 .text.CyILO_Enable33K
                0x00000000       0x10 .\CortexM3\ARM_GCC_493\Debug\capteur_us.a(CyLib.o)
 .text.CyILO_Disable33K
                0x00000000       0x10 .\CortexM3\ARM_GCC_493\Debug\capteur_us.a(CyLib.o)
 .text.CyILO_SetSource
                0x00000000       0x18 .\CortexM3\ARM_GCC_493\Debug\capteur_us.a(CyLib.o)
 .text.CyILO_SetPowerMode
                0x00000000       0x24 .\CortexM3\ARM_GCC_493\Debug\capteur_us.a(CyLib.o)
 .text.CyXTAL_32KHZ_Stop
                0x00000000       0x30 .\CortexM3\ARM_GCC_493\Debug\capteur_us.a(CyLib.o)
 .text.CyXTAL_32KHZ_ReadStatus
                0x00000000       0x10 .\CortexM3\ARM_GCC_493\Debug\capteur_us.a(CyLib.o)
 .text.CyXTAL_Start
                0x00000000       0xac .\CortexM3\ARM_GCC_493\Debug\capteur_us.a(CyLib.o)
 .text.CyXTAL_Stop
                0x00000000       0x10 .\CortexM3\ARM_GCC_493\Debug\capteur_us.a(CyLib.o)
 .text.CyXTAL_EnableErrStatus
                0x00000000       0x10 .\CortexM3\ARM_GCC_493\Debug\capteur_us.a(CyLib.o)
 .text.CyXTAL_DisableErrStatus
                0x00000000       0x10 .\CortexM3\ARM_GCC_493\Debug\capteur_us.a(CyLib.o)
 .text.CyXTAL_ReadStatus
                0x00000000       0x18 .\CortexM3\ARM_GCC_493\Debug\capteur_us.a(CyLib.o)
 .text.CyXTAL_EnableFaultRecovery
                0x00000000       0x10 .\CortexM3\ARM_GCC_493\Debug\capteur_us.a(CyLib.o)
 .text.CyXTAL_DisableFaultRecovery
                0x00000000       0x10 .\CortexM3\ARM_GCC_493\Debug\capteur_us.a(CyLib.o)
 .text.CyXTAL_SetStartup
                0x00000000       0x18 .\CortexM3\ARM_GCC_493\Debug\capteur_us.a(CyLib.o)
 .text.CyXTAL_SetFbVoltage
                0x00000000       0x18 .\CortexM3\ARM_GCC_493\Debug\capteur_us.a(CyLib.o)
 .text.CyXTAL_SetWdVoltage
                0x00000000       0x18 .\CortexM3\ARM_GCC_493\Debug\capteur_us.a(CyLib.o)
 .text.CyHalt   0x00000000        0x4 .\CortexM3\ARM_GCC_493\Debug\capteur_us.a(CyLib.o)
 .text.CyPLL_OUT_SetPQ
                0x00000000       0x60 .\CortexM3\ARM_GCC_493\Debug\capteur_us.a(CyLib.o)
 .text.CyPLL_OUT_SetSource
                0x00000000       0x34 .\CortexM3\ARM_GCC_493\Debug\capteur_us.a(CyLib.o)
 .text.CyIMO_SetTrimValue
                0x00000000       0xcc .\CortexM3\ARM_GCC_493\Debug\capteur_us.a(CyLib.o)
 .text.CyIMO_SetFreq
                0x00000000       0xf4 .\CortexM3\ARM_GCC_493\Debug\capteur_us.a(CyLib.o)
 .text.CyIMO_SetSource
                0x00000000       0x58 .\CortexM3\ARM_GCC_493\Debug\capteur_us.a(CyLib.o)
 .text.CySoftwareReset
                0x00000000       0x10 .\CortexM3\ARM_GCC_493\Debug\capteur_us.a(CyLib.o)
 .text.CyXTAL_32KHZ_SetPowerMode
                0x00000000       0x84 .\CortexM3\ARM_GCC_493\Debug\capteur_us.a(CyLib.o)
 .text.CyXTAL_32KHZ_Start
                0x00000000       0x70 .\CortexM3\ARM_GCC_493\Debug\capteur_us.a(CyLib.o)
 .text.CyDelayFreq
                0x00000000       0x4c .\CortexM3\ARM_GCC_493\Debug\capteur_us.a(CyLib.o)
 .text.CyWdtStart
                0x00000000       0x40 .\CortexM3\ARM_GCC_493\Debug\capteur_us.a(CyLib.o)
 .text.CyWdtClear
                0x00000000        0xc .\CortexM3\ARM_GCC_493\Debug\capteur_us.a(CyLib.o)
 .text.CyVdStickyStatus
                0x00000000       0x2c .\CortexM3\ARM_GCC_493\Debug\capteur_us.a(CyLib.o)
 .text.CyVdLvDigitEnable
                0x00000000       0x84 .\CortexM3\ARM_GCC_493\Debug\capteur_us.a(CyLib.o)
 .text.CyVdLvAnalogEnable
                0x00000000       0x80 .\CortexM3\ARM_GCC_493\Debug\capteur_us.a(CyLib.o)
 .text.CyVdLvDigitDisable
                0x00000000       0x30 .\CortexM3\ARM_GCC_493\Debug\capteur_us.a(CyLib.o)
 .text.CyVdLvAnalogDisable
                0x00000000       0x28 .\CortexM3\ARM_GCC_493\Debug\capteur_us.a(CyLib.o)
 .text.CyVdHvAnalogEnable
                0x00000000       0x54 .\CortexM3\ARM_GCC_493\Debug\capteur_us.a(CyLib.o)
 .text.CyVdHvAnalogDisable
                0x00000000       0x20 .\CortexM3\ARM_GCC_493\Debug\capteur_us.a(CyLib.o)
 .text.CyVdRealTimeStatus
                0x00000000       0x1c .\CortexM3\ARM_GCC_493\Debug\capteur_us.a(CyLib.o)
 .text.CyDisableInts
                0x00000000       0x1c .\CortexM3\ARM_GCC_493\Debug\capteur_us.a(CyLib.o)
 .text.CyEnableInts
                0x00000000       0x18 .\CortexM3\ARM_GCC_493\Debug\capteur_us.a(CyLib.o)
 .text.CyFlushCache
                0x00000000       0x44 .\CortexM3\ARM_GCC_493\Debug\capteur_us.a(CyLib.o)
 .text.CyIntSetSysVector
                0x00000000       0x28 .\CortexM3\ARM_GCC_493\Debug\capteur_us.a(CyLib.o)
 .text.CyIntGetSysVector
                0x00000000       0x20 .\CortexM3\ARM_GCC_493\Debug\capteur_us.a(CyLib.o)
 .text.CyIntSetVector
                0x00000000       0x28 .\CortexM3\ARM_GCC_493\Debug\capteur_us.a(CyLib.o)
 .text.CyIntGetVector
                0x00000000       0x24 .\CortexM3\ARM_GCC_493\Debug\capteur_us.a(CyLib.o)
 .text.CyIntSetPriority
                0x00000000       0x30 .\CortexM3\ARM_GCC_493\Debug\capteur_us.a(CyLib.o)
 .text.CyIntGetPriority
                0x00000000       0x20 .\CortexM3\ARM_GCC_493\Debug\capteur_us.a(CyLib.o)
 .text.CyIntGetState
                0x00000000       0x24 .\CortexM3\ARM_GCC_493\Debug\capteur_us.a(CyLib.o)
 .text.CySysTickStop
                0x00000000       0x10 .\CortexM3\ARM_GCC_493\Debug\capteur_us.a(CyLib.o)
 .text.CySysTickEnableInterrupt
                0x00000000       0x10 .\CortexM3\ARM_GCC_493\Debug\capteur_us.a(CyLib.o)
 .text.CySysTickEnable
                0x00000000       0x18 .\CortexM3\ARM_GCC_493\Debug\capteur_us.a(CyLib.o)
 .text.CySysTickDisableInterrupt
                0x00000000       0x10 .\CortexM3\ARM_GCC_493\Debug\capteur_us.a(CyLib.o)
 .text.CySysTickSetReload
                0x00000000       0x10 .\CortexM3\ARM_GCC_493\Debug\capteur_us.a(CyLib.o)
 .text.CySysTickGetReload
                0x00000000       0x10 .\CortexM3\ARM_GCC_493\Debug\capteur_us.a(CyLib.o)
 .text.CySysTickGetValue
                0x00000000       0x10 .\CortexM3\ARM_GCC_493\Debug\capteur_us.a(CyLib.o)
 .text.CySysTickSetClockSource
                0x00000000       0x20 .\CortexM3\ARM_GCC_493\Debug\capteur_us.a(CyLib.o)
 .text.CySysTickGetClockSource
                0x00000000       0x10 .\CortexM3\ARM_GCC_493\Debug\capteur_us.a(CyLib.o)
 .text.CySysTickGetCountFlag
                0x00000000       0x10 .\CortexM3\ARM_GCC_493\Debug\capteur_us.a(CyLib.o)
 .text.CySysTickServiceCallbacks
                0x00000000       0x28 .\CortexM3\ARM_GCC_493\Debug\capteur_us.a(CyLib.o)
 .text.CySysTickClear
                0x00000000        0xc .\CortexM3\ARM_GCC_493\Debug\capteur_us.a(CyLib.o)
 .text.CySysTickInit
                0x00000000       0x58 .\CortexM3\ARM_GCC_493\Debug\capteur_us.a(CyLib.o)
 .text.CySysTickStart
                0x00000000       0x1c .\CortexM3\ARM_GCC_493\Debug\capteur_us.a(CyLib.o)
 .text.CySysTickSetCallback
                0x00000000       0x10 .\CortexM3\ARM_GCC_493\Debug\capteur_us.a(CyLib.o)
 .text.CySysTickGetCallback
                0x00000000       0x10 .\CortexM3\ARM_GCC_493\Debug\capteur_us.a(CyLib.o)
 .text.CyGetUniqueId
                0x00000000       0x70 .\CortexM3\ARM_GCC_493\Debug\capteur_us.a(CyLib.o)
 .text          0x00000000        0x0 .\CortexM3\ARM_GCC_493\Debug\capteur_us.a(cyPm.o)
 .data          0x00000000        0x0 .\CortexM3\ARM_GCC_493\Debug\capteur_us.a(cyPm.o)
 .bss           0x00000000       0x44 .\CortexM3\ARM_GCC_493\Debug\capteur_us.a(cyPm.o)
 .text.CyPmHibSlpSaveSet
                0x00000000      0x1dc .\CortexM3\ARM_GCC_493\Debug\capteur_us.a(cyPm.o)
 .text.CyPmHibSlpRestore
                0x00000000       0xd4 .\CortexM3\ARM_GCC_493\Debug\capteur_us.a(cyPm.o)
 .text.CyPmHviLviSaveDisable
                0x00000000       0xa0 .\CortexM3\ARM_GCC_493\Debug\capteur_us.a(cyPm.o)
 .text.CyPmHibSaveSet
                0x00000000       0x8c .\CortexM3\ARM_GCC_493\Debug\capteur_us.a(cyPm.o)
 .text.CyPmHviLviRestore
                0x00000000       0x48 .\CortexM3\ARM_GCC_493\Debug\capteur_us.a(cyPm.o)
 .text.CyPmHibRestore
                0x00000000       0x58 .\CortexM3\ARM_GCC_493\Debug\capteur_us.a(cyPm.o)
 .text.CyPmSaveClocks
                0x00000000      0x218 .\CortexM3\ARM_GCC_493\Debug\capteur_us.a(cyPm.o)
 .text.CyPmRestoreClocks
                0x00000000      0x24c .\CortexM3\ARM_GCC_493\Debug\capteur_us.a(cyPm.o)
 .text.CyPmAltAct
                0x00000000       0x6c .\CortexM3\ARM_GCC_493\Debug\capteur_us.a(cyPm.o)
 .text.CyPmSleep
                0x00000000       0xf4 .\CortexM3\ARM_GCC_493\Debug\capteur_us.a(cyPm.o)
 .text.CyPmHibernateEx
                0x00000000       0xf4 .\CortexM3\ARM_GCC_493\Debug\capteur_us.a(cyPm.o)
 .text.CyPmHibernate
                0x00000000        0xc .\CortexM3\ARM_GCC_493\Debug\capteur_us.a(cyPm.o)
 .text.CyPmReadStatus
                0x00000000       0x30 .\CortexM3\ARM_GCC_493\Debug\capteur_us.a(cyPm.o)
 .text.CyPmCtwSetInterval
                0x00000000       0x5c .\CortexM3\ARM_GCC_493\Debug\capteur_us.a(cyPm.o)
 .text.CyPmOppsSet
                0x00000000       0x2c .\CortexM3\ARM_GCC_493\Debug\capteur_us.a(cyPm.o)
 .text.CyPmFtwSetInterval
                0x00000000       0x5c .\CortexM3\ARM_GCC_493\Debug\capteur_us.a(cyPm.o)
 .rodata        0x00000000       0x10 .\CortexM3\ARM_GCC_493\Debug\capteur_us.a(cyPm.o)
 .text          0x00000000        0x0 .\CortexM3\ARM_GCC_493\Debug\capteur_us.a(US_40kHz.o)
 .data          0x00000000        0x0 .\CortexM3\ARM_GCC_493\Debug\capteur_us.a(US_40kHz.o)
 .text.US_40kHz_Enable
                0x00000000        0x4 .\CortexM3\ARM_GCC_493\Debug\capteur_us.a(US_40kHz.o)
 .text.US_40kHz_Stop
                0x00000000        0x4 .\CortexM3\ARM_GCC_493\Debug\capteur_us.a(US_40kHz.o)
 .text.US_40kHz_ReadCounter
                0x00000000       0x14 .\CortexM3\ARM_GCC_493\Debug\capteur_us.a(US_40kHz.o)
 .text.US_40kHz_ReadCompare1
                0x00000000        0xc .\CortexM3\ARM_GCC_493\Debug\capteur_us.a(US_40kHz.o)
 .text.US_40kHz_ReadCompare2
                0x00000000        0xc .\CortexM3\ARM_GCC_493\Debug\capteur_us.a(US_40kHz.o)
 .text.US_40kHz_ReadPeriod
                0x00000000        0xc .\CortexM3\ARM_GCC_493\Debug\capteur_us.a(US_40kHz.o)
 .text          0x00000000        0x0 .\CortexM3\ARM_GCC_493\Debug\capteur_us.a(Detect_Seuil_Recept.o)
 .data          0x00000000        0x0 .\CortexM3\ARM_GCC_493\Debug\capteur_us.a(Detect_Seuil_Recept.o)
 .text.Detect_Seuil_Recept_trimAdjust
                0x00000000       0x74 .\CortexM3\ARM_GCC_493\Debug\capteur_us.a(Detect_Seuil_Recept.o)
 .text.Detect_Seuil_Recept_Stop
                0x00000000       0x1c .\CortexM3\ARM_GCC_493\Debug\capteur_us.a(Detect_Seuil_Recept.o)
 .text.Detect_Seuil_Recept_GetCompare
                0x00000000       0x10 .\CortexM3\ARM_GCC_493\Debug\capteur_us.a(Detect_Seuil_Recept.o)
 .text.Detect_Seuil_Recept_ZeroCal
                0x00000000       0x90 .\CortexM3\ARM_GCC_493\Debug\capteur_us.a(Detect_Seuil_Recept.o)
 .text.Detect_Seuil_Recept_LoadTrim
                0x00000000       0x14 .\CortexM3\ARM_GCC_493\Debug\capteur_us.a(Detect_Seuil_Recept.o)
 .text.Detect_Seuil_Recept_PwrDwnOverrideEnable
                0x00000000       0x10 .\CortexM3\ARM_GCC_493\Debug\capteur_us.a(Detect_Seuil_Recept.o)
 .text.Detect_Seuil_Recept_PwrDwnOverrideDisable
                0x00000000       0x10 .\CortexM3\ARM_GCC_493\Debug\capteur_us.a(Detect_Seuil_Recept.o)
 .text          0x00000000        0x0 .\CortexM3\ARM_GCC_493\Debug\capteur_us.a(V_seuil.o)
 .data          0x00000000        0x0 .\CortexM3\ARM_GCC_493\Debug\capteur_us.a(V_seuil.o)
 .text.V_seuil_Stop
                0x00000000       0x1c .\CortexM3\ARM_GCC_493\Debug\capteur_us.a(V_seuil.o)
 .text          0x00000000        0x0 .\CortexM3\ARM_GCC_493\Debug\capteur_us.a(Timer_US.o)
 .data          0x00000000        0x0 .\CortexM3\ARM_GCC_493\Debug\capteur_us.a(Timer_US.o)
 .text.Timer_US_Stop
                0x00000000       0x10 .\CortexM3\ARM_GCC_493\Debug\capteur_us.a(Timer_US.o)
 .text.Timer_US_SoftwareCapture
                0x00000000        0xc .\CortexM3\ARM_GCC_493\Debug\capteur_us.a(Timer_US.o)
 .text.Timer_US_ReadControlRegister
                0x00000000        0xc .\CortexM3\ARM_GCC_493\Debug\capteur_us.a(Timer_US.o)
 .text.Timer_US_WriteControlRegister
                0x00000000        0xc .\CortexM3\ARM_GCC_493\Debug\capteur_us.a(Timer_US.o)
 .text.Timer_US_ReadPeriod
                0x00000000       0x10 .\CortexM3\ARM_GCC_493\Debug\capteur_us.a(Timer_US.o)
 .text.Timer_US_ReadCounter
                0x00000000       0x18 .\CortexM3\ARM_GCC_493\Debug\capteur_us.a(Timer_US.o)
 .text.Timer_US_DisableTrigger
                0x00000000       0x10 .\CortexM3\ARM_GCC_493\Debug\capteur_us.a(Timer_US.o)
 .text          0x00000000        0x0 .\CortexM3\ARM_GCC_493\Debug\capteur_us.a(Ampli_Recept.o)
 .data          0x00000000        0x0 .\CortexM3\ARM_GCC_493\Debug\capteur_us.a(Ampli_Recept.o)
 .text.Ampli_Recept_Stop
                0x00000000       0x1c .\CortexM3\ARM_GCC_493\Debug\capteur_us.a(Ampli_Recept.o)
 .text          0x00000000        0x0 .\CortexM3\ARM_GCC_493\Debug\capteur_us.a(TimerISR.o)
 .data          0x00000000        0x0 .\CortexM3\ARM_GCC_493\Debug\capteur_us.a(TimerISR.o)
 .bss           0x00000000        0x0 .\CortexM3\ARM_GCC_493\Debug\capteur_us.a(TimerISR.o)
 .text.TimerISR_Interrupt
                0x00000000        0x4 .\CortexM3\ARM_GCC_493\Debug\capteur_us.a(TimerISR.o)
 .text.TimerISR_GetVector
                0x00000000        0xc .\CortexM3\ARM_GCC_493\Debug\capteur_us.a(TimerISR.o)
 .text.TimerISR_GetPriority
                0x00000000        0xc .\CortexM3\ARM_GCC_493\Debug\capteur_us.a(TimerISR.o)
 .text.TimerISR_GetState
                0x00000000       0x18 .\CortexM3\ARM_GCC_493\Debug\capteur_us.a(TimerISR.o)
 .text.TimerISR_Start
                0x00000000       0x1c .\CortexM3\ARM_GCC_493\Debug\capteur_us.a(TimerISR.o)
 .text.TimerISR_Stop
                0x00000000       0x14 .\CortexM3\ARM_GCC_493\Debug\capteur_us.a(TimerISR.o)
 .text.TimerISR_SetPending
                0x00000000        0xc .\CortexM3\ARM_GCC_493\Debug\capteur_us.a(TimerISR.o)
 .text.TimerISR_ClearPending
                0x00000000        0xc .\CortexM3\ARM_GCC_493\Debug\capteur_us.a(TimerISR.o)
 .text          0x00000000        0x0 .\CortexM3\ARM_GCC_493\Debug\capteur_us.a(CharLCD_1.o)
 .data          0x00000000        0x0 .\CortexM3\ARM_GCC_493\Debug\capteur_us.a(CharLCD_1.o)
 .text.CharLCD_1_Stop
                0x00000000       0x14 .\CortexM3\ARM_GCC_493\Debug\capteur_us.a(CharLCD_1.o)
 .text.CharLCD_1_PrintInt16
                0x00000000       0x14 .\CortexM3\ARM_GCC_493\Debug\capteur_us.a(CharLCD_1.o)
 .text.CharLCD_1_PrintInt32
                0x00000000       0x1c .\CortexM3\ARM_GCC_493\Debug\capteur_us.a(CharLCD_1.o)
 .text.CharLCD_1_PrintU32Number
                0x00000000       0x60 .\CortexM3\ARM_GCC_493\Debug\capteur_us.a(CharLCD_1.o)
 .text          0x00000000        0x0 .\CortexM3\ARM_GCC_493\Debug\capteur_us.a(CharLCD_1_CustChars.o)
 .data          0x00000000        0x0 .\CortexM3\ARM_GCC_493\Debug\capteur_us.a(CharLCD_1_CustChars.o)
 .bss           0x00000000        0x0 .\CortexM3\ARM_GCC_493\Debug\capteur_us.a(CharLCD_1_CustChars.o)
 .text          0x00000000        0x0 .\CortexM3\ARM_GCC_493\Debug\capteur_us.a(Control_Reg_1.o)
 .data          0x00000000        0x0 .\CortexM3\ARM_GCC_493\Debug\capteur_us.a(Control_Reg_1.o)
 .bss           0x00000000        0x0 .\CortexM3\ARM_GCC_493\Debug\capteur_us.a(Control_Reg_1.o)
 .text.Control_Reg_1_Read
                0x00000000        0xc .\CortexM3\ARM_GCC_493\Debug\capteur_us.a(Control_Reg_1.o)
 .text          0x00000000        0x0 .\CortexM3\ARM_GCC_493\Debug\capteur_us.a(Counter_1.o)
 .data          0x00000000        0x0 .\CortexM3\ARM_GCC_493\Debug\capteur_us.a(Counter_1.o)
 .text.Counter_1_Stop
                0x00000000       0x10 .\CortexM3\ARM_GCC_493\Debug\capteur_us.a(Counter_1.o)
 .text.Counter_1_ReadControlRegister
                0x00000000        0xc .\CortexM3\ARM_GCC_493\Debug\capteur_us.a(Counter_1.o)
 .text.Counter_1_WriteControlRegister
                0x00000000        0xc .\CortexM3\ARM_GCC_493\Debug\capteur_us.a(Counter_1.o)
 .text.Counter_1_ReadCounter
                0x00000000       0x14 .\CortexM3\ARM_GCC_493\Debug\capteur_us.a(Counter_1.o)
 .text.Counter_1_ReadPeriod
                0x00000000        0xc .\CortexM3\ARM_GCC_493\Debug\capteur_us.a(Counter_1.o)
 .text.Counter_1_ReadCompare
                0x00000000        0xc .\CortexM3\ARM_GCC_493\Debug\capteur_us.a(Counter_1.o)
 .text          0x00000000        0x0 .\CortexM3\ARM_GCC_493\Debug\capteur_us.a(CounterISR.o)
 .data          0x00000000        0x0 .\CortexM3\ARM_GCC_493\Debug\capteur_us.a(CounterISR.o)
 .bss           0x00000000        0x0 .\CortexM3\ARM_GCC_493\Debug\capteur_us.a(CounterISR.o)
 .text.CounterISR_Interrupt
                0x00000000        0x4 .\CortexM3\ARM_GCC_493\Debug\capteur_us.a(CounterISR.o)
 .text.CounterISR_GetVector
                0x00000000        0xc .\CortexM3\ARM_GCC_493\Debug\capteur_us.a(CounterISR.o)
 .text.CounterISR_GetPriority
                0x00000000        0xc .\CortexM3\ARM_GCC_493\Debug\capteur_us.a(CounterISR.o)
 .text.CounterISR_GetState
                0x00000000       0x10 .\CortexM3\ARM_GCC_493\Debug\capteur_us.a(CounterISR.o)
 .text.CounterISR_Start
                0x00000000       0x1c .\CortexM3\ARM_GCC_493\Debug\capteur_us.a(CounterISR.o)
 .text.CounterISR_Stop
                0x00000000       0x14 .\CortexM3\ARM_GCC_493\Debug\capteur_us.a(CounterISR.o)
 .text.CounterISR_SetPending
                0x00000000        0xc .\CortexM3\ARM_GCC_493\Debug\capteur_us.a(CounterISR.o)
 .text.CounterISR_ClearPending
                0x00000000        0xc .\CortexM3\ARM_GCC_493\Debug\capteur_us.a(CounterISR.o)
 .data          0x00000000        0x0 .\CortexM3\ARM_GCC_493\Debug\capteur_us.a(CyBootAsmGnu.o)
 .bss           0x00000000        0x0 .\CortexM3\ARM_GCC_493\Debug\capteur_us.a(CyBootAsmGnu.o)
 .text          0x00000000        0x0 .\CortexM3\ARM_GCC_493\Debug\capteur_us.a(CyFlash.o)
 .data          0x00000000        0x0 .\CortexM3\ARM_GCC_493\Debug\capteur_us.a(CyFlash.o)
 .bss           0x00000000        0x4 .\CortexM3\ARM_GCC_493\Debug\capteur_us.a(CyFlash.o)
 .text.CyFlashGetSpcAlgorithm
                0x00000000       0x4c .\CortexM3\ARM_GCC_493\Debug\capteur_us.a(CyFlash.o)
 .text.CySetTempInt
                0x00000000       0x60 .\CortexM3\ARM_GCC_493\Debug\capteur_us.a(CyFlash.o)
 .text.CyFlash_Start
                0x00000000       0x54 .\CortexM3\ARM_GCC_493\Debug\capteur_us.a(CyFlash.o)
 .text.CyFlash_Stop
                0x00000000       0x24 .\CortexM3\ARM_GCC_493\Debug\capteur_us.a(CyFlash.o)
 .text.CySetTemp
                0x00000000       0x14 .\CortexM3\ARM_GCC_493\Debug\capteur_us.a(CyFlash.o)
 .text.CySetFlashEEBuffer
                0x00000000       0x28 .\CortexM3\ARM_GCC_493\Debug\capteur_us.a(CyFlash.o)
 .text.CyWriteRowFull
                0x00000000       0xf8 .\CortexM3\ARM_GCC_493\Debug\capteur_us.a(CyFlash.o)
 .text.CyWriteRowData
                0x00000000       0x14 .\CortexM3\ARM_GCC_493\Debug\capteur_us.a(CyFlash.o)
 .text.CyFlash_SetWaitCycles
                0x00000000       0x7c .\CortexM3\ARM_GCC_493\Debug\capteur_us.a(CyFlash.o)
 .text.CyEEPROM_Start
                0x00000000       0x54 .\CortexM3\ARM_GCC_493\Debug\capteur_us.a(CyFlash.o)
 .text.CyEEPROM_Stop
                0x00000000       0x24 .\CortexM3\ARM_GCC_493\Debug\capteur_us.a(CyFlash.o)
 .text.CyEEPROM_ReadReserve
                0x00000000       0x1c .\CortexM3\ARM_GCC_493\Debug\capteur_us.a(CyFlash.o)
 .text.CyEEPROM_ReadRelease
                0x00000000       0x10 .\CortexM3\ARM_GCC_493\Debug\capteur_us.a(CyFlash.o)
 COMMON         0x00000000        0x2 .\CortexM3\ARM_GCC_493\Debug\capteur_us.a(CyFlash.o)
 .text          0x00000000        0x0 .\CortexM3\ARM_GCC_493\Debug\capteur_us.a(CySpc.o)
 .data          0x00000000        0x0 .\CortexM3\ARM_GCC_493\Debug\capteur_us.a(CySpc.o)
 .bss           0x00000000        0x8 .\CortexM3\ARM_GCC_493\Debug\capteur_us.a(CySpc.o)
 .text.CySpcStart
                0x00000000       0x24 .\CortexM3\ARM_GCC_493\Debug\capteur_us.a(CySpc.o)
 .text.CySpcStop
                0x00000000       0x24 .\CortexM3\ARM_GCC_493\Debug\capteur_us.a(CySpc.o)
 .text.CySpcReadData
                0x00000000       0x34 .\CortexM3\ARM_GCC_493\Debug\capteur_us.a(CySpc.o)
 .text.CySpcLoadMultiByte
                0x00000000       0x78 .\CortexM3\ARM_GCC_493\Debug\capteur_us.a(CySpc.o)
 .text.CySpcLoadRow
                0x00000000       0x54 .\CortexM3\ARM_GCC_493\Debug\capteur_us.a(CySpc.o)
 .text.CySpcLoadRowFull
                0x00000000       0x80 .\CortexM3\ARM_GCC_493\Debug\capteur_us.a(CySpc.o)
 .text.CySpcWriteRow
                0x00000000       0x4c .\CortexM3\ARM_GCC_493\Debug\capteur_us.a(CySpc.o)
 .text.CySpcEraseSector
                0x00000000       0x3c .\CortexM3\ARM_GCC_493\Debug\capteur_us.a(CySpc.o)
 .text.CySpcGetTemp
                0x00000000       0x3c .\CortexM3\ARM_GCC_493\Debug\capteur_us.a(CySpc.o)
 .text.CySpcLock
                0x00000000       0x4c .\CortexM3\ARM_GCC_493\Debug\capteur_us.a(CySpc.o)
 .text.CySpcUnlock
                0x00000000       0x38 .\CortexM3\ARM_GCC_493\Debug\capteur_us.a(CySpc.o)
 .text.CySpcGetAlgorithm
                0x00000000       0x28 .\CortexM3\ARM_GCC_493\Debug\capteur_us.a(CySpc.o)
 .text          0x00000000        0x0 .\CortexM3\ARM_GCC_493\Debug\capteur_us.a(cyutils.o)
 .data          0x00000000        0x0 .\CortexM3\ARM_GCC_493\Debug\capteur_us.a(cyutils.o)
 .bss           0x00000000        0x0 .\CortexM3\ARM_GCC_493\Debug\capteur_us.a(cyutils.o)
 .text          0x00000000        0x0 c:/program files (x86)/cypress/psoc creator/4.0/psoc creator/import/gnu/arm/4.9.3/bin/../lib/gcc/arm-none-eabi/4.9.3/../../../../arm-none-eabi/lib/armv7-m\libg_nano.a(lib_a-errno.o)
 .data          0x00000000        0x0 c:/program files (x86)/cypress/psoc creator/4.0/psoc creator/import/gnu/arm/4.9.3/bin/../lib/gcc/arm-none-eabi/4.9.3/../../../../arm-none-eabi/lib/armv7-m\libg_nano.a(lib_a-errno.o)
 .bss           0x00000000        0x0 c:/program files (x86)/cypress/psoc creator/4.0/psoc creator/import/gnu/arm/4.9.3/bin/../lib/gcc/arm-none-eabi/4.9.3/../../../../arm-none-eabi/lib/armv7-m\libg_nano.a(lib_a-errno.o)
 .text          0x00000000        0x0 c:/program files (x86)/cypress/psoc creator/4.0/psoc creator/import/gnu/arm/4.9.3/bin/../lib/gcc/arm-none-eabi/4.9.3/../../../../arm-none-eabi/lib/armv7-m\libg_nano.a(lib_a-exit.o)
 .data          0x00000000        0x0 c:/program files (x86)/cypress/psoc creator/4.0/psoc creator/import/gnu/arm/4.9.3/bin/../lib/gcc/arm-none-eabi/4.9.3/../../../../arm-none-eabi/lib/armv7-m\libg_nano.a(lib_a-exit.o)
 .bss           0x00000000        0x0 c:/program files (x86)/cypress/psoc creator/4.0/psoc creator/import/gnu/arm/4.9.3/bin/../lib/gcc/arm-none-eabi/4.9.3/../../../../arm-none-eabi/lib/armv7-m\libg_nano.a(lib_a-exit.o)
 .text.exit     0x00000000       0x28 c:/program files (x86)/cypress/psoc creator/4.0/psoc creator/import/gnu/arm/4.9.3/bin/../lib/gcc/arm-none-eabi/4.9.3/../../../../arm-none-eabi/lib/armv7-m\libg_nano.a(lib_a-exit.o)
 .text          0x00000000        0x0 c:/program files (x86)/cypress/psoc creator/4.0/psoc creator/import/gnu/arm/4.9.3/bin/../lib/gcc/arm-none-eabi/4.9.3/../../../../arm-none-eabi/lib/armv7-m\libg_nano.a(lib_a-impure.o)
 .data          0x00000000        0x0 c:/program files (x86)/cypress/psoc creator/4.0/psoc creator/import/gnu/arm/4.9.3/bin/../lib/gcc/arm-none-eabi/4.9.3/../../../../arm-none-eabi/lib/armv7-m\libg_nano.a(lib_a-impure.o)
 .bss           0x00000000        0x0 c:/program files (x86)/cypress/psoc creator/4.0/psoc creator/import/gnu/arm/4.9.3/bin/../lib/gcc/arm-none-eabi/4.9.3/../../../../arm-none-eabi/lib/armv7-m\libg_nano.a(lib_a-impure.o)
 .rodata._global_impure_ptr
                0x00000000        0x4 c:/program files (x86)/cypress/psoc creator/4.0/psoc creator/import/gnu/arm/4.9.3/bin/../lib/gcc/arm-none-eabi/4.9.3/../../../../arm-none-eabi/lib/armv7-m\libg_nano.a(lib_a-impure.o)
 .text          0x00000000        0x0 c:/program files (x86)/cypress/psoc creator/4.0/psoc creator/import/gnu/arm/4.9.3/bin/../lib/gcc/arm-none-eabi/4.9.3/../../../../arm-none-eabi/lib/armv7-m\libg_nano.a(lib_a-init.o)
 .data          0x00000000        0x0 c:/program files (x86)/cypress/psoc creator/4.0/psoc creator/import/gnu/arm/4.9.3/bin/../lib/gcc/arm-none-eabi/4.9.3/../../../../arm-none-eabi/lib/armv7-m\libg_nano.a(lib_a-init.o)
 .bss           0x00000000        0x0 c:/program files (x86)/cypress/psoc creator/4.0/psoc creator/import/gnu/arm/4.9.3/bin/../lib/gcc/arm-none-eabi/4.9.3/../../../../arm-none-eabi/lib/armv7-m\libg_nano.a(lib_a-init.o)
 .text          0x00000000        0x0 c:/program files (x86)/cypress/psoc creator/4.0/psoc creator/import/gnu/arm/4.9.3/bin/../lib/gcc/arm-none-eabi/4.9.3/../../../../arm-none-eabi/lib/armv7-m\libg_nano.a(lib_a-memcpy.o)
 .data          0x00000000        0x0 c:/program files (x86)/cypress/psoc creator/4.0/psoc creator/import/gnu/arm/4.9.3/bin/../lib/gcc/arm-none-eabi/4.9.3/../../../../arm-none-eabi/lib/armv7-m\libg_nano.a(lib_a-memcpy.o)
 .bss           0x00000000        0x0 c:/program files (x86)/cypress/psoc creator/4.0/psoc creator/import/gnu/arm/4.9.3/bin/../lib/gcc/arm-none-eabi/4.9.3/../../../../arm-none-eabi/lib/armv7-m\libg_nano.a(lib_a-memcpy.o)
 .text          0x00000000        0x0 c:/program files (x86)/cypress/psoc creator/4.0/psoc creator/import/gnu/arm/4.9.3/bin/../lib/gcc/arm-none-eabi/4.9.3/../../../../arm-none-eabi/lib/armv7-m\libg_nano.a(lib_a-memset.o)
 .data          0x00000000        0x0 c:/program files (x86)/cypress/psoc creator/4.0/psoc creator/import/gnu/arm/4.9.3/bin/../lib/gcc/arm-none-eabi/4.9.3/../../../../arm-none-eabi/lib/armv7-m\libg_nano.a(lib_a-memset.o)
 .bss           0x00000000        0x0 c:/program files (x86)/cypress/psoc creator/4.0/psoc creator/import/gnu/arm/4.9.3/bin/../lib/gcc/arm-none-eabi/4.9.3/../../../../arm-none-eabi/lib/armv7-m\libg_nano.a(lib_a-memset.o)
 .text          0x00000000        0x0 c:/program files (x86)/cypress/psoc creator/4.0/psoc creator/import/gnu/arm/4.9.3/bin/../lib/gcc/arm-none-eabi/4.9.3/armv7-m/crtend.o
 .data          0x00000000        0x0 c:/program files (x86)/cypress/psoc creator/4.0/psoc creator/import/gnu/arm/4.9.3/bin/../lib/gcc/arm-none-eabi/4.9.3/armv7-m/crtend.o
 .bss           0x00000000        0x0 c:/program files (x86)/cypress/psoc creator/4.0/psoc creator/import/gnu/arm/4.9.3/bin/../lib/gcc/arm-none-eabi/4.9.3/armv7-m/crtend.o
 .text          0x00000000        0x0 c:/program files (x86)/cypress/psoc creator/4.0/psoc creator/import/gnu/arm/4.9.3/bin/../lib/gcc/arm-none-eabi/4.9.3/armv7-m/crtn.o
 .data          0x00000000        0x0 c:/program files (x86)/cypress/psoc creator/4.0/psoc creator/import/gnu/arm/4.9.3/bin/../lib/gcc/arm-none-eabi/4.9.3/armv7-m/crtn.o
 .bss           0x00000000        0x0 c:/program files (x86)/cypress/psoc creator/4.0/psoc creator/import/gnu/arm/4.9.3/bin/../lib/gcc/arm-none-eabi/4.9.3/armv7-m/crtn.o

Memory Configuration

Name             Origin             Length             Attributes
rom              0x00000000         0x00040000         xr
ram              0x1fff8000         0x00010000         xrw
*default*        0x00000000         0xffffffff

Linker script and memory map

LOAD c:/program files (x86)/cypress/psoc creator/4.0/psoc creator/import/gnu/arm/4.9.3/bin/../lib/gcc/arm-none-eabi/4.9.3/armv7-m/crti.o
LOAD c:/program files (x86)/cypress/psoc creator/4.0/psoc creator/import/gnu/arm/4.9.3/bin/../lib/gcc/arm-none-eabi/4.9.3/armv7-m/crtbegin.o
LOAD c:/program files (x86)/cypress/psoc creator/4.0/psoc creator/import/gnu/arm/4.9.3/bin/../lib/gcc/arm-none-eabi/4.9.3/../../../../arm-none-eabi/lib/armv7-m/crt0.o
START GROUP
LOAD .\CortexM3\ARM_GCC_493\Debug\main.o
LOAD .\CortexM3\ARM_GCC_493\Debug\cymetadata.o
LOAD .\CortexM3\ARM_GCC_493\Debug\Cm3Start.o
LOAD .\CortexM3\ARM_GCC_493\Debug\capteur_us.a
LOAD C:\Program Files (x86)\Cypress\PSoC Creator\4.0\PSoC Creator\psoc\content\cycomponentlibrary\CyComponentLibrary.cylib\CortexM3\ARM_GCC_493\Debug\CyComponentLibrary.a
END GROUP
START GROUP
LOAD c:/program files (x86)/cypress/psoc creator/4.0/psoc creator/import/gnu/arm/4.9.3/bin/../lib/gcc/arm-none-eabi/4.9.3/armv7-m\libgcc.a
LOAD c:/program files (x86)/cypress/psoc creator/4.0/psoc creator/import/gnu/arm/4.9.3/bin/../lib/gcc/arm-none-eabi/4.9.3/../../../../arm-none-eabi/lib/armv7-m\libg_nano.a
LOAD c:/program files (x86)/cypress/psoc creator/4.0/psoc creator/import/gnu/arm/4.9.3/bin/../lib/gcc/arm-none-eabi/4.9.3/../../../../arm-none-eabi/lib/armv7-m\libc_nano.a
END GROUP
START GROUP
LOAD c:/program files (x86)/cypress/psoc creator/4.0/psoc creator/import/gnu/arm/4.9.3/bin/../lib/gcc/arm-none-eabi/4.9.3/armv7-m\libgcc.a
LOAD c:/program files (x86)/cypress/psoc creator/4.0/psoc creator/import/gnu/arm/4.9.3/bin/../lib/gcc/arm-none-eabi/4.9.3/../../../../arm-none-eabi/lib/armv7-m\libc_nano.a
END GROUP
LOAD c:/program files (x86)/cypress/psoc creator/4.0/psoc creator/import/gnu/arm/4.9.3/bin/../lib/gcc/arm-none-eabi/4.9.3/armv7-m/crtend.o
LOAD c:/program files (x86)/cypress/psoc creator/4.0/psoc creator/import/gnu/arm/4.9.3/bin/../lib/gcc/arm-none-eabi/4.9.3/armv7-m/crtn.o
START GROUP
LOAD c:/program files (x86)/cypress/psoc creator/4.0/psoc creator/import/gnu/arm/4.9.3/bin/../lib/gcc/arm-none-eabi/4.9.3/armv7-m\libgcc.a
LOAD c:/program files (x86)/cypress/psoc creator/4.0/psoc creator/import/gnu/arm/4.9.3/bin/../lib/gcc/arm-none-eabi/4.9.3/../../../../arm-none-eabi/lib/armv7-m\libc.a
LOAD c:/program files (x86)/cypress/psoc creator/4.0/psoc creator/import/gnu/arm/4.9.3/bin/../lib/gcc/arm-none-eabi/4.9.3/../../../../arm-none-eabi/lib/armv7-m\libnosys.a
END GROUP
                0x00000000                CY_APPL_ORIGIN = 0x0
                0x00000100                CY_FLASH_ROW_SIZE = 0x100
                0x00000020                CY_ECC_ROW_SIZE = 0x20
                0x00000000                CY_EE_IN_BTLDR = 0x0
                0x00000000                CY_APPL_LOADABLE = 0x0
                0x00000800                CY_EE_SIZE = 0x800
                0x00000001                CY_APPL_NUM = 0x1
                0x00000001                CY_APPL_MAX = 0x1
                0x00000040                CY_METADATA_SIZE = 0x40
                0x00000000                CY_APPL_LOADABLE = 0x0
                0x00000000                CY_CHECKSUM_EXCLUDE_SIZE = ALIGN (0x0, CY_FLASH_ROW_SIZE)
                0x1fff81b0                PROVIDE (__cy_heap_start, _end)
                0x00000001                PROVIDE (__cy_region_num, ((__cy_regions_end - __cy_regions) / 0x10))
                0x20008000                PROVIDE (__cy_stack, (ORIGIN (ram) + 0x10000))
                0x20007800                PROVIDE (__cy_heap_end, (__cy_stack - 0x800))

.cybootloader   0x00000000        0x0
 *(.cybootloader)
                0x00000000                appl1_start = CY_APPL_ORIGIN?CY_APPL_ORIGIN:ALIGN (CY_FLASH_ROW_SIZE)
                0x0001ff00                appl2_start = (appl1_start + ALIGN ((((0x40000 - appl1_start) - (0x2 * CY_FLASH_ROW_SIZE)) / 0x2), CY_FLASH_ROW_SIZE))
                0x00000000                appl_start = (CY_APPL_NUM == 0x1)?appl1_start:appl2_start
                0x00000000                ecc_offset = ((appl_start / CY_FLASH_ROW_SIZE) * CY_ECC_ROW_SIZE)
                0x00000000                ee_offset = (CY_APPL_LOADABLE && ! (CY_EE_IN_BTLDR))?((CY_EE_SIZE / CY_APPL_MAX) * (CY_APPL_NUM - 0x1)):0x0
                0x00000800                ee_size = (CY_APPL_LOADABLE && ! (CY_EE_IN_BTLDR))?(CY_EE_SIZE / CY_APPL_MAX):CY_EE_SIZE
                0x00000000                PROVIDE (CY_ECC_OFFSET, ecc_offset)

.text           0x00000000      0xe02
 CREATE_OBJECT_SYMBOLS
                0x00000000                PROVIDE (__cy_interrupt_vector, RomVectors)
 *(.romvectors)
 .romvectors    0x00000000       0x10 .\CortexM3\ARM_GCC_493\Debug\Cm3Start.o
                0x00000000                RomVectors
                0x00000001                ASSERT ((. != __cy_interrupt_vector), No interrupt vector)
                0x00000001                ASSERT (CY_APPL_ORIGIN?(SIZEOF (.cybootloader) <= CY_APPL_ORIGIN):0x1, Wrong image location)
                0x00000010                PROVIDE (__cy_reset, Reset)
 *(.text.Reset)
 .text.Reset    0x00000010       0x18 .\CortexM3\ARM_GCC_493\Debug\Cm3Start.o
                0x00000010                Reset
                0x00000001                ASSERT ((. != __cy_reset), No reset code)
 *(.dma_init)
                0x00000001                ASSERT ((((appl_start + .) <= 0x10000) || 0x1), DMA Init must be within the first 64k of flash)
 *(.text .text.* .gnu.linkonce.t.*)
 .text          0x00000028       0x5c c:/program files (x86)/cypress/psoc creator/4.0/psoc creator/import/gnu/arm/4.9.3/bin/../lib/gcc/arm-none-eabi/4.9.3/armv7-m/crtbegin.o
 .text.timerInterrupt
                0x00000084       0x1c .\CortexM3\ARM_GCC_493\Debug\main.o
                0x00000084                timerInterrupt
 .text.counterInterrupt
                0x000000a0        0xc .\CortexM3\ARM_GCC_493\Debug\main.o
                0x000000a0                counterInterrupt
 .text.main     0x000000ac       0x70 .\CortexM3\ARM_GCC_493\Debug\main.o
                0x000000ac                main
 .text.IntDefaultHandler
                0x0000011c       0x10 .\CortexM3\ARM_GCC_493\Debug\Cm3Start.o
                0x0000011c                IntDefaultHandler
 .text.Start_c  0x0000012c       0x4c .\CortexM3\ARM_GCC_493\Debug\Cm3Start.o
                0x0000012c                Start_c
 .text.initialize_psoc
                0x00000178       0x74 .\CortexM3\ARM_GCC_493\Debug\Cm3Start.o
                0x00000178                initialize_psoc
 .text.CyClockStartupError
                0x000001ec        0x4 .\CortexM3\ARM_GCC_493\Debug\capteur_us.a(cyfitter_cfg.o)
 .text.cfg_write_bytes32
                0x000001f0       0x34 .\CortexM3\ARM_GCC_493\Debug\capteur_us.a(cyfitter_cfg.o)
 .text.AnalogSetDefault
                0x00000224       0x68 .\CortexM3\ARM_GCC_493\Debug\capteur_us.a(cyfitter_cfg.o)
 .text.CYMEMZERO
                0x0000028c        0xc .\CortexM3\ARM_GCC_493\Debug\capteur_us.a(cyfitter_cfg.o)
 .text.ClockSetup
                0x00000298       0xb8 .\CortexM3\ARM_GCC_493\Debug\capteur_us.a(cyfitter_cfg.o)
 .text.CYCONFIGCPY
                0x00000350        0x8 .\CortexM3\ARM_GCC_493\Debug\capteur_us.a(cyfitter_cfg.o)
 .text.cyfitter_cfg
                0x00000358       0xf8 .\CortexM3\ARM_GCC_493\Debug\capteur_us.a(cyfitter_cfg.o)
                0x00000358                cyfitter_cfg
 .text.CyDelay  0x00000450       0x2c .\CortexM3\ARM_GCC_493\Debug\capteur_us.a(CyLib.o)
                0x00000450                CyDelay
 .text.CyDelayUs
                0x0000047c       0x14 .\CortexM3\ARM_GCC_493\Debug\capteur_us.a(CyLib.o)
                0x0000047c                CyDelayUs
 .text.US_40kHz_WriteCounter
                0x00000490        0xc .\CortexM3\ARM_GCC_493\Debug\capteur_us.a(US_40kHz.o)
                0x00000490                US_40kHz_WriteCounter
 .text.US_40kHz_WritePeriod
                0x0000049c        0xc .\CortexM3\ARM_GCC_493\Debug\capteur_us.a(US_40kHz.o)
                0x0000049c                US_40kHz_WritePeriod
 .text.US_40kHz_WriteCompare1
                0x000004a8        0xc .\CortexM3\ARM_GCC_493\Debug\capteur_us.a(US_40kHz.o)
                0x000004a8                US_40kHz_WriteCompare1
 .text.US_40kHz_WriteCompare2
                0x000004b4        0xc .\CortexM3\ARM_GCC_493\Debug\capteur_us.a(US_40kHz.o)
                0x000004b4                US_40kHz_WriteCompare2
 .text.US_40kHz_SetInterruptMode
                0x000004c0        0xc .\CortexM3\ARM_GCC_493\Debug\capteur_us.a(US_40kHz.o)
                0x000004c0                US_40kHz_SetInterruptMode
 .text.US_40kHz_ReadStatusRegister
                0x000004cc        0xc .\CortexM3\ARM_GCC_493\Debug\capteur_us.a(US_40kHz.o)
                0x000004cc                US_40kHz_ReadStatusRegister
 .text.US_40kHz_ReadCapture
                0x000004d8        0xc .\CortexM3\ARM_GCC_493\Debug\capteur_us.a(US_40kHz.o)
                0x000004d8                US_40kHz_ReadCapture
 .text.US_40kHz_ClearFIFO
                0x000004e4       0x14 .\CortexM3\ARM_GCC_493\Debug\capteur_us.a(US_40kHz.o)
                0x000004e4                US_40kHz_ClearFIFO
 .text.US_40kHz_Init
                0x000004f8       0x58 .\CortexM3\ARM_GCC_493\Debug\capteur_us.a(US_40kHz.o)
                0x000004f8                US_40kHz_Init
 .text.US_40kHz_Start
                0x00000550       0x18 .\CortexM3\ARM_GCC_493\Debug\capteur_us.a(US_40kHz.o)
                0x00000550                US_40kHz_Start
 .text.Detect_Seuil_Recept_Enable
                0x00000568       0x1c .\CortexM3\ARM_GCC_493\Debug\capteur_us.a(Detect_Seuil_Recept.o)
                0x00000568                Detect_Seuil_Recept_Enable
 .text.Detect_Seuil_Recept_SetSpeed
                0x00000584       0x58 .\CortexM3\ARM_GCC_493\Debug\capteur_us.a(Detect_Seuil_Recept.o)
                0x00000584                Detect_Seuil_Recept_SetSpeed
 .text.Detect_Seuil_Recept_Init
                0x000005dc       0x3c .\CortexM3\ARM_GCC_493\Debug\capteur_us.a(Detect_Seuil_Recept.o)
                0x000005dc                Detect_Seuil_Recept_Init
 .text.Detect_Seuil_Recept_Start
                0x00000618       0x1c .\CortexM3\ARM_GCC_493\Debug\capteur_us.a(Detect_Seuil_Recept.o)
                0x00000618                Detect_Seuil_Recept_Start
 .text.V_seuil_Enable
                0x00000634       0x1c .\CortexM3\ARM_GCC_493\Debug\capteur_us.a(V_seuil.o)
                0x00000634                V_seuil_Enable
 .text.V_seuil_SetSpeed
                0x00000650       0x1c .\CortexM3\ARM_GCC_493\Debug\capteur_us.a(V_seuil.o)
                0x00000650                V_seuil_SetSpeed
 .text.V_seuil_SetValue
                0x0000066c        0xc .\CortexM3\ARM_GCC_493\Debug\capteur_us.a(V_seuil.o)
                0x0000066c                V_seuil_SetValue
 .text.V_seuil_DacTrim
                0x00000678       0x24 .\CortexM3\ARM_GCC_493\Debug\capteur_us.a(V_seuil.o)
                0x00000678                V_seuil_DacTrim
 .text.V_seuil_SetRange
                0x0000069c       0x20 .\CortexM3\ARM_GCC_493\Debug\capteur_us.a(V_seuil.o)
                0x0000069c                V_seuil_SetRange
 .text.V_seuil_Init
                0x000006bc       0x20 .\CortexM3\ARM_GCC_493\Debug\capteur_us.a(V_seuil.o)
                0x000006bc                V_seuil_Init
 .text.V_seuil_Start
                0x000006dc       0x24 .\CortexM3\ARM_GCC_493\Debug\capteur_us.a(V_seuil.o)
                0x000006dc                V_seuil_Start
 .text.Timer_US_Enable
                0x00000700       0x10 .\CortexM3\ARM_GCC_493\Debug\capteur_us.a(Timer_US.o)
                0x00000700                Timer_US_Enable
 .text.Timer_US_SetInterruptMode
                0x00000710        0xc .\CortexM3\ARM_GCC_493\Debug\capteur_us.a(Timer_US.o)
                0x00000710                Timer_US_SetInterruptMode
 .text.Timer_US_ReadStatusRegister
                0x0000071c        0xc .\CortexM3\ARM_GCC_493\Debug\capteur_us.a(Timer_US.o)
                0x0000071c                Timer_US_ReadStatusRegister
 .text.Timer_US_WritePeriod
                0x00000728       0x10 .\CortexM3\ARM_GCC_493\Debug\capteur_us.a(Timer_US.o)
                0x00000728                Timer_US_WritePeriod
 .text.Timer_US_ReadCapture
                0x00000738       0x10 .\CortexM3\ARM_GCC_493\Debug\capteur_us.a(Timer_US.o)
                0x00000738                Timer_US_ReadCapture
 .text.Timer_US_WriteCounter
                0x00000748       0x10 .\CortexM3\ARM_GCC_493\Debug\capteur_us.a(Timer_US.o)
                0x00000748                Timer_US_WriteCounter
 .text.Timer_US_EnableTrigger
                0x00000758       0x10 .\CortexM3\ARM_GCC_493\Debug\capteur_us.a(Timer_US.o)
                0x00000758                Timer_US_EnableTrigger
 .text.Timer_US_SetInterruptCount
                0x00000768       0x1c .\CortexM3\ARM_GCC_493\Debug\capteur_us.a(Timer_US.o)
                0x00000768                Timer_US_SetInterruptCount
 .text.Timer_US_ClearFIFO
                0x00000784       0x14 .\CortexM3\ARM_GCC_493\Debug\capteur_us.a(Timer_US.o)
                0x00000784                Timer_US_ClearFIFO
 .text.Timer_US_Init
                0x00000798       0x40 .\CortexM3\ARM_GCC_493\Debug\capteur_us.a(Timer_US.o)
                0x00000798                Timer_US_Init
 .text.Timer_US_Start
                0x000007d8       0x1c .\CortexM3\ARM_GCC_493\Debug\capteur_us.a(Timer_US.o)
                0x000007d8                Timer_US_Start
 .text.Ampli_Recept_Enable
                0x000007f4       0x28 .\CortexM3\ARM_GCC_493\Debug\capteur_us.a(Ampli_Recept.o)
                0x000007f4                Ampli_Recept_Enable
 .text.Ampli_Recept_SetPower
                0x0000081c       0x18 .\CortexM3\ARM_GCC_493\Debug\capteur_us.a(Ampli_Recept.o)
                0x0000081c                Ampli_Recept_SetPower
 .text.Ampli_Recept_SetGain
                0x00000834       0x78 .\CortexM3\ARM_GCC_493\Debug\capteur_us.a(Ampli_Recept.o)
                0x00000834                Ampli_Recept_SetGain
 .text.Ampli_Recept_Init
                0x000008ac       0x28 .\CortexM3\ARM_GCC_493\Debug\capteur_us.a(Ampli_Recept.o)
                0x000008ac                Ampli_Recept_Init
 .text.Ampli_Recept_Start
                0x000008d4       0x1c .\CortexM3\ARM_GCC_493\Debug\capteur_us.a(Ampli_Recept.o)
                0x000008d4                Ampli_Recept_Start
 .text.TimerISR_SetVector
                0x000008f0        0xc .\CortexM3\ARM_GCC_493\Debug\capteur_us.a(TimerISR.o)
                0x000008f0                TimerISR_SetVector
 .text.TimerISR_SetPriority
                0x000008fc       0x10 .\CortexM3\ARM_GCC_493\Debug\capteur_us.a(TimerISR.o)
                0x000008fc                TimerISR_SetPriority
 .text.TimerISR_Enable
                0x0000090c        0xc .\CortexM3\ARM_GCC_493\Debug\capteur_us.a(TimerISR.o)
                0x0000090c                TimerISR_Enable
 .text.TimerISR_Disable
                0x00000918        0xc .\CortexM3\ARM_GCC_493\Debug\capteur_us.a(TimerISR.o)
                0x00000918                TimerISR_Disable
 .text.TimerISR_StartEx
                0x00000924       0x1c .\CortexM3\ARM_GCC_493\Debug\capteur_us.a(TimerISR.o)
                0x00000924                TimerISR_StartEx
 .text.CharLCD_1_WrCntrlNib
                0x00000940       0x34 .\CortexM3\ARM_GCC_493\Debug\capteur_us.a(CharLCD_1.o)
 .text.CharLCD_1_WrDatNib
                0x00000974       0x44 .\CortexM3\ARM_GCC_493\Debug\capteur_us.a(CharLCD_1.o)
 .text.CharLCD_1_IsReady
                0x000009b8       0xe4 .\CortexM3\ARM_GCC_493\Debug\capteur_us.a(CharLCD_1.o)
                0x000009b8                CharLCD_1_IsReady
 .text.CharLCD_1_WriteData
                0x00000a9c       0x18 .\CortexM3\ARM_GCC_493\Debug\capteur_us.a(CharLCD_1.o)
                0x00000a9c                CharLCD_1_WriteData
 .text.CharLCD_1_PrintString
                0x00000ab4       0x1c .\CortexM3\ARM_GCC_493\Debug\capteur_us.a(CharLCD_1.o)
                0x00000ab4                CharLCD_1_PrintString
 .text.CharLCD_1_PutChar
                0x00000ad0        0x8 .\CortexM3\ARM_GCC_493\Debug\capteur_us.a(CharLCD_1.o)
                0x00000ad0                CharLCD_1_PutChar
 .text.CharLCD_1_WriteControl
                0x00000ad8       0x18 .\CortexM3\ARM_GCC_493\Debug\capteur_us.a(CharLCD_1.o)
                0x00000ad8                CharLCD_1_WriteControl
 .text.CharLCD_1_Init
                0x00000af0       0x74 .\CortexM3\ARM_GCC_493\Debug\capteur_us.a(CharLCD_1.o)
                0x00000af0                CharLCD_1_Init
 .text.CharLCD_1_Enable
                0x00000b64       0x14 .\CortexM3\ARM_GCC_493\Debug\capteur_us.a(CharLCD_1.o)
                0x00000b64                CharLCD_1_Enable
 .text.CharLCD_1_Start
                0x00000b78       0x1c .\CortexM3\ARM_GCC_493\Debug\capteur_us.a(CharLCD_1.o)
                0x00000b78                CharLCD_1_Start
 .text.CharLCD_1_Position
                0x00000b94       0x3c .\CortexM3\ARM_GCC_493\Debug\capteur_us.a(CharLCD_1.o)
                0x00000b94                CharLCD_1_Position
 .text.CharLCD_1_PrintInt8
                0x00000bd0       0x20 .\CortexM3\ARM_GCC_493\Debug\capteur_us.a(CharLCD_1.o)
                0x00000bd0                CharLCD_1_PrintInt8
 .text.CharLCD_1_LoadCustomFonts
                0x00000bf0       0x2c .\CortexM3\ARM_GCC_493\Debug\capteur_us.a(CharLCD_1_CustChars.o)
                0x00000bf0                CharLCD_1_LoadCustomFonts
 .text.Control_Reg_1_Write
                0x00000c1c        0xc .\CortexM3\ARM_GCC_493\Debug\capteur_us.a(Control_Reg_1.o)
                0x00000c1c                Control_Reg_1_Write
 .text.Counter_1_Enable
                0x00000c28       0x10 .\CortexM3\ARM_GCC_493\Debug\capteur_us.a(Counter_1.o)
                0x00000c28                Counter_1_Enable
 .text.Counter_1_SetInterruptMode
                0x00000c38        0xc .\CortexM3\ARM_GCC_493\Debug\capteur_us.a(Counter_1.o)
                0x00000c38                Counter_1_SetInterruptMode
 .text.Counter_1_ReadStatusRegister
                0x00000c44        0xc .\CortexM3\ARM_GCC_493\Debug\capteur_us.a(Counter_1.o)
                0x00000c44                Counter_1_ReadStatusRegister
 .text.Counter_1_WriteCounter
                0x00000c50        0xc .\CortexM3\ARM_GCC_493\Debug\capteur_us.a(Counter_1.o)
                0x00000c50                Counter_1_WriteCounter
 .text.Counter_1_ReadCapture
                0x00000c5c        0xc .\CortexM3\ARM_GCC_493\Debug\capteur_us.a(Counter_1.o)
                0x00000c5c                Counter_1_ReadCapture
 .text.Counter_1_WritePeriod
                0x00000c68        0xc .\CortexM3\ARM_GCC_493\Debug\capteur_us.a(Counter_1.o)
                0x00000c68                Counter_1_WritePeriod
 .text.Counter_1_WriteCompare
                0x00000c74        0xc .\CortexM3\ARM_GCC_493\Debug\capteur_us.a(Counter_1.o)
                0x00000c74                Counter_1_WriteCompare
 .text.Counter_1_ClearFIFO
                0x00000c80       0x14 .\CortexM3\ARM_GCC_493\Debug\capteur_us.a(Counter_1.o)
                0x00000c80                Counter_1_ClearFIFO
 .text.Counter_1_Init
                0x00000c94       0x50 .\CortexM3\ARM_GCC_493\Debug\capteur_us.a(Counter_1.o)
                0x00000c94                Counter_1_Init
 .text.Counter_1_Start
                0x00000ce4       0x1c .\CortexM3\ARM_GCC_493\Debug\capteur_us.a(Counter_1.o)
                0x00000ce4                Counter_1_Start
 .text.CounterISR_SetVector
                0x00000d00        0xc .\CortexM3\ARM_GCC_493\Debug\capteur_us.a(CounterISR.o)
                0x00000d00                CounterISR_SetVector
 .text.CounterISR_SetPriority
                0x00000d0c       0x10 .\CortexM3\ARM_GCC_493\Debug\capteur_us.a(CounterISR.o)
                0x00000d0c                CounterISR_SetPriority
 .text.CounterISR_Enable
                0x00000d1c        0xc .\CortexM3\ARM_GCC_493\Debug\capteur_us.a(CounterISR.o)
                0x00000d1c                CounterISR_Enable
 .text.CounterISR_Disable
                0x00000d28        0xc .\CortexM3\ARM_GCC_493\Debug\capteur_us.a(CounterISR.o)
                0x00000d28                CounterISR_Disable
 .text.CounterISR_StartEx
                0x00000d34       0x1c .\CortexM3\ARM_GCC_493\Debug\capteur_us.a(CounterISR.o)
                0x00000d34                CounterISR_StartEx
 .text          0x00000d50       0x20 .\CortexM3\ARM_GCC_493\Debug\capteur_us.a(CyBootAsmGnu.o)
                0x00000d50                CyDelayCycles
                0x00000d60                CyEnterCriticalSection
                0x00000d68                CyExitCriticalSection
 .text.CySetReg24
                0x00000d70       0x14 .\CortexM3\ARM_GCC_493\Debug\capteur_us.a(cyutils.o)
                0x00000d70                CySetReg24
 .text.__errno  0x00000d84        0xc c:/program files (x86)/cypress/psoc creator/4.0/psoc creator/import/gnu/arm/4.9.3/bin/../lib/gcc/arm-none-eabi/4.9.3/../../../../arm-none-eabi/lib/armv7-m\libg_nano.a(lib_a-errno.o)
                0x00000d84                __errno
 .text.__libc_init_array
                0x00000d90       0x4c c:/program files (x86)/cypress/psoc creator/4.0/psoc creator/import/gnu/arm/4.9.3/bin/../lib/gcc/arm-none-eabi/4.9.3/../../../../arm-none-eabi/lib/armv7-m\libg_nano.a(lib_a-init.o)
                0x00000d90                __libc_init_array
 .text.memcpy   0x00000ddc       0x16 c:/program files (x86)/cypress/psoc creator/4.0/psoc creator/import/gnu/arm/4.9.3/bin/../lib/gcc/arm-none-eabi/4.9.3/../../../../arm-none-eabi/lib/armv7-m\libg_nano.a(lib_a-memcpy.o)
                0x00000ddc                memcpy
 .text.memset   0x00000df2       0x10 c:/program files (x86)/cypress/psoc creator/4.0/psoc creator/import/gnu/arm/4.9.3/bin/../lib/gcc/arm-none-eabi/4.9.3/../../../../arm-none-eabi/lib/armv7-m\libg_nano.a(lib_a-memset.o)
                0x00000df2                memset
 *(.plt)
 *(.gnu.warning)
 *(.glue_7t)
 .glue_7t       0x00000000        0x0 linker stubs
 *(.glue_7)
 .glue_7        0x00000000        0x0 linker stubs
 *(.vfp11_veneer)
 .vfp11_veneer  0x00000000        0x0 linker stubs
 *(.bootloader)
 *(.ARM.extab* .gnu.linkonce.armextab.*)
 *(.gcc_except_table)

.v4_bx          0x00000e04        0x0
 .v4_bx         0x00000000        0x0 linker stubs

.iplt           0x00000e04        0x0
 .iplt          0x00000000        0x0 c:/program files (x86)/cypress/psoc creator/4.0/psoc creator/import/gnu/arm/4.9.3/bin/../lib/gcc/arm-none-eabi/4.9.3/armv7-m/crtbegin.o

.eh_frame_hdr
 *(.eh_frame_hdr)

.eh_frame       0x00000e04        0x4
 *(.eh_frame)
 .eh_frame      0x00000e04        0x0 c:/program files (x86)/cypress/psoc creator/4.0/psoc creator/import/gnu/arm/4.9.3/bin/../lib/gcc/arm-none-eabi/4.9.3/armv7-m/crtbegin.o
 .eh_frame      0x00000e04        0x4 c:/program files (x86)/cypress/psoc creator/4.0/psoc creator/import/gnu/arm/4.9.3/bin/../lib/gcc/arm-none-eabi/4.9.3/armv7-m/crtend.o
                0x00000e08                PROVIDE (__exidx_start, .)

.ARM.exidx
 *(.ARM.exidx* .gnu.linkonce.armexidx.*)
                0x00000e08                __exidx_end = .

.rodata         0x00000e08       0xe8
 *(.rodata .rodata.* .gnu.linkonce.r.*)
 .rodata.str1.4
                0x00000e08        0xc .\CortexM3\ARM_GCC_493\Debug\main.o
 .rodata        0x00000e14       0x3c .\CortexM3\ARM_GCC_493\Debug\capteur_us.a(cyfitter_cfg.o)
 .rodata        0x00000e50       0x18 .\CortexM3\ARM_GCC_493\Debug\capteur_us.a(Ampli_Recept.o)
 .rodata        0x00000e68       0x10 .\CortexM3\ARM_GCC_493\Debug\capteur_us.a(CharLCD_1.o)
 .rodata        0x00000e78       0x40 .\CortexM3\ARM_GCC_493\Debug\capteur_us.a(CharLCD_1_CustChars.o)
                0x00000e78                CharLCD_1_customFonts
 .rodata.str1.1
                0x00000eb8        0x2 c:/program files (x86)/cypress/psoc creator/4.0/psoc creator/import/gnu/arm/4.9.3/bin/../lib/gcc/arm-none-eabi/4.9.3/../../../../arm-none-eabi/lib/armv7-m\libg_nano.a(lib_a-impure.o)
                0x00000ebc                . = ALIGN (0x4)
 *fill*         0x00000eba        0x2 
 *(.init)
 .init          0x00000ebc        0x4 c:/program files (x86)/cypress/psoc creator/4.0/psoc creator/import/gnu/arm/4.9.3/bin/../lib/gcc/arm-none-eabi/4.9.3/armv7-m/crti.o
                0x00000ebc                _init
 .init          0x00000ec0        0x8 c:/program files (x86)/cypress/psoc creator/4.0/psoc creator/import/gnu/arm/4.9.3/bin/../lib/gcc/arm-none-eabi/4.9.3/armv7-m/crtn.o
                0x00000ec8                . = ALIGN (0x4)
                0x00000ec8                __preinit_array_start = .
 *(.preinit_array)
                0x00000ec8                __preinit_array_end = .
                0x00000ec8                . = ALIGN (0x4)
                0x00000ec8                __init_array_start = .
 *(SORT(.init_array.*))
 *(.init_array)
 .init_array    0x00000ec8        0x4 c:/program files (x86)/cypress/psoc creator/4.0/psoc creator/import/gnu/arm/4.9.3/bin/../lib/gcc/arm-none-eabi/4.9.3/armv7-m/crtbegin.o
 .init_array    0x00000ecc        0x4 .\CortexM3\ARM_GCC_493\Debug\Cm3Start.o
                0x00000ed0                __init_array_end = .
                0x00000ed0                . = ALIGN (0x4)
 *(.fini)
 .fini          0x00000ed0        0x4 c:/program files (x86)/cypress/psoc creator/4.0/psoc creator/import/gnu/arm/4.9.3/bin/../lib/gcc/arm-none-eabi/4.9.3/armv7-m/crti.o
                0x00000ed0                _fini
 .fini          0x00000ed4        0x8 c:/program files (x86)/cypress/psoc creator/4.0/psoc creator/import/gnu/arm/4.9.3/bin/../lib/gcc/arm-none-eabi/4.9.3/armv7-m/crtn.o
                0x00000edc                . = ALIGN (0x4)
                0x00000edc                __fini_array_start = .
 *(.fini_array)
 .fini_array    0x00000edc        0x4 c:/program files (x86)/cypress/psoc creator/4.0/psoc creator/import/gnu/arm/4.9.3/bin/../lib/gcc/arm-none-eabi/4.9.3/armv7-m/crtbegin.o
 *(SORT(.fini_array.*))
                0x00000ee0                __fini_array_end = .
                0x00000ee0                . = ALIGN (0x4)
 *crtbegin.o(.ctors)
 *(EXCLUDE_FILE(*crtend.o) .ctors)
 *(SORT(.ctors.*))
 *crtend.o(.ctors)
                0x00000ee0                . = ALIGN (0x4)
 *crtbegin.o(.dtors)
 *(EXCLUDE_FILE(*crtend.o) .dtors)
 *(SORT(.dtors.*))
 *crtend.o(.dtors)
                0x00000ee0                . = ALIGN (0x4)
                0x00000ee0                __cy_regions = .
                0x00000ee0        0x4 LONG 0xef0 __cy_region_init_ram
                0x00000ee4        0x4 LONG 0x1fff8108 __cy_region_start_data
                0x00000ee8        0x4 LONG 0x78 __cy_region_init_size_ram
                0x00000eec        0x4 LONG 0x30 __cy_region_zero_size_ram
                0x00000ef0                __cy_regions_end = .
                0x00000ef0                . = ALIGN (0x8)
                0x00000ef0                _etext = .

.cy_checksum_exclude
                0x00000ef0        0x0
 *(.cy_checksum_exclude)

.ramvectors     0x1fff8000      0x100
                0x1fff8000                __cy_region_start_ram = .
 *(.ramvectors)
 .ramvectors    0x1fff8000      0x100 .\CortexM3\ARM_GCC_493\Debug\Cm3Start.o
                0x1fff8000                CyRamVectors

.noinit         0x1fff8100        0x5
 *(.noinit)
 .noinit        0x1fff8100        0x4 .\CortexM3\ARM_GCC_493\Debug\Cm3Start.o
 .noinit        0x1fff8104        0x1 .\CortexM3\ARM_GCC_493\Debug\capteur_us.a(CyLib.o)
                0x1fff8104                CyResetStatus

.data           0x1fff8108       0x78 load address 0x00000ef0
                0x1fff8108                __cy_region_start_data = .
 *(.jcr)
 .jcr           0x1fff8108        0x0 c:/program files (x86)/cypress/psoc creator/4.0/psoc creator/import/gnu/arm/4.9.3/bin/../lib/gcc/arm-none-eabi/4.9.3/armv7-m/crtbegin.o
 .jcr           0x1fff8108        0x4 c:/program files (x86)/cypress/psoc creator/4.0/psoc creator/import/gnu/arm/4.9.3/bin/../lib/gcc/arm-none-eabi/4.9.3/armv7-m/crtend.o
 *(.got.plt)
 *(.got)
 *(.shdata)
 *(.data .data.* .gnu.linkonce.d.*)
 .data          0x1fff810c       0x10 .\CortexM3\ARM_GCC_493\Debug\capteur_us.a(CyLib.o)
                0x1fff810c                cydelay_32k_ms
                0x1fff8110                cydelay_freq_khz
                0x1fff8114                cydelay_freq_mhz
                0x1fff8118                cydelay_freq_hz
 .data.impure_data
                0x1fff811c       0x60 c:/program files (x86)/cypress/psoc creator/4.0/psoc creator/import/gnu/arm/4.9.3/bin/../lib/gcc/arm-none-eabi/4.9.3/../../../../arm-none-eabi/lib/armv7-m\libg_nano.a(lib_a-impure.o)
 .data._impure_ptr
                0x1fff817c        0x4 c:/program files (x86)/cypress/psoc creator/4.0/psoc creator/import/gnu/arm/4.9.3/bin/../lib/gcc/arm-none-eabi/4.9.3/../../../../arm-none-eabi/lib/armv7-m\libg_nano.a(lib_a-impure.o)
                0x1fff817c                _impure_ptr
                0x1fff8180                . = ALIGN (0x8)
 *(.ram)
                0x1fff8180                _edata = .

.igot.plt       0x1fff8180        0x0 load address 0x00000f68
 .igot.plt      0x00000000        0x0 c:/program files (x86)/cypress/psoc creator/4.0/psoc creator/import/gnu/arm/4.9.3/bin/../lib/gcc/arm-none-eabi/4.9.3/armv7-m/crtbegin.o

.bss            0x1fff8180       0x30 load address 0x00000f68
                0x1fff8180                PROVIDE (__bss_start__, .)
 *(.shbss)
 *(.bss .bss.* .gnu.linkonce.b.*)
 .bss           0x1fff8180       0x1c c:/program files (x86)/cypress/psoc creator/4.0/psoc creator/import/gnu/arm/4.9.3/bin/../lib/gcc/arm-none-eabi/4.9.3/armv7-m/crtbegin.o
 .bss           0x1fff819c        0x1 .\CortexM3\ARM_GCC_493\Debug\capteur_us.a(US_40kHz.o)
                0x1fff819c                US_40kHz_initVar
 .bss           0x1fff819d        0x1 .\CortexM3\ARM_GCC_493\Debug\capteur_us.a(Detect_Seuil_Recept.o)
                0x1fff819d                Detect_Seuil_Recept_initVar
 .bss           0x1fff819e        0x1 .\CortexM3\ARM_GCC_493\Debug\capteur_us.a(V_seuil.o)
                0x1fff819e                V_seuil_initVar
 .bss           0x1fff819f        0x1 .\CortexM3\ARM_GCC_493\Debug\capteur_us.a(Timer_US.o)
                0x1fff819f                Timer_US_initVar
 .bss           0x1fff81a0        0x1 .\CortexM3\ARM_GCC_493\Debug\capteur_us.a(Ampli_Recept.o)
                0x1fff81a0                Ampli_Recept_initVar
 .bss           0x1fff81a1        0x2 .\CortexM3\ARM_GCC_493\Debug\capteur_us.a(CharLCD_1.o)
                0x1fff81a1                CharLCD_1_enableState
                0x1fff81a2                CharLCD_1_initVar
 .bss           0x1fff81a3        0x1 .\CortexM3\ARM_GCC_493\Debug\capteur_us.a(Counter_1.o)
                0x1fff81a3                Counter_1_initVar
 *(COMMON)
 COMMON         0x1fff81a4        0x8 .\CortexM3\ARM_GCC_493\Debug\main.o
                0x1fff81a4                recu
                0x1fff81a8                timerCount
                0x1fff81b0                . = ALIGN (0x8)
 *fill*         0x1fff81ac        0x4 
 *(.ram.b)
                0x1fff81b0                _end = .
                0x1fff81b0                __end = .
                0x1fff81b0                PROVIDE (end, .)
                0x1fff81b0                PROVIDE (__bss_end__, .)
                0x00000ef0                __cy_region_init_ram = LOADADDR (.data)
                0x00000078                __cy_region_init_size_ram = (_edata - ADDR (.data))
                0x00000030                __cy_region_zero_size_ram = (_end - _edata)

.heap           0x1fff81b0       0x80 load address 0x00000f68
                0x1fff81b0                . = _end
                0x1fff8230                . = (. + 0x80)
 *fill*         0x1fff81b0       0x80 
                0x1fff8230                __cy_heap_limit = .

.stack          0x20007800      0x800
                0x20007800                __cy_stack_limit = .
                0x20008000                . = (. + 0x800)
 *fill*         0x20007800      0x800 
                0x00000001                ASSERT ((__cy_stack_limit >= __cy_heap_limit), region RAM overflowed with stack)
                0x00000000                cy_checksum_exclude_size = (CY_APPL_LOADABLE == 0x1)?SIZEOF (.cy_checksum_exclude):0x0
                0x00000001                ASSERT ((cy_checksum_exclude_size <= CY_CHECKSUM_EXCLUDE_SIZE), CY_BOOT: Section .cy_checksum_exclude size exceedes specified limit.)

.cyloadermeta
 *(.cyloadermeta)

.cyloadablemeta
 *(.cyloadablemeta)

.cyconfigecc    0x80000000      0x430
 *(.cyconfigecc)
 .cyconfigecc   0x80000000      0x430 .\CortexM3\ARM_GCC_493\Debug\cymetadata.o
                0x80000000                cy_meta_configecc

.cycustnvl      0x90000000        0x4
 *(.cycustnvl)
 .cycustnvl     0x90000000        0x4 .\CortexM3\ARM_GCC_493\Debug\cymetadata.o
                0x90000000                cy_meta_custnvl

.cywolatch      0x90100000        0x4
 *(.cywolatch)
 .cywolatch     0x90100000        0x4 .\CortexM3\ARM_GCC_493\Debug\cymetadata.o
                0x90100000                cy_meta_wonvl

.cyeeprom       0x90200000        0x0
 *(.cyeeprom)
                0x00000001                ASSERT ((. <= ((0x90200000 + ee_offset) + ee_size)), .cyeeprom data will not fit in EEPROM)

.cyflashprotect
                0x90400000      0x100
 *(.cyflashprotect)
 .cyflashprotect
                0x90400000      0x100 .\CortexM3\ARM_GCC_493\Debug\cymetadata.o
                0x90400000                cy_meta_flashprotect

.cymeta         0x90500000        0xc
 *(.cymeta)
 .cymeta        0x90500000        0xc .\CortexM3\ARM_GCC_493\Debug\cymetadata.o
                0x90500000                cy_metadata

.rel.dyn        0x00000f68        0x0 load address 0x9050000c
 .rel.iplt      0x00000000        0x0 c:/program files (x86)/cypress/psoc creator/4.0/psoc creator/import/gnu/arm/4.9.3/bin/../lib/gcc/arm-none-eabi/4.9.3/armv7-m/crtbegin.o

.stab
 *(.stab)

.stabstr
 *(.stabstr)

.debug
 *(.debug)

.line
 *(.line)

.debug_srcinfo
 *(.debug_srcinfo)

.debug_sfnames
 *(.debug_sfnames)

.debug_aranges  0x00000000      0xa20
 *(.debug_aranges)
 .debug_aranges
                0x00000000       0x30 .\CortexM3\ARM_GCC_493\Debug\main.o
 .debug_aranges
                0x00000030       0x18 .\CortexM3\ARM_GCC_493\Debug\cymetadata.o
 .debug_aranges
                0x00000048       0x48 .\CortexM3\ARM_GCC_493\Debug\Cm3Start.o
 .debug_aranges
                0x00000090       0x58 .\CortexM3\ARM_GCC_493\Debug\capteur_us.a(cyfitter_cfg.o)
 .debug_aranges
                0x000000e8      0x2a0 .\CortexM3\ARM_GCC_493\Debug\capteur_us.a(CyLib.o)
 .debug_aranges
                0x00000388       0x98 .\CortexM3\ARM_GCC_493\Debug\capteur_us.a(cyPm.o)
 .debug_aranges
                0x00000420       0x98 .\CortexM3\ARM_GCC_493\Debug\capteur_us.a(US_40kHz.o)
 .debug_aranges
                0x000004b8       0x70 .\CortexM3\ARM_GCC_493\Debug\capteur_us.a(Detect_Seuil_Recept.o)
 .debug_aranges
                0x00000528       0x58 .\CortexM3\ARM_GCC_493\Debug\capteur_us.a(V_seuil.o)
 .debug_aranges
                0x00000580       0xa8 .\CortexM3\ARM_GCC_493\Debug\capteur_us.a(Timer_US.o)
 .debug_aranges
                0x00000628       0x48 .\CortexM3\ARM_GCC_493\Debug\capteur_us.a(Ampli_Recept.o)
 .debug_aranges
                0x00000670       0x80 .\CortexM3\ARM_GCC_493\Debug\capteur_us.a(TimerISR.o)
 .debug_aranges
                0x000006f0       0x98 .\CortexM3\ARM_GCC_493\Debug\capteur_us.a(CharLCD_1.o)
 .debug_aranges
                0x00000788       0x20 .\CortexM3\ARM_GCC_493\Debug\capteur_us.a(CharLCD_1_CustChars.o)
 .debug_aranges
                0x000007a8       0x28 .\CortexM3\ARM_GCC_493\Debug\capteur_us.a(Control_Reg_1.o)
 .debug_aranges
                0x000007d0       0x98 .\CortexM3\ARM_GCC_493\Debug\capteur_us.a(Counter_1.o)
 .debug_aranges
                0x00000868       0x80 .\CortexM3\ARM_GCC_493\Debug\capteur_us.a(CounterISR.o)
 .debug_aranges
                0x000008e8       0x20 .\CortexM3\ARM_GCC_493\Debug\capteur_us.a(CyBootAsmGnu.o)
 .debug_aranges
                0x00000908       0x80 .\CortexM3\ARM_GCC_493\Debug\capteur_us.a(CyFlash.o)
 .debug_aranges
                0x00000988       0x78 .\CortexM3\ARM_GCC_493\Debug\capteur_us.a(CySpc.o)
 .debug_aranges
                0x00000a00       0x20 .\CortexM3\ARM_GCC_493\Debug\capteur_us.a(cyutils.o)

.debug_pubnames
 *(.debug_pubnames)

.debug_info     0x00000000     0x56be
 *(.debug_info .gnu.linkonce.wi.*)
 .debug_info    0x00000000      0x2fc .\CortexM3\ARM_GCC_493\Debug\main.o
 .debug_info    0x000002fc      0x13b .\CortexM3\ARM_GCC_493\Debug\cymetadata.o
 .debug_info    0x00000437      0x3b3 .\CortexM3\ARM_GCC_493\Debug\Cm3Start.o
 .debug_info    0x000007ea      0x4d3 .\CortexM3\ARM_GCC_493\Debug\capteur_us.a(cyfitter_cfg.o)
 .debug_info    0x00000cbd     0x1385 .\CortexM3\ARM_GCC_493\Debug\capteur_us.a(CyLib.o)
 .debug_info    0x00002042      0xa57 .\CortexM3\ARM_GCC_493\Debug\capteur_us.a(cyPm.o)
 .debug_info    0x00002a99      0x337 .\CortexM3\ARM_GCC_493\Debug\capteur_us.a(US_40kHz.o)
 .debug_info    0x00002dd0      0x2c3 .\CortexM3\ARM_GCC_493\Debug\capteur_us.a(Detect_Seuil_Recept.o)
 .debug_info    0x00003093      0x1df .\CortexM3\ARM_GCC_493\Debug\capteur_us.a(V_seuil.o)
 .debug_info    0x00003272      0x3ab .\CortexM3\ARM_GCC_493\Debug\capteur_us.a(Timer_US.o)
 .debug_info    0x0000361d      0x1c8 .\CortexM3\ARM_GCC_493\Debug\capteur_us.a(Ampli_Recept.o)
 .debug_info    0x000037e5      0x2cb .\CortexM3\ARM_GCC_493\Debug\capteur_us.a(TimerISR.o)
 .debug_info    0x00003ab0      0x763 .\CortexM3\ARM_GCC_493\Debug\capteur_us.a(CharLCD_1.o)
 .debug_info    0x00004213      0x15d .\CortexM3\ARM_GCC_493\Debug\capteur_us.a(CharLCD_1_CustChars.o)
 .debug_info    0x00004370       0xd6 .\CortexM3\ARM_GCC_493\Debug\capteur_us.a(Control_Reg_1.o)
 .debug_info    0x00004446      0x320 .\CortexM3\ARM_GCC_493\Debug\capteur_us.a(Counter_1.o)
 .debug_info    0x00004766      0x2cb .\CortexM3\ARM_GCC_493\Debug\capteur_us.a(CounterISR.o)
 .debug_info    0x00004a31       0xad .\CortexM3\ARM_GCC_493\Debug\capteur_us.a(CyBootAsmGnu.o)
 .debug_info    0x00004ade      0x608 .\CortexM3\ARM_GCC_493\Debug\capteur_us.a(CyFlash.o)
 .debug_info    0x000050e6      0x4ea .\CortexM3\ARM_GCC_493\Debug\capteur_us.a(CySpc.o)
 .debug_info    0x000055d0       0xee .\CortexM3\ARM_GCC_493\Debug\capteur_us.a(cyutils.o)

.debug_abbrev   0x00000000     0x1b93
 *(.debug_abbrev)
 .debug_abbrev  0x00000000      0x147 .\CortexM3\ARM_GCC_493\Debug\main.o
 .debug_abbrev  0x00000147       0x66 .\CortexM3\ARM_GCC_493\Debug\cymetadata.o
 .debug_abbrev  0x000001ad      0x1f7 .\CortexM3\ARM_GCC_493\Debug\Cm3Start.o
 .debug_abbrev  0x000003a4      0x203 .\CortexM3\ARM_GCC_493\Debug\capteur_us.a(cyfitter_cfg.o)
 .debug_abbrev  0x000005a7      0x296 .\CortexM3\ARM_GCC_493\Debug\capteur_us.a(CyLib.o)
 .debug_abbrev  0x0000083d      0x1ed .\CortexM3\ARM_GCC_493\Debug\capteur_us.a(cyPm.o)
 .debug_abbrev  0x00000a2a      0x122 .\CortexM3\ARM_GCC_493\Debug\capteur_us.a(US_40kHz.o)
 .debug_abbrev  0x00000b4c      0x175 .\CortexM3\ARM_GCC_493\Debug\capteur_us.a(Detect_Seuil_Recept.o)
 .debug_abbrev  0x00000cc1       0xf7 .\CortexM3\ARM_GCC_493\Debug\capteur_us.a(V_seuil.o)
 .debug_abbrev  0x00000db8      0x170 .\CortexM3\ARM_GCC_493\Debug\capteur_us.a(Timer_US.o)
 .debug_abbrev  0x00000f28      0x105 .\CortexM3\ARM_GCC_493\Debug\capteur_us.a(Ampli_Recept.o)
 .debug_abbrev  0x0000102d      0x173 .\CortexM3\ARM_GCC_493\Debug\capteur_us.a(TimerISR.o)
 .debug_abbrev  0x000011a0      0x171 .\CortexM3\ARM_GCC_493\Debug\capteur_us.a(CharLCD_1.o)
 .debug_abbrev  0x00001311      0x10d .\CortexM3\ARM_GCC_493\Debug\capteur_us.a(CharLCD_1_CustChars.o)
 .debug_abbrev  0x0000141e       0x81 .\CortexM3\ARM_GCC_493\Debug\capteur_us.a(Control_Reg_1.o)
 .debug_abbrev  0x0000149f      0x131 .\CortexM3\ARM_GCC_493\Debug\capteur_us.a(Counter_1.o)
 .debug_abbrev  0x000015d0      0x173 .\CortexM3\ARM_GCC_493\Debug\capteur_us.a(CounterISR.o)
 .debug_abbrev  0x00001743       0x14 .\CortexM3\ARM_GCC_493\Debug\capteur_us.a(CyBootAsmGnu.o)
 .debug_abbrev  0x00001757      0x1ed .\CortexM3\ARM_GCC_493\Debug\capteur_us.a(CyFlash.o)
 .debug_abbrev  0x00001944      0x1c1 .\CortexM3\ARM_GCC_493\Debug\capteur_us.a(CySpc.o)
 .debug_abbrev  0x00001b05       0x8e .\CortexM3\ARM_GCC_493\Debug\capteur_us.a(cyutils.o)

.debug_line     0x00000000     0x2465
 *(.debug_line)
 .debug_line    0x00000000      0x23b .\CortexM3\ARM_GCC_493\Debug\main.o
 .debug_line    0x0000023b       0x51 .\CortexM3\ARM_GCC_493\Debug\cymetadata.o
 .debug_line    0x0000028c      0x24f .\CortexM3\ARM_GCC_493\Debug\Cm3Start.o
 .debug_line    0x000004db      0x1e6 .\CortexM3\ARM_GCC_493\Debug\capteur_us.a(cyfitter_cfg.o)
 .debug_line    0x000006c1      0x816 .\CortexM3\ARM_GCC_493\Debug\capteur_us.a(CyLib.o)
 .debug_line    0x00000ed7      0x364 .\CortexM3\ARM_GCC_493\Debug\capteur_us.a(cyPm.o)
 .debug_line    0x0000123b      0x183 .\CortexM3\ARM_GCC_493\Debug\capteur_us.a(US_40kHz.o)
 .debug_line    0x000013be      0x172 .\CortexM3\ARM_GCC_493\Debug\capteur_us.a(Detect_Seuil_Recept.o)
 .debug_line    0x00001530       0xe4 .\CortexM3\ARM_GCC_493\Debug\capteur_us.a(V_seuil.o)
 .debug_line    0x00001614      0x1a8 .\CortexM3\ARM_GCC_493\Debug\capteur_us.a(Timer_US.o)
 .debug_line    0x000017bc       0xd2 .\CortexM3\ARM_GCC_493\Debug\capteur_us.a(Ampli_Recept.o)
 .debug_line    0x0000188e      0x135 .\CortexM3\ARM_GCC_493\Debug\capteur_us.a(TimerISR.o)
 .debug_line    0x000019c3      0x1f2 .\CortexM3\ARM_GCC_493\Debug\capteur_us.a(CharLCD_1.o)
 .debug_line    0x00001bb5       0x8f .\CortexM3\ARM_GCC_493\Debug\capteur_us.a(CharLCD_1_CustChars.o)
 .debug_line    0x00001c44       0x75 .\CortexM3\ARM_GCC_493\Debug\capteur_us.a(Control_Reg_1.o)
 .debug_line    0x00001cb9      0x189 .\CortexM3\ARM_GCC_493\Debug\capteur_us.a(Counter_1.o)
 .debug_line    0x00001e42      0x137 .\CortexM3\ARM_GCC_493\Debug\capteur_us.a(CounterISR.o)
 .debug_line    0x00001f79       0x66 .\CortexM3\ARM_GCC_493\Debug\capteur_us.a(CyBootAsmGnu.o)
 .debug_line    0x00001fdf      0x1ea .\CortexM3\ARM_GCC_493\Debug\capteur_us.a(CyFlash.o)
 .debug_line    0x000021c9      0x23c .\CortexM3\ARM_GCC_493\Debug\capteur_us.a(CySpc.o)
 .debug_line    0x00002405       0x60 .\CortexM3\ARM_GCC_493\Debug\capteur_us.a(cyutils.o)

.debug_frame    0x00000000     0x1958
 *(.debug_frame)
 .debug_frame   0x00000000       0x64 .\CortexM3\ARM_GCC_493\Debug\main.o
 .debug_frame   0x00000064       0xb8 .\CortexM3\ARM_GCC_493\Debug\Cm3Start.o
 .debug_frame   0x0000011c       0xe4 .\CortexM3\ARM_GCC_493\Debug\capteur_us.a(cyfitter_cfg.o)
 .debug_frame   0x00000200      0x738 .\CortexM3\ARM_GCC_493\Debug\capteur_us.a(CyLib.o)
 .debug_frame   0x00000938      0x1f8 .\CortexM3\ARM_GCC_493\Debug\capteur_us.a(cyPm.o)
 .debug_frame   0x00000b30      0x134 .\CortexM3\ARM_GCC_493\Debug\capteur_us.a(US_40kHz.o)
 .debug_frame   0x00000c64      0x108 .\CortexM3\ARM_GCC_493\Debug\capteur_us.a(Detect_Seuil_Recept.o)
 .debug_frame   0x00000d6c       0xb4 .\CortexM3\ARM_GCC_493\Debug\capteur_us.a(V_seuil.o)
 .debug_frame   0x00000e20      0x16c .\CortexM3\ARM_GCC_493\Debug\capteur_us.a(Timer_US.o)
 .debug_frame   0x00000f8c       0x9c .\CortexM3\ARM_GCC_493\Debug\capteur_us.a(Ampli_Recept.o)
 .debug_frame   0x00001028      0x104 .\CortexM3\ARM_GCC_493\Debug\capteur_us.a(TimerISR.o)
 .debug_frame   0x0000112c      0x1e4 .\CortexM3\ARM_GCC_493\Debug\capteur_us.a(CharLCD_1.o)
 .debug_frame   0x00001310       0x30 .\CortexM3\ARM_GCC_493\Debug\capteur_us.a(CharLCD_1_CustChars.o)
 .debug_frame   0x00001340       0x30 .\CortexM3\ARM_GCC_493\Debug\capteur_us.a(Control_Reg_1.o)
 .debug_frame   0x00001370      0x134 .\CortexM3\ARM_GCC_493\Debug\capteur_us.a(Counter_1.o)
 .debug_frame   0x000014a4      0x104 .\CortexM3\ARM_GCC_493\Debug\capteur_us.a(CounterISR.o)
 .debug_frame   0x000015a8      0x174 .\CortexM3\ARM_GCC_493\Debug\capteur_us.a(CyFlash.o)
 .debug_frame   0x0000171c      0x160 .\CortexM3\ARM_GCC_493\Debug\capteur_us.a(CySpc.o)
 .debug_frame   0x0000187c       0x20 .\CortexM3\ARM_GCC_493\Debug\capteur_us.a(cyutils.o)
 .debug_frame   0x0000189c       0x20 c:/program files (x86)/cypress/psoc creator/4.0/psoc creator/import/gnu/arm/4.9.3/bin/../lib/gcc/arm-none-eabi/4.9.3/../../../../arm-none-eabi/lib/armv7-m\libg_nano.a(lib_a-errno.o)
 .debug_frame   0x000018bc       0x28 c:/program files (x86)/cypress/psoc creator/4.0/psoc creator/import/gnu/arm/4.9.3/bin/../lib/gcc/arm-none-eabi/4.9.3/../../../../arm-none-eabi/lib/armv7-m\libg_nano.a(lib_a-exit.o)
 .debug_frame   0x000018e4       0x2c c:/program files (x86)/cypress/psoc creator/4.0/psoc creator/import/gnu/arm/4.9.3/bin/../lib/gcc/arm-none-eabi/4.9.3/../../../../arm-none-eabi/lib/armv7-m\libg_nano.a(lib_a-init.o)
 .debug_frame   0x00001910       0x28 c:/program files (x86)/cypress/psoc creator/4.0/psoc creator/import/gnu/arm/4.9.3/bin/../lib/gcc/arm-none-eabi/4.9.3/../../../../arm-none-eabi/lib/armv7-m\libg_nano.a(lib_a-memcpy.o)
 .debug_frame   0x00001938       0x20 c:/program files (x86)/cypress/psoc creator/4.0/psoc creator/import/gnu/arm/4.9.3/bin/../lib/gcc/arm-none-eabi/4.9.3/../../../../arm-none-eabi/lib/armv7-m\libg_nano.a(lib_a-memset.o)

.debug_str      0x00000000     0x20bf
 *(.debug_str)
 .debug_str     0x00000000      0x2d2 .\CortexM3\ARM_GCC_493\Debug\main.o
                                0x313 (size before relaxing)
 .debug_str     0x000002d2       0x75 .\CortexM3\ARM_GCC_493\Debug\cymetadata.o
                                0x207 (size before relaxing)
 .debug_str     0x00000347      0x156 .\CortexM3\ARM_GCC_493\Debug\Cm3Start.o
                                0x31b (size before relaxing)
 .debug_str     0x0000049d      0x15b .\CortexM3\ARM_GCC_493\Debug\capteur_us.a(cyfitter_cfg.o)
                                0x320 (size before relaxing)
 .debug_str     0x000005f8      0x845 .\CortexM3\ARM_GCC_493\Debug\capteur_us.a(CyLib.o)
                                0xa58 (size before relaxing)
 .debug_str     0x00000e3d      0x359 .\CortexM3\ARM_GCC_493\Debug\capteur_us.a(cyPm.o)
                                0x738 (size before relaxing)
 .debug_str     0x00001196      0x1a8 .\CortexM3\ARM_GCC_493\Debug\capteur_us.a(US_40kHz.o)
                                0x388 (size before relaxing)
 .debug_str     0x0000133e      0x1c9 .\CortexM3\ARM_GCC_493\Debug\capteur_us.a(Detect_Seuil_Recept.o)
                                0x392 (size before relaxing)
 .debug_str     0x00001507       0xa3 .\CortexM3\ARM_GCC_493\Debug\capteur_us.a(V_seuil.o)
                                0x250 (size before relaxing)
 .debug_str     0x000015aa      0x1d4 .\CortexM3\ARM_GCC_493\Debug\capteur_us.a(Timer_US.o)
                                0x3e6 (size before relaxing)
 .debug_str     0x0000177e       0xd6 .\CortexM3\ARM_GCC_493\Debug\capteur_us.a(Ampli_Recept.o)
                                0x286 (size before relaxing)
 .debug_str     0x00001854       0xff .\CortexM3\ARM_GCC_493\Debug\capteur_us.a(TimerISR.o)
                                0x2e1 (size before relaxing)
 .debug_str     0x00001953      0x1b6 .\CortexM3\ARM_GCC_493\Debug\capteur_us.a(CharLCD_1.o)
                                0x3e4 (size before relaxing)
 .debug_str     0x00001b09       0x38 .\CortexM3\ARM_GCC_493\Debug\capteur_us.a(CharLCD_1_CustChars.o)
                                0x23f (size before relaxing)
 .debug_str     0x00001b41       0x3a .\CortexM3\ARM_GCC_493\Debug\capteur_us.a(Control_Reg_1.o)
                                0x1e4 (size before relaxing)
 .debug_str     0x00001b7b      0x1b5 .\CortexM3\ARM_GCC_493\Debug\capteur_us.a(Counter_1.o)
                                0x3a8 (size before relaxing)
 .debug_str     0x00001d30      0x119 .\CortexM3\ARM_GCC_493\Debug\capteur_us.a(CounterISR.o)
                                0x2fd (size before relaxing)
 .debug_str     0x00001e49      0x19c .\CortexM3\ARM_GCC_493\Debug\capteur_us.a(CyFlash.o)
                                0x3b2 (size before relaxing)
 .debug_str     0x00001fe5       0xac .\CortexM3\ARM_GCC_493\Debug\capteur_us.a(CySpc.o)
                                0x33b (size before relaxing)
 .debug_str     0x00002091       0x2e .\CortexM3\ARM_GCC_493\Debug\capteur_us.a(cyutils.o)
                                0x1cf (size before relaxing)

.debug_loc      0x00000000     0x1ff7
 *(.debug_loc)
 .debug_loc     0x00000000       0x20 .\CortexM3\ARM_GCC_493\Debug\main.o
 .debug_loc     0x00000020      0x144 .\CortexM3\ARM_GCC_493\Debug\Cm3Start.o
 .debug_loc     0x00000164      0x1d7 .\CortexM3\ARM_GCC_493\Debug\capteur_us.a(cyfitter_cfg.o)
 .debug_loc     0x0000033b      0xa11 .\CortexM3\ARM_GCC_493\Debug\capteur_us.a(CyLib.o)
 .debug_loc     0x00000d4c      0x1e4 .\CortexM3\ARM_GCC_493\Debug\capteur_us.a(cyPm.o)
 .debug_loc     0x00000f30       0x13 .\CortexM3\ARM_GCC_493\Debug\capteur_us.a(US_40kHz.o)
 .debug_loc     0x00000f43       0xed .\CortexM3\ARM_GCC_493\Debug\capteur_us.a(Detect_Seuil_Recept.o)
 .debug_loc     0x00001030       0x79 .\CortexM3\ARM_GCC_493\Debug\capteur_us.a(V_seuil.o)
 .debug_loc     0x000010a9       0x89 .\CortexM3\ARM_GCC_493\Debug\capteur_us.a(Timer_US.o)
 .debug_loc     0x00001132       0x60 .\CortexM3\ARM_GCC_493\Debug\capteur_us.a(Ampli_Recept.o)
 .debug_loc     0x00001192       0x56 .\CortexM3\ARM_GCC_493\Debug\capteur_us.a(TimerISR.o)
 .debug_loc     0x000011e8      0x3c6 .\CortexM3\ARM_GCC_493\Debug\capteur_us.a(CharLCD_1.o)
 .debug_loc     0x000015ae       0x48 .\CortexM3\ARM_GCC_493\Debug\capteur_us.a(CharLCD_1_CustChars.o)
 .debug_loc     0x000015f6       0x3d .\CortexM3\ARM_GCC_493\Debug\capteur_us.a(Counter_1.o)
 .debug_loc     0x00001633       0x56 .\CortexM3\ARM_GCC_493\Debug\capteur_us.a(CounterISR.o)
 .debug_loc     0x00001689      0x300 .\CortexM3\ARM_GCC_493\Debug\capteur_us.a(CyFlash.o)
 .debug_loc     0x00001989      0x64d .\CortexM3\ARM_GCC_493\Debug\capteur_us.a(CySpc.o)
 .debug_loc     0x00001fd6       0x21 .\CortexM3\ARM_GCC_493\Debug\capteur_us.a(cyutils.o)

.debug_macinfo
 *(.debug_macinfo)

.debug_ranges   0x00000000      0x8b8
 *(.debug_ranges)
 .debug_ranges  0x00000000       0x20 .\CortexM3\ARM_GCC_493\Debug\main.o
 .debug_ranges  0x00000020       0x38 .\CortexM3\ARM_GCC_493\Debug\Cm3Start.o
 .debug_ranges  0x00000058       0x48 .\CortexM3\ARM_GCC_493\Debug\capteur_us.a(cyfitter_cfg.o)
 .debug_ranges  0x000000a0      0x290 .\CortexM3\ARM_GCC_493\Debug\capteur_us.a(CyLib.o)
 .debug_ranges  0x00000330       0x88 .\CortexM3\ARM_GCC_493\Debug\capteur_us.a(cyPm.o)
 .debug_ranges  0x000003b8       0x88 .\CortexM3\ARM_GCC_493\Debug\capteur_us.a(US_40kHz.o)
 .debug_ranges  0x00000440       0x60 .\CortexM3\ARM_GCC_493\Debug\capteur_us.a(Detect_Seuil_Recept.o)
 .debug_ranges  0x000004a0       0x48 .\CortexM3\ARM_GCC_493\Debug\capteur_us.a(V_seuil.o)
 .debug_ranges  0x000004e8       0x98 .\CortexM3\ARM_GCC_493\Debug\capteur_us.a(Timer_US.o)
 .debug_ranges  0x00000580       0x38 .\CortexM3\ARM_GCC_493\Debug\capteur_us.a(Ampli_Recept.o)
 .debug_ranges  0x000005b8       0x70 .\CortexM3\ARM_GCC_493\Debug\capteur_us.a(TimerISR.o)
 .debug_ranges  0x00000628       0x88 .\CortexM3\ARM_GCC_493\Debug\capteur_us.a(CharLCD_1.o)
 .debug_ranges  0x000006b0       0x10 .\CortexM3\ARM_GCC_493\Debug\capteur_us.a(CharLCD_1_CustChars.o)
 .debug_ranges  0x000006c0       0x18 .\CortexM3\ARM_GCC_493\Debug\capteur_us.a(Control_Reg_1.o)
 .debug_ranges  0x000006d8       0x88 .\CortexM3\ARM_GCC_493\Debug\capteur_us.a(Counter_1.o)
 .debug_ranges  0x00000760       0x70 .\CortexM3\ARM_GCC_493\Debug\capteur_us.a(CounterISR.o)
 .debug_ranges  0x000007d0       0x70 .\CortexM3\ARM_GCC_493\Debug\capteur_us.a(CyFlash.o)
 .debug_ranges  0x00000840       0x68 .\CortexM3\ARM_GCC_493\Debug\capteur_us.a(CySpc.o)
 .debug_ranges  0x000008a8       0x10 .\CortexM3\ARM_GCC_493\Debug\capteur_us.a(cyutils.o)

.comment        0x00000000       0x70
 .comment       0x00000000       0x70 .\CortexM3\ARM_GCC_493\Debug\main.o
                                 0x71 (size before relaxing)
 .comment       0x00000000       0x71 .\CortexM3\ARM_GCC_493\Debug\cymetadata.o
 .comment       0x00000000       0x71 .\CortexM3\ARM_GCC_493\Debug\Cm3Start.o
 .comment       0x00000000       0x71 .\CortexM3\ARM_GCC_493\Debug\capteur_us.a(cyfitter_cfg.o)
 .comment       0x00000000       0x71 .\CortexM3\ARM_GCC_493\Debug\capteur_us.a(CyLib.o)
 .comment       0x00000000       0x71 .\CortexM3\ARM_GCC_493\Debug\capteur_us.a(cyPm.o)
 .comment       0x00000000       0x71 .\CortexM3\ARM_GCC_493\Debug\capteur_us.a(US_40kHz.o)
 .comment       0x00000000       0x71 .\CortexM3\ARM_GCC_493\Debug\capteur_us.a(Detect_Seuil_Recept.o)
 .comment       0x00000000       0x71 .\CortexM3\ARM_GCC_493\Debug\capteur_us.a(V_seuil.o)
 .comment       0x00000000       0x71 .\CortexM3\ARM_GCC_493\Debug\capteur_us.a(Timer_US.o)
 .comment       0x00000000       0x71 .\CortexM3\ARM_GCC_493\Debug\capteur_us.a(Ampli_Recept.o)
 .comment       0x00000000       0x71 .\CortexM3\ARM_GCC_493\Debug\capteur_us.a(TimerISR.o)
 .comment       0x00000000       0x71 .\CortexM3\ARM_GCC_493\Debug\capteur_us.a(CharLCD_1.o)
 .comment       0x00000000       0x71 .\CortexM3\ARM_GCC_493\Debug\capteur_us.a(CharLCD_1_CustChars.o)
 .comment       0x00000000       0x71 .\CortexM3\ARM_GCC_493\Debug\capteur_us.a(Control_Reg_1.o)
 .comment       0x00000000       0x71 .\CortexM3\ARM_GCC_493\Debug\capteur_us.a(Counter_1.o)
 .comment       0x00000000       0x71 .\CortexM3\ARM_GCC_493\Debug\capteur_us.a(CounterISR.o)
 .comment       0x00000000       0x71 .\CortexM3\ARM_GCC_493\Debug\capteur_us.a(CyFlash.o)
 .comment       0x00000000       0x71 .\CortexM3\ARM_GCC_493\Debug\capteur_us.a(CySpc.o)
 .comment       0x00000000       0x71 .\CortexM3\ARM_GCC_493\Debug\capteur_us.a(cyutils.o)

.debug_weaknames
 *(.debug_weaknames)

.debug_funcnames
 *(.debug_funcnames)

.debug_typenames
 *(.debug_typenames)

.debug_varnames
 *(.debug_varnames)

.note.gnu.arm.ident
 *(.note.gnu.arm.ident)

.ARM.attributes
                0x00000000       0x29
 *(.ARM.attributes)
 .ARM.attributes
                0x00000000       0x1d c:/program files (x86)/cypress/psoc creator/4.0/psoc creator/import/gnu/arm/4.9.3/bin/../lib/gcc/arm-none-eabi/4.9.3/armv7-m/crti.o
 .ARM.attributes
                0x0000001d       0x2d c:/program files (x86)/cypress/psoc creator/4.0/psoc creator/import/gnu/arm/4.9.3/bin/../lib/gcc/arm-none-eabi/4.9.3/armv7-m/crtbegin.o
 .ARM.attributes
                0x0000004a       0x1b c:/program files (x86)/cypress/psoc creator/4.0/psoc creator/import/gnu/arm/4.9.3/bin/../lib/gcc/arm-none-eabi/4.9.3/../../../../arm-none-eabi/lib/armv7-m/crt0.o
 .ARM.attributes
                0x00000065       0x33 .\CortexM3\ARM_GCC_493\Debug\main.o
 .ARM.attributes
                0x00000098       0x33 .\CortexM3\ARM_GCC_493\Debug\cymetadata.o
 .ARM.attributes
                0x000000cb       0x33 .\CortexM3\ARM_GCC_493\Debug\Cm3Start.o
 .ARM.attributes
                0x000000fe       0x33 .\CortexM3\ARM_GCC_493\Debug\capteur_us.a(cyfitter_cfg.o)
 .ARM.attributes
                0x00000131       0x33 .\CortexM3\ARM_GCC_493\Debug\capteur_us.a(CyLib.o)
 .ARM.attributes
                0x00000164       0x33 .\CortexM3\ARM_GCC_493\Debug\capteur_us.a(cyPm.o)
 .ARM.attributes
                0x00000197       0x33 .\CortexM3\ARM_GCC_493\Debug\capteur_us.a(US_40kHz.o)
 .ARM.attributes
                0x000001ca       0x33 .\CortexM3\ARM_GCC_493\Debug\capteur_us.a(Detect_Seuil_Recept.o)
 .ARM.attributes
                0x000001fd       0x33 .\CortexM3\ARM_GCC_493\Debug\capteur_us.a(V_seuil.o)
 .ARM.attributes
                0x00000230       0x33 .\CortexM3\ARM_GCC_493\Debug\capteur_us.a(Timer_US.o)
 .ARM.attributes
                0x00000263       0x33 .\CortexM3\ARM_GCC_493\Debug\capteur_us.a(Ampli_Recept.o)
 .ARM.attributes
                0x00000296       0x33 .\CortexM3\ARM_GCC_493\Debug\capteur_us.a(TimerISR.o)
 .ARM.attributes
                0x000002c9       0x33 .\CortexM3\ARM_GCC_493\Debug\capteur_us.a(CharLCD_1.o)
 .ARM.attributes
                0x000002fc       0x33 .\CortexM3\ARM_GCC_493\Debug\capteur_us.a(CharLCD_1_CustChars.o)
 .ARM.attributes
                0x0000032f       0x33 .\CortexM3\ARM_GCC_493\Debug\capteur_us.a(Control_Reg_1.o)
 .ARM.attributes
                0x00000362       0x33 .\CortexM3\ARM_GCC_493\Debug\capteur_us.a(Counter_1.o)
 .ARM.attributes
                0x00000395       0x33 .\CortexM3\ARM_GCC_493\Debug\capteur_us.a(CounterISR.o)
 .ARM.attributes
                0x000003c8       0x21 .\CortexM3\ARM_GCC_493\Debug\capteur_us.a(CyBootAsmGnu.o)
 .ARM.attributes
                0x000003e9       0x33 .\CortexM3\ARM_GCC_493\Debug\capteur_us.a(CyFlash.o)
 .ARM.attributes
                0x0000041c       0x33 .\CortexM3\ARM_GCC_493\Debug\capteur_us.a(CySpc.o)
 .ARM.attributes
                0x0000044f       0x33 .\CortexM3\ARM_GCC_493\Debug\capteur_us.a(cyutils.o)
 .ARM.attributes
                0x00000482       0x2d c:/program files (x86)/cypress/psoc creator/4.0/psoc creator/import/gnu/arm/4.9.3/bin/../lib/gcc/arm-none-eabi/4.9.3/../../../../arm-none-eabi/lib/armv7-m\libg_nano.a(lib_a-errno.o)
 .ARM.attributes
                0x000004af       0x2d c:/program files (x86)/cypress/psoc creator/4.0/psoc creator/import/gnu/arm/4.9.3/bin/../lib/gcc/arm-none-eabi/4.9.3/../../../../arm-none-eabi/lib/armv7-m\libg_nano.a(lib_a-exit.o)
 .ARM.attributes
                0x000004dc       0x2d c:/program files (x86)/cypress/psoc creator/4.0/psoc creator/import/gnu/arm/4.9.3/bin/../lib/gcc/arm-none-eabi/4.9.3/../../../../arm-none-eabi/lib/armv7-m\libg_nano.a(lib_a-impure.o)
 .ARM.attributes
                0x00000509       0x2d c:/program files (x86)/cypress/psoc creator/4.0/psoc creator/import/gnu/arm/4.9.3/bin/../lib/gcc/arm-none-eabi/4.9.3/../../../../arm-none-eabi/lib/armv7-m\libg_nano.a(lib_a-init.o)
 .ARM.attributes
                0x00000536       0x2d c:/program files (x86)/cypress/psoc creator/4.0/psoc creator/import/gnu/arm/4.9.3/bin/../lib/gcc/arm-none-eabi/4.9.3/../../../../arm-none-eabi/lib/armv7-m\libg_nano.a(lib_a-memcpy.o)
 .ARM.attributes
                0x00000563       0x2d c:/program files (x86)/cypress/psoc creator/4.0/psoc creator/import/gnu/arm/4.9.3/bin/../lib/gcc/arm-none-eabi/4.9.3/../../../../arm-none-eabi/lib/armv7-m\libg_nano.a(lib_a-memset.o)
 .ARM.attributes
                0x00000590       0x2d c:/program files (x86)/cypress/psoc creator/4.0/psoc creator/import/gnu/arm/4.9.3/bin/../lib/gcc/arm-none-eabi/4.9.3/armv7-m/crtend.o
 .ARM.attributes
                0x000005bd       0x1d c:/program files (x86)/cypress/psoc creator/4.0/psoc creator/import/gnu/arm/4.9.3/bin/../lib/gcc/arm-none-eabi/4.9.3/armv7-m/crtn.o

/DISCARD/
 *(.note.GNU-stack)
OUTPUT(.\CortexM3\ARM_GCC_493\Debug\capteur_us.elf elf32-littlearm)
