Archive member included because of file (symbol)

.\CortexM3\ARM_GCC_493\Debug\capteur_us.a(cyfitter_cfg.o)
                              .\CortexM3\ARM_GCC_493\Debug\Cm3Start.o (cyfitter_cfg)
.\CortexM3\ARM_GCC_493\Debug\capteur_us.a(CyLib.o)
                              .\CortexM3\ARM_GCC_493\Debug\Cm3Start.o (CyHalt)
.\CortexM3\ARM_GCC_493\Debug\capteur_us.a(cyPm.o)
                              .\CortexM3\ARM_GCC_493\Debug\capteur_us.a(CyLib.o) (CyPmReadStatus)
.\CortexM3\ARM_GCC_493\Debug\capteur_us.a(US_40kHz.o)
                              .\CortexM3\ARM_GCC_493\Debug\main.o (US_40kHz_Start)
.\CortexM3\ARM_GCC_493\Debug\capteur_us.a(Detect_Seuil_Recept.o)
                              .\CortexM3\ARM_GCC_493\Debug\main.o (Detect_Seuil_Recept_Stop)
.\CortexM3\ARM_GCC_493\Debug\capteur_us.a(V_seuil.o)
                              .\CortexM3\ARM_GCC_493\Debug\main.o (V_seuil_Start)
.\CortexM3\ARM_GCC_493\Debug\capteur_us.a(Timer_US.o)
                              .\CortexM3\ARM_GCC_493\Debug\main.o (Timer_US_ReadCapture)
.\CortexM3\ARM_GCC_493\Debug\capteur_us.a(Ampli_Recept.o)
                              .\CortexM3\ARM_GCC_493\Debug\main.o (Ampli_Recept_Start)
.\CortexM3\ARM_GCC_493\Debug\capteur_us.a(TimerISR.o)
                              .\CortexM3\ARM_GCC_493\Debug\main.o (TimerISR_StartEx)
.\CortexM3\ARM_GCC_493\Debug\capteur_us.a(CharLCD_1.o)
                              .\CortexM3\ARM_GCC_493\Debug\main.o (CharLCD_1_PrintString)
.\CortexM3\ARM_GCC_493\Debug\capteur_us.a(CharLCD_1_CustChars.o)
                              .\CortexM3\ARM_GCC_493\Debug\capteur_us.a(CharLCD_1.o) (CharLCD_1_LoadCustomFonts)
.\CortexM3\ARM_GCC_493\Debug\capteur_us.a(Control_Reg_1.o)
                              .\CortexM3\ARM_GCC_493\Debug\main.o (Control_Reg_1_Write)
.\CortexM3\ARM_GCC_493\Debug\capteur_us.a(Counter_1.o)
                              .\CortexM3\ARM_GCC_493\Debug\main.o (Counter_1_Start)
.\CortexM3\ARM_GCC_493\Debug\capteur_us.a(CounterISR.o)
                              .\CortexM3\ARM_GCC_493\Debug\main.o (CounterISR_StartEx)
.\CortexM3\ARM_GCC_493\Debug\capteur_us.a(Timer_out_ISR.o)
                              .\CortexM3\ARM_GCC_493\Debug\main.o (Timer_out_ISR_StartEx)
.\CortexM3\ARM_GCC_493\Debug\capteur_us.a(CyBootAsmGnu.o)
                              .\CortexM3\ARM_GCC_493\Debug\capteur_us.a(cyfitter_cfg.o) (CyDelayCycles)
.\CortexM3\ARM_GCC_493\Debug\capteur_us.a(CyFlash.o)
                              .\CortexM3\ARM_GCC_493\Debug\capteur_us.a(cyPm.o) (CyFlash_SetWaitCycles)
.\CortexM3\ARM_GCC_493\Debug\capteur_us.a(CySpc.o)
                              .\CortexM3\ARM_GCC_493\Debug\capteur_us.a(CyFlash.o) (CySpcStart)
.\CortexM3\ARM_GCC_493\Debug\capteur_us.a(cyutils.o)
                              .\CortexM3\ARM_GCC_493\Debug\capteur_us.a(Timer_US.o) (CySetReg24)
c:/program files (x86)/cypress/psoc creator/4.0/psoc creator/import/gnu/arm/4.9.3/bin/../lib/gcc/arm-none-eabi/4.9.3/../../../../arm-none-eabi/lib/armv7-m\libg_nano.a(lib_a-errno.o)
                              .\CortexM3\ARM_GCC_493\Debug\Cm3Start.o (__errno)
c:/program files (x86)/cypress/psoc creator/4.0/psoc creator/import/gnu/arm/4.9.3/bin/../lib/gcc/arm-none-eabi/4.9.3/../../../../arm-none-eabi/lib/armv7-m\libg_nano.a(lib_a-exit.o)
                              c:/program files (x86)/cypress/psoc creator/4.0/psoc creator/import/gnu/arm/4.9.3/bin/../lib/gcc/arm-none-eabi/4.9.3/../../../../arm-none-eabi/lib/armv7-m/crt0.o (exit)
c:/program files (x86)/cypress/psoc creator/4.0/psoc creator/import/gnu/arm/4.9.3/bin/../lib/gcc/arm-none-eabi/4.9.3/../../../../arm-none-eabi/lib/armv7-m\libg_nano.a(lib_a-impure.o)
                              c:/program files (x86)/cypress/psoc creator/4.0/psoc creator/import/gnu/arm/4.9.3/bin/../lib/gcc/arm-none-eabi/4.9.3/../../../../arm-none-eabi/lib/armv7-m\libg_nano.a(lib_a-exit.o) (_global_impure_ptr)
c:/program files (x86)/cypress/psoc creator/4.0/psoc creator/import/gnu/arm/4.9.3/bin/../lib/gcc/arm-none-eabi/4.9.3/../../../../arm-none-eabi/lib/armv7-m\libg_nano.a(lib_a-init.o)
                              c:/program files (x86)/cypress/psoc creator/4.0/psoc creator/import/gnu/arm/4.9.3/bin/../lib/gcc/arm-none-eabi/4.9.3/../../../../arm-none-eabi/lib/armv7-m/crt0.o (__libc_init_array)
c:/program files (x86)/cypress/psoc creator/4.0/psoc creator/import/gnu/arm/4.9.3/bin/../lib/gcc/arm-none-eabi/4.9.3/../../../../arm-none-eabi/lib/armv7-m\libg_nano.a(lib_a-memcpy.o)
                              .\CortexM3\ARM_GCC_493\Debug\capteur_us.a(cyfitter_cfg.o) (memcpy)
c:/program files (x86)/cypress/psoc creator/4.0/psoc creator/import/gnu/arm/4.9.3/bin/../lib/gcc/arm-none-eabi/4.9.3/../../../../arm-none-eabi/lib/armv7-m\libg_nano.a(lib_a-memset.o)
                              c:/program files (x86)/cypress/psoc creator/4.0/psoc creator/import/gnu/arm/4.9.3/bin/../lib/gcc/arm-none-eabi/4.9.3/../../../../arm-none-eabi/lib/armv7-m/crt0.o (memset)

Allocating common symbols
[...]
Memory Configuration

Name             Origin             Length             Attributes
rom              0x00000000         0x00040000         xr
ram              0x1fff8000         0x00010000         xrw
*default*        0x00000000         0xffffffff

Linker script and memory map

LOAD c:/program files (x86)/cypress/psoc creator/4.0/psoc creator/import/gnu/arm/4.9.3/bin/../lib/gcc/arm-none-eabi/4.9.3/armv7-m/crti.o
LOAD c:/program files (x86)/cypress/psoc creator/4.0/psoc creator/import/gnu/arm/4.9.3/bin/../lib/gcc/arm-none-eabi/4.9.3/armv7-m/crtbegin.o
LOAD c:/program files (x86)/cypress/psoc creator/4.0/psoc creator/import/gnu/arm/4.9.3/bin/../lib/gcc/arm-none-eabi/4.9.3/../../../../arm-none-eabi/lib/armv7-m/crt0.o
START GROUP
LOAD .\CortexM3\ARM_GCC_493\Debug\main.o
LOAD .\CortexM3\ARM_GCC_493\Debug\cymetadata.o
LOAD .\CortexM3\ARM_GCC_493\Debug\Cm3Start.o
LOAD .\CortexM3\ARM_GCC_493\Debug\capteur_us.a
LOAD C:\Program Files (x86)\Cypress\PSoC Creator\4.0\PSoC Creator\psoc\content\cycomponentlibrary\CyComponentLibrary.cylib\CortexM3\ARM_GCC_493\Debug\CyComponentLibrary.a
END GROUP
START GROUP
LOAD c:/program files (x86)/cypress/psoc creator/4.0/psoc creator/import/gnu/arm/4.9.3/bin/../lib/gcc/arm-none-eabi/4.9.3/armv7-m\libgcc.a
LOAD c:/program files (x86)/cypress/psoc creator/4.0/psoc creator/import/gnu/arm/4.9.3/bin/../lib/gcc/arm-none-eabi/4.9.3/../../../../arm-none-eabi/lib/armv7-m\libg_nano.a
LOAD c:/program files (x86)/cypress/psoc creator/4.0/psoc creator/import/gnu/arm/4.9.3/bin/../lib/gcc/arm-none-eabi/4.9.3/../../../../arm-none-eabi/lib/armv7-m\libc_nano.a
END GROUP
START GROUP
LOAD c:/program files (x86)/cypress/psoc creator/4.0/psoc creator/import/gnu/arm/4.9.3/bin/../lib/gcc/arm-none-eabi/4.9.3/armv7-m\libgcc.a
LOAD c:/program files (x86)/cypress/psoc creator/4.0/psoc creator/import/gnu/arm/4.9.3/bin/../lib/gcc/arm-none-eabi/4.9.3/../../../../arm-none-eabi/lib/armv7-m\libc_nano.a
END GROUP
LOAD c:/program files (x86)/cypress/psoc creator/4.0/psoc creator/import/gnu/arm/4.9.3/bin/../lib/gcc/arm-none-eabi/4.9.3/armv7-m/crtend.o
LOAD c:/program files (x86)/cypress/psoc creator/4.0/psoc creator/import/gnu/arm/4.9.3/bin/../lib/gcc/arm-none-eabi/4.9.3/armv7-m/crtn.o
START GROUP
LOAD c:/program files (x86)/cypress/psoc creator/4.0/psoc creator/import/gnu/arm/4.9.3/bin/../lib/gcc/arm-none-eabi/4.9.3/armv7-m\libgcc.a
LOAD c:/program files (x86)/cypress/psoc creator/4.0/psoc creator/import/gnu/arm/4.9.3/bin/../lib/gcc/arm-none-eabi/4.9.3/../../../../arm-none-eabi/lib/armv7-m\libc.a
LOAD c:/program files (x86)/cypress/psoc creator/4.0/psoc creator/import/gnu/arm/4.9.3/bin/../lib/gcc/arm-none-eabi/4.9.3/../../../../arm-none-eabi/lib/armv7-m\libnosys.a
END GROUP
                0x00000000                CY_APPL_ORIGIN = 0x0
                0x00000100                CY_FLASH_ROW_SIZE = 0x100
                0x00000020                CY_ECC_ROW_SIZE = 0x20
                0x00000000                CY_EE_IN_BTLDR = 0x0
                0x00000000                CY_APPL_LOADABLE = 0x0
                0x00000800                CY_EE_SIZE = 0x800
                0x00000001                CY_APPL_NUM = 0x1
                0x00000001                CY_APPL_MAX = 0x1
                0x00000040                CY_METADATA_SIZE = 0x40
                0x00000000                CY_APPL_LOADABLE = 0x0
                0x00000000                CY_CHECKSUM_EXCLUDE_SIZE = ALIGN (0x0, CY_FLASH_ROW_SIZE)
                0x1fff81b0                PROVIDE (__cy_heap_start, _end)
                0x00000001                PROVIDE (__cy_region_num, ((__cy_regions_end - __cy_regions) / 0x10))
                0x20008000                PROVIDE (__cy_stack, (ORIGIN (ram) + 0x10000))
                0x20007800                PROVIDE (__cy_heap_end, (__cy_stack - 0x800))

.cybootloader   0x00000000        0x0
 *(.cybootloader)
                0x00000000                appl1_start = CY_APPL_ORIGIN?CY_APPL_ORIGIN:ALIGN (CY_FLASH_ROW_SIZE)
                0x0001ff00                appl2_start = (appl1_start + ALIGN ((((0x40000 - appl1_start) - (0x2 * CY_FLASH_ROW_SIZE)) / 0x2), CY_FLASH_ROW_SIZE))
                0x00000000                appl_start = (CY_APPL_NUM == 0x1)?appl1_start:appl2_start
                0x00000000                ecc_offset = ((appl_start / CY_FLASH_ROW_SIZE) * CY_ECC_ROW_SIZE)
                0x00000000                ee_offset = (CY_APPL_LOADABLE && ! (CY_EE_IN_BTLDR))?((CY_EE_SIZE / CY_APPL_MAX) * (CY_APPL_NUM - 0x1)):0x0
                0x00000800                ee_size = (CY_APPL_LOADABLE && ! (CY_EE_IN_BTLDR))?(CY_EE_SIZE / CY_APPL_MAX):CY_EE_SIZE
                0x00000000                PROVIDE (CY_ECC_OFFSET, ecc_offset)

.text           0x00000000      0xeca
 CREATE_OBJECT_SYMBOLS
                0x00000000                PROVIDE (__cy_interrupt_vector, RomVectors)
 *(.romvectors)
 .romvectors    0x00000000       0x10 .\CortexM3\ARM_GCC_493\Debug\Cm3Start.o
                0x00000000                RomVectors
                0x00000001                ASSERT ((. != __cy_interrupt_vector), No interrupt vector)
                0x00000001                ASSERT (CY_APPL_ORIGIN?(SIZEOF (.cybootloader) <= CY_APPL_ORIGIN):0x1, Wrong image location)
                0x00000010                PROVIDE (__cy_reset, Reset)
 *(.text.Reset)
 .text.Reset    0x00000010       0x18 .\CortexM3\ARM_GCC_493\Debug\Cm3Start.o
                0x00000010                Reset
                0x00000001                ASSERT ((. != __cy_reset), No reset code)
 *(.dma_init)
                0x00000001                ASSERT ((((appl_start + .) <= 0x10000) || 0x1), DMA Init must be within the first 64k of flash)
 *(.text .text.* .gnu.linkonce.t.*)
 .text          0x00000028       0x5c c:/program files (x86)/cypress/psoc creator/4.0/psoc creator/import/gnu/arm/4.9.3/bin/../lib/gcc/arm-none-eabi/4.9.3/armv7-m/crtbegin.o
 .text.timer_out_Interrupt
                0x00000084        0xc .\CortexM3\ARM_GCC_493\Debug\main.o
                0x00000084                timer_out_Interrupt
 .text.timerInterrupt
                0x00000090       0x20 .\CortexM3\ARM_GCC_493\Debug\main.o
                0x00000090                timerInterrupt
 .text.counterInterrupt
                0x000000b0        0xc .\CortexM3\ARM_GCC_493\Debug\main.o
                0x000000b0                counterInterrupt
 .text.main     0x000000bc       0xac .\CortexM3\ARM_GCC_493\Debug\main.o
                0x000000bc                main
 .text.IntDefaultHandler
                0x00000168       0x10 .\CortexM3\ARM_GCC_493\Debug\Cm3Start.o
                0x00000168                IntDefaultHandler
 .text.Start_c  0x00000178       0x4c .\CortexM3\ARM_GCC_493\Debug\Cm3Start.o
                0x00000178                Start_c
 .text.initialize_psoc
                0x000001c4       0x74 .\CortexM3\ARM_GCC_493\Debug\Cm3Start.o
                0x000001c4                initialize_psoc
 .text.CyClockStartupError
                0x00000238        0x4 .\CortexM3\ARM_GCC_493\Debug\capteur_us.a(cyfitter_cfg.o)
 .text.cfg_write_bytes32
                0x0000023c       0x34 .\CortexM3\ARM_GCC_493\Debug\capteur_us.a(cyfitter_cfg.o)
 .text.AnalogSetDefault
                0x00000270       0x60 .\CortexM3\ARM_GCC_493\Debug\capteur_us.a(cyfitter_cfg.o)
 .text.CYMEMZERO
                0x000002d0        0xc .\CortexM3\ARM_GCC_493\Debug\capteur_us.a(cyfitter_cfg.o)
 .text.ClockSetup
                0x000002dc       0xb8 .\CortexM3\ARM_GCC_493\Debug\capteur_us.a(cyfitter_cfg.o)
 .text.CYCONFIGCPY
                0x00000394        0x8 .\CortexM3\ARM_GCC_493\Debug\capteur_us.a(cyfitter_cfg.o)
 .text.cyfitter_cfg
                0x0000039c       0xf8 .\CortexM3\ARM_GCC_493\Debug\capteur_us.a(cyfitter_cfg.o)
                0x0000039c                cyfitter_cfg
 .text.CyDelay  0x00000494       0x2c .\CortexM3\ARM_GCC_493\Debug\capteur_us.a(CyLib.o)
                0x00000494                CyDelay
 .text.CyDelayUs
                0x000004c0       0x14 .\CortexM3\ARM_GCC_493\Debug\capteur_us.a(CyLib.o)
                0x000004c0                CyDelayUs
 .text.US_40kHz_WriteCounter
                0x000004d4        0xc .\CortexM3\ARM_GCC_493\Debug\capteur_us.a(US_40kHz.o)
                0x000004d4                US_40kHz_WriteCounter
 .text.US_40kHz_WritePeriod
                0x000004e0        0xc .\CortexM3\ARM_GCC_493\Debug\capteur_us.a(US_40kHz.o)
                0x000004e0                US_40kHz_WritePeriod
 .text.US_40kHz_WriteCompare1
                0x000004ec        0xc .\CortexM3\ARM_GCC_493\Debug\capteur_us.a(US_40kHz.o)
                0x000004ec                US_40kHz_WriteCompare1
 .text.US_40kHz_WriteCompare2
                0x000004f8        0xc .\CortexM3\ARM_GCC_493\Debug\capteur_us.a(US_40kHz.o)
                0x000004f8                US_40kHz_WriteCompare2
 .text.US_40kHz_SetInterruptMode
                0x00000504        0xc .\CortexM3\ARM_GCC_493\Debug\capteur_us.a(US_40kHz.o)
                0x00000504                US_40kHz_SetInterruptMode
 .text.US_40kHz_ReadStatusRegister
                0x00000510        0xc .\CortexM3\ARM_GCC_493\Debug\capteur_us.a(US_40kHz.o)
                0x00000510                US_40kHz_ReadStatusRegister
 .text.US_40kHz_ReadCapture
                0x0000051c        0xc .\CortexM3\ARM_GCC_493\Debug\capteur_us.a(US_40kHz.o)
                0x0000051c                US_40kHz_ReadCapture
 .text.US_40kHz_ClearFIFO
                0x00000528       0x14 .\CortexM3\ARM_GCC_493\Debug\capteur_us.a(US_40kHz.o)
                0x00000528                US_40kHz_ClearFIFO
 .text.US_40kHz_Init
                0x0000053c       0x58 .\CortexM3\ARM_GCC_493\Debug\capteur_us.a(US_40kHz.o)
                0x0000053c                US_40kHz_Init
 .text.US_40kHz_Start
                0x00000594       0x18 .\CortexM3\ARM_GCC_493\Debug\capteur_us.a(US_40kHz.o)
                0x00000594                US_40kHz_Start
 .text.Detect_Seuil_Recept_Enable
                0x000005ac       0x1c .\CortexM3\ARM_GCC_493\Debug\capteur_us.a(Detect_Seuil_Recept.o)
                0x000005ac                Detect_Seuil_Recept_Enable
 .text.Detect_Seuil_Recept_Stop
                0x000005c8       0x1c .\CortexM3\ARM_GCC_493\Debug\capteur_us.a(Detect_Seuil_Recept.o)
                0x000005c8                Detect_Seuil_Recept_Stop
 .text.Detect_Seuil_Recept_SetSpeed
                0x000005e4       0x58 .\CortexM3\ARM_GCC_493\Debug\capteur_us.a(Detect_Seuil_Recept.o)
                0x000005e4                Detect_Seuil_Recept_SetSpeed
 .text.Detect_Seuil_Recept_Init
                0x0000063c       0x3c .\CortexM3\ARM_GCC_493\Debug\capteur_us.a(Detect_Seuil_Recept.o)
                0x0000063c                Detect_Seuil_Recept_Init
 .text.Detect_Seuil_Recept_Start
                0x00000678       0x1c .\CortexM3\ARM_GCC_493\Debug\capteur_us.a(Detect_Seuil_Recept.o)
                0x00000678                Detect_Seuil_Recept_Start
 .text.V_seuil_Enable
                0x00000694       0x1c .\CortexM3\ARM_GCC_493\Debug\capteur_us.a(V_seuil.o)
                0x00000694                V_seuil_Enable
 .text.V_seuil_SetSpeed
                0x000006b0       0x1c .\CortexM3\ARM_GCC_493\Debug\capteur_us.a(V_seuil.o)
                0x000006b0                V_seuil_SetSpeed
 .text.V_seuil_SetValue
                0x000006cc        0xc .\CortexM3\ARM_GCC_493\Debug\capteur_us.a(V_seuil.o)
                0x000006cc                V_seuil_SetValue
 .text.V_seuil_DacTrim
                0x000006d8       0x24 .\CortexM3\ARM_GCC_493\Debug\capteur_us.a(V_seuil.o)
                0x000006d8                V_seuil_DacTrim
 .text.V_seuil_SetRange
                0x000006fc       0x20 .\CortexM3\ARM_GCC_493\Debug\capteur_us.a(V_seuil.o)
                0x000006fc                V_seuil_SetRange
 .text.V_seuil_Init
                0x0000071c       0x20 .\CortexM3\ARM_GCC_493\Debug\capteur_us.a(V_seuil.o)
                0x0000071c                V_seuil_Init
 .text.V_seuil_Start
                0x0000073c       0x24 .\CortexM3\ARM_GCC_493\Debug\capteur_us.a(V_seuil.o)
                0x0000073c                V_seuil_Start
 .text.Timer_US_Enable
                0x00000760       0x10 .\CortexM3\ARM_GCC_493\Debug\capteur_us.a(Timer_US.o)
                0x00000760                Timer_US_Enable
 .text.Timer_US_SetInterruptMode
                0x00000770        0xc .\CortexM3\ARM_GCC_493\Debug\capteur_us.a(Timer_US.o)
                0x00000770                Timer_US_SetInterruptMode
 .text.Timer_US_ReadStatusRegister
                0x0000077c        0xc .\CortexM3\ARM_GCC_493\Debug\capteur_us.a(Timer_US.o)
                0x0000077c                Timer_US_ReadStatusRegister
 .text.Timer_US_WritePeriod
                0x00000788       0x10 .\CortexM3\ARM_GCC_493\Debug\capteur_us.a(Timer_US.o)
                0x00000788                Timer_US_WritePeriod
 .text.Timer_US_ReadCapture
                0x00000798       0x10 .\CortexM3\ARM_GCC_493\Debug\capteur_us.a(Timer_US.o)
                0x00000798                Timer_US_ReadCapture
 .text.Timer_US_WriteCounter
                0x000007a8       0x10 .\CortexM3\ARM_GCC_493\Debug\capteur_us.a(Timer_US.o)
                0x000007a8                Timer_US_WriteCounter
 .text.Timer_US_ReadCounter
                0x000007b8       0x18 .\CortexM3\ARM_GCC_493\Debug\capteur_us.a(Timer_US.o)
                0x000007b8                Timer_US_ReadCounter
 .text.Timer_US_EnableTrigger
                0x000007d0       0x10 .\CortexM3\ARM_GCC_493\Debug\capteur_us.a(Timer_US.o)
                0x000007d0                Timer_US_EnableTrigger
 .text.Timer_US_SetInterruptCount
                0x000007e0       0x1c .\CortexM3\ARM_GCC_493\Debug\capteur_us.a(Timer_US.o)
                0x000007e0                Timer_US_SetInterruptCount
 .text.Timer_US_ClearFIFO
                0x000007fc       0x14 .\CortexM3\ARM_GCC_493\Debug\capteur_us.a(Timer_US.o)
                0x000007fc                Timer_US_ClearFIFO
 .text.Timer_US_Init
                0x00000810       0x40 .\CortexM3\ARM_GCC_493\Debug\capteur_us.a(Timer_US.o)
                0x00000810                Timer_US_Init
 .text.Timer_US_Start
                0x00000850       0x1c .\CortexM3\ARM_GCC_493\Debug\capteur_us.a(Timer_US.o)
                0x00000850                Timer_US_Start
 .text.Ampli_Recept_Enable
                0x0000086c       0x28 .\CortexM3\ARM_GCC_493\Debug\capteur_us.a(Ampli_Recept.o)
                0x0000086c                Ampli_Recept_Enable
 .text.Ampli_Recept_SetPower
                0x00000894       0x18 .\CortexM3\ARM_GCC_493\Debug\capteur_us.a(Ampli_Recept.o)
                0x00000894                Ampli_Recept_SetPower
 .text.Ampli_Recept_SetGain
                0x000008ac       0x78 .\CortexM3\ARM_GCC_493\Debug\capteur_us.a(Ampli_Recept.o)
                0x000008ac                Ampli_Recept_SetGain
 .text.Ampli_Recept_Init
                0x00000924       0x28 .\CortexM3\ARM_GCC_493\Debug\capteur_us.a(Ampli_Recept.o)
                0x00000924                Ampli_Recept_Init
 .text.Ampli_Recept_Start
                0x0000094c       0x1c .\CortexM3\ARM_GCC_493\Debug\capteur_us.a(Ampli_Recept.o)
                0x0000094c                Ampli_Recept_Start
 .text.TimerISR_SetVector
                0x00000968        0xc .\CortexM3\ARM_GCC_493\Debug\capteur_us.a(TimerISR.o)
                0x00000968                TimerISR_SetVector
 .text.TimerISR_SetPriority
                0x00000974       0x10 .\CortexM3\ARM_GCC_493\Debug\capteur_us.a(TimerISR.o)
                0x00000974                TimerISR_SetPriority
 .text.TimerISR_Enable
                0x00000984        0xc .\CortexM3\ARM_GCC_493\Debug\capteur_us.a(TimerISR.o)
                0x00000984                TimerISR_Enable
 .text.TimerISR_Disable
                0x00000990        0xc .\CortexM3\ARM_GCC_493\Debug\capteur_us.a(TimerISR.o)
                0x00000990                TimerISR_Disable
 .text.TimerISR_StartEx
                0x0000099c       0x1c .\CortexM3\ARM_GCC_493\Debug\capteur_us.a(TimerISR.o)
                0x0000099c                TimerISR_StartEx
 .text.CharLCD_1_WrCntrlNib
                0x000009b8       0x34 .\CortexM3\ARM_GCC_493\Debug\capteur_us.a(CharLCD_1.o)
 .text.CharLCD_1_WrDatNib
                0x000009ec       0x44 .\CortexM3\ARM_GCC_493\Debug\capteur_us.a(CharLCD_1.o)
 .text.CharLCD_1_IsReady
                0x00000a30       0xe4 .\CortexM3\ARM_GCC_493\Debug\capteur_us.a(CharLCD_1.o)
                0x00000a30                CharLCD_1_IsReady
 .text.CharLCD_1_WriteData
                0x00000b14       0x18 .\CortexM3\ARM_GCC_493\Debug\capteur_us.a(CharLCD_1.o)
                0x00000b14                CharLCD_1_WriteData
 .text.CharLCD_1_PrintString
                0x00000b2c       0x1c .\CortexM3\ARM_GCC_493\Debug\capteur_us.a(CharLCD_1.o)
                0x00000b2c                CharLCD_1_PrintString
 .text.CharLCD_1_PutChar
                0x00000b48        0x8 .\CortexM3\ARM_GCC_493\Debug\capteur_us.a(CharLCD_1.o)
                0x00000b48                CharLCD_1_PutChar
 .text.CharLCD_1_WriteControl
                0x00000b50       0x18 .\CortexM3\ARM_GCC_493\Debug\capteur_us.a(CharLCD_1.o)
                0x00000b50                CharLCD_1_WriteControl
 .text.CharLCD_1_Init
                0x00000b68       0x74 .\CortexM3\ARM_GCC_493\Debug\capteur_us.a(CharLCD_1.o)
                0x00000b68                CharLCD_1_Init
 .text.CharLCD_1_Enable
                0x00000bdc       0x14 .\CortexM3\ARM_GCC_493\Debug\capteur_us.a(CharLCD_1.o)
                0x00000bdc                CharLCD_1_Enable
 .text.CharLCD_1_Start
                0x00000bf0       0x1c .\CortexM3\ARM_GCC_493\Debug\capteur_us.a(CharLCD_1.o)
                0x00000bf0                CharLCD_1_Start
 .text.CharLCD_1_Position
                0x00000c0c       0x3c .\CortexM3\ARM_GCC_493\Debug\capteur_us.a(CharLCD_1.o)
                0x00000c0c                CharLCD_1_Position
 .text.CharLCD_1_PrintInt8
                0x00000c48       0x20 .\CortexM3\ARM_GCC_493\Debug\capteur_us.a(CharLCD_1.o)
                0x00000c48                CharLCD_1_PrintInt8
 .text.CharLCD_1_LoadCustomFonts
                0x00000c68       0x2c .\CortexM3\ARM_GCC_493\Debug\capteur_us.a(CharLCD_1_CustChars.o)
                0x00000c68                CharLCD_1_LoadCustomFonts
 .text.Control_Reg_1_Write
                0x00000c94        0xc .\CortexM3\ARM_GCC_493\Debug\capteur_us.a(Control_Reg_1.o)
                0x00000c94                Control_Reg_1_Write
 .text.Counter_1_Enable
                0x00000ca0       0x10 .\CortexM3\ARM_GCC_493\Debug\capteur_us.a(Counter_1.o)
                0x00000ca0                Counter_1_Enable
 .text.Counter_1_SetInterruptMode
                0x00000cb0        0xc .\CortexM3\ARM_GCC_493\Debug\capteur_us.a(Counter_1.o)
                0x00000cb0                Counter_1_SetInterruptMode
 .text.Counter_1_ReadStatusRegister
                0x00000cbc        0xc .\CortexM3\ARM_GCC_493\Debug\capteur_us.a(Counter_1.o)
                0x00000cbc                Counter_1_ReadStatusRegister
 .text.Counter_1_WriteCounter
                0x00000cc8        0xc .\CortexM3\ARM_GCC_493\Debug\capteur_us.a(Counter_1.o)
                0x00000cc8                Counter_1_WriteCounter
 .text.Counter_1_ReadCapture
                0x00000cd4        0xc .\CortexM3\ARM_GCC_493\Debug\capteur_us.a(Counter_1.o)
                0x00000cd4                Counter_1_ReadCapture
 .text.Counter_1_WritePeriod
                0x00000ce0        0xc .\CortexM3\ARM_GCC_493\Debug\capteur_us.a(Counter_1.o)
                0x00000ce0                Counter_1_WritePeriod
 .text.Counter_1_WriteCompare
                0x00000cec        0xc .\CortexM3\ARM_GCC_493\Debug\capteur_us.a(Counter_1.o)
                0x00000cec                Counter_1_WriteCompare
 .text.Counter_1_ClearFIFO
                0x00000cf8       0x14 .\CortexM3\ARM_GCC_493\Debug\capteur_us.a(Counter_1.o)
                0x00000cf8                Counter_1_ClearFIFO
 .text.Counter_1_Init
                0x00000d0c       0x50 .\CortexM3\ARM_GCC_493\Debug\capteur_us.a(Counter_1.o)
                0x00000d0c                Counter_1_Init
 .text.Counter_1_Start
                0x00000d5c       0x1c .\CortexM3\ARM_GCC_493\Debug\capteur_us.a(Counter_1.o)
                0x00000d5c                Counter_1_Start
 .text.CounterISR_SetVector
                0x00000d78        0xc .\CortexM3\ARM_GCC_493\Debug\capteur_us.a(CounterISR.o)
                0x00000d78                CounterISR_SetVector
 .text.CounterISR_SetPriority
                0x00000d84       0x10 .\CortexM3\ARM_GCC_493\Debug\capteur_us.a(CounterISR.o)
                0x00000d84                CounterISR_SetPriority
 .text.CounterISR_Enable
                0x00000d94        0xc .\CortexM3\ARM_GCC_493\Debug\capteur_us.a(CounterISR.o)
                0x00000d94                CounterISR_Enable
 .text.CounterISR_Disable
                0x00000da0        0xc .\CortexM3\ARM_GCC_493\Debug\capteur_us.a(CounterISR.o)
                0x00000da0                CounterISR_Disable
 .text.CounterISR_StartEx
                0x00000dac       0x1c .\CortexM3\ARM_GCC_493\Debug\capteur_us.a(CounterISR.o)
                0x00000dac                CounterISR_StartEx
 .text.Timer_out_ISR_SetVector
                0x00000dc8        0xc .\CortexM3\ARM_GCC_493\Debug\capteur_us.a(Timer_out_ISR.o)
                0x00000dc8                Timer_out_ISR_SetVector
 .text.Timer_out_ISR_SetPriority
                0x00000dd4       0x10 .\CortexM3\ARM_GCC_493\Debug\capteur_us.a(Timer_out_ISR.o)
                0x00000dd4                Timer_out_ISR_SetPriority
 .text.Timer_out_ISR_Enable
                0x00000de4        0xc .\CortexM3\ARM_GCC_493\Debug\capteur_us.a(Timer_out_ISR.o)
                0x00000de4                Timer_out_ISR_Enable
 .text.Timer_out_ISR_Disable
                0x00000df0        0xc .\CortexM3\ARM_GCC_493\Debug\capteur_us.a(Timer_out_ISR.o)
                0x00000df0                Timer_out_ISR_Disable
 .text.Timer_out_ISR_StartEx
                0x00000dfc       0x1c .\CortexM3\ARM_GCC_493\Debug\capteur_us.a(Timer_out_ISR.o)
                0x00000dfc                Timer_out_ISR_StartEx
 .text          0x00000e18       0x20 .\CortexM3\ARM_GCC_493\Debug\capteur_us.a(CyBootAsmGnu.o)
                0x00000e18                CyDelayCycles
                0x00000e28                CyEnterCriticalSection
                0x00000e30                CyExitCriticalSection
 .text.CySetReg24
                0x00000e38       0x14 .\CortexM3\ARM_GCC_493\Debug\capteur_us.a(cyutils.o)
                0x00000e38                CySetReg24
 .text.__errno  0x00000e4c        0xc c:/program files (x86)/cypress/psoc creator/4.0/psoc creator/import/gnu/arm/4.9.3/bin/../lib/gcc/arm-none-eabi/4.9.3/../../../../arm-none-eabi/lib/armv7-m\libg_nano.a(lib_a-errno.o)
                0x00000e4c                __errno
 .text.__libc_init_array
                0x00000e58       0x4c c:/program files (x86)/cypress/psoc creator/4.0/psoc creator/import/gnu/arm/4.9.3/bin/../lib/gcc/arm-none-eabi/4.9.3/../../../../arm-none-eabi/lib/armv7-m\libg_nano.a(lib_a-init.o)
                0x00000e58                __libc_init_array
 .text.memcpy   0x00000ea4       0x16 c:/program files (x86)/cypress/psoc creator/4.0/psoc creator/import/gnu/arm/4.9.3/bin/../lib/gcc/arm-none-eabi/4.9.3/../../../../arm-none-eabi/lib/armv7-m\libg_nano.a(lib_a-memcpy.o)
                0x00000ea4                memcpy
 .text.memset   0x00000eba       0x10 c:/program files (x86)/cypress/psoc creator/4.0/psoc creator/import/gnu/arm/4.9.3/bin/../lib/gcc/arm-none-eabi/4.9.3/../../../../arm-none-eabi/lib/armv7-m\libg_nano.a(lib_a-memset.o)
                0x00000eba                memset
 *(.plt)
 *(.gnu.warning)
 *(.glue_7t)
 .glue_7t       0x00000000        0x0 linker stubs
 *(.glue_7)
 .glue_7        0x00000000        0x0 linker stubs
 *(.vfp11_veneer)
 .vfp11_veneer  0x00000000        0x0 linker stubs
 *(.bootloader)
 *(.ARM.extab* .gnu.linkonce.armextab.*)
 *(.gcc_except_table)

.v4_bx          0x00000ecc        0x0
 .v4_bx         0x00000000        0x0 linker stubs

.iplt           0x00000ecc        0x0
 .iplt          0x00000000        0x0 c:/program files (x86)/cypress/psoc creator/4.0/psoc creator/import/gnu/arm/4.9.3/bin/../lib/gcc/arm-none-eabi/4.9.3/armv7-m/crtbegin.o

.eh_frame_hdr
 *(.eh_frame_hdr)

.eh_frame       0x00000ecc        0x4
 *(.eh_frame)
 .eh_frame      0x00000ecc        0x0 c:/program files (x86)/cypress/psoc creator/4.0/psoc creator/import/gnu/arm/4.9.3/bin/../lib/gcc/arm-none-eabi/4.9.3/armv7-m/crtbegin.o
 .eh_frame      0x00000ecc        0x4 c:/program files (x86)/cypress/psoc creator/4.0/psoc creator/import/gnu/arm/4.9.3/bin/../lib/gcc/arm-none-eabi/4.9.3/armv7-m/crtend.o
                0x00000ed0                PROVIDE (__exidx_start, .)

.ARM.exidx
 *(.ARM.exidx* .gnu.linkonce.armexidx.*)
                0x00000ed0                __exidx_end = .

.rodata         0x00000ed0       0xe8
 *(.rodata .rodata.* .gnu.linkonce.r.*)
 .rodata.str1.4
                0x00000ed0        0xc .\CortexM3\ARM_GCC_493\Debug\main.o
 .rodata        0x00000edc       0x3c .\CortexM3\ARM_GCC_493\Debug\capteur_us.a(cyfitter_cfg.o)
 .rodata        0x00000f18       0x18 .\CortexM3\ARM_GCC_493\Debug\capteur_us.a(Ampli_Recept.o)
 .rodata        0x00000f30       0x10 .\CortexM3\ARM_GCC_493\Debug\capteur_us.a(CharLCD_1.o)
 .rodata        0x00000f40       0x40 .\CortexM3\ARM_GCC_493\Debug\capteur_us.a(CharLCD_1_CustChars.o)
                0x00000f40                CharLCD_1_customFonts
 .rodata.str1.1
                0x00000f80        0x2 c:/program files (x86)/cypress/psoc creator/4.0/psoc creator/import/gnu/arm/4.9.3/bin/../lib/gcc/arm-none-eabi/4.9.3/../../../../arm-none-eabi/lib/armv7-m\libg_nano.a(lib_a-impure.o)
                0x00000f84                . = ALIGN (0x4)
 *fill*         0x00000f82        0x2 
 *(.init)
 .init          0x00000f84        0x4 c:/program files (x86)/cypress/psoc creator/4.0/psoc creator/import/gnu/arm/4.9.3/bin/../lib/gcc/arm-none-eabi/4.9.3/armv7-m/crti.o
                0x00000f84                _init
 .init          0x00000f88        0x8 c:/program files (x86)/cypress/psoc creator/4.0/psoc creator/import/gnu/arm/4.9.3/bin/../lib/gcc/arm-none-eabi/4.9.3/armv7-m/crtn.o
                0x00000f90                . = ALIGN (0x4)
                0x00000f90                __preinit_array_start = .
 *(.preinit_array)
                0x00000f90                __preinit_array_end = .
                0x00000f90                . = ALIGN (0x4)
                0x00000f90                __init_array_start = .
 *(SORT(.init_array.*))
 *(.init_array)
 .init_array    0x00000f90        0x4 c:/program files (x86)/cypress/psoc creator/4.0/psoc creator/import/gnu/arm/4.9.3/bin/../lib/gcc/arm-none-eabi/4.9.3/armv7-m/crtbegin.o
 .init_array    0x00000f94        0x4 .\CortexM3\ARM_GCC_493\Debug\Cm3Start.o
                0x00000f98                __init_array_end = .
                0x00000f98                . = ALIGN (0x4)
 *(.fini)
 .fini          0x00000f98        0x4 c:/program files (x86)/cypress/psoc creator/4.0/psoc creator/import/gnu/arm/4.9.3/bin/../lib/gcc/arm-none-eabi/4.9.3/armv7-m/crti.o
                0x00000f98                _fini
 .fini          0x00000f9c        0x8 c:/program files (x86)/cypress/psoc creator/4.0/psoc creator/import/gnu/arm/4.9.3/bin/../lib/gcc/arm-none-eabi/4.9.3/armv7-m/crtn.o
                0x00000fa4                . = ALIGN (0x4)
                0x00000fa4                __fini_array_start = .
 *(.fini_array)
 .fini_array    0x00000fa4        0x4 c:/program files (x86)/cypress/psoc creator/4.0/psoc creator/import/gnu/arm/4.9.3/bin/../lib/gcc/arm-none-eabi/4.9.3/armv7-m/crtbegin.o
 *(SORT(.fini_array.*))
                0x00000fa8                __fini_array_end = .
                0x00000fa8                . = ALIGN (0x4)
 *crtbegin.o(.ctors)
 *(EXCLUDE_FILE(*crtend.o) .ctors)
 *(SORT(.ctors.*))
 *crtend.o(.ctors)
                0x00000fa8                . = ALIGN (0x4)
 *crtbegin.o(.dtors)
 *(EXCLUDE_FILE(*crtend.o) .dtors)
 *(SORT(.dtors.*))
 *crtend.o(.dtors)
                0x00000fa8                . = ALIGN (0x4)
                0x00000fa8                __cy_regions = .
                0x00000fa8        0x4 LONG 0xfb8 __cy_region_init_ram
                0x00000fac        0x4 LONG 0x1fff8108 __cy_region_start_data
                0x00000fb0        0x4 LONG 0x78 __cy_region_init_size_ram
                0x00000fb4        0x4 LONG 0x30 __cy_region_zero_size_ram
                0x00000fb8                __cy_regions_end = .
                0x00000fb8                . = ALIGN (0x8)
                0x00000fb8                _etext = .

.cy_checksum_exclude
                0x00000fb8        0x0
 *(.cy_checksum_exclude)

.ramvectors     0x1fff8000      0x100
                0x1fff8000                __cy_region_start_ram = .
 *(.ramvectors)
 .ramvectors    0x1fff8000      0x100 .\CortexM3\ARM_GCC_493\Debug\Cm3Start.o
                0x1fff8000                CyRamVectors

.noinit         0x1fff8100        0x5
 *(.noinit)
 .noinit        0x1fff8100        0x4 .\CortexM3\ARM_GCC_493\Debug\Cm3Start.o
 .noinit        0x1fff8104        0x1 .\CortexM3\ARM_GCC_493\Debug\capteur_us.a(CyLib.o)
                0x1fff8104                CyResetStatus

.data           0x1fff8108       0x78 load address 0x00000fb8
                0x1fff8108                __cy_region_start_data = .
 *(.jcr)
 .jcr           0x1fff8108        0x0 c:/program files (x86)/cypress/psoc creator/4.0/psoc creator/import/gnu/arm/4.9.3/bin/../lib/gcc/arm-none-eabi/4.9.3/armv7-m/crtbegin.o
 .jcr           0x1fff8108        0x4 c:/program files (x86)/cypress/psoc creator/4.0/psoc creator/import/gnu/arm/4.9.3/bin/../lib/gcc/arm-none-eabi/4.9.3/armv7-m/crtend.o
 *(.got.plt)
 *(.got)
 *(.shdata)
 *(.data .data.* .gnu.linkonce.d.*)
 .data          0x1fff810c       0x10 .\CortexM3\ARM_GCC_493\Debug\capteur_us.a(CyLib.o)
                0x1fff810c                cydelay_32k_ms
                0x1fff8110                cydelay_freq_khz
                0x1fff8114                cydelay_freq_mhz
                0x1fff8118                cydelay_freq_hz
 .data.impure_data
                0x1fff811c       0x60 c:/program files (x86)/cypress/psoc creator/4.0/psoc creator/import/gnu/arm/4.9.3/bin/../lib/gcc/arm-none-eabi/4.9.3/../../../../arm-none-eabi/lib/armv7-m\libg_nano.a(lib_a-impure.o)
 .data._impure_ptr
                0x1fff817c        0x4 c:/program files (x86)/cypress/psoc creator/4.0/psoc creator/import/gnu/arm/4.9.3/bin/../lib/gcc/arm-none-eabi/4.9.3/../../../../arm-none-eabi/lib/armv7-m\libg_nano.a(lib_a-impure.o)
                0x1fff817c                _impure_ptr
                0x1fff8180                . = ALIGN (0x8)
 *(.ram)
                0x1fff8180                _edata = .

.igot.plt       0x1fff8180        0x0 load address 0x00001030
 .igot.plt      0x00000000        0x0 c:/program files (x86)/cypress/psoc creator/4.0/psoc creator/import/gnu/arm/4.9.3/bin/../lib/gcc/arm-none-eabi/4.9.3/armv7-m/crtbegin.o

.bss            0x1fff8180       0x30 load address 0x00001030
                0x1fff8180                PROVIDE (__bss_start__, .)
 *(.shbss)
 *(.bss .bss.* .gnu.linkonce.b.*)
 .bss           0x1fff8180       0x1c c:/program files (x86)/cypress/psoc creator/4.0/psoc creator/import/gnu/arm/4.9.3/bin/../lib/gcc/arm-none-eabi/4.9.3/armv7-m/crtbegin.o
 .bss           0x1fff819c        0x1 .\CortexM3\ARM_GCC_493\Debug\capteur_us.a(US_40kHz.o)
                0x1fff819c                US_40kHz_initVar
 .bss           0x1fff819d        0x1 .\CortexM3\ARM_GCC_493\Debug\capteur_us.a(Detect_Seuil_Recept.o)
                0x1fff819d                Detect_Seuil_Recept_initVar
 .bss           0x1fff819e        0x1 .\CortexM3\ARM_GCC_493\Debug\capteur_us.a(V_seuil.o)
                0x1fff819e                V_seuil_initVar
 .bss           0x1fff819f        0x1 .\CortexM3\ARM_GCC_493\Debug\capteur_us.a(Timer_US.o)
                0x1fff819f                Timer_US_initVar
 .bss           0x1fff81a0        0x1 .\CortexM3\ARM_GCC_493\Debug\capteur_us.a(Ampli_Recept.o)
                0x1fff81a0                Ampli_Recept_initVar
 .bss           0x1fff81a1        0x2 .\CortexM3\ARM_GCC_493\Debug\capteur_us.a(CharLCD_1.o)
                0x1fff81a1                CharLCD_1_enableState
                0x1fff81a2                CharLCD_1_initVar
 .bss           0x1fff81a3        0x1 .\CortexM3\ARM_GCC_493\Debug\capteur_us.a(Counter_1.o)
                0x1fff81a3                Counter_1_initVar
 *(COMMON)
 COMMON         0x1fff81a4        0x8 .\CortexM3\ARM_GCC_493\Debug\main.o
                0x1fff81a4                recu
                0x1fff81a8                timerCount
                0x1fff81b0                . = ALIGN (0x8)
 *fill*         0x1fff81ac        0x4 
 *(.ram.b)
                0x1fff81b0                _end = .
                0x1fff81b0                __end = .
                0x1fff81b0                PROVIDE (end, .)
                0x1fff81b0                PROVIDE (__bss_end__, .)
                0x00000fb8                __cy_region_init_ram = LOADADDR (.data)
                0x00000078                __cy_region_init_size_ram = (_edata - ADDR (.data))
                0x00000030                __cy_region_zero_size_ram = (_end - _edata)

.heap           0x1fff81b0       0x80 load address 0x00001030
                0x1fff81b0                . = _end
                0x1fff8230                . = (. + 0x80)
 *fill*         0x1fff81b0       0x80 
                0x1fff8230                __cy_heap_limit = .

.stack          0x20007800      0x800
                0x20007800                __cy_stack_limit = .
                0x20008000                . = (. + 0x800)
 *fill*         0x20007800      0x800 
                0x00000001                ASSERT ((__cy_stack_limit >= __cy_heap_limit), region RAM overflowed with stack)
                0x00000000                cy_checksum_exclude_size = (CY_APPL_LOADABLE == 0x1)?SIZEOF (.cy_checksum_exclude):0x0
                0x00000001                ASSERT ((cy_checksum_exclude_size <= CY_CHECKSUM_EXCLUDE_SIZE), CY_BOOT: Section .cy_checksum_exclude size exceedes specified limit.)

.cyloadermeta
 *(.cyloadermeta)

.cyloadablemeta
 *(.cyloadablemeta)

.cyconfigecc    0x80000000      0x3cc
 *(.cyconfigecc)
 .cyconfigecc   0x80000000      0x3cc .\CortexM3\ARM_GCC_493\Debug\cymetadata.o
                0x80000000                cy_meta_configecc

.cycustnvl      0x90000000        0x4
 *(.cycustnvl)
 .cycustnvl     0x90000000        0x4 .\CortexM3\ARM_GCC_493\Debug\cymetadata.o
                0x90000000                cy_meta_custnvl

.cywolatch      0x90100000        0x4
 *(.cywolatch)
 .cywolatch     0x90100000        0x4 .\CortexM3\ARM_GCC_493\Debug\cymetadata.o
                0x90100000                cy_meta_wonvl

.cyeeprom       0x90200000        0x0
 *(.cyeeprom)
                0x00000001                ASSERT ((. <= ((0x90200000 + ee_offset) + ee_size)), .cyeeprom data will not fit in EEPROM)

.cyflashprotect
                0x90400000      0x100
 *(.cyflashprotect)
 .cyflashprotect
                0x90400000      0x100 .\CortexM3\ARM_GCC_493\Debug\cymetadata.o
                0x90400000                cy_meta_flashprotect

.cymeta         0x90500000        0xc
 *(.cymeta)
 .cymeta        0x90500000        0xc .\CortexM3\ARM_GCC_493\Debug\cymetadata.o
                0x90500000                cy_metadata

.rel.dyn        0x00001030        0x0 load address 0x9050000c
 .rel.iplt      0x00000000        0x0 c:/program files (x86)/cypress/psoc creator/4.0/psoc creator/import/gnu/arm/4.9.3/bin/../lib/gcc/arm-none-eabi/4.9.3/armv7-m/crtbegin.o

.stab
 *(.stab)

.stabstr
 *(.stabstr)

.debug
 *(.debug)

.line
 *(.line)

.debug_srcinfo
 *(.debug_srcinfo)

.debug_sfnames
 *(.debug_sfnames)

.debug_aranges  0x00000000      0xaa8
 *(.debug_aranges)
 .debug_aranges
                0x00000000       0x38 .\CortexM3\ARM_GCC_493\Debug\main.o
 .debug_aranges
                0x00000038       0x18 .\CortexM3\ARM_GCC_493\Debug\cymetadata.o
 .debug_aranges
                0x00000050       0x48 .\CortexM3\ARM_GCC_493\Debug\Cm3Start.o
 .debug_aranges
                0x00000098       0x58 .\CortexM3\ARM_GCC_493\Debug\capteur_us.a(cyfitter_cfg.o)
 .debug_aranges
                0x000000f0      0x2a0 .\CortexM3\ARM_GCC_493\Debug\capteur_us.a(CyLib.o)
 .debug_aranges
                0x00000390       0x98 .\CortexM3\ARM_GCC_493\Debug\capteur_us.a(cyPm.o)
 .debug_aranges
                0x00000428       0x98 .\CortexM3\ARM_GCC_493\Debug\capteur_us.a(US_40kHz.o)
 .debug_aranges
                0x000004c0       0x70 .\CortexM3\ARM_GCC_493\Debug\capteur_us.a(Detect_Seuil_Recept.o)
 .debug_aranges
                0x00000530       0x58 .\CortexM3\ARM_GCC_493\Debug\capteur_us.a(V_seuil.o)
 .debug_aranges
                0x00000588       0xa8 .\CortexM3\ARM_GCC_493\Debug\capteur_us.a(Timer_US.o)
 .debug_aranges
                0x00000630       0x48 .\CortexM3\ARM_GCC_493\Debug\capteur_us.a(Ampli_Recept.o)
 .debug_aranges
                0x00000678       0x80 .\CortexM3\ARM_GCC_493\Debug\capteur_us.a(TimerISR.o)
 .debug_aranges
                0x000006f8       0x98 .\CortexM3\ARM_GCC_493\Debug\capteur_us.a(CharLCD_1.o)
 .debug_aranges
                0x00000790       0x20 .\CortexM3\ARM_GCC_493\Debug\capteur_us.a(CharLCD_1_CustChars.o)
 .debug_aranges
                0x000007b0       0x28 .\CortexM3\ARM_GCC_493\Debug\capteur_us.a(Control_Reg_1.o)
 .debug_aranges
                0x000007d8       0x98 .\CortexM3\ARM_GCC_493\Debug\capteur_us.a(Counter_1.o)
 .debug_aranges
                0x00000870       0x80 .\CortexM3\ARM_GCC_493\Debug\capteur_us.a(CounterISR.o)
 .debug_aranges
                0x000008f0       0x80 .\CortexM3\ARM_GCC_493\Debug\capteur_us.a(Timer_out_ISR.o)
 .debug_aranges
                0x00000970       0x20 .\CortexM3\ARM_GCC_493\Debug\capteur_us.a(CyBootAsmGnu.o)
 .debug_aranges
                0x00000990       0x80 .\CortexM3\ARM_GCC_493\Debug\capteur_us.a(CyFlash.o)
 .debug_aranges
                0x00000a10       0x78 .\CortexM3\ARM_GCC_493\Debug\capteur_us.a(CySpc.o)
 .debug_aranges
                0x00000a88       0x20 .\CortexM3\ARM_GCC_493\Debug\capteur_us.a(cyutils.o)

.debug_pubnames
 *(.debug_pubnames)

.debug_info     0x00000000     0x5a6b
 *(.debug_info .gnu.linkonce.wi.*)
 .debug_info    0x00000000      0x3de .\CortexM3\ARM_GCC_493\Debug\main.o
 .debug_info    0x000003de      0x13b .\CortexM3\ARM_GCC_493\Debug\cymetadata.o
 .debug_info    0x00000519      0x3b3 .\CortexM3\ARM_GCC_493\Debug\Cm3Start.o
 .debug_info    0x000008cc      0x4d3 .\CortexM3\ARM_GCC_493\Debug\capteur_us.a(cyfitter_cfg.o)
 .debug_info    0x00000d9f     0x1385 .\CortexM3\ARM_GCC_493\Debug\capteur_us.a(CyLib.o)
 .debug_info    0x00002124      0xa57 .\CortexM3\ARM_GCC_493\Debug\capteur_us.a(cyPm.o)
 .debug_info    0x00002b7b      0x337 .\CortexM3\ARM_GCC_493\Debug\capteur_us.a(US_40kHz.o)
 .debug_info    0x00002eb2      0x2c3 .\CortexM3\ARM_GCC_493\Debug\capteur_us.a(Detect_Seuil_Recept.o)
 .debug_info    0x00003175      0x1df .\CortexM3\ARM_GCC_493\Debug\capteur_us.a(V_seuil.o)
 .debug_info    0x00003354      0x3ab .\CortexM3\ARM_GCC_493\Debug\capteur_us.a(Timer_US.o)
 .debug_info    0x000036ff      0x1c8 .\CortexM3\ARM_GCC_493\Debug\capteur_us.a(Ampli_Recept.o)
 .debug_info    0x000038c7      0x2cb .\CortexM3\ARM_GCC_493\Debug\capteur_us.a(TimerISR.o)
 .debug_info    0x00003b92      0x763 .\CortexM3\ARM_GCC_493\Debug\capteur_us.a(CharLCD_1.o)
 .debug_info    0x000042f5      0x15d .\CortexM3\ARM_GCC_493\Debug\capteur_us.a(CharLCD_1_CustChars.o)
 .debug_info    0x00004452       0xd6 .\CortexM3\ARM_GCC_493\Debug\capteur_us.a(Control_Reg_1.o)
 .debug_info    0x00004528      0x320 .\CortexM3\ARM_GCC_493\Debug\capteur_us.a(Counter_1.o)
 .debug_info    0x00004848      0x2cb .\CortexM3\ARM_GCC_493\Debug\capteur_us.a(CounterISR.o)
 .debug_info    0x00004b13      0x2cb .\CortexM3\ARM_GCC_493\Debug\capteur_us.a(Timer_out_ISR.o)
 .debug_info    0x00004dde       0xad .\CortexM3\ARM_GCC_493\Debug\capteur_us.a(CyBootAsmGnu.o)
 .debug_info    0x00004e8b      0x608 .\CortexM3\ARM_GCC_493\Debug\capteur_us.a(CyFlash.o)
 .debug_info    0x00005493      0x4ea .\CortexM3\ARM_GCC_493\Debug\capteur_us.a(CySpc.o)
 .debug_info    0x0000597d       0xee .\CortexM3\ARM_GCC_493\Debug\capteur_us.a(cyutils.o)

.debug_abbrev   0x00000000     0x1d27
 *(.debug_abbrev)
 .debug_abbrev  0x00000000      0x168 .\CortexM3\ARM_GCC_493\Debug\main.o
 .debug_abbrev  0x00000168       0x66 .\CortexM3\ARM_GCC_493\Debug\cymetadata.o
 .debug_abbrev  0x000001ce      0x1f7 .\CortexM3\ARM_GCC_493\Debug\Cm3Start.o
 .debug_abbrev  0x000003c5      0x203 .\CortexM3\ARM_GCC_493\Debug\capteur_us.a(cyfitter_cfg.o)
 .debug_abbrev  0x000005c8      0x296 .\CortexM3\ARM_GCC_493\Debug\capteur_us.a(CyLib.o)
 .debug_abbrev  0x0000085e      0x1ed .\CortexM3\ARM_GCC_493\Debug\capteur_us.a(cyPm.o)
 .debug_abbrev  0x00000a4b      0x122 .\CortexM3\ARM_GCC_493\Debug\capteur_us.a(US_40kHz.o)
 .debug_abbrev  0x00000b6d      0x175 .\CortexM3\ARM_GCC_493\Debug\capteur_us.a(Detect_Seuil_Recept.o)
 .debug_abbrev  0x00000ce2       0xf7 .\CortexM3\ARM_GCC_493\Debug\capteur_us.a(V_seuil.o)
 .debug_abbrev  0x00000dd9      0x170 .\CortexM3\ARM_GCC_493\Debug\capteur_us.a(Timer_US.o)
 .debug_abbrev  0x00000f49      0x105 .\CortexM3\ARM_GCC_493\Debug\capteur_us.a(Ampli_Recept.o)
 .debug_abbrev  0x0000104e      0x173 .\CortexM3\ARM_GCC_493\Debug\capteur_us.a(TimerISR.o)
 .debug_abbrev  0x000011c1      0x171 .\CortexM3\ARM_GCC_493\Debug\capteur_us.a(CharLCD_1.o)
 .debug_abbrev  0x00001332      0x10d .\CortexM3\ARM_GCC_493\Debug\capteur_us.a(CharLCD_1_CustChars.o)
 .debug_abbrev  0x0000143f       0x81 .\CortexM3\ARM_GCC_493\Debug\capteur_us.a(Control_Reg_1.o)
 .debug_abbrev  0x000014c0      0x131 .\CortexM3\ARM_GCC_493\Debug\capteur_us.a(Counter_1.o)
 .debug_abbrev  0x000015f1      0x173 .\CortexM3\ARM_GCC_493\Debug\capteur_us.a(CounterISR.o)
 .debug_abbrev  0x00001764      0x173 .\CortexM3\ARM_GCC_493\Debug\capteur_us.a(Timer_out_ISR.o)
 .debug_abbrev  0x000018d7       0x14 .\CortexM3\ARM_GCC_493\Debug\capteur_us.a(CyBootAsmGnu.o)
 .debug_abbrev  0x000018eb      0x1ed .\CortexM3\ARM_GCC_493\Debug\capteur_us.a(CyFlash.o)
 .debug_abbrev  0x00001ad8      0x1c1 .\CortexM3\ARM_GCC_493\Debug\capteur_us.a(CySpc.o)
 .debug_abbrev  0x00001c99       0x8e .\CortexM3\ARM_GCC_493\Debug\capteur_us.a(cyutils.o)

.debug_line     0x00000000     0x25cb
 *(.debug_line)
 .debug_line    0x00000000      0x267 .\CortexM3\ARM_GCC_493\Debug\main.o
 .debug_line    0x00000267       0x51 .\CortexM3\ARM_GCC_493\Debug\cymetadata.o
 .debug_line    0x000002b8      0x24f .\CortexM3\ARM_GCC_493\Debug\Cm3Start.o
 .debug_line    0x00000507      0x1e6 .\CortexM3\ARM_GCC_493\Debug\capteur_us.a(cyfitter_cfg.o)
 .debug_line    0x000006ed      0x816 .\CortexM3\ARM_GCC_493\Debug\capteur_us.a(CyLib.o)
 .debug_line    0x00000f03      0x364 .\CortexM3\ARM_GCC_493\Debug\capteur_us.a(cyPm.o)
 .debug_line    0x00001267      0x183 .\CortexM3\ARM_GCC_493\Debug\capteur_us.a(US_40kHz.o)
 .debug_line    0x000013ea      0x172 .\CortexM3\ARM_GCC_493\Debug\capteur_us.a(Detect_Seuil_Recept.o)
 .debug_line    0x0000155c       0xe4 .\CortexM3\ARM_GCC_493\Debug\capteur_us.a(V_seuil.o)
 .debug_line    0x00001640      0x1a8 .\CortexM3\ARM_GCC_493\Debug\capteur_us.a(Timer_US.o)
 .debug_line    0x000017e8       0xd2 .\CortexM3\ARM_GCC_493\Debug\capteur_us.a(Ampli_Recept.o)
 .debug_line    0x000018ba      0x135 .\CortexM3\ARM_GCC_493\Debug\capteur_us.a(TimerISR.o)
 .debug_line    0x000019ef      0x1f2 .\CortexM3\ARM_GCC_493\Debug\capteur_us.a(CharLCD_1.o)
 .debug_line    0x00001be1       0x8f .\CortexM3\ARM_GCC_493\Debug\capteur_us.a(CharLCD_1_CustChars.o)
 .debug_line    0x00001c70       0x75 .\CortexM3\ARM_GCC_493\Debug\capteur_us.a(Control_Reg_1.o)
 .debug_line    0x00001ce5      0x189 .\CortexM3\ARM_GCC_493\Debug\capteur_us.a(Counter_1.o)
 .debug_line    0x00001e6e      0x137 .\CortexM3\ARM_GCC_493\Debug\capteur_us.a(CounterISR.o)
 .debug_line    0x00001fa5      0x13a .\CortexM3\ARM_GCC_493\Debug\capteur_us.a(Timer_out_ISR.o)
 .debug_line    0x000020df       0x66 .\CortexM3\ARM_GCC_493\Debug\capteur_us.a(CyBootAsmGnu.o)
 .debug_line    0x00002145      0x1ea .\CortexM3\ARM_GCC_493\Debug\capteur_us.a(CyFlash.o)
 .debug_line    0x0000232f      0x23c .\CortexM3\ARM_GCC_493\Debug\capteur_us.a(CySpc.o)
 .debug_line    0x0000256b       0x60 .\CortexM3\ARM_GCC_493\Debug\capteur_us.a(cyutils.o)

.debug_frame    0x00000000     0x1a70
 *(.debug_frame)
 .debug_frame   0x00000000       0x78 .\CortexM3\ARM_GCC_493\Debug\main.o
 .debug_frame   0x00000078       0xb8 .\CortexM3\ARM_GCC_493\Debug\Cm3Start.o
 .debug_frame   0x00000130       0xe4 .\CortexM3\ARM_GCC_493\Debug\capteur_us.a(cyfitter_cfg.o)
 .debug_frame   0x00000214      0x738 .\CortexM3\ARM_GCC_493\Debug\capteur_us.a(CyLib.o)
 .debug_frame   0x0000094c      0x1f8 .\CortexM3\ARM_GCC_493\Debug\capteur_us.a(cyPm.o)
 .debug_frame   0x00000b44      0x134 .\CortexM3\ARM_GCC_493\Debug\capteur_us.a(US_40kHz.o)
 .debug_frame   0x00000c78      0x108 .\CortexM3\ARM_GCC_493\Debug\capteur_us.a(Detect_Seuil_Recept.o)
 .debug_frame   0x00000d80       0xb4 .\CortexM3\ARM_GCC_493\Debug\capteur_us.a(V_seuil.o)
 .debug_frame   0x00000e34      0x16c .\CortexM3\ARM_GCC_493\Debug\capteur_us.a(Timer_US.o)
 .debug_frame   0x00000fa0       0x9c .\CortexM3\ARM_GCC_493\Debug\capteur_us.a(Ampli_Recept.o)
 .debug_frame   0x0000103c      0x104 .\CortexM3\ARM_GCC_493\Debug\capteur_us.a(TimerISR.o)
 .debug_frame   0x00001140      0x1e4 .\CortexM3\ARM_GCC_493\Debug\capteur_us.a(CharLCD_1.o)
 .debug_frame   0x00001324       0x30 .\CortexM3\ARM_GCC_493\Debug\capteur_us.a(CharLCD_1_CustChars.o)
 .debug_frame   0x00001354       0x30 .\CortexM3\ARM_GCC_493\Debug\capteur_us.a(Control_Reg_1.o)
 .debug_frame   0x00001384      0x134 .\CortexM3\ARM_GCC_493\Debug\capteur_us.a(Counter_1.o)
 .debug_frame   0x000014b8      0x104 .\CortexM3\ARM_GCC_493\Debug\capteur_us.a(CounterISR.o)
 .debug_frame   0x000015bc      0x104 .\CortexM3\ARM_GCC_493\Debug\capteur_us.a(Timer_out_ISR.o)
 .debug_frame   0x000016c0      0x174 .\CortexM3\ARM_GCC_493\Debug\capteur_us.a(CyFlash.o)
 .debug_frame   0x00001834      0x160 .\CortexM3\ARM_GCC_493\Debug\capteur_us.a(CySpc.o)
 .debug_frame   0x00001994       0x20 .\CortexM3\ARM_GCC_493\Debug\capteur_us.a(cyutils.o)
 .debug_frame   0x000019b4       0x20 c:/program files (x86)/cypress/psoc creator/4.0/psoc creator/import/gnu/arm/4.9.3/bin/../lib/gcc/arm-none-eabi/4.9.3/../../../../arm-none-eabi/lib/armv7-m\libg_nano.a(lib_a-errno.o)
 .debug_frame   0x000019d4       0x28 c:/program files (x86)/cypress/psoc creator/4.0/psoc creator/import/gnu/arm/4.9.3/bin/../lib/gcc/arm-none-eabi/4.9.3/../../../../arm-none-eabi/lib/armv7-m\libg_nano.a(lib_a-exit.o)
 .debug_frame   0x000019fc       0x2c c:/program files (x86)/cypress/psoc creator/4.0/psoc creator/import/gnu/arm/4.9.3/bin/../lib/gcc/arm-none-eabi/4.9.3/../../../../arm-none-eabi/lib/armv7-m\libg_nano.a(lib_a-init.o)
 .debug_frame   0x00001a28       0x28 c:/program files (x86)/cypress/psoc creator/4.0/psoc creator/import/gnu/arm/4.9.3/bin/../lib/gcc/arm-none-eabi/4.9.3/../../../../arm-none-eabi/lib/armv7-m\libg_nano.a(lib_a-memcpy.o)
 .debug_frame   0x00001a50       0x20 c:/program files (x86)/cypress/psoc creator/4.0/psoc creator/import/gnu/arm/4.9.3/bin/../lib/gcc/arm-none-eabi/4.9.3/../../../../arm-none-eabi/lib/armv7-m\libg_nano.a(lib_a-memset.o)

.debug_str      0x00000000     0x223a
 *(.debug_str)
 .debug_str     0x00000000      0x351 .\CortexM3\ARM_GCC_493\Debug\main.o
                                0x392 (size before relaxing)
 .debug_str     0x00000351       0x75 .\CortexM3\ARM_GCC_493\Debug\cymetadata.o
                                0x207 (size before relaxing)
 .debug_str     0x000003c6      0x156 .\CortexM3\ARM_GCC_493\Debug\Cm3Start.o
                                0x31b (size before relaxing)
 .debug_str     0x0000051c      0x15b .\CortexM3\ARM_GCC_493\Debug\capteur_us.a(cyfitter_cfg.o)
                                0x320 (size before relaxing)
 .debug_str     0x00000677      0x845 .\CortexM3\ARM_GCC_493\Debug\capteur_us.a(CyLib.o)
                                0xa58 (size before relaxing)
 .debug_str     0x00000ebc      0x359 .\CortexM3\ARM_GCC_493\Debug\capteur_us.a(cyPm.o)
                                0x738 (size before relaxing)
 .debug_str     0x00001215      0x1a8 .\CortexM3\ARM_GCC_493\Debug\capteur_us.a(US_40kHz.o)
                                0x388 (size before relaxing)
 .debug_str     0x000013bd      0x1b0 .\CortexM3\ARM_GCC_493\Debug\capteur_us.a(Detect_Seuil_Recept.o)
                                0x392 (size before relaxing)
 .debug_str     0x0000156d       0xa3 .\CortexM3\ARM_GCC_493\Debug\capteur_us.a(V_seuil.o)
                                0x250 (size before relaxing)
 .debug_str     0x00001610      0x1a9 .\CortexM3\ARM_GCC_493\Debug\capteur_us.a(Timer_US.o)
                                0x3e6 (size before relaxing)
 .debug_str     0x000017b9       0xd6 .\CortexM3\ARM_GCC_493\Debug\capteur_us.a(Ampli_Recept.o)
                                0x286 (size before relaxing)
 .debug_str     0x0000188f       0xff .\CortexM3\ARM_GCC_493\Debug\capteur_us.a(TimerISR.o)
                                0x2e1 (size before relaxing)
 .debug_str     0x0000198e      0x1b6 .\CortexM3\ARM_GCC_493\Debug\capteur_us.a(CharLCD_1.o)
                                0x3e4 (size before relaxing)
 .debug_str     0x00001b44       0x38 .\CortexM3\ARM_GCC_493\Debug\capteur_us.a(CharLCD_1_CustChars.o)
                                0x23f (size before relaxing)
 .debug_str     0x00001b7c       0x3a .\CortexM3\ARM_GCC_493\Debug\capteur_us.a(Control_Reg_1.o)
                                0x1e4 (size before relaxing)
 .debug_str     0x00001bb6      0x1b5 .\CortexM3\ARM_GCC_493\Debug\capteur_us.a(Counter_1.o)
                                0x3a8 (size before relaxing)
 .debug_str     0x00001d6b      0x119 .\CortexM3\ARM_GCC_493\Debug\capteur_us.a(CounterISR.o)
                                0x2fd (size before relaxing)
 .debug_str     0x00001e84      0x140 .\CortexM3\ARM_GCC_493\Debug\capteur_us.a(Timer_out_ISR.o)
                                0x327 (size before relaxing)
 .debug_str     0x00001fc4      0x19c .\CortexM3\ARM_GCC_493\Debug\capteur_us.a(CyFlash.o)
                                0x3b2 (size before relaxing)
 .debug_str     0x00002160       0xac .\CortexM3\ARM_GCC_493\Debug\capteur_us.a(CySpc.o)
                                0x33b (size before relaxing)
 .debug_str     0x0000220c       0x2e .\CortexM3\ARM_GCC_493\Debug\capteur_us.a(cyutils.o)
                                0x1cf (size before relaxing)

.debug_loc      0x00000000     0x208a
 *(.debug_loc)
 .debug_loc     0x00000000       0x5d .\CortexM3\ARM_GCC_493\Debug\main.o
 .debug_loc     0x0000005d      0x144 .\CortexM3\ARM_GCC_493\Debug\Cm3Start.o
 .debug_loc     0x000001a1      0x1d7 .\CortexM3\ARM_GCC_493\Debug\capteur_us.a(cyfitter_cfg.o)
 .debug_loc     0x00000378      0xa11 .\CortexM3\ARM_GCC_493\Debug\capteur_us.a(CyLib.o)
 .debug_loc     0x00000d89      0x1e4 .\CortexM3\ARM_GCC_493\Debug\capteur_us.a(cyPm.o)
 .debug_loc     0x00000f6d       0x13 .\CortexM3\ARM_GCC_493\Debug\capteur_us.a(US_40kHz.o)
 .debug_loc     0x00000f80       0xed .\CortexM3\ARM_GCC_493\Debug\capteur_us.a(Detect_Seuil_Recept.o)
 .debug_loc     0x0000106d       0x79 .\CortexM3\ARM_GCC_493\Debug\capteur_us.a(V_seuil.o)
 .debug_loc     0x000010e6       0x89 .\CortexM3\ARM_GCC_493\Debug\capteur_us.a(Timer_US.o)
 .debug_loc     0x0000116f       0x60 .\CortexM3\ARM_GCC_493\Debug\capteur_us.a(Ampli_Recept.o)
 .debug_loc     0x000011cf       0x56 .\CortexM3\ARM_GCC_493\Debug\capteur_us.a(TimerISR.o)
 .debug_loc     0x00001225      0x3c6 .\CortexM3\ARM_GCC_493\Debug\capteur_us.a(CharLCD_1.o)
 .debug_loc     0x000015eb       0x48 .\CortexM3\ARM_GCC_493\Debug\capteur_us.a(CharLCD_1_CustChars.o)
 .debug_loc     0x00001633       0x3d .\CortexM3\ARM_GCC_493\Debug\capteur_us.a(Counter_1.o)
 .debug_loc     0x00001670       0x56 .\CortexM3\ARM_GCC_493\Debug\capteur_us.a(CounterISR.o)
 .debug_loc     0x000016c6       0x56 .\CortexM3\ARM_GCC_493\Debug\capteur_us.a(Timer_out_ISR.o)
 .debug_loc     0x0000171c      0x300 .\CortexM3\ARM_GCC_493\Debug\capteur_us.a(CyFlash.o)
 .debug_loc     0x00001a1c      0x64d .\CortexM3\ARM_GCC_493\Debug\capteur_us.a(CySpc.o)
 .debug_loc     0x00002069       0x21 .\CortexM3\ARM_GCC_493\Debug\capteur_us.a(cyutils.o)

.debug_macinfo
 *(.debug_macinfo)

.debug_ranges   0x00000000      0x930
 *(.debug_ranges)
 .debug_ranges  0x00000000       0x28 .\CortexM3\ARM_GCC_493\Debug\main.o
 .debug_ranges  0x00000028       0x38 .\CortexM3\ARM_GCC_493\Debug\Cm3Start.o
 .debug_ranges  0x00000060       0x48 .\CortexM3\ARM_GCC_493\Debug\capteur_us.a(cyfitter_cfg.o)
 .debug_ranges  0x000000a8      0x290 .\CortexM3\ARM_GCC_493\Debug\capteur_us.a(CyLib.o)
 .debug_ranges  0x00000338       0x88 .\CortexM3\ARM_GCC_493\Debug\capteur_us.a(cyPm.o)
 .debug_ranges  0x000003c0       0x88 .\CortexM3\ARM_GCC_493\Debug\capteur_us.a(US_40kHz.o)
 .debug_ranges  0x00000448       0x60 .\CortexM3\ARM_GCC_493\Debug\capteur_us.a(Detect_Seuil_Recept.o)
 .debug_ranges  0x000004a8       0x48 .\CortexM3\ARM_GCC_493\Debug\capteur_us.a(V_seuil.o)
 .debug_ranges  0x000004f0       0x98 .\CortexM3\ARM_GCC_493\Debug\capteur_us.a(Timer_US.o)
 .debug_ranges  0x00000588       0x38 .\CortexM3\ARM_GCC_493\Debug\capteur_us.a(Ampli_Recept.o)
 .debug_ranges  0x000005c0       0x70 .\CortexM3\ARM_GCC_493\Debug\capteur_us.a(TimerISR.o)
 .debug_ranges  0x00000630       0x88 .\CortexM3\ARM_GCC_493\Debug\capteur_us.a(CharLCD_1.o)
 .debug_ranges  0x000006b8       0x10 .\CortexM3\ARM_GCC_493\Debug\capteur_us.a(CharLCD_1_CustChars.o)
 .debug_ranges  0x000006c8       0x18 .\CortexM3\ARM_GCC_493\Debug\capteur_us.a(Control_Reg_1.o)
 .debug_ranges  0x000006e0       0x88 .\CortexM3\ARM_GCC_493\Debug\capteur_us.a(Counter_1.o)
 .debug_ranges  0x00000768       0x70 .\CortexM3\ARM_GCC_493\Debug\capteur_us.a(CounterISR.o)
 .debug_ranges  0x000007d8       0x70 .\CortexM3\ARM_GCC_493\Debug\capteur_us.a(Timer_out_ISR.o)
 .debug_ranges  0x00000848       0x70 .\CortexM3\ARM_GCC_493\Debug\capteur_us.a(CyFlash.o)
 .debug_ranges  0x000008b8       0x68 .\CortexM3\ARM_GCC_493\Debug\capteur_us.a(CySpc.o)
 .debug_ranges  0x00000920       0x10 .\CortexM3\ARM_GCC_493\Debug\capteur_us.a(cyutils.o)

.comment        0x00000000       0x70
 .comment       0x00000000       0x70 .\CortexM3\ARM_GCC_493\Debug\main.o
                                 0x71 (size before relaxing)
 .comment       0x00000000       0x71 .\CortexM3\ARM_GCC_493\Debug\cymetadata.o
 .comment       0x00000000       0x71 .\CortexM3\ARM_GCC_493\Debug\Cm3Start.o
 .comment       0x00000000       0x71 .\CortexM3\ARM_GCC_493\Debug\capteur_us.a(cyfitter_cfg.o)
 .comment       0x00000000       0x71 .\CortexM3\ARM_GCC_493\Debug\capteur_us.a(CyLib.o)
 .comment       0x00000000       0x71 .\CortexM3\ARM_GCC_493\Debug\capteur_us.a(cyPm.o)
 .comment       0x00000000       0x71 .\CortexM3\ARM_GCC_493\Debug\capteur_us.a(US_40kHz.o)
 .comment       0x00000000       0x71 .\CortexM3\ARM_GCC_493\Debug\capteur_us.a(Detect_Seuil_Recept.o)
 .comment       0x00000000       0x71 .\CortexM3\ARM_GCC_493\Debug\capteur_us.a(V_seuil.o)
 .comment       0x00000000       0x71 .\CortexM3\ARM_GCC_493\Debug\capteur_us.a(Timer_US.o)
 .comment       0x00000000       0x71 .\CortexM3\ARM_GCC_493\Debug\capteur_us.a(Ampli_Recept.o)
 .comment       0x00000000       0x71 .\CortexM3\ARM_GCC_493\Debug\capteur_us.a(TimerISR.o)
 .comment       0x00000000       0x71 .\CortexM3\ARM_GCC_493\Debug\capteur_us.a(CharLCD_1.o)
 .comment       0x00000000       0x71 .\CortexM3\ARM_GCC_493\Debug\capteur_us.a(CharLCD_1_CustChars.o)
 .comment       0x00000000       0x71 .\CortexM3\ARM_GCC_493\Debug\capteur_us.a(Control_Reg_1.o)
 .comment       0x00000000       0x71 .\CortexM3\ARM_GCC_493\Debug\capteur_us.a(Counter_1.o)
 .comment       0x00000000       0x71 .\CortexM3\ARM_GCC_493\Debug\capteur_us.a(CounterISR.o)
 .comment       0x00000000       0x71 .\CortexM3\ARM_GCC_493\Debug\capteur_us.a(Timer_out_ISR.o)
 .comment       0x00000000       0x71 .\CortexM3\ARM_GCC_493\Debug\capteur_us.a(CyFlash.o)
 .comment       0x00000000       0x71 .\CortexM3\ARM_GCC_493\Debug\capteur_us.a(CySpc.o)
 .comment       0x00000000       0x71 .\CortexM3\ARM_GCC_493\Debug\capteur_us.a(cyutils.o)

.debug_weaknames
 *(.debug_weaknames)

.debug_funcnames
 *(.debug_funcnames)

.debug_typenames
 *(.debug_typenames)

.debug_varnames
 *(.debug_varnames)

.note.gnu.arm.ident
 *(.note.gnu.arm.ident)

.ARM.attributes
                0x00000000       0x29
 *(.ARM.attributes)
 .ARM.attributes
                0x00000000       0x1d c:/program files (x86)/cypress/psoc creator/4.0/psoc creator/import/gnu/arm/4.9.3/bin/../lib/gcc/arm-none-eabi/4.9.3/armv7-m/crti.o
 .ARM.attributes
                0x0000001d       0x2d c:/program files (x86)/cypress/psoc creator/4.0/psoc creator/import/gnu/arm/4.9.3/bin/../lib/gcc/arm-none-eabi/4.9.3/armv7-m/crtbegin.o
 .ARM.attributes
                0x0000004a       0x1b c:/program files (x86)/cypress/psoc creator/4.0/psoc creator/import/gnu/arm/4.9.3/bin/../lib/gcc/arm-none-eabi/4.9.3/../../../../arm-none-eabi/lib/armv7-m/crt0.o
 .ARM.attributes
                0x00000065       0x33 .\CortexM3\ARM_GCC_493\Debug\main.o
 .ARM.attributes
                0x00000098       0x33 .\CortexM3\ARM_GCC_493\Debug\cymetadata.o
 .ARM.attributes
                0x000000cb       0x33 .\CortexM3\ARM_GCC_493\Debug\Cm3Start.o
 .ARM.attributes
                0x000000fe       0x33 .\CortexM3\ARM_GCC_493\Debug\capteur_us.a(cyfitter_cfg.o)
 .ARM.attributes
                0x00000131       0x33 .\CortexM3\ARM_GCC_493\Debug\capteur_us.a(CyLib.o)
 .ARM.attributes
                0x00000164       0x33 .\CortexM3\ARM_GCC_493\Debug\capteur_us.a(cyPm.o)
 .ARM.attributes
                0x00000197       0x33 .\CortexM3\ARM_GCC_493\Debug\capteur_us.a(US_40kHz.o)
 .ARM.attributes
                0x000001ca       0x33 .\CortexM3\ARM_GCC_493\Debug\capteur_us.a(Detect_Seuil_Recept.o)
 .ARM.attributes
                0x000001fd       0x33 .\CortexM3\ARM_GCC_493\Debug\capteur_us.a(V_seuil.o)
 .ARM.attributes
                0x00000230       0x33 .\CortexM3\ARM_GCC_493\Debug\capteur_us.a(Timer_US.o)
 .ARM.attributes
                0x00000263       0x33 .\CortexM3\ARM_GCC_493\Debug\capteur_us.a(Ampli_Recept.o)
 .ARM.attributes
                0x00000296       0x33 .\CortexM3\ARM_GCC_493\Debug\capteur_us.a(TimerISR.o)
 .ARM.attributes
                0x000002c9       0x33 .\CortexM3\ARM_GCC_493\Debug\capteur_us.a(CharLCD_1.o)
 .ARM.attributes
                0x000002fc       0x33 .\CortexM3\ARM_GCC_493\Debug\capteur_us.a(CharLCD_1_CustChars.o)
 .ARM.attributes
                0x0000032f       0x33 .\CortexM3\ARM_GCC_493\Debug\capteur_us.a(Control_Reg_1.o)
 .ARM.attributes
                0x00000362       0x33 .\CortexM3\ARM_GCC_493\Debug\capteur_us.a(Counter_1.o)
 .ARM.attributes
                0x00000395       0x33 .\CortexM3\ARM_GCC_493\Debug\capteur_us.a(CounterISR.o)
 .ARM.attributes
                0x000003c8       0x33 .\CortexM3\ARM_GCC_493\Debug\capteur_us.a(Timer_out_ISR.o)
 .ARM.attributes
                0x000003fb       0x21 .\CortexM3\ARM_GCC_493\Debug\capteur_us.a(CyBootAsmGnu.o)
 .ARM.attributes
                0x0000041c       0x33 .\CortexM3\ARM_GCC_493\Debug\capteur_us.a(CyFlash.o)
 .ARM.attributes
                0x0000044f       0x33 .\CortexM3\ARM_GCC_493\Debug\capteur_us.a(CySpc.o)
 .ARM.attributes
                0x00000482       0x33 .\CortexM3\ARM_GCC_493\Debug\capteur_us.a(cyutils.o)
 .ARM.attributes
                0x000004b5       0x2d c:/program files (x86)/cypress/psoc creator/4.0/psoc creator/import/gnu/arm/4.9.3/bin/../lib/gcc/arm-none-eabi/4.9.3/../../../../arm-none-eabi/lib/armv7-m\libg_nano.a(lib_a-errno.o)
 .ARM.attributes
                0x000004e2       0x2d c:/program files (x86)/cypress/psoc creator/4.0/psoc creator/import/gnu/arm/4.9.3/bin/../lib/gcc/arm-none-eabi/4.9.3/../../../../arm-none-eabi/lib/armv7-m\libg_nano.a(lib_a-exit.o)
 .ARM.attributes
                0x0000050f       0x2d c:/program files (x86)/cypress/psoc creator/4.0/psoc creator/import/gnu/arm/4.9.3/bin/../lib/gcc/arm-none-eabi/4.9.3/../../../../arm-none-eabi/lib/armv7-m\libg_nano.a(lib_a-impure.o)
 .ARM.attributes
                0x0000053c       0x2d c:/program files (x86)/cypress/psoc creator/4.0/psoc creator/import/gnu/arm/4.9.3/bin/../lib/gcc/arm-none-eabi/4.9.3/../../../../arm-none-eabi/lib/armv7-m\libg_nano.a(lib_a-init.o)
 .ARM.attributes
                0x00000569       0x2d c:/program files (x86)/cypress/psoc creator/4.0/psoc creator/import/gnu/arm/4.9.3/bin/../lib/gcc/arm-none-eabi/4.9.3/../../../../arm-none-eabi/lib/armv7-m\libg_nano.a(lib_a-memcpy.o)
 .ARM.attributes
                0x00000596       0x2d c:/program files (x86)/cypress/psoc creator/4.0/psoc creator/import/gnu/arm/4.9.3/bin/../lib/gcc/arm-none-eabi/4.9.3/../../../../arm-none-eabi/lib/armv7-m\libg_nano.a(lib_a-memset.o)
 .ARM.attributes
                0x000005c3       0x2d c:/program files (x86)/cypress/psoc creator/4.0/psoc creator/import/gnu/arm/4.9.3/bin/../lib/gcc/arm-none-eabi/4.9.3/armv7-m/crtend.o
 .ARM.attributes
                0x000005f0       0x1d c:/program files (x86)/cypress/psoc creator/4.0/psoc creator/import/gnu/arm/4.9.3/bin/../lib/gcc/arm-none-eabi/4.9.3/armv7-m/crtn.o

/DISCARD/
 *(.note.GNU-stack)
OUTPUT(.\CortexM3\ARM_GCC_493\Debug\capteur_us.elf elf32-littlearm)
