ARM GAS  C:\Users\Julien\AppData\Local\Temp\ccxFlpEG.s 			page 1


   1              		.syntax unified
   2              		.cpu cortex-m3
   3              		.fpu softvfp
   4              		.eabi_attribute 20, 1
   5              		.eabi_attribute 21, 1
   6              		.eabi_attribute 23, 3
   7              		.eabi_attribute 24, 1
   8              		.eabi_attribute 25, 1
   9              		.eabi_attribute 26, 1
  10              		.eabi_attribute 30, 1
  11              		.eabi_attribute 34, 1
  12              		.eabi_attribute 18, 4
  13              		.thumb
  14              		.file	"US_40kHz_PM.c"
  15              		.text
  16              	.Ltext0:
  17              		.cfi_sections	.debug_frame
  18              		.section	.text.US_40kHz_SaveConfig,"ax",%progbits
  19              		.align	2
  20              		.global	US_40kHz_SaveConfig
  21              		.thumb
  22              		.thumb_func
  23              		.type	US_40kHz_SaveConfig, %function
  24              	US_40kHz_SaveConfig:
  25              	.LFB0:
  26              		.file 1 "Generated_Source\\PSoC5\\US_40kHz_PM.c"
   1:Generated_Source\PSoC5/US_40kHz_PM.c **** /*******************************************************************************
   2:Generated_Source\PSoC5/US_40kHz_PM.c **** * File Name: US_40kHz_PM.c
   3:Generated_Source\PSoC5/US_40kHz_PM.c **** * Version 3.30
   4:Generated_Source\PSoC5/US_40kHz_PM.c **** *
   5:Generated_Source\PSoC5/US_40kHz_PM.c **** * Description:
   6:Generated_Source\PSoC5/US_40kHz_PM.c **** *  This file provides the power management source code to API for the
   7:Generated_Source\PSoC5/US_40kHz_PM.c **** *  PWM.
   8:Generated_Source\PSoC5/US_40kHz_PM.c **** *
   9:Generated_Source\PSoC5/US_40kHz_PM.c **** * Note:
  10:Generated_Source\PSoC5/US_40kHz_PM.c **** *
  11:Generated_Source\PSoC5/US_40kHz_PM.c **** ********************************************************************************
  12:Generated_Source\PSoC5/US_40kHz_PM.c **** * Copyright 2008-2014, Cypress Semiconductor Corporation.  All rights reserved.
  13:Generated_Source\PSoC5/US_40kHz_PM.c **** * You may use this file only in accordance with the license, terms, conditions,
  14:Generated_Source\PSoC5/US_40kHz_PM.c **** * disclaimers, and limitations in the end user license agreement accompanying
  15:Generated_Source\PSoC5/US_40kHz_PM.c **** * the software package with which this file was provided.
  16:Generated_Source\PSoC5/US_40kHz_PM.c **** *******************************************************************************/
  17:Generated_Source\PSoC5/US_40kHz_PM.c **** 
  18:Generated_Source\PSoC5/US_40kHz_PM.c **** #include "US_40kHz.h"
  19:Generated_Source\PSoC5/US_40kHz_PM.c **** 
  20:Generated_Source\PSoC5/US_40kHz_PM.c **** static US_40kHz_backupStruct US_40kHz_backup;
  21:Generated_Source\PSoC5/US_40kHz_PM.c **** 
  22:Generated_Source\PSoC5/US_40kHz_PM.c **** 
  23:Generated_Source\PSoC5/US_40kHz_PM.c **** /*******************************************************************************
  24:Generated_Source\PSoC5/US_40kHz_PM.c **** * Function Name: US_40kHz_SaveConfig
  25:Generated_Source\PSoC5/US_40kHz_PM.c **** ********************************************************************************
  26:Generated_Source\PSoC5/US_40kHz_PM.c **** *
  27:Generated_Source\PSoC5/US_40kHz_PM.c **** * Summary:
  28:Generated_Source\PSoC5/US_40kHz_PM.c **** *  Saves the current user configuration of the component.
  29:Generated_Source\PSoC5/US_40kHz_PM.c **** *
  30:Generated_Source\PSoC5/US_40kHz_PM.c **** * Parameters:
  31:Generated_Source\PSoC5/US_40kHz_PM.c **** *  None
ARM GAS  C:\Users\Julien\AppData\Local\Temp\ccxFlpEG.s 			page 2


  32:Generated_Source\PSoC5/US_40kHz_PM.c **** *
  33:Generated_Source\PSoC5/US_40kHz_PM.c **** * Return:
  34:Generated_Source\PSoC5/US_40kHz_PM.c **** *  None
  35:Generated_Source\PSoC5/US_40kHz_PM.c **** *
  36:Generated_Source\PSoC5/US_40kHz_PM.c **** * Global variables:
  37:Generated_Source\PSoC5/US_40kHz_PM.c **** *  US_40kHz_backup:  Variables of this global structure are modified to
  38:Generated_Source\PSoC5/US_40kHz_PM.c **** *  store the values of non retention configuration registers when Sleep() API is
  39:Generated_Source\PSoC5/US_40kHz_PM.c **** *  called.
  40:Generated_Source\PSoC5/US_40kHz_PM.c **** *
  41:Generated_Source\PSoC5/US_40kHz_PM.c **** *******************************************************************************/
  42:Generated_Source\PSoC5/US_40kHz_PM.c **** void US_40kHz_SaveConfig(void) 
  43:Generated_Source\PSoC5/US_40kHz_PM.c **** {
  27              		.loc 1 43 0
  28              		.cfi_startproc
  29              		@ args = 0, pretend = 0, frame = 0
  30              		@ frame_needed = 0, uses_anonymous_args = 0
  31 0000 10B5     		push	{r4, lr}
  32              		.cfi_def_cfa_offset 8
  33              		.cfi_offset 4, -8
  34              		.cfi_offset 14, -4
  44:Generated_Source\PSoC5/US_40kHz_PM.c **** 
  45:Generated_Source\PSoC5/US_40kHz_PM.c ****     #if(!US_40kHz_UsingFixedFunction)
  46:Generated_Source\PSoC5/US_40kHz_PM.c ****         #if(!US_40kHz_PWMModeIsCenterAligned)
  47:Generated_Source\PSoC5/US_40kHz_PM.c ****             US_40kHz_backup.PWMPeriod = US_40kHz_ReadPeriod();
  35              		.loc 1 47 0
  36 0002 FFF7FEFF 		bl	US_40kHz_ReadPeriod
  37              	.LVL0:
  38 0006 044C     		ldr	r4, .L3
  39 0008 A080     		strh	r0, [r4, #4]	@ movhi
  48:Generated_Source\PSoC5/US_40kHz_PM.c ****         #endif /* (!US_40kHz_PWMModeIsCenterAligned) */
  49:Generated_Source\PSoC5/US_40kHz_PM.c ****         US_40kHz_backup.PWMUdb = US_40kHz_ReadCounter();
  40              		.loc 1 49 0
  41 000a FFF7FEFF 		bl	US_40kHz_ReadCounter
  42              	.LVL1:
  43 000e 6080     		strh	r0, [r4, #2]	@ movhi
  50:Generated_Source\PSoC5/US_40kHz_PM.c ****         #if (US_40kHz_UseStatus)
  51:Generated_Source\PSoC5/US_40kHz_PM.c ****             US_40kHz_backup.InterruptMaskValue = US_40kHz_STATUS_MASK;
  44              		.loc 1 51 0
  45 0010 024B     		ldr	r3, .L3+4
  46 0012 1B78     		ldrb	r3, [r3]	@ zero_extendqisi2
  47 0014 A371     		strb	r3, [r4, #6]
  48 0016 10BD     		pop	{r4, pc}
  49              	.L4:
  50              		.align	2
  51              	.L3:
  52 0018 00000000 		.word	.LANCHOR0
  53 001c 89650040 		.word	1073767817
  54              		.cfi_endproc
  55              	.LFE0:
  56              		.size	US_40kHz_SaveConfig, .-US_40kHz_SaveConfig
  57              		.section	.text.US_40kHz_RestoreConfig,"ax",%progbits
  58              		.align	2
  59              		.global	US_40kHz_RestoreConfig
  60              		.thumb
  61              		.thumb_func
  62              		.type	US_40kHz_RestoreConfig, %function
  63              	US_40kHz_RestoreConfig:
ARM GAS  C:\Users\Julien\AppData\Local\Temp\ccxFlpEG.s 			page 3


  64              	.LFB1:
  52:Generated_Source\PSoC5/US_40kHz_PM.c ****         #endif /* (US_40kHz_UseStatus) */
  53:Generated_Source\PSoC5/US_40kHz_PM.c **** 
  54:Generated_Source\PSoC5/US_40kHz_PM.c ****         #if(US_40kHz_DeadBandMode == US_40kHz__B_PWM__DBM_256_CLOCKS || \
  55:Generated_Source\PSoC5/US_40kHz_PM.c ****             US_40kHz_DeadBandMode == US_40kHz__B_PWM__DBM_2_4_CLOCKS)
  56:Generated_Source\PSoC5/US_40kHz_PM.c ****             US_40kHz_backup.PWMdeadBandValue = US_40kHz_ReadDeadTime();
  57:Generated_Source\PSoC5/US_40kHz_PM.c ****         #endif /*  deadband count is either 2-4 clocks or 256 clocks */
  58:Generated_Source\PSoC5/US_40kHz_PM.c **** 
  59:Generated_Source\PSoC5/US_40kHz_PM.c ****         #if(US_40kHz_KillModeMinTime)
  60:Generated_Source\PSoC5/US_40kHz_PM.c ****              US_40kHz_backup.PWMKillCounterPeriod = US_40kHz_ReadKillTime();
  61:Generated_Source\PSoC5/US_40kHz_PM.c ****         #endif /* (US_40kHz_KillModeMinTime) */
  62:Generated_Source\PSoC5/US_40kHz_PM.c **** 
  63:Generated_Source\PSoC5/US_40kHz_PM.c ****         #if(US_40kHz_UseControl)
  64:Generated_Source\PSoC5/US_40kHz_PM.c ****             US_40kHz_backup.PWMControlRegister = US_40kHz_ReadControlRegister();
  65:Generated_Source\PSoC5/US_40kHz_PM.c ****         #endif /* (US_40kHz_UseControl) */
  66:Generated_Source\PSoC5/US_40kHz_PM.c ****     #endif  /* (!US_40kHz_UsingFixedFunction) */
  67:Generated_Source\PSoC5/US_40kHz_PM.c **** }
  68:Generated_Source\PSoC5/US_40kHz_PM.c **** 
  69:Generated_Source\PSoC5/US_40kHz_PM.c **** 
  70:Generated_Source\PSoC5/US_40kHz_PM.c **** /*******************************************************************************
  71:Generated_Source\PSoC5/US_40kHz_PM.c **** * Function Name: US_40kHz_RestoreConfig
  72:Generated_Source\PSoC5/US_40kHz_PM.c **** ********************************************************************************
  73:Generated_Source\PSoC5/US_40kHz_PM.c **** *
  74:Generated_Source\PSoC5/US_40kHz_PM.c **** * Summary:
  75:Generated_Source\PSoC5/US_40kHz_PM.c **** *  Restores the current user configuration of the component.
  76:Generated_Source\PSoC5/US_40kHz_PM.c **** *
  77:Generated_Source\PSoC5/US_40kHz_PM.c **** * Parameters:
  78:Generated_Source\PSoC5/US_40kHz_PM.c **** *  None
  79:Generated_Source\PSoC5/US_40kHz_PM.c **** *
  80:Generated_Source\PSoC5/US_40kHz_PM.c **** * Return:
  81:Generated_Source\PSoC5/US_40kHz_PM.c **** *  None
  82:Generated_Source\PSoC5/US_40kHz_PM.c **** *
  83:Generated_Source\PSoC5/US_40kHz_PM.c **** * Global variables:
  84:Generated_Source\PSoC5/US_40kHz_PM.c **** *  US_40kHz_backup:  Variables of this global structure are used to
  85:Generated_Source\PSoC5/US_40kHz_PM.c **** *  restore the values of non retention registers on wakeup from sleep mode.
  86:Generated_Source\PSoC5/US_40kHz_PM.c **** *
  87:Generated_Source\PSoC5/US_40kHz_PM.c **** *******************************************************************************/
  88:Generated_Source\PSoC5/US_40kHz_PM.c **** void US_40kHz_RestoreConfig(void) 
  89:Generated_Source\PSoC5/US_40kHz_PM.c **** {
  65              		.loc 1 89 0
  66              		.cfi_startproc
  67              		@ args = 0, pretend = 0, frame = 0
  68              		@ frame_needed = 0, uses_anonymous_args = 0
  69 0000 10B5     		push	{r4, lr}
  70              		.cfi_def_cfa_offset 8
  71              		.cfi_offset 4, -8
  72              		.cfi_offset 14, -4
  90:Generated_Source\PSoC5/US_40kHz_PM.c ****         #if(!US_40kHz_UsingFixedFunction)
  91:Generated_Source\PSoC5/US_40kHz_PM.c ****             #if(!US_40kHz_PWMModeIsCenterAligned)
  92:Generated_Source\PSoC5/US_40kHz_PM.c ****                 US_40kHz_WritePeriod(US_40kHz_backup.PWMPeriod);
  73              		.loc 1 92 0
  74 0002 054C     		ldr	r4, .L7
  75 0004 A088     		ldrh	r0, [r4, #4]
  76 0006 FFF7FEFF 		bl	US_40kHz_WritePeriod
  77              	.LVL2:
  93:Generated_Source\PSoC5/US_40kHz_PM.c ****             #endif /* (!US_40kHz_PWMModeIsCenterAligned) */
  94:Generated_Source\PSoC5/US_40kHz_PM.c **** 
ARM GAS  C:\Users\Julien\AppData\Local\Temp\ccxFlpEG.s 			page 4


  95:Generated_Source\PSoC5/US_40kHz_PM.c ****             US_40kHz_WriteCounter(US_40kHz_backup.PWMUdb);
  78              		.loc 1 95 0
  79 000a 6088     		ldrh	r0, [r4, #2]
  80 000c FFF7FEFF 		bl	US_40kHz_WriteCounter
  81              	.LVL3:
  96:Generated_Source\PSoC5/US_40kHz_PM.c **** 
  97:Generated_Source\PSoC5/US_40kHz_PM.c ****             #if (US_40kHz_UseStatus)
  98:Generated_Source\PSoC5/US_40kHz_PM.c ****                 US_40kHz_STATUS_MASK = US_40kHz_backup.InterruptMaskValue;
  82              		.loc 1 98 0
  83 0010 A279     		ldrb	r2, [r4, #6]	@ zero_extendqisi2
  84 0012 024B     		ldr	r3, .L7+4
  85 0014 1A70     		strb	r2, [r3]
  86 0016 10BD     		pop	{r4, pc}
  87              	.L8:
  88              		.align	2
  89              	.L7:
  90 0018 00000000 		.word	.LANCHOR0
  91 001c 89650040 		.word	1073767817
  92              		.cfi_endproc
  93              	.LFE1:
  94              		.size	US_40kHz_RestoreConfig, .-US_40kHz_RestoreConfig
  95              		.section	.text.US_40kHz_Sleep,"ax",%progbits
  96              		.align	2
  97              		.global	US_40kHz_Sleep
  98              		.thumb
  99              		.thumb_func
 100              		.type	US_40kHz_Sleep, %function
 101              	US_40kHz_Sleep:
 102              	.LFB2:
  99:Generated_Source\PSoC5/US_40kHz_PM.c ****             #endif /* (US_40kHz_UseStatus) */
 100:Generated_Source\PSoC5/US_40kHz_PM.c **** 
 101:Generated_Source\PSoC5/US_40kHz_PM.c ****             #if(US_40kHz_DeadBandMode == US_40kHz__B_PWM__DBM_256_CLOCKS || \
 102:Generated_Source\PSoC5/US_40kHz_PM.c ****                 US_40kHz_DeadBandMode == US_40kHz__B_PWM__DBM_2_4_CLOCKS)
 103:Generated_Source\PSoC5/US_40kHz_PM.c ****                 US_40kHz_WriteDeadTime(US_40kHz_backup.PWMdeadBandValue);
 104:Generated_Source\PSoC5/US_40kHz_PM.c ****             #endif /* deadband count is either 2-4 clocks or 256 clocks */
 105:Generated_Source\PSoC5/US_40kHz_PM.c **** 
 106:Generated_Source\PSoC5/US_40kHz_PM.c ****             #if(US_40kHz_KillModeMinTime)
 107:Generated_Source\PSoC5/US_40kHz_PM.c ****                 US_40kHz_WriteKillTime(US_40kHz_backup.PWMKillCounterPeriod);
 108:Generated_Source\PSoC5/US_40kHz_PM.c ****             #endif /* (US_40kHz_KillModeMinTime) */
 109:Generated_Source\PSoC5/US_40kHz_PM.c **** 
 110:Generated_Source\PSoC5/US_40kHz_PM.c ****             #if(US_40kHz_UseControl)
 111:Generated_Source\PSoC5/US_40kHz_PM.c ****                 US_40kHz_WriteControlRegister(US_40kHz_backup.PWMControlRegister);
 112:Generated_Source\PSoC5/US_40kHz_PM.c ****             #endif /* (US_40kHz_UseControl) */
 113:Generated_Source\PSoC5/US_40kHz_PM.c ****         #endif  /* (!US_40kHz_UsingFixedFunction) */
 114:Generated_Source\PSoC5/US_40kHz_PM.c ****     }
 115:Generated_Source\PSoC5/US_40kHz_PM.c **** 
 116:Generated_Source\PSoC5/US_40kHz_PM.c **** 
 117:Generated_Source\PSoC5/US_40kHz_PM.c **** /*******************************************************************************
 118:Generated_Source\PSoC5/US_40kHz_PM.c **** * Function Name: US_40kHz_Sleep
 119:Generated_Source\PSoC5/US_40kHz_PM.c **** ********************************************************************************
 120:Generated_Source\PSoC5/US_40kHz_PM.c **** *
 121:Generated_Source\PSoC5/US_40kHz_PM.c **** * Summary:
 122:Generated_Source\PSoC5/US_40kHz_PM.c **** *  Disables block's operation and saves the user configuration. Should be called
 123:Generated_Source\PSoC5/US_40kHz_PM.c **** *  just prior to entering sleep.
 124:Generated_Source\PSoC5/US_40kHz_PM.c **** *
 125:Generated_Source\PSoC5/US_40kHz_PM.c **** * Parameters:
 126:Generated_Source\PSoC5/US_40kHz_PM.c **** *  None
ARM GAS  C:\Users\Julien\AppData\Local\Temp\ccxFlpEG.s 			page 5


 127:Generated_Source\PSoC5/US_40kHz_PM.c **** *
 128:Generated_Source\PSoC5/US_40kHz_PM.c **** * Return:
 129:Generated_Source\PSoC5/US_40kHz_PM.c **** *  None
 130:Generated_Source\PSoC5/US_40kHz_PM.c **** *
 131:Generated_Source\PSoC5/US_40kHz_PM.c **** * Global variables:
 132:Generated_Source\PSoC5/US_40kHz_PM.c **** *  US_40kHz_backup.PWMEnableState:  Is modified depending on the enable
 133:Generated_Source\PSoC5/US_40kHz_PM.c **** *  state of the block before entering sleep mode.
 134:Generated_Source\PSoC5/US_40kHz_PM.c **** *
 135:Generated_Source\PSoC5/US_40kHz_PM.c **** *******************************************************************************/
 136:Generated_Source\PSoC5/US_40kHz_PM.c **** void US_40kHz_Sleep(void) 
 137:Generated_Source\PSoC5/US_40kHz_PM.c **** {
 103              		.loc 1 137 0
 104              		.cfi_startproc
 105              		@ args = 0, pretend = 0, frame = 0
 106              		@ frame_needed = 0, uses_anonymous_args = 0
 107 0000 08B5     		push	{r3, lr}
 108              		.cfi_def_cfa_offset 8
 109              		.cfi_offset 3, -8
 110              		.cfi_offset 14, -4
 138:Generated_Source\PSoC5/US_40kHz_PM.c ****     #if(US_40kHz_UseControl)
 139:Generated_Source\PSoC5/US_40kHz_PM.c ****         if(US_40kHz_CTRL_ENABLE == (US_40kHz_CONTROL & US_40kHz_CTRL_ENABLE))
 140:Generated_Source\PSoC5/US_40kHz_PM.c ****         {
 141:Generated_Source\PSoC5/US_40kHz_PM.c ****             /*Component is enabled */
 142:Generated_Source\PSoC5/US_40kHz_PM.c ****             US_40kHz_backup.PWMEnableState = 1u;
 143:Generated_Source\PSoC5/US_40kHz_PM.c ****         }
 144:Generated_Source\PSoC5/US_40kHz_PM.c ****         else
 145:Generated_Source\PSoC5/US_40kHz_PM.c ****         {
 146:Generated_Source\PSoC5/US_40kHz_PM.c ****             /* Component is disabled */
 147:Generated_Source\PSoC5/US_40kHz_PM.c ****             US_40kHz_backup.PWMEnableState = 0u;
 148:Generated_Source\PSoC5/US_40kHz_PM.c ****         }
 149:Generated_Source\PSoC5/US_40kHz_PM.c ****     #endif /* (US_40kHz_UseControl) */
 150:Generated_Source\PSoC5/US_40kHz_PM.c **** 
 151:Generated_Source\PSoC5/US_40kHz_PM.c ****     /* Stop component */
 152:Generated_Source\PSoC5/US_40kHz_PM.c ****     US_40kHz_Stop();
 111              		.loc 1 152 0
 112 0002 FFF7FEFF 		bl	US_40kHz_Stop
 113              	.LVL4:
 153:Generated_Source\PSoC5/US_40kHz_PM.c **** 
 154:Generated_Source\PSoC5/US_40kHz_PM.c ****     /* Save registers configuration */
 155:Generated_Source\PSoC5/US_40kHz_PM.c ****     US_40kHz_SaveConfig();
 114              		.loc 1 155 0
 115 0006 FFF7FEFF 		bl	US_40kHz_SaveConfig
 116              	.LVL5:
 117 000a 08BD     		pop	{r3, pc}
 118              		.cfi_endproc
 119              	.LFE2:
 120              		.size	US_40kHz_Sleep, .-US_40kHz_Sleep
 121              		.section	.text.US_40kHz_Wakeup,"ax",%progbits
 122              		.align	2
 123              		.global	US_40kHz_Wakeup
 124              		.thumb
 125              		.thumb_func
 126              		.type	US_40kHz_Wakeup, %function
 127              	US_40kHz_Wakeup:
 128              	.LFB3:
 156:Generated_Source\PSoC5/US_40kHz_PM.c **** }
 157:Generated_Source\PSoC5/US_40kHz_PM.c **** 
ARM GAS  C:\Users\Julien\AppData\Local\Temp\ccxFlpEG.s 			page 6


 158:Generated_Source\PSoC5/US_40kHz_PM.c **** 
 159:Generated_Source\PSoC5/US_40kHz_PM.c **** /*******************************************************************************
 160:Generated_Source\PSoC5/US_40kHz_PM.c **** * Function Name: US_40kHz_Wakeup
 161:Generated_Source\PSoC5/US_40kHz_PM.c **** ********************************************************************************
 162:Generated_Source\PSoC5/US_40kHz_PM.c **** *
 163:Generated_Source\PSoC5/US_40kHz_PM.c **** * Summary:
 164:Generated_Source\PSoC5/US_40kHz_PM.c **** *  Restores and enables the user configuration. Should be called just after
 165:Generated_Source\PSoC5/US_40kHz_PM.c **** *  awaking from sleep.
 166:Generated_Source\PSoC5/US_40kHz_PM.c **** *
 167:Generated_Source\PSoC5/US_40kHz_PM.c **** * Parameters:
 168:Generated_Source\PSoC5/US_40kHz_PM.c **** *  None
 169:Generated_Source\PSoC5/US_40kHz_PM.c **** *
 170:Generated_Source\PSoC5/US_40kHz_PM.c **** * Return:
 171:Generated_Source\PSoC5/US_40kHz_PM.c **** *  None
 172:Generated_Source\PSoC5/US_40kHz_PM.c **** *
 173:Generated_Source\PSoC5/US_40kHz_PM.c **** * Global variables:
 174:Generated_Source\PSoC5/US_40kHz_PM.c **** *  US_40kHz_backup.pwmEnable:  Is used to restore the enable state of
 175:Generated_Source\PSoC5/US_40kHz_PM.c **** *  block on wakeup from sleep mode.
 176:Generated_Source\PSoC5/US_40kHz_PM.c **** *
 177:Generated_Source\PSoC5/US_40kHz_PM.c **** *******************************************************************************/
 178:Generated_Source\PSoC5/US_40kHz_PM.c **** void US_40kHz_Wakeup(void) 
 179:Generated_Source\PSoC5/US_40kHz_PM.c **** {
 129              		.loc 1 179 0
 130              		.cfi_startproc
 131              		@ args = 0, pretend = 0, frame = 0
 132              		@ frame_needed = 0, uses_anonymous_args = 0
 133 0000 08B5     		push	{r3, lr}
 134              		.cfi_def_cfa_offset 8
 135              		.cfi_offset 3, -8
 136              		.cfi_offset 14, -4
 180:Generated_Source\PSoC5/US_40kHz_PM.c ****      /* Restore registers values */
 181:Generated_Source\PSoC5/US_40kHz_PM.c ****     US_40kHz_RestoreConfig();
 137              		.loc 1 181 0
 138 0002 FFF7FEFF 		bl	US_40kHz_RestoreConfig
 139              	.LVL6:
 182:Generated_Source\PSoC5/US_40kHz_PM.c **** 
 183:Generated_Source\PSoC5/US_40kHz_PM.c ****     if(US_40kHz_backup.PWMEnableState != 0u)
 140              		.loc 1 183 0
 141 0006 034B     		ldr	r3, .L14
 142 0008 1B78     		ldrb	r3, [r3]	@ zero_extendqisi2
 143 000a 0BB1     		cbz	r3, .L11
 184:Generated_Source\PSoC5/US_40kHz_PM.c ****     {
 185:Generated_Source\PSoC5/US_40kHz_PM.c ****         /* Enable component's operation */
 186:Generated_Source\PSoC5/US_40kHz_PM.c ****         US_40kHz_Enable();
 144              		.loc 1 186 0
 145 000c FFF7FEFF 		bl	US_40kHz_Enable
 146              	.LVL7:
 147              	.L11:
 148 0010 08BD     		pop	{r3, pc}
 149              	.L15:
 150 0012 00BF     		.align	2
 151              	.L14:
 152 0014 00000000 		.word	.LANCHOR0
 153              		.cfi_endproc
 154              	.LFE3:
 155              		.size	US_40kHz_Wakeup, .-US_40kHz_Wakeup
 156              		.bss
ARM GAS  C:\Users\Julien\AppData\Local\Temp\ccxFlpEG.s 			page 7


 157              		.align	2
 158              		.set	.LANCHOR0,. + 0
 159              		.type	US_40kHz_backup, %object
 160              		.size	US_40kHz_backup, 8
 161              	US_40kHz_backup:
 162 0000 00000000 		.space	8
 162      00000000 
 163              		.text
 164              	.Letext0:
 165              		.file 2 "Generated_Source\\PSoC5\\cytypes.h"
 166              		.file 3 "Generated_Source\\PSoC5\\US_40kHz.h"
 167              		.section	.debug_info,"",%progbits
 168              	.Ldebug_info0:
 169 0000 E8010000 		.4byte	0x1e8
 170 0004 0400     		.2byte	0x4
 171 0006 00000000 		.4byte	.Ldebug_abbrev0
 172 000a 04       		.byte	0x4
 173 000b 01       		.uleb128 0x1
 174 000c 3E010000 		.4byte	.LASF31
 175 0010 01       		.byte	0x1
 176 0011 46000000 		.4byte	.LASF32
 177 0015 F0010000 		.4byte	.LASF33
 178 0019 00000000 		.4byte	.Ldebug_ranges0+0
 179 001d 00000000 		.4byte	0
 180 0021 00000000 		.4byte	.Ldebug_line0
 181 0025 02       		.uleb128 0x2
 182 0026 01       		.byte	0x1
 183 0027 06       		.byte	0x6
 184 0028 B9020000 		.4byte	.LASF0
 185 002c 02       		.uleb128 0x2
 186 002d 01       		.byte	0x1
 187 002e 08       		.byte	0x8
 188 002f BB000000 		.4byte	.LASF1
 189 0033 02       		.uleb128 0x2
 190 0034 02       		.byte	0x2
 191 0035 05       		.byte	0x5
 192 0036 82020000 		.4byte	.LASF2
 193 003a 02       		.uleb128 0x2
 194 003b 02       		.byte	0x2
 195 003c 07       		.byte	0x7
 196 003d 80000000 		.4byte	.LASF3
 197 0041 02       		.uleb128 0x2
 198 0042 04       		.byte	0x4
 199 0043 05       		.byte	0x5
 200 0044 9B020000 		.4byte	.LASF4
 201 0048 02       		.uleb128 0x2
 202 0049 04       		.byte	0x4
 203 004a 07       		.byte	0x7
 204 004b D9000000 		.4byte	.LASF5
 205 004f 02       		.uleb128 0x2
 206 0050 08       		.byte	0x8
 207 0051 05       		.byte	0x5
 208 0052 5D020000 		.4byte	.LASF6
 209 0056 02       		.uleb128 0x2
 210 0057 08       		.byte	0x8
 211 0058 07       		.byte	0x7
 212 0059 D9010000 		.4byte	.LASF7
ARM GAS  C:\Users\Julien\AppData\Local\Temp\ccxFlpEG.s 			page 8


 213 005d 03       		.uleb128 0x3
 214 005e 04       		.byte	0x4
 215 005f 05       		.byte	0x5
 216 0060 696E7400 		.ascii	"int\000"
 217 0064 02       		.uleb128 0x2
 218 0065 04       		.byte	0x4
 219 0066 07       		.byte	0x7
 220 0067 CC010000 		.4byte	.LASF8
 221 006b 04       		.uleb128 0x4
 222 006c FF000000 		.4byte	.LASF9
 223 0070 02       		.byte	0x2
 224 0071 9201     		.2byte	0x192
 225 0073 2C000000 		.4byte	0x2c
 226 0077 04       		.uleb128 0x4
 227 0078 37010000 		.4byte	.LASF10
 228 007c 02       		.byte	0x2
 229 007d 9301     		.2byte	0x193
 230 007f 3A000000 		.4byte	0x3a
 231 0083 02       		.uleb128 0x2
 232 0084 04       		.byte	0x4
 233 0085 04       		.byte	0x4
 234 0086 B5000000 		.4byte	.LASF11
 235 008a 02       		.uleb128 0x2
 236 008b 08       		.byte	0x8
 237 008c 04       		.byte	0x4
 238 008d 1A010000 		.4byte	.LASF12
 239 0091 02       		.uleb128 0x2
 240 0092 01       		.byte	0x1
 241 0093 08       		.byte	0x8
 242 0094 A4020000 		.4byte	.LASF13
 243 0098 04       		.uleb128 0x4
 244 0099 4F020000 		.4byte	.LASF14
 245 009d 02       		.byte	0x2
 246 009e 3C02     		.2byte	0x23c
 247 00a0 A4000000 		.4byte	0xa4
 248 00a4 05       		.uleb128 0x5
 249 00a5 6B000000 		.4byte	0x6b
 250 00a9 02       		.uleb128 0x2
 251 00aa 04       		.byte	0x4
 252 00ab 07       		.byte	0x7
 253 00ac 54020000 		.4byte	.LASF15
 254 00b0 06       		.uleb128 0x6
 255 00b1 08       		.byte	0x8
 256 00b2 03       		.byte	0x3
 257 00b3 6B       		.byte	0x6b
 258 00b4 E9000000 		.4byte	0xe9
 259 00b8 07       		.uleb128 0x7
 260 00b9 8C020000 		.4byte	.LASF16
 261 00bd 03       		.byte	0x3
 262 00be 6E       		.byte	0x6e
 263 00bf 6B000000 		.4byte	0x6b
 264 00c3 00       		.byte	0
 265 00c4 07       		.uleb128 0x7
 266 00c5 0F000000 		.4byte	.LASF17
 267 00c9 03       		.byte	0x3
 268 00ca 71       		.byte	0x71
 269 00cb 77000000 		.4byte	0x77
ARM GAS  C:\Users\Julien\AppData\Local\Temp\ccxFlpEG.s 			page 9


 270 00cf 02       		.byte	0x2
 271 00d0 07       		.uleb128 0x7
 272 00d1 16000000 		.4byte	.LASF18
 273 00d5 03       		.byte	0x3
 274 00d6 73       		.byte	0x73
 275 00d7 77000000 		.4byte	0x77
 276 00db 04       		.byte	0x4
 277 00dc 07       		.uleb128 0x7
 278 00dd C5020000 		.4byte	.LASF19
 279 00e1 03       		.byte	0x3
 280 00e2 76       		.byte	0x76
 281 00e3 6B000000 		.4byte	0x6b
 282 00e7 06       		.byte	0x6
 283 00e8 00       		.byte	0
 284 00e9 08       		.uleb128 0x8
 285 00ea 21010000 		.4byte	.LASF20
 286 00ee 03       		.byte	0x3
 287 00ef 8B       		.byte	0x8b
 288 00f0 B0000000 		.4byte	0xb0
 289 00f4 09       		.uleb128 0x9
 290 00f5 93000000 		.4byte	.LASF21
 291 00f9 01       		.byte	0x1
 292 00fa 2A       		.byte	0x2a
 293 00fb 00000000 		.4byte	.LFB0
 294 00ff 20000000 		.4byte	.LFE0-.LFB0
 295 0103 01       		.uleb128 0x1
 296 0104 9C       		.byte	0x9c
 297 0105 1C010000 		.4byte	0x11c
 298 0109 0A       		.uleb128 0xa
 299 010a 06000000 		.4byte	.LVL0
 300 010e A5010000 		.4byte	0x1a5
 301 0112 0A       		.uleb128 0xa
 302 0113 0E000000 		.4byte	.LVL1
 303 0117 B0010000 		.4byte	0x1b0
 304 011b 00       		.byte	0
 305 011c 09       		.uleb128 0x9
 306 011d 6B020000 		.4byte	.LASF22
 307 0121 01       		.byte	0x1
 308 0122 58       		.byte	0x58
 309 0123 00000000 		.4byte	.LFB1
 310 0127 20000000 		.4byte	.LFE1-.LFB1
 311 012b 01       		.uleb128 0x1
 312 012c 9C       		.byte	0x9c
 313 012d 44010000 		.4byte	0x144
 314 0131 0A       		.uleb128 0xa
 315 0132 0A000000 		.4byte	.LVL2
 316 0136 BB010000 		.4byte	0x1bb
 317 013a 0A       		.uleb128 0xa
 318 013b 10000000 		.4byte	.LVL3
 319 013f CC010000 		.4byte	0x1cc
 320 0143 00       		.byte	0
 321 0144 09       		.uleb128 0x9
 322 0145 00000000 		.4byte	.LASF23
 323 0149 01       		.byte	0x1
 324 014a 88       		.byte	0x88
 325 014b 00000000 		.4byte	.LFB2
 326 014f 0C000000 		.4byte	.LFE2-.LFB2
ARM GAS  C:\Users\Julien\AppData\Local\Temp\ccxFlpEG.s 			page 10


 327 0153 01       		.uleb128 0x1
 328 0154 9C       		.byte	0x9c
 329 0155 6C010000 		.4byte	0x16c
 330 0159 0A       		.uleb128 0xa
 331 015a 06000000 		.4byte	.LVL4
 332 015e DD010000 		.4byte	0x1dd
 333 0162 0A       		.uleb128 0xa
 334 0163 0A000000 		.4byte	.LVL5
 335 0167 F4000000 		.4byte	0xf4
 336 016b 00       		.byte	0
 337 016c 09       		.uleb128 0x9
 338 016d A9020000 		.4byte	.LASF24
 339 0171 01       		.byte	0x1
 340 0172 B2       		.byte	0xb2
 341 0173 00000000 		.4byte	.LFB3
 342 0177 18000000 		.4byte	.LFE3-.LFB3
 343 017b 01       		.uleb128 0x1
 344 017c 9C       		.byte	0x9c
 345 017d 94010000 		.4byte	0x194
 346 0181 0A       		.uleb128 0xa
 347 0182 06000000 		.4byte	.LVL6
 348 0186 1C010000 		.4byte	0x11c
 349 018a 0A       		.uleb128 0xa
 350 018b 10000000 		.4byte	.LVL7
 351 018f E4010000 		.4byte	0x1e4
 352 0193 00       		.byte	0
 353 0194 0B       		.uleb128 0xb
 354 0195 36000000 		.4byte	.LASF34
 355 0199 01       		.byte	0x1
 356 019a 14       		.byte	0x14
 357 019b E9000000 		.4byte	0xe9
 358 019f 05       		.uleb128 0x5
 359 01a0 03       		.byte	0x3
 360 01a1 00000000 		.4byte	US_40kHz_backup
 361 01a5 0C       		.uleb128 0xc
 362 01a6 EB000000 		.4byte	.LASF25
 363 01aa 03       		.byte	0x3
 364 01ab C0       		.byte	0xc0
 365 01ac 77000000 		.4byte	0x77
 366 01b0 0C       		.uleb128 0xc
 367 01b1 6B000000 		.4byte	.LASF26
 368 01b5 03       		.byte	0x3
 369 01b6 B3       		.byte	0xb3
 370 01b7 77000000 		.4byte	0x77
 371 01bb 0D       		.uleb128 0xd
 372 01bc 05010000 		.4byte	.LASF27
 373 01c0 03       		.byte	0x3
 374 01c1 BE       		.byte	0xbe
 375 01c2 CC010000 		.4byte	0x1cc
 376 01c6 0E       		.uleb128 0xe
 377 01c7 77000000 		.4byte	0x77
 378 01cb 00       		.byte	0
 379 01cc 0D       		.uleb128 0xd
 380 01cd 20000000 		.4byte	.LASF28
 381 01d1 03       		.byte	0x3
 382 01d2 BA       		.byte	0xba
 383 01d3 DD010000 		.4byte	0x1dd
ARM GAS  C:\Users\Julien\AppData\Local\Temp\ccxFlpEG.s 			page 11


 384 01d7 0E       		.uleb128 0xe
 385 01d8 77000000 		.4byte	0x77
 386 01dc 00       		.byte	0
 387 01dd 0F       		.uleb128 0xf
 388 01de A7000000 		.4byte	.LASF29
 389 01e2 03       		.byte	0x3
 390 01e3 93       		.byte	0x93
 391 01e4 0F       		.uleb128 0xf
 392 01e5 C9000000 		.4byte	.LASF30
 393 01e9 03       		.byte	0x3
 394 01ea DB       		.byte	0xdb
 395 01eb 00       		.byte	0
 396              		.section	.debug_abbrev,"",%progbits
 397              	.Ldebug_abbrev0:
 398 0000 01       		.uleb128 0x1
 399 0001 11       		.uleb128 0x11
 400 0002 01       		.byte	0x1
 401 0003 25       		.uleb128 0x25
 402 0004 0E       		.uleb128 0xe
 403 0005 13       		.uleb128 0x13
 404 0006 0B       		.uleb128 0xb
 405 0007 03       		.uleb128 0x3
 406 0008 0E       		.uleb128 0xe
 407 0009 1B       		.uleb128 0x1b
 408 000a 0E       		.uleb128 0xe
 409 000b 55       		.uleb128 0x55
 410 000c 17       		.uleb128 0x17
 411 000d 11       		.uleb128 0x11
 412 000e 01       		.uleb128 0x1
 413 000f 10       		.uleb128 0x10
 414 0010 17       		.uleb128 0x17
 415 0011 00       		.byte	0
 416 0012 00       		.byte	0
 417 0013 02       		.uleb128 0x2
 418 0014 24       		.uleb128 0x24
 419 0015 00       		.byte	0
 420 0016 0B       		.uleb128 0xb
 421 0017 0B       		.uleb128 0xb
 422 0018 3E       		.uleb128 0x3e
 423 0019 0B       		.uleb128 0xb
 424 001a 03       		.uleb128 0x3
 425 001b 0E       		.uleb128 0xe
 426 001c 00       		.byte	0
 427 001d 00       		.byte	0
 428 001e 03       		.uleb128 0x3
 429 001f 24       		.uleb128 0x24
 430 0020 00       		.byte	0
 431 0021 0B       		.uleb128 0xb
 432 0022 0B       		.uleb128 0xb
 433 0023 3E       		.uleb128 0x3e
 434 0024 0B       		.uleb128 0xb
 435 0025 03       		.uleb128 0x3
 436 0026 08       		.uleb128 0x8
 437 0027 00       		.byte	0
 438 0028 00       		.byte	0
 439 0029 04       		.uleb128 0x4
 440 002a 16       		.uleb128 0x16
ARM GAS  C:\Users\Julien\AppData\Local\Temp\ccxFlpEG.s 			page 12


 441 002b 00       		.byte	0
 442 002c 03       		.uleb128 0x3
 443 002d 0E       		.uleb128 0xe
 444 002e 3A       		.uleb128 0x3a
 445 002f 0B       		.uleb128 0xb
 446 0030 3B       		.uleb128 0x3b
 447 0031 05       		.uleb128 0x5
 448 0032 49       		.uleb128 0x49
 449 0033 13       		.uleb128 0x13
 450 0034 00       		.byte	0
 451 0035 00       		.byte	0
 452 0036 05       		.uleb128 0x5
 453 0037 35       		.uleb128 0x35
 454 0038 00       		.byte	0
 455 0039 49       		.uleb128 0x49
 456 003a 13       		.uleb128 0x13
 457 003b 00       		.byte	0
 458 003c 00       		.byte	0
 459 003d 06       		.uleb128 0x6
 460 003e 13       		.uleb128 0x13
 461 003f 01       		.byte	0x1
 462 0040 0B       		.uleb128 0xb
 463 0041 0B       		.uleb128 0xb
 464 0042 3A       		.uleb128 0x3a
 465 0043 0B       		.uleb128 0xb
 466 0044 3B       		.uleb128 0x3b
 467 0045 0B       		.uleb128 0xb
 468 0046 01       		.uleb128 0x1
 469 0047 13       		.uleb128 0x13
 470 0048 00       		.byte	0
 471 0049 00       		.byte	0
 472 004a 07       		.uleb128 0x7
 473 004b 0D       		.uleb128 0xd
 474 004c 00       		.byte	0
 475 004d 03       		.uleb128 0x3
 476 004e 0E       		.uleb128 0xe
 477 004f 3A       		.uleb128 0x3a
 478 0050 0B       		.uleb128 0xb
 479 0051 3B       		.uleb128 0x3b
 480 0052 0B       		.uleb128 0xb
 481 0053 49       		.uleb128 0x49
 482 0054 13       		.uleb128 0x13
 483 0055 38       		.uleb128 0x38
 484 0056 0B       		.uleb128 0xb
 485 0057 00       		.byte	0
 486 0058 00       		.byte	0
 487 0059 08       		.uleb128 0x8
 488 005a 16       		.uleb128 0x16
 489 005b 00       		.byte	0
 490 005c 03       		.uleb128 0x3
 491 005d 0E       		.uleb128 0xe
 492 005e 3A       		.uleb128 0x3a
 493 005f 0B       		.uleb128 0xb
 494 0060 3B       		.uleb128 0x3b
 495 0061 0B       		.uleb128 0xb
 496 0062 49       		.uleb128 0x49
 497 0063 13       		.uleb128 0x13
ARM GAS  C:\Users\Julien\AppData\Local\Temp\ccxFlpEG.s 			page 13


 498 0064 00       		.byte	0
 499 0065 00       		.byte	0
 500 0066 09       		.uleb128 0x9
 501 0067 2E       		.uleb128 0x2e
 502 0068 01       		.byte	0x1
 503 0069 3F       		.uleb128 0x3f
 504 006a 19       		.uleb128 0x19
 505 006b 03       		.uleb128 0x3
 506 006c 0E       		.uleb128 0xe
 507 006d 3A       		.uleb128 0x3a
 508 006e 0B       		.uleb128 0xb
 509 006f 3B       		.uleb128 0x3b
 510 0070 0B       		.uleb128 0xb
 511 0071 27       		.uleb128 0x27
 512 0072 19       		.uleb128 0x19
 513 0073 11       		.uleb128 0x11
 514 0074 01       		.uleb128 0x1
 515 0075 12       		.uleb128 0x12
 516 0076 06       		.uleb128 0x6
 517 0077 40       		.uleb128 0x40
 518 0078 18       		.uleb128 0x18
 519 0079 9742     		.uleb128 0x2117
 520 007b 19       		.uleb128 0x19
 521 007c 01       		.uleb128 0x1
 522 007d 13       		.uleb128 0x13
 523 007e 00       		.byte	0
 524 007f 00       		.byte	0
 525 0080 0A       		.uleb128 0xa
 526 0081 898201   		.uleb128 0x4109
 527 0084 00       		.byte	0
 528 0085 11       		.uleb128 0x11
 529 0086 01       		.uleb128 0x1
 530 0087 31       		.uleb128 0x31
 531 0088 13       		.uleb128 0x13
 532 0089 00       		.byte	0
 533 008a 00       		.byte	0
 534 008b 0B       		.uleb128 0xb
 535 008c 34       		.uleb128 0x34
 536 008d 00       		.byte	0
 537 008e 03       		.uleb128 0x3
 538 008f 0E       		.uleb128 0xe
 539 0090 3A       		.uleb128 0x3a
 540 0091 0B       		.uleb128 0xb
 541 0092 3B       		.uleb128 0x3b
 542 0093 0B       		.uleb128 0xb
 543 0094 49       		.uleb128 0x49
 544 0095 13       		.uleb128 0x13
 545 0096 02       		.uleb128 0x2
 546 0097 18       		.uleb128 0x18
 547 0098 00       		.byte	0
 548 0099 00       		.byte	0
 549 009a 0C       		.uleb128 0xc
 550 009b 2E       		.uleb128 0x2e
 551 009c 00       		.byte	0
 552 009d 3F       		.uleb128 0x3f
 553 009e 19       		.uleb128 0x19
 554 009f 03       		.uleb128 0x3
ARM GAS  C:\Users\Julien\AppData\Local\Temp\ccxFlpEG.s 			page 14


 555 00a0 0E       		.uleb128 0xe
 556 00a1 3A       		.uleb128 0x3a
 557 00a2 0B       		.uleb128 0xb
 558 00a3 3B       		.uleb128 0x3b
 559 00a4 0B       		.uleb128 0xb
 560 00a5 27       		.uleb128 0x27
 561 00a6 19       		.uleb128 0x19
 562 00a7 49       		.uleb128 0x49
 563 00a8 13       		.uleb128 0x13
 564 00a9 3C       		.uleb128 0x3c
 565 00aa 19       		.uleb128 0x19
 566 00ab 00       		.byte	0
 567 00ac 00       		.byte	0
 568 00ad 0D       		.uleb128 0xd
 569 00ae 2E       		.uleb128 0x2e
 570 00af 01       		.byte	0x1
 571 00b0 3F       		.uleb128 0x3f
 572 00b1 19       		.uleb128 0x19
 573 00b2 03       		.uleb128 0x3
 574 00b3 0E       		.uleb128 0xe
 575 00b4 3A       		.uleb128 0x3a
 576 00b5 0B       		.uleb128 0xb
 577 00b6 3B       		.uleb128 0x3b
 578 00b7 0B       		.uleb128 0xb
 579 00b8 27       		.uleb128 0x27
 580 00b9 19       		.uleb128 0x19
 581 00ba 3C       		.uleb128 0x3c
 582 00bb 19       		.uleb128 0x19
 583 00bc 01       		.uleb128 0x1
 584 00bd 13       		.uleb128 0x13
 585 00be 00       		.byte	0
 586 00bf 00       		.byte	0
 587 00c0 0E       		.uleb128 0xe
 588 00c1 05       		.uleb128 0x5
 589 00c2 00       		.byte	0
 590 00c3 49       		.uleb128 0x49
 591 00c4 13       		.uleb128 0x13
 592 00c5 00       		.byte	0
 593 00c6 00       		.byte	0
 594 00c7 0F       		.uleb128 0xf
 595 00c8 2E       		.uleb128 0x2e
 596 00c9 00       		.byte	0
 597 00ca 3F       		.uleb128 0x3f
 598 00cb 19       		.uleb128 0x19
 599 00cc 03       		.uleb128 0x3
 600 00cd 0E       		.uleb128 0xe
 601 00ce 3A       		.uleb128 0x3a
 602 00cf 0B       		.uleb128 0xb
 603 00d0 3B       		.uleb128 0x3b
 604 00d1 0B       		.uleb128 0xb
 605 00d2 27       		.uleb128 0x27
 606 00d3 19       		.uleb128 0x19
 607 00d4 3C       		.uleb128 0x3c
 608 00d5 19       		.uleb128 0x19
 609 00d6 00       		.byte	0
 610 00d7 00       		.byte	0
 611 00d8 00       		.byte	0
ARM GAS  C:\Users\Julien\AppData\Local\Temp\ccxFlpEG.s 			page 15


 612              		.section	.debug_aranges,"",%progbits
 613 0000 34000000 		.4byte	0x34
 614 0004 0200     		.2byte	0x2
 615 0006 00000000 		.4byte	.Ldebug_info0
 616 000a 04       		.byte	0x4
 617 000b 00       		.byte	0
 618 000c 0000     		.2byte	0
 619 000e 0000     		.2byte	0
 620 0010 00000000 		.4byte	.LFB0
 621 0014 20000000 		.4byte	.LFE0-.LFB0
 622 0018 00000000 		.4byte	.LFB1
 623 001c 20000000 		.4byte	.LFE1-.LFB1
 624 0020 00000000 		.4byte	.LFB2
 625 0024 0C000000 		.4byte	.LFE2-.LFB2
 626 0028 00000000 		.4byte	.LFB3
 627 002c 18000000 		.4byte	.LFE3-.LFB3
 628 0030 00000000 		.4byte	0
 629 0034 00000000 		.4byte	0
 630              		.section	.debug_ranges,"",%progbits
 631              	.Ldebug_ranges0:
 632 0000 00000000 		.4byte	.LFB0
 633 0004 20000000 		.4byte	.LFE0
 634 0008 00000000 		.4byte	.LFB1
 635 000c 20000000 		.4byte	.LFE1
 636 0010 00000000 		.4byte	.LFB2
 637 0014 0C000000 		.4byte	.LFE2
 638 0018 00000000 		.4byte	.LFB3
 639 001c 18000000 		.4byte	.LFE3
 640 0020 00000000 		.4byte	0
 641 0024 00000000 		.4byte	0
 642              		.section	.debug_line,"",%progbits
 643              	.Ldebug_line0:
 644 0000 A8000000 		.section	.debug_str,"MS",%progbits,1
 644      02005600 
 644      00000201 
 644      FB0E0D00 
 644      01010101 
 645              	.LASF23:
 646 0000 55535F34 		.ascii	"US_40kHz_Sleep\000"
 646      306B487A 
 646      5F536C65 
 646      657000
 647              	.LASF17:
 648 000f 50574D55 		.ascii	"PWMUdb\000"
 648      646200
 649              	.LASF18:
 650 0016 50574D50 		.ascii	"PWMPeriod\000"
 650      6572696F 
 650      6400
 651              	.LASF28:
 652 0020 55535F34 		.ascii	"US_40kHz_WriteCounter\000"
 652      306B487A 
 652      5F577269 
 652      7465436F 
 652      756E7465 
 653              	.LASF34:
 654 0036 55535F34 		.ascii	"US_40kHz_backup\000"
ARM GAS  C:\Users\Julien\AppData\Local\Temp\ccxFlpEG.s 			page 16


 654      306B487A 
 654      5F626163 
 654      6B757000 
 655              	.LASF32:
 656 0046 47656E65 		.ascii	"Generated_Source\\PSoC5\\US_40kHz_PM.c\000"
 656      72617465 
 656      645F536F 
 656      75726365 
 656      5C50536F 
 657              	.LASF26:
 658 006b 55535F34 		.ascii	"US_40kHz_ReadCounter\000"
 658      306B487A 
 658      5F526561 
 658      64436F75 
 658      6E746572 
 659              	.LASF3:
 660 0080 73686F72 		.ascii	"short unsigned int\000"
 660      7420756E 
 660      7369676E 
 660      65642069 
 660      6E7400
 661              	.LASF21:
 662 0093 55535F34 		.ascii	"US_40kHz_SaveConfig\000"
 662      306B487A 
 662      5F536176 
 662      65436F6E 
 662      66696700 
 663              	.LASF29:
 664 00a7 55535F34 		.ascii	"US_40kHz_Stop\000"
 664      306B487A 
 664      5F53746F 
 664      7000
 665              	.LASF11:
 666 00b5 666C6F61 		.ascii	"float\000"
 666      7400
 667              	.LASF1:
 668 00bb 756E7369 		.ascii	"unsigned char\000"
 668      676E6564 
 668      20636861 
 668      7200
 669              	.LASF30:
 670 00c9 55535F34 		.ascii	"US_40kHz_Enable\000"
 670      306B487A 
 670      5F456E61 
 670      626C6500 
 671              	.LASF5:
 672 00d9 6C6F6E67 		.ascii	"long unsigned int\000"
 672      20756E73 
 672      69676E65 
 672      6420696E 
 672      7400
 673              	.LASF25:
 674 00eb 55535F34 		.ascii	"US_40kHz_ReadPeriod\000"
 674      306B487A 
 674      5F526561 
 674      64506572 
 674      696F6400 
ARM GAS  C:\Users\Julien\AppData\Local\Temp\ccxFlpEG.s 			page 17


 675              	.LASF9:
 676 00ff 75696E74 		.ascii	"uint8\000"
 676      3800
 677              	.LASF27:
 678 0105 55535F34 		.ascii	"US_40kHz_WritePeriod\000"
 678      306B487A 
 678      5F577269 
 678      74655065 
 678      72696F64 
 679              	.LASF12:
 680 011a 646F7562 		.ascii	"double\000"
 680      6C6500
 681              	.LASF20:
 682 0121 55535F34 		.ascii	"US_40kHz_backupStruct\000"
 682      306B487A 
 682      5F626163 
 682      6B757053 
 682      74727563 
 683              	.LASF10:
 684 0137 75696E74 		.ascii	"uint16\000"
 684      313600
 685              	.LASF31:
 686 013e 474E5520 		.ascii	"GNU C 4.9.3 20150303 (release) [ARM/embedded-4_9-br"
 686      4320342E 
 686      392E3320 
 686      32303135 
 686      30333033 
 687 0171 616E6368 		.ascii	"anch revision 221220] -mcpu=cortex-m3 -mthumb -g -O"
 687      20726576 
 687      6973696F 
 687      6E203232 
 687      31323230 
 688 01a4 67202D66 		.ascii	"g -ffunction-sections -ffat-lto-objects\000"
 688      66756E63 
 688      74696F6E 
 688      2D736563 
 688      74696F6E 
 689              	.LASF8:
 690 01cc 756E7369 		.ascii	"unsigned int\000"
 690      676E6564 
 690      20696E74 
 690      00
 691              	.LASF7:
 692 01d9 6C6F6E67 		.ascii	"long long unsigned int\000"
 692      206C6F6E 
 692      6720756E 
 692      7369676E 
 692      65642069 
 693              	.LASF33:
 694 01f0 433A5C55 		.ascii	"C:\\Users\\Julien\\Documents\\INSA\\5A\\BE_systemes"
 694      73657273 
 694      5C4A756C 
 694      69656E5C 
 694      446F6375 
 695 021d 5F656D62 		.ascii	"_embarques\\BE_systemes_embarques\\capteur_us.cydsn"
 695      61727175 
 695      65735C42 
ARM GAS  C:\Users\Julien\AppData\Local\Temp\ccxFlpEG.s 			page 18


 695      455F7379 
 695      7374656D 
 696 024e 00       		.ascii	"\000"
 697              	.LASF14:
 698 024f 72656738 		.ascii	"reg8\000"
 698      00
 699              	.LASF15:
 700 0254 73697A65 		.ascii	"sizetype\000"
 700      74797065 
 700      00
 701              	.LASF6:
 702 025d 6C6F6E67 		.ascii	"long long int\000"
 702      206C6F6E 
 702      6720696E 
 702      7400
 703              	.LASF22:
 704 026b 55535F34 		.ascii	"US_40kHz_RestoreConfig\000"
 704      306B487A 
 704      5F526573 
 704      746F7265 
 704      436F6E66 
 705              	.LASF2:
 706 0282 73686F72 		.ascii	"short int\000"
 706      7420696E 
 706      7400
 707              	.LASF16:
 708 028c 50574D45 		.ascii	"PWMEnableState\000"
 708      6E61626C 
 708      65537461 
 708      746500
 709              	.LASF4:
 710 029b 6C6F6E67 		.ascii	"long int\000"
 710      20696E74 
 710      00
 711              	.LASF13:
 712 02a4 63686172 		.ascii	"char\000"
 712      00
 713              	.LASF24:
 714 02a9 55535F34 		.ascii	"US_40kHz_Wakeup\000"
 714      306B487A 
 714      5F57616B 
 714      65757000 
 715              	.LASF0:
 716 02b9 7369676E 		.ascii	"signed char\000"
 716      65642063 
 716      68617200 
 717              	.LASF19:
 718 02c5 496E7465 		.ascii	"InterruptMaskValue\000"
 718      72727570 
 718      744D6173 
 718      6B56616C 
 718      756500
 719              		.ident	"GCC: (GNU Tools for ARM Embedded Processors) 4.9.3 20150303 (release) [ARM/embedded-4_9-br
