Archive member included because of file (symbol)

.\CortexM3\ARM_GCC_493\Debug\Counter_exemple.a(cyfitter_cfg.o)
                              .\CortexM3\ARM_GCC_493\Debug\Cm3Start.o (cyfitter_cfg)
.\CortexM3\ARM_GCC_493\Debug\Counter_exemple.a(Counter_1.o)
                              .\CortexM3\ARM_GCC_493\Debug\main.o (Counter_1_Start)
.\CortexM3\ARM_GCC_493\Debug\Counter_exemple.a(CharLCD_1.o)
                              .\CortexM3\ARM_GCC_493\Debug\main.o (CharLCD_1_WriteControl)
.\CortexM3\ARM_GCC_493\Debug\Counter_exemple.a(CharLCD_1_CustChars.o)
                              .\CortexM3\ARM_GCC_493\Debug\Counter_exemple.a(CharLCD_1.o) (CharLCD_1_customFonts)
.\CortexM3\ARM_GCC_493\Debug\Counter_exemple.a(CounterISR.o)
                              .\CortexM3\ARM_GCC_493\Debug\main.o (CounterISR_StartEx)
.\CortexM3\ARM_GCC_493\Debug\Counter_exemple.a(CyLib.o)
                              .\CortexM3\ARM_GCC_493\Debug\Cm3Start.o (CyResetStatus)
.\CortexM3\ARM_GCC_493\Debug\Counter_exemple.a(cyPm.o)
                              .\CortexM3\ARM_GCC_493\Debug\Counter_exemple.a(CyLib.o) (CyPmReadStatus)
.\CortexM3\ARM_GCC_493\Debug\Counter_exemple.a(CyBootAsmGnu.o)
                              .\CortexM3\ARM_GCC_493\Debug\Counter_exemple.a(cyfitter_cfg.o) (CyDelayCycles)
.\CortexM3\ARM_GCC_493\Debug\Counter_exemple.a(CyFlash.o)
                              .\CortexM3\ARM_GCC_493\Debug\Counter_exemple.a(cyPm.o) (CyFlash_SetWaitCycles)
.\CortexM3\ARM_GCC_493\Debug\Counter_exemple.a(CySpc.o)
                              .\CortexM3\ARM_GCC_493\Debug\Counter_exemple.a(CyFlash.o) (CySpcStart)
c:/program files (x86)/cypress/psoc creator/4.0/psoc creator/import/gnu/arm/4.9.3/bin/../lib/gcc/arm-none-eabi/4.9.3/../../../../arm-none-eabi/lib/armv7-m\libg_nano.a(lib_a-errno.o)
                              .\CortexM3\ARM_GCC_493\Debug\Cm3Start.o (__errno)
c:/program files (x86)/cypress/psoc creator/4.0/psoc creator/import/gnu/arm/4.9.3/bin/../lib/gcc/arm-none-eabi/4.9.3/../../../../arm-none-eabi/lib/armv7-m\libg_nano.a(lib_a-exit.o)
                              c:/program files (x86)/cypress/psoc creator/4.0/psoc creator/import/gnu/arm/4.9.3/bin/../lib/gcc/arm-none-eabi/4.9.3/../../../../arm-none-eabi/lib/armv7-m/crt0.o (exit)
c:/program files (x86)/cypress/psoc creator/4.0/psoc creator/import/gnu/arm/4.9.3/bin/../lib/gcc/arm-none-eabi/4.9.3/../../../../arm-none-eabi/lib/armv7-m\libg_nano.a(lib_a-impure.o)
                              c:/program files (x86)/cypress/psoc creator/4.0/psoc creator/import/gnu/arm/4.9.3/bin/../lib/gcc/arm-none-eabi/4.9.3/../../../../arm-none-eabi/lib/armv7-m\libg_nano.a(lib_a-exit.o) (_global_impure_ptr)
c:/program files (x86)/cypress/psoc creator/4.0/psoc creator/import/gnu/arm/4.9.3/bin/../lib/gcc/arm-none-eabi/4.9.3/../../../../arm-none-eabi/lib/armv7-m\libg_nano.a(lib_a-init.o)
                              c:/program files (x86)/cypress/psoc creator/4.0/psoc creator/import/gnu/arm/4.9.3/bin/../lib/gcc/arm-none-eabi/4.9.3/../../../../arm-none-eabi/lib/armv7-m/crt0.o (__libc_init_array)
c:/program files (x86)/cypress/psoc creator/4.0/psoc creator/import/gnu/arm/4.9.3/bin/../lib/gcc/arm-none-eabi/4.9.3/../../../../arm-none-eabi/lib/armv7-m\libg_nano.a(lib_a-memcpy.o)
                              .\CortexM3\ARM_GCC_493\Debug\Counter_exemple.a(cyfitter_cfg.o) (memcpy)
c:/program files (x86)/cypress/psoc creator/4.0/psoc creator/import/gnu/arm/4.9.3/bin/../lib/gcc/arm-none-eabi/4.9.3/../../../../arm-none-eabi/lib/armv7-m\libg_nano.a(lib_a-memset.o)
                              c:/program files (x86)/cypress/psoc creator/4.0/psoc creator/import/gnu/arm/4.9.3/bin/../lib/gcc/arm-none-eabi/4.9.3/../../../../arm-none-eabi/lib/armv7-m/crt0.o (memset)

Allocating common symbols
Common symbol       size              file

interruptCnt        0x1               .\CortexM3\ARM_GCC_493\Debug\main.o
dieTemperature      0x2               .\CortexM3\ARM_GCC_493\Debug\Counter_exemple.a(CyFlash.o)

Discarded input sections

 .text          0x00000000        0x0 c:/program files (x86)/cypress/psoc creator/4.0/psoc creator/import/gnu/arm/4.9.3/bin/../lib/gcc/arm-none-eabi/4.9.3/armv7-m/crti.o
 .data          0x00000000        0x0 c:/program files (x86)/cypress/psoc creator/4.0/psoc creator/import/gnu/arm/4.9.3/bin/../lib/gcc/arm-none-eabi/4.9.3/armv7-m/crti.o
 .bss           0x00000000        0x0 c:/program files (x86)/cypress/psoc creator/4.0/psoc creator/import/gnu/arm/4.9.3/bin/../lib/gcc/arm-none-eabi/4.9.3/armv7-m/crti.o
 .data          0x00000000        0x4 c:/program files (x86)/cypress/psoc creator/4.0/psoc creator/import/gnu/arm/4.9.3/bin/../lib/gcc/arm-none-eabi/4.9.3/armv7-m/crtbegin.o
 .text          0x00000000       0x74 c:/program files (x86)/cypress/psoc creator/4.0/psoc creator/import/gnu/arm/4.9.3/bin/../lib/gcc/arm-none-eabi/4.9.3/../../../../arm-none-eabi/lib/armv7-m/crt0.o
 .data          0x00000000        0x0 c:/program files (x86)/cypress/psoc creator/4.0/psoc creator/import/gnu/arm/4.9.3/bin/../lib/gcc/arm-none-eabi/4.9.3/../../../../arm-none-eabi/lib/armv7-m/crt0.o
 .bss           0x00000000        0x0 c:/program files (x86)/cypress/psoc creator/4.0/psoc creator/import/gnu/arm/4.9.3/bin/../lib/gcc/arm-none-eabi/4.9.3/../../../../arm-none-eabi/lib/armv7-m/crt0.o
 .ARM.extab     0x00000000        0x0 c:/program files (x86)/cypress/psoc creator/4.0/psoc creator/import/gnu/arm/4.9.3/bin/../lib/gcc/arm-none-eabi/4.9.3/../../../../arm-none-eabi/lib/armv7-m/crt0.o
 .ARM.exidx     0x00000000        0x8 c:/program files (x86)/cypress/psoc creator/4.0/psoc creator/import/gnu/arm/4.9.3/bin/../lib/gcc/arm-none-eabi/4.9.3/../../../../arm-none-eabi/lib/armv7-m/crt0.o
 .text          0x00000000        0x0 .\CortexM3\ARM_GCC_493\Debug\main.o
 .data          0x00000000        0x0 .\CortexM3\ARM_GCC_493\Debug\main.o
 .bss           0x00000000        0x0 .\CortexM3\ARM_GCC_493\Debug\main.o
 .text          0x00000000        0x0 .\CortexM3\ARM_GCC_493\Debug\cymetadata.o
 .data          0x00000000        0x0 .\CortexM3\ARM_GCC_493\Debug\cymetadata.o
 .bss           0x00000000        0x0 .\CortexM3\ARM_GCC_493\Debug\cymetadata.o
 .text          0x00000000        0x0 .\CortexM3\ARM_GCC_493\Debug\Cm3Start.o
 .data          0x00000000        0x4 .\CortexM3\ARM_GCC_493\Debug\Cm3Start.o
 .bss           0x00000000        0x0 .\CortexM3\ARM_GCC_493\Debug\Cm3Start.o
 .text._exit    0x00000000       0x14 .\CortexM3\ARM_GCC_493\Debug\Cm3Start.o
 .text._sbrk    0x00000000       0x50 .\CortexM3\ARM_GCC_493\Debug\Cm3Start.o
 .text          0x00000000        0x0 .\CortexM3\ARM_GCC_493\Debug\Counter_exemple.a(cyfitter_cfg.o)
 .data          0x00000000        0x0 .\CortexM3\ARM_GCC_493\Debug\Counter_exemple.a(cyfitter_cfg.o)
 .text.CYMEMZERO
                0x00000000       0x1c .\CortexM3\ARM_GCC_493\Debug\Counter_exemple.a(cyfitter_cfg.o)
 .text.CYCONFIGCPYCODE
                0x00000000       0x1c .\CortexM3\ARM_GCC_493\Debug\Counter_exemple.a(cyfitter_cfg.o)
 .text.SetAnalogRoutingPumps
                0x00000000       0x28 .\CortexM3\ARM_GCC_493\Debug\Counter_exemple.a(cyfitter_cfg.o)
 .text          0x00000000        0x0 .\CortexM3\ARM_GCC_493\Debug\Counter_exemple.a(Counter_1.o)
 .data          0x00000000        0x0 .\CortexM3\ARM_GCC_493\Debug\Counter_exemple.a(Counter_1.o)
 .text.Counter_1_Stop
                0x00000000       0x20 .\CortexM3\ARM_GCC_493\Debug\Counter_exemple.a(Counter_1.o)
 .text.Counter_1_ReadControlRegister
                0x00000000       0x18 .\CortexM3\ARM_GCC_493\Debug\Counter_exemple.a(Counter_1.o)
 .text.Counter_1_WriteControlRegister
                0x00000000       0x20 .\CortexM3\ARM_GCC_493\Debug\Counter_exemple.a(Counter_1.o)
 .text          0x00000000        0x0 .\CortexM3\ARM_GCC_493\Debug\Counter_exemple.a(CharLCD_1.o)
 .data          0x00000000        0x0 .\CortexM3\ARM_GCC_493\Debug\Counter_exemple.a(CharLCD_1.o)
 .text.CharLCD_1_Stop
                0x00000000       0x18 .\CortexM3\ARM_GCC_493\Debug\Counter_exemple.a(CharLCD_1.o)
 .text.CharLCD_1_PrintInt16
                0x00000000       0x28 .\CortexM3\ARM_GCC_493\Debug\Counter_exemple.a(CharLCD_1.o)
 .text.CharLCD_1_PrintInt32
                0x00000000       0x30 .\CortexM3\ARM_GCC_493\Debug\Counter_exemple.a(CharLCD_1.o)
 .text.CharLCD_1_PrintU32Number
                0x00000000       0xa4 .\CortexM3\ARM_GCC_493\Debug\Counter_exemple.a(CharLCD_1.o)
 .text          0x00000000        0x0 .\CortexM3\ARM_GCC_493\Debug\Counter_exemple.a(CharLCD_1_CustChars.o)
 .data          0x00000000        0x0 .\CortexM3\ARM_GCC_493\Debug\Counter_exemple.a(CharLCD_1_CustChars.o)
 .bss           0x00000000        0x0 .\CortexM3\ARM_GCC_493\Debug\Counter_exemple.a(CharLCD_1_CustChars.o)
 .text          0x00000000        0x0 .\CortexM3\ARM_GCC_493\Debug\Counter_exemple.a(CounterISR.o)
 .data          0x00000000        0x0 .\CortexM3\ARM_GCC_493\Debug\Counter_exemple.a(CounterISR.o)
 .bss           0x00000000        0x0 .\CortexM3\ARM_GCC_493\Debug\Counter_exemple.a(CounterISR.o)
 .text.CounterISR_Start
                0x00000000       0x20 .\CortexM3\ARM_GCC_493\Debug\Counter_exemple.a(CounterISR.o)
 .text.CounterISR_Stop
                0x00000000       0x14 .\CortexM3\ARM_GCC_493\Debug\Counter_exemple.a(CounterISR.o)
 .text.CounterISR_Interrupt
                0x00000000        0xc .\CortexM3\ARM_GCC_493\Debug\Counter_exemple.a(CounterISR.o)
 .text.CounterISR_GetVector
                0x00000000       0x20 .\CortexM3\ARM_GCC_493\Debug\Counter_exemple.a(CounterISR.o)
 .text.CounterISR_GetPriority
                0x00000000       0x24 .\CortexM3\ARM_GCC_493\Debug\Counter_exemple.a(CounterISR.o)
 .text.CounterISR_GetState
                0x00000000       0x20 .\CortexM3\ARM_GCC_493\Debug\Counter_exemple.a(CounterISR.o)
 .text.CounterISR_SetPending
                0x00000000       0x18 .\CortexM3\ARM_GCC_493\Debug\Counter_exemple.a(CounterISR.o)
 .text.CounterISR_ClearPending
                0x00000000       0x18 .\CortexM3\ARM_GCC_493\Debug\Counter_exemple.a(CounterISR.o)
 .text          0x00000000        0x0 .\CortexM3\ARM_GCC_493\Debug\Counter_exemple.a(CyLib.o)
 .bss           0x00000000       0x1c .\CortexM3\ARM_GCC_493\Debug\Counter_exemple.a(CyLib.o)
 .text.CyPLL_OUT_Start
                0x00000000       0xb0 .\CortexM3\ARM_GCC_493\Debug\Counter_exemple.a(CyLib.o)
 .text.CyPLL_OUT_Stop
                0x00000000       0x20 .\CortexM3\ARM_GCC_493\Debug\Counter_exemple.a(CyLib.o)
 .text.CyPLL_OUT_SetPQ
                0x00000000       0x90 .\CortexM3\ARM_GCC_493\Debug\Counter_exemple.a(CyLib.o)
 .text.CyPLL_OUT_SetSource
                0x00000000       0x54 .\CortexM3\ARM_GCC_493\Debug\Counter_exemple.a(CyLib.o)
 .text.CyIMO_Start
                0x00000000       0x94 .\CortexM3\ARM_GCC_493\Debug\Counter_exemple.a(CyLib.o)
 .text.CyIMO_Stop
                0x00000000       0x34 .\CortexM3\ARM_GCC_493\Debug\Counter_exemple.a(CyLib.o)
 .text.CyUSB_PowerOnCheck
                0x00000000       0x60 .\CortexM3\ARM_GCC_493\Debug\Counter_exemple.a(CyLib.o)
 .text.CyIMO_SetTrimValue
                0x00000000      0x108 .\CortexM3\ARM_GCC_493\Debug\Counter_exemple.a(CyLib.o)
 .text.CyIMO_SetFreq
                0x00000000      0x1ac .\CortexM3\ARM_GCC_493\Debug\Counter_exemple.a(CyLib.o)
 .text.CyIMO_SetSource
                0x00000000       0x8c .\CortexM3\ARM_GCC_493\Debug\Counter_exemple.a(CyLib.o)
 .text.CyIMO_EnableDoubler
                0x00000000       0x20 .\CortexM3\ARM_GCC_493\Debug\Counter_exemple.a(CyLib.o)
 .text.CyIMO_DisableDoubler
                0x00000000       0x20 .\CortexM3\ARM_GCC_493\Debug\Counter_exemple.a(CyLib.o)
 .text.CyMasterClk_SetSource
                0x00000000       0x34 .\CortexM3\ARM_GCC_493\Debug\Counter_exemple.a(CyLib.o)
 .text.CyMasterClk_SetDivider
                0x00000000       0x20 .\CortexM3\ARM_GCC_493\Debug\Counter_exemple.a(CyLib.o)
 .text.CyBusClk_Internal_SetDivider
                0x00000000       0x78 .\CortexM3\ARM_GCC_493\Debug\Counter_exemple.a(CyLib.o)
 .text.CyBusClk_SetDivider
                0x00000000       0xb4 .\CortexM3\ARM_GCC_493\Debug\Counter_exemple.a(CyLib.o)
 .text.CyUsbClk_SetSource
                0x00000000       0x34 .\CortexM3\ARM_GCC_493\Debug\Counter_exemple.a(CyLib.o)
 .text.CyILO_Start1K
                0x00000000       0x20 .\CortexM3\ARM_GCC_493\Debug\Counter_exemple.a(CyLib.o)
 .text.CyILO_Stop1K
                0x00000000       0x20 .\CortexM3\ARM_GCC_493\Debug\Counter_exemple.a(CyLib.o)
 .text.CyILO_Start100K
                0x00000000       0x20 .\CortexM3\ARM_GCC_493\Debug\Counter_exemple.a(CyLib.o)
 .text.CyILO_Stop100K
                0x00000000       0x20 .\CortexM3\ARM_GCC_493\Debug\Counter_exemple.a(CyLib.o)
 .text.CyILO_Enable33K
                0x00000000       0x20 .\CortexM3\ARM_GCC_493\Debug\Counter_exemple.a(CyLib.o)
 .text.CyILO_Disable33K
                0x00000000       0x20 .\CortexM3\ARM_GCC_493\Debug\Counter_exemple.a(CyLib.o)
 .text.CyILO_SetSource
                0x00000000       0x38 .\CortexM3\ARM_GCC_493\Debug\Counter_exemple.a(CyLib.o)
 .text.CyILO_SetPowerMode
                0x00000000       0x4c .\CortexM3\ARM_GCC_493\Debug\Counter_exemple.a(CyLib.o)
 .text.CyXTAL_32KHZ_Start
                0x00000000       0x84 .\CortexM3\ARM_GCC_493\Debug\Counter_exemple.a(CyLib.o)
 .text.CyXTAL_32KHZ_Stop
                0x00000000       0x50 .\CortexM3\ARM_GCC_493\Debug\Counter_exemple.a(CyLib.o)
 .text.CyXTAL_32KHZ_ReadStatus
                0x00000000       0x20 .\CortexM3\ARM_GCC_493\Debug\Counter_exemple.a(CyLib.o)
 .text.CyXTAL_32KHZ_SetPowerMode
                0x00000000       0xb4 .\CortexM3\ARM_GCC_493\Debug\Counter_exemple.a(CyLib.o)
 .text.CyXTAL_Start
                0x00000000       0xd0 .\CortexM3\ARM_GCC_493\Debug\Counter_exemple.a(CyLib.o)
 .text.CyXTAL_Stop
                0x00000000       0x20 .\CortexM3\ARM_GCC_493\Debug\Counter_exemple.a(CyLib.o)
 .text.CyXTAL_EnableErrStatus
                0x00000000       0x20 .\CortexM3\ARM_GCC_493\Debug\Counter_exemple.a(CyLib.o)
 .text.CyXTAL_DisableErrStatus
                0x00000000       0x20 .\CortexM3\ARM_GCC_493\Debug\Counter_exemple.a(CyLib.o)
 .text.CyXTAL_ReadStatus
                0x00000000       0x28 .\CortexM3\ARM_GCC_493\Debug\Counter_exemple.a(CyLib.o)
 .text.CyXTAL_EnableFaultRecovery
                0x00000000       0x20 .\CortexM3\ARM_GCC_493\Debug\Counter_exemple.a(CyLib.o)
 .text.CyXTAL_DisableFaultRecovery
                0x00000000       0x20 .\CortexM3\ARM_GCC_493\Debug\Counter_exemple.a(CyLib.o)
 .text.CyXTAL_SetStartup
                0x00000000       0x34 .\CortexM3\ARM_GCC_493\Debug\Counter_exemple.a(CyLib.o)
 .text.CyXTAL_SetFbVoltage
                0x00000000       0x34 .\CortexM3\ARM_GCC_493\Debug\Counter_exemple.a(CyLib.o)
 .text.CyXTAL_SetWdVoltage
                0x00000000       0x38 .\CortexM3\ARM_GCC_493\Debug\Counter_exemple.a(CyLib.o)
 .text.CyHalt   0x00000000       0x18 .\CortexM3\ARM_GCC_493\Debug\Counter_exemple.a(CyLib.o)
 .text.CySoftwareReset
                0x00000000       0x20 .\CortexM3\ARM_GCC_493\Debug\Counter_exemple.a(CyLib.o)
 .text.CyDelayFreq
                0x00000000       0x7c .\CortexM3\ARM_GCC_493\Debug\Counter_exemple.a(CyLib.o)
 .text.CyWdtStart
                0x00000000       0x8c .\CortexM3\ARM_GCC_493\Debug\Counter_exemple.a(CyLib.o)
 .text.CyWdtClear
                0x00000000       0x18 .\CortexM3\ARM_GCC_493\Debug\Counter_exemple.a(CyLib.o)
 .text.CyVdLvDigitEnable
                0x00000000       0xcc .\CortexM3\ARM_GCC_493\Debug\Counter_exemple.a(CyLib.o)
 .text.CyVdLvAnalogEnable
                0x00000000       0xc8 .\CortexM3\ARM_GCC_493\Debug\Counter_exemple.a(CyLib.o)
 .text.CyVdLvDigitDisable
                0x00000000       0x48 .\CortexM3\ARM_GCC_493\Debug\Counter_exemple.a(CyLib.o)
 .text.CyVdLvAnalogDisable
                0x00000000       0x40 .\CortexM3\ARM_GCC_493\Debug\Counter_exemple.a(CyLib.o)
 .text.CyVdHvAnalogEnable
                0x00000000       0x78 .\CortexM3\ARM_GCC_493\Debug\Counter_exemple.a(CyLib.o)
 .text.CyVdHvAnalogDisable
                0x00000000       0x2c .\CortexM3\ARM_GCC_493\Debug\Counter_exemple.a(CyLib.o)
 .text.CyVdStickyStatus
                0x00000000       0x5c .\CortexM3\ARM_GCC_493\Debug\Counter_exemple.a(CyLib.o)
 .text.CyVdRealTimeStatus
                0x00000000       0x30 .\CortexM3\ARM_GCC_493\Debug\Counter_exemple.a(CyLib.o)
 .text.CyDisableInts
                0x00000000       0x34 .\CortexM3\ARM_GCC_493\Debug\Counter_exemple.a(CyLib.o)
 .text.CyEnableInts
                0x00000000       0x28 .\CortexM3\ARM_GCC_493\Debug\Counter_exemple.a(CyLib.o)
 .text.CyFlushCache
                0x00000000       0x58 .\CortexM3\ARM_GCC_493\Debug\Counter_exemple.a(CyLib.o)
 .text.CyIntSetSysVector
                0x00000000       0x4c .\CortexM3\ARM_GCC_493\Debug\Counter_exemple.a(CyLib.o)
 .text.CyIntGetSysVector
                0x00000000       0x38 .\CortexM3\ARM_GCC_493\Debug\Counter_exemple.a(CyLib.o)
 .text.CyIntSetVector
                0x00000000       0x50 .\CortexM3\ARM_GCC_493\Debug\Counter_exemple.a(CyLib.o)
 .text.CyIntGetVector
                0x00000000       0x38 .\CortexM3\ARM_GCC_493\Debug\Counter_exemple.a(CyLib.o)
 .text.CyIntSetPriority
                0x00000000       0x44 .\CortexM3\ARM_GCC_493\Debug\Counter_exemple.a(CyLib.o)
 .text.CyIntGetPriority
                0x00000000       0x38 .\CortexM3\ARM_GCC_493\Debug\Counter_exemple.a(CyLib.o)
 .text.CyIntGetState
                0x00000000       0x44 .\CortexM3\ARM_GCC_493\Debug\Counter_exemple.a(CyLib.o)
 .text.CySysTickStart
                0x00000000       0x20 .\CortexM3\ARM_GCC_493\Debug\Counter_exemple.a(CyLib.o)
 .text.CySysTickInit
                0x00000000       0x68 .\CortexM3\ARM_GCC_493\Debug\Counter_exemple.a(CyLib.o)
 .text.CySysTickEnable
                0x00000000       0x1c .\CortexM3\ARM_GCC_493\Debug\Counter_exemple.a(CyLib.o)
 .text.CySysTickStop
                0x00000000       0x1c .\CortexM3\ARM_GCC_493\Debug\Counter_exemple.a(CyLib.o)
 .text.CySysTickEnableInterrupt
                0x00000000       0x1c .\CortexM3\ARM_GCC_493\Debug\Counter_exemple.a(CyLib.o)
 .text.CySysTickDisableInterrupt
                0x00000000       0x1c .\CortexM3\ARM_GCC_493\Debug\Counter_exemple.a(CyLib.o)
 .text.CySysTickSetReload
                0x00000000       0x20 .\CortexM3\ARM_GCC_493\Debug\Counter_exemple.a(CyLib.o)
 .text.CySysTickGetReload
                0x00000000       0x1c .\CortexM3\ARM_GCC_493\Debug\Counter_exemple.a(CyLib.o)
 .text.CySysTickGetValue
                0x00000000       0x1c .\CortexM3\ARM_GCC_493\Debug\Counter_exemple.a(CyLib.o)
 .text.CySysTickSetClockSource
                0x00000000       0x38 .\CortexM3\ARM_GCC_493\Debug\Counter_exemple.a(CyLib.o)
 .text.CySysTickGetClockSource
                0x00000000       0x1c .\CortexM3\ARM_GCC_493\Debug\Counter_exemple.a(CyLib.o)
 .text.CySysTickGetCountFlag
                0x00000000       0x1c .\CortexM3\ARM_GCC_493\Debug\Counter_exemple.a(CyLib.o)
 .text.CySysTickClear
                0x00000000       0x18 .\CortexM3\ARM_GCC_493\Debug\Counter_exemple.a(CyLib.o)
 .text.CySysTickSetCallback
                0x00000000       0x30 .\CortexM3\ARM_GCC_493\Debug\Counter_exemple.a(CyLib.o)
 .text.CySysTickGetCallback
                0x00000000       0x20 .\CortexM3\ARM_GCC_493\Debug\Counter_exemple.a(CyLib.o)
 .text.CySysTickServiceCallbacks
                0x00000000       0x44 .\CortexM3\ARM_GCC_493\Debug\Counter_exemple.a(CyLib.o)
 .text.CyGetUniqueId
                0x00000000       0xc4 .\CortexM3\ARM_GCC_493\Debug\Counter_exemple.a(CyLib.o)
 .text          0x00000000        0x0 .\CortexM3\ARM_GCC_493\Debug\Counter_exemple.a(cyPm.o)
 .data          0x00000000        0x0 .\CortexM3\ARM_GCC_493\Debug\Counter_exemple.a(cyPm.o)
 .bss           0x00000000       0x44 .\CortexM3\ARM_GCC_493\Debug\Counter_exemple.a(cyPm.o)
 .rodata        0x00000000       0x10 .\CortexM3\ARM_GCC_493\Debug\Counter_exemple.a(cyPm.o)
 .text.CyPmSaveClocks
                0x00000000      0x284 .\CortexM3\ARM_GCC_493\Debug\Counter_exemple.a(cyPm.o)
 .text.CyPmRestoreClocks
                0x00000000      0x300 .\CortexM3\ARM_GCC_493\Debug\Counter_exemple.a(cyPm.o)
 .text.CyPmAltAct
                0x00000000       0xb8 .\CortexM3\ARM_GCC_493\Debug\Counter_exemple.a(cyPm.o)
 .text.CyPmSleep
                0x00000000      0x170 .\CortexM3\ARM_GCC_493\Debug\Counter_exemple.a(cyPm.o)
 .text.CyPmHibernate
                0x00000000        0xc .\CortexM3\ARM_GCC_493\Debug\Counter_exemple.a(cyPm.o)
 .text.CyPmHibernateEx
                0x00000000      0x158 .\CortexM3\ARM_GCC_493\Debug\Counter_exemple.a(cyPm.o)
 .text.CyPmReadStatus
                0x00000000       0x5c .\CortexM3\ARM_GCC_493\Debug\Counter_exemple.a(cyPm.o)
 .text.CyPmHibSaveSet
                0x00000000       0xd4 .\CortexM3\ARM_GCC_493\Debug\Counter_exemple.a(cyPm.o)
 .text.CyPmHibRestore
                0x00000000       0x68 .\CortexM3\ARM_GCC_493\Debug\Counter_exemple.a(cyPm.o)
 .text.CyPmCtwSetInterval
                0x00000000       0x90 .\CortexM3\ARM_GCC_493\Debug\Counter_exemple.a(cyPm.o)
 .text.CyPmOppsSet
                0x00000000       0x40 .\CortexM3\ARM_GCC_493\Debug\Counter_exemple.a(cyPm.o)
 .text.CyPmFtwSetInterval
                0x00000000       0x90 .\CortexM3\ARM_GCC_493\Debug\Counter_exemple.a(cyPm.o)
 .text.CyPmHibSlpSaveSet
                0x00000000      0x280 .\CortexM3\ARM_GCC_493\Debug\Counter_exemple.a(cyPm.o)
 .text.CyPmHibSlpRestore
                0x00000000      0x188 .\CortexM3\ARM_GCC_493\Debug\Counter_exemple.a(cyPm.o)
 .text.CyPmHviLviSaveDisable
                0x00000000       0xd4 .\CortexM3\ARM_GCC_493\Debug\Counter_exemple.a(cyPm.o)
 .text.CyPmHviLviRestore
                0x00000000       0x54 .\CortexM3\ARM_GCC_493\Debug\Counter_exemple.a(cyPm.o)
 .data          0x00000000        0x0 .\CortexM3\ARM_GCC_493\Debug\Counter_exemple.a(CyBootAsmGnu.o)
 .bss           0x00000000        0x0 .\CortexM3\ARM_GCC_493\Debug\Counter_exemple.a(CyBootAsmGnu.o)
 .text          0x00000000        0x0 .\CortexM3\ARM_GCC_493\Debug\Counter_exemple.a(CyFlash.o)
 .data          0x00000000        0x0 .\CortexM3\ARM_GCC_493\Debug\Counter_exemple.a(CyFlash.o)
 .bss           0x00000000        0x4 .\CortexM3\ARM_GCC_493\Debug\Counter_exemple.a(CyFlash.o)
 .text.CyFlash_Start
                0x00000000       0x8c .\CortexM3\ARM_GCC_493\Debug\Counter_exemple.a(CyFlash.o)
 .text.CyFlash_Stop
                0x00000000       0x44 .\CortexM3\ARM_GCC_493\Debug\Counter_exemple.a(CyFlash.o)
 .text.CySetTempInt
                0x00000000       0x7c .\CortexM3\ARM_GCC_493\Debug\Counter_exemple.a(CyFlash.o)
 .text.CyFlashGetSpcAlgorithm
                0x00000000       0x70 .\CortexM3\ARM_GCC_493\Debug\Counter_exemple.a(CyFlash.o)
 .text.CySetTemp
                0x00000000       0x24 .\CortexM3\ARM_GCC_493\Debug\Counter_exemple.a(CyFlash.o)
 .text.CySetFlashEEBuffer
                0x00000000       0x54 .\CortexM3\ARM_GCC_493\Debug\Counter_exemple.a(CyFlash.o)
 .text.CyWriteRowData
                0x00000000       0x3c .\CortexM3\ARM_GCC_493\Debug\Counter_exemple.a(CyFlash.o)
 .text.CyWriteRowFull
                0x00000000      0x158 .\CortexM3\ARM_GCC_493\Debug\Counter_exemple.a(CyFlash.o)
 .text.CyFlash_SetWaitCycles
                0x00000000       0xbc .\CortexM3\ARM_GCC_493\Debug\Counter_exemple.a(CyFlash.o)
 .text.CyEEPROM_Start
                0x00000000       0x8c .\CortexM3\ARM_GCC_493\Debug\Counter_exemple.a(CyFlash.o)
 .text.CyEEPROM_Stop
                0x00000000       0x44 .\CortexM3\ARM_GCC_493\Debug\Counter_exemple.a(CyFlash.o)
 .text.CyEEPROM_ReadReserve
                0x00000000       0x30 .\CortexM3\ARM_GCC_493\Debug\Counter_exemple.a(CyFlash.o)
 .text.CyEEPROM_ReadRelease
                0x00000000       0x20 .\CortexM3\ARM_GCC_493\Debug\Counter_exemple.a(CyFlash.o)
 COMMON         0x00000000        0x2 .\CortexM3\ARM_GCC_493\Debug\Counter_exemple.a(CyFlash.o)
 .text          0x00000000        0x0 .\CortexM3\ARM_GCC_493\Debug\Counter_exemple.a(CySpc.o)
 .data          0x00000000        0x0 .\CortexM3\ARM_GCC_493\Debug\Counter_exemple.a(CySpc.o)
 .bss           0x00000000        0x8 .\CortexM3\ARM_GCC_493\Debug\Counter_exemple.a(CySpc.o)
 .text.CySpcStart
                0x00000000       0x44 .\CortexM3\ARM_GCC_493\Debug\Counter_exemple.a(CySpc.o)
 .text.CySpcStop
                0x00000000       0x44 .\CortexM3\ARM_GCC_493\Debug\Counter_exemple.a(CySpc.o)
 .text.CySpcReadData
                0x00000000       0x58 .\CortexM3\ARM_GCC_493\Debug\Counter_exemple.a(CySpc.o)
 .text.CySpcLoadMultiByte
                0x00000000       0xd4 .\CortexM3\ARM_GCC_493\Debug\Counter_exemple.a(CySpc.o)
 .text.CySpcLoadRow
                0x00000000       0x8c .\CortexM3\ARM_GCC_493\Debug\Counter_exemple.a(CySpc.o)
 .text.CySpcLoadRowFull
                0x00000000       0xd0 .\CortexM3\ARM_GCC_493\Debug\Counter_exemple.a(CySpc.o)
 .text.CySpcWriteRow
                0x00000000       0x98 .\CortexM3\ARM_GCC_493\Debug\Counter_exemple.a(CySpc.o)
 .text.CySpcEraseSector
                0x00000000       0x70 .\CortexM3\ARM_GCC_493\Debug\Counter_exemple.a(CySpc.o)
 .text.CySpcGetTemp
                0x00000000       0x64 .\CortexM3\ARM_GCC_493\Debug\Counter_exemple.a(CySpc.o)
 .text.CySpcLock
                0x00000000       0x68 .\CortexM3\ARM_GCC_493\Debug\Counter_exemple.a(CySpc.o)
 .text.CySpcUnlock
                0x00000000       0x50 .\CortexM3\ARM_GCC_493\Debug\Counter_exemple.a(CySpc.o)
 .text.CySpcGetAlgorithm
                0x00000000       0x48 .\CortexM3\ARM_GCC_493\Debug\Counter_exemple.a(CySpc.o)
 .text          0x00000000        0x0 c:/program files (x86)/cypress/psoc creator/4.0/psoc creator/import/gnu/arm/4.9.3/bin/../lib/gcc/arm-none-eabi/4.9.3/../../../../arm-none-eabi/lib/armv7-m\libg_nano.a(lib_a-errno.o)
 .data          0x00000000        0x0 c:/program files (x86)/cypress/psoc creator/4.0/psoc creator/import/gnu/arm/4.9.3/bin/../lib/gcc/arm-none-eabi/4.9.3/../../../../arm-none-eabi/lib/armv7-m\libg_nano.a(lib_a-errno.o)
 .bss           0x00000000        0x0 c:/program files (x86)/cypress/psoc creator/4.0/psoc creator/import/gnu/arm/4.9.3/bin/../lib/gcc/arm-none-eabi/4.9.3/../../../../arm-none-eabi/lib/armv7-m\libg_nano.a(lib_a-errno.o)
 .text          0x00000000        0x0 c:/program files (x86)/cypress/psoc creator/4.0/psoc creator/import/gnu/arm/4.9.3/bin/../lib/gcc/arm-none-eabi/4.9.3/../../../../arm-none-eabi/lib/armv7-m\libg_nano.a(lib_a-exit.o)
 .data          0x00000000        0x0 c:/program files (x86)/cypress/psoc creator/4.0/psoc creator/import/gnu/arm/4.9.3/bin/../lib/gcc/arm-none-eabi/4.9.3/../../../../arm-none-eabi/lib/armv7-m\libg_nano.a(lib_a-exit.o)
 .bss           0x00000000        0x0 c:/program files (x86)/cypress/psoc creator/4.0/psoc creator/import/gnu/arm/4.9.3/bin/../lib/gcc/arm-none-eabi/4.9.3/../../../../arm-none-eabi/lib/armv7-m\libg_nano.a(lib_a-exit.o)
 .text.exit     0x00000000       0x28 c:/program files (x86)/cypress/psoc creator/4.0/psoc creator/import/gnu/arm/4.9.3/bin/../lib/gcc/arm-none-eabi/4.9.3/../../../../arm-none-eabi/lib/armv7-m\libg_nano.a(lib_a-exit.o)
 .text          0x00000000        0x0 c:/program files (x86)/cypress/psoc creator/4.0/psoc creator/import/gnu/arm/4.9.3/bin/../lib/gcc/arm-none-eabi/4.9.3/../../../../arm-none-eabi/lib/armv7-m\libg_nano.a(lib_a-impure.o)
 .data          0x00000000        0x0 c:/program files (x86)/cypress/psoc creator/4.0/psoc creator/import/gnu/arm/4.9.3/bin/../lib/gcc/arm-none-eabi/4.9.3/../../../../arm-none-eabi/lib/armv7-m\libg_nano.a(lib_a-impure.o)
 .bss           0x00000000        0x0 c:/program files (x86)/cypress/psoc creator/4.0/psoc creator/import/gnu/arm/4.9.3/bin/../lib/gcc/arm-none-eabi/4.9.3/../../../../arm-none-eabi/lib/armv7-m\libg_nano.a(lib_a-impure.o)
 .rodata._global_impure_ptr
                0x00000000        0x4 c:/program files (x86)/cypress/psoc creator/4.0/psoc creator/import/gnu/arm/4.9.3/bin/../lib/gcc/arm-none-eabi/4.9.3/../../../../arm-none-eabi/lib/armv7-m\libg_nano.a(lib_a-impure.o)
 .text          0x00000000        0x0 c:/program files (x86)/cypress/psoc creator/4.0/psoc creator/import/gnu/arm/4.9.3/bin/../lib/gcc/arm-none-eabi/4.9.3/../../../../arm-none-eabi/lib/armv7-m\libg_nano.a(lib_a-init.o)
 .data          0x00000000        0x0 c:/program files (x86)/cypress/psoc creator/4.0/psoc creator/import/gnu/arm/4.9.3/bin/../lib/gcc/arm-none-eabi/4.9.3/../../../../arm-none-eabi/lib/armv7-m\libg_nano.a(lib_a-init.o)
 .bss           0x00000000        0x0 c:/program files (x86)/cypress/psoc creator/4.0/psoc creator/import/gnu/arm/4.9.3/bin/../lib/gcc/arm-none-eabi/4.9.3/../../../../arm-none-eabi/lib/armv7-m\libg_nano.a(lib_a-init.o)
 .text          0x00000000        0x0 c:/program files (x86)/cypress/psoc creator/4.0/psoc creator/import/gnu/arm/4.9.3/bin/../lib/gcc/arm-none-eabi/4.9.3/../../../../arm-none-eabi/lib/armv7-m\libg_nano.a(lib_a-memcpy.o)
 .data          0x00000000        0x0 c:/program files (x86)/cypress/psoc creator/4.0/psoc creator/import/gnu/arm/4.9.3/bin/../lib/gcc/arm-none-eabi/4.9.3/../../../../arm-none-eabi/lib/armv7-m\libg_nano.a(lib_a-memcpy.o)
 .bss           0x00000000        0x0 c:/program files (x86)/cypress/psoc creator/4.0/psoc creator/import/gnu/arm/4.9.3/bin/../lib/gcc/arm-none-eabi/4.9.3/../../../../arm-none-eabi/lib/armv7-m\libg_nano.a(lib_a-memcpy.o)
 .text          0x00000000        0x0 c:/program files (x86)/cypress/psoc creator/4.0/psoc creator/import/gnu/arm/4.9.3/bin/../lib/gcc/arm-none-eabi/4.9.3/../../../../arm-none-eabi/lib/armv7-m\libg_nano.a(lib_a-memset.o)
 .data          0x00000000        0x0 c:/program files (x86)/cypress/psoc creator/4.0/psoc creator/import/gnu/arm/4.9.3/bin/../lib/gcc/arm-none-eabi/4.9.3/../../../../arm-none-eabi/lib/armv7-m\libg_nano.a(lib_a-memset.o)
 .bss           0x00000000        0x0 c:/program files (x86)/cypress/psoc creator/4.0/psoc creator/import/gnu/arm/4.9.3/bin/../lib/gcc/arm-none-eabi/4.9.3/../../../../arm-none-eabi/lib/armv7-m\libg_nano.a(lib_a-memset.o)
 .text.memset   0x00000000       0x10 c:/program files (x86)/cypress/psoc creator/4.0/psoc creator/import/gnu/arm/4.9.3/bin/../lib/gcc/arm-none-eabi/4.9.3/../../../../arm-none-eabi/lib/armv7-m\libg_nano.a(lib_a-memset.o)
 .text          0x00000000        0x0 c:/program files (x86)/cypress/psoc creator/4.0/psoc creator/import/gnu/arm/4.9.3/bin/../lib/gcc/arm-none-eabi/4.9.3/armv7-m/crtend.o
 .data          0x00000000        0x0 c:/program files (x86)/cypress/psoc creator/4.0/psoc creator/import/gnu/arm/4.9.3/bin/../lib/gcc/arm-none-eabi/4.9.3/armv7-m/crtend.o
 .bss           0x00000000        0x0 c:/program files (x86)/cypress/psoc creator/4.0/psoc creator/import/gnu/arm/4.9.3/bin/../lib/gcc/arm-none-eabi/4.9.3/armv7-m/crtend.o
 .text          0x00000000        0x0 c:/program files (x86)/cypress/psoc creator/4.0/psoc creator/import/gnu/arm/4.9.3/bin/../lib/gcc/arm-none-eabi/4.9.3/armv7-m/crtn.o
 .data          0x00000000        0x0 c:/program files (x86)/cypress/psoc creator/4.0/psoc creator/import/gnu/arm/4.9.3/bin/../lib/gcc/arm-none-eabi/4.9.3/armv7-m/crtn.o
 .bss           0x00000000        0x0 c:/program files (x86)/cypress/psoc creator/4.0/psoc creator/import/gnu/arm/4.9.3/bin/../lib/gcc/arm-none-eabi/4.9.3/armv7-m/crtn.o

Memory Configuration

Name             Origin             Length             Attributes
rom              0x00000000         0x00040000         xr
ram              0x1fff8000         0x00010000         xrw
*default*        0x00000000         0xffffffff

Linker script and memory map

LOAD c:/program files (x86)/cypress/psoc creator/4.0/psoc creator/import/gnu/arm/4.9.3/bin/../lib/gcc/arm-none-eabi/4.9.3/armv7-m/crti.o
LOAD c:/program files (x86)/cypress/psoc creator/4.0/psoc creator/import/gnu/arm/4.9.3/bin/../lib/gcc/arm-none-eabi/4.9.3/armv7-m/crtbegin.o
LOAD c:/program files (x86)/cypress/psoc creator/4.0/psoc creator/import/gnu/arm/4.9.3/bin/../lib/gcc/arm-none-eabi/4.9.3/../../../../arm-none-eabi/lib/armv7-m/crt0.o
START GROUP
LOAD .\CortexM3\ARM_GCC_493\Debug\main.o
LOAD .\CortexM3\ARM_GCC_493\Debug\cymetadata.o
LOAD .\CortexM3\ARM_GCC_493\Debug\Cm3Start.o
LOAD .\CortexM3\ARM_GCC_493\Debug\Counter_exemple.a
LOAD C:\Program Files (x86)\Cypress\PSoC Creator\4.0\PSoC Creator\psoc\content\cycomponentlibrary\CyComponentLibrary.cylib\CortexM3\ARM_GCC_493\Debug\CyComponentLibrary.a
END GROUP
START GROUP
LOAD c:/program files (x86)/cypress/psoc creator/4.0/psoc creator/import/gnu/arm/4.9.3/bin/../lib/gcc/arm-none-eabi/4.9.3/armv7-m\libgcc.a
LOAD c:/program files (x86)/cypress/psoc creator/4.0/psoc creator/import/gnu/arm/4.9.3/bin/../lib/gcc/arm-none-eabi/4.9.3/../../../../arm-none-eabi/lib/armv7-m\libg_nano.a
LOAD c:/program files (x86)/cypress/psoc creator/4.0/psoc creator/import/gnu/arm/4.9.3/bin/../lib/gcc/arm-none-eabi/4.9.3/../../../../arm-none-eabi/lib/armv7-m\libc_nano.a
END GROUP
START GROUP
LOAD c:/program files (x86)/cypress/psoc creator/4.0/psoc creator/import/gnu/arm/4.9.3/bin/../lib/gcc/arm-none-eabi/4.9.3/armv7-m\libgcc.a
LOAD c:/program files (x86)/cypress/psoc creator/4.0/psoc creator/import/gnu/arm/4.9.3/bin/../lib/gcc/arm-none-eabi/4.9.3/../../../../arm-none-eabi/lib/armv7-m\libc_nano.a
END GROUP
LOAD c:/program files (x86)/cypress/psoc creator/4.0/psoc creator/import/gnu/arm/4.9.3/bin/../lib/gcc/arm-none-eabi/4.9.3/armv7-m/crtend.o
LOAD c:/program files (x86)/cypress/psoc creator/4.0/psoc creator/import/gnu/arm/4.9.3/bin/../lib/gcc/arm-none-eabi/4.9.3/armv7-m/crtn.o
START GROUP
LOAD c:/program files (x86)/cypress/psoc creator/4.0/psoc creator/import/gnu/arm/4.9.3/bin/../lib/gcc/arm-none-eabi/4.9.3/armv7-m\libgcc.a
LOAD c:/program files (x86)/cypress/psoc creator/4.0/psoc creator/import/gnu/arm/4.9.3/bin/../lib/gcc/arm-none-eabi/4.9.3/../../../../arm-none-eabi/lib/armv7-m\libc.a
LOAD c:/program files (x86)/cypress/psoc creator/4.0/psoc creator/import/gnu/arm/4.9.3/bin/../lib/gcc/arm-none-eabi/4.9.3/../../../../arm-none-eabi/lib/armv7-m\libnosys.a
END GROUP
                0x00000000                CY_APPL_ORIGIN = 0x0
                0x00000100                CY_FLASH_ROW_SIZE = 0x100
                0x00000020                CY_ECC_ROW_SIZE = 0x20
                0x00000000                CY_EE_IN_BTLDR = 0x0
                0x00000000                CY_APPL_LOADABLE = 0x0
                0x00000800                CY_EE_SIZE = 0x800
                0x00000001                CY_APPL_NUM = 0x1
                0x00000001                CY_APPL_MAX = 0x1
                0x00000040                CY_METADATA_SIZE = 0x40
                0x00000000                CY_APPL_LOADABLE = 0x0
                0x00000000                CY_CHECKSUM_EXCLUDE_SIZE = ALIGN (0x0, CY_FLASH_ROW_SIZE)
                0x1fff81b0                PROVIDE (__cy_heap_start, _end)
                0x00000001                PROVIDE (__cy_region_num, ((__cy_regions_end - __cy_regions) / 0x10))
                0x20008000                PROVIDE (__cy_stack, (ORIGIN (ram) + 0x10000))
                0x20007800                PROVIDE (__cy_heap_end, (__cy_stack - 0x800))

.cybootloader   0x00000000        0x0
 *(.cybootloader)
                0x00000000                appl1_start = CY_APPL_ORIGIN?CY_APPL_ORIGIN:ALIGN (CY_FLASH_ROW_SIZE)
                0x0001ff00                appl2_start = (appl1_start + ALIGN ((((0x40000 - appl1_start) - (0x2 * CY_FLASH_ROW_SIZE)) / 0x2), CY_FLASH_ROW_SIZE))
                0x00000000                appl_start = (CY_APPL_NUM == 0x1)?appl1_start:appl2_start
                0x00000000                ecc_offset = ((appl_start / CY_FLASH_ROW_SIZE) * CY_ECC_ROW_SIZE)
                0x00000000                ee_offset = (CY_APPL_LOADABLE && ! (CY_EE_IN_BTLDR))?((CY_EE_SIZE / CY_APPL_MAX) * (CY_APPL_NUM - 0x1)):0x0
                0x00000800                ee_size = (CY_APPL_LOADABLE && ! (CY_EE_IN_BTLDR))?(CY_EE_SIZE / CY_APPL_MAX):CY_EE_SIZE
                0x00000000                PROVIDE (CY_ECC_OFFSET, ecc_offset)

.text           0x00000000      0xfce
 CREATE_OBJECT_SYMBOLS
                0x00000000                PROVIDE (__cy_interrupt_vector, RomVectors)
 *(.romvectors)
 .romvectors    0x00000000       0x10 .\CortexM3\ARM_GCC_493\Debug\Cm3Start.o
                0x00000000                RomVectors
                0x00000001                ASSERT ((. != __cy_interrupt_vector), No interrupt vector)
                0x00000001                ASSERT (CY_APPL_ORIGIN?(SIZEOF (.cybootloader) <= CY_APPL_ORIGIN):0x1, Wrong image location)
                0x00000010                PROVIDE (__cy_reset, Reset)
 *(.text.Reset)
 .text.Reset    0x00000010       0x18 .\CortexM3\ARM_GCC_493\Debug\Cm3Start.o
                0x00000010                Reset
                0x00000001                ASSERT ((. != __cy_reset), No reset code)
 *(.dma_init)
 .dma_init      0x00000028      0x130 .\CortexM3\ARM_GCC_493\Debug\Counter_exemple.a(cyfitter_cfg.o)
                0x00000001                ASSERT ((((appl_start + .) <= 0x10000) || 0x0), DMA Init must be within the first 64k of flash)
 *(.text .text.* .gnu.linkonce.t.*)
 .text          0x00000158       0x5c c:/program files (x86)/cypress/psoc creator/4.0/psoc creator/import/gnu/arm/4.9.3/bin/../lib/gcc/arm-none-eabi/4.9.3/armv7-m/crtbegin.o
 .text.counterInterrupt
                0x000001b4       0x24 .\CortexM3\ARM_GCC_493\Debug\main.o
                0x000001b4                counterInterrupt
 .text.main     0x000001d8       0x98 .\CortexM3\ARM_GCC_493\Debug\main.o
                0x000001d8                main
 .text.IntDefaultHandler
                0x00000270       0x14 .\CortexM3\ARM_GCC_493\Debug\Cm3Start.o
                0x00000270                IntDefaultHandler
 .text.Start_c  0x00000284       0x98 .\CortexM3\ARM_GCC_493\Debug\Cm3Start.o
                0x00000284                Start_c
 .text.initialize_psoc
                0x0000031c       0x8c .\CortexM3\ARM_GCC_493\Debug\Cm3Start.o
                0x0000031c                initialize_psoc
 .text.CYCONFIGCPY
                0x000003a8       0x1c .\CortexM3\ARM_GCC_493\Debug\Counter_exemple.a(cyfitter_cfg.o)
 .text.CyClockStartupError
                0x000003c4        0xc .\CortexM3\ARM_GCC_493\Debug\Counter_exemple.a(cyfitter_cfg.o)
 .text.cfg_dma_init
                0x000003d0      0x174 .\CortexM3\ARM_GCC_493\Debug\Counter_exemple.a(cyfitter_cfg.o)
 .text.ClockSetup
                0x00000544      0x114 .\CortexM3\ARM_GCC_493\Debug\Counter_exemple.a(cyfitter_cfg.o)
 .text.AnalogSetDefault
                0x00000658       0x44 .\CortexM3\ARM_GCC_493\Debug\Counter_exemple.a(cyfitter_cfg.o)
 .text.cyfitter_cfg
                0x0000069c       0xec .\CortexM3\ARM_GCC_493\Debug\Counter_exemple.a(cyfitter_cfg.o)
                0x0000069c                cyfitter_cfg
 .text.Counter_1_Init
                0x00000788       0x80 .\CortexM3\ARM_GCC_493\Debug\Counter_exemple.a(Counter_1.o)
                0x00000788                Counter_1_Init
 .text.Counter_1_Enable
                0x00000808       0x20 .\CortexM3\ARM_GCC_493\Debug\Counter_exemple.a(Counter_1.o)
                0x00000808                Counter_1_Enable
 .text.Counter_1_Start
                0x00000828       0x20 .\CortexM3\ARM_GCC_493\Debug\Counter_exemple.a(Counter_1.o)
                0x00000828                Counter_1_Start
 .text.Counter_1_SetInterruptMode
                0x00000848       0x20 .\CortexM3\ARM_GCC_493\Debug\Counter_exemple.a(Counter_1.o)
                0x00000848                Counter_1_SetInterruptMode
 .text.Counter_1_ReadStatusRegister
                0x00000868       0x18 .\CortexM3\ARM_GCC_493\Debug\Counter_exemple.a(Counter_1.o)
                0x00000868                Counter_1_ReadStatusRegister
 .text.Counter_1_WriteCounter
                0x00000880       0x20 .\CortexM3\ARM_GCC_493\Debug\Counter_exemple.a(Counter_1.o)
                0x00000880                Counter_1_WriteCounter
 .text.Counter_1_ReadCounter
                0x000008a0       0x20 .\CortexM3\ARM_GCC_493\Debug\Counter_exemple.a(Counter_1.o)
                0x000008a0                Counter_1_ReadCounter
 .text.Counter_1_ReadCapture
                0x000008c0       0x18 .\CortexM3\ARM_GCC_493\Debug\Counter_exemple.a(Counter_1.o)
                0x000008c0                Counter_1_ReadCapture
 .text.Counter_1_WritePeriod
                0x000008d8       0x20 .\CortexM3\ARM_GCC_493\Debug\Counter_exemple.a(Counter_1.o)
                0x000008d8                Counter_1_WritePeriod
 .text.Counter_1_ReadPeriod
                0x000008f8       0x18 .\CortexM3\ARM_GCC_493\Debug\Counter_exemple.a(Counter_1.o)
                0x000008f8                Counter_1_ReadPeriod
 .text.Counter_1_WriteCompare
                0x00000910       0x20 .\CortexM3\ARM_GCC_493\Debug\Counter_exemple.a(Counter_1.o)
                0x00000910                Counter_1_WriteCompare
 .text.Counter_1_ReadCompare
                0x00000930       0x18 .\CortexM3\ARM_GCC_493\Debug\Counter_exemple.a(Counter_1.o)
                0x00000930                Counter_1_ReadCompare
 .text.Counter_1_ClearFIFO
                0x00000948       0x1c .\CortexM3\ARM_GCC_493\Debug\Counter_exemple.a(Counter_1.o)
                0x00000948                Counter_1_ClearFIFO
 .text.CharLCD_1_Init
                0x00000964       0x78 .\CortexM3\ARM_GCC_493\Debug\Counter_exemple.a(CharLCD_1.o)
                0x00000964                CharLCD_1_Init
 .text.CharLCD_1_Enable
                0x000009dc       0x18 .\CortexM3\ARM_GCC_493\Debug\Counter_exemple.a(CharLCD_1.o)
                0x000009dc                CharLCD_1_Enable
 .text.CharLCD_1_Start
                0x000009f4       0x20 .\CortexM3\ARM_GCC_493\Debug\Counter_exemple.a(CharLCD_1.o)
                0x000009f4                CharLCD_1_Start
 .text.CharLCD_1_Position
                0x00000a14       0x6c .\CortexM3\ARM_GCC_493\Debug\Counter_exemple.a(CharLCD_1.o)
                0x00000a14                CharLCD_1_Position
 .text.CharLCD_1_PrintString
                0x00000a80       0x38 .\CortexM3\ARM_GCC_493\Debug\Counter_exemple.a(CharLCD_1.o)
                0x00000a80                CharLCD_1_PrintString
 .text.CharLCD_1_PutChar
                0x00000ab8       0x18 .\CortexM3\ARM_GCC_493\Debug\Counter_exemple.a(CharLCD_1.o)
                0x00000ab8                CharLCD_1_PutChar
 .text.CharLCD_1_WriteData
                0x00000ad0       0x34 .\CortexM3\ARM_GCC_493\Debug\Counter_exemple.a(CharLCD_1.o)
                0x00000ad0                CharLCD_1_WriteData
 .text.CharLCD_1_WriteControl
                0x00000b04       0x34 .\CortexM3\ARM_GCC_493\Debug\Counter_exemple.a(CharLCD_1.o)
                0x00000b04                CharLCD_1_WriteControl
 .text.CharLCD_1_IsReady
                0x00000b38      0x178 .\CortexM3\ARM_GCC_493\Debug\Counter_exemple.a(CharLCD_1.o)
                0x00000b38                CharLCD_1_IsReady
 .text.CharLCD_1_WrDatNib
                0x00000cb0       0x78 .\CortexM3\ARM_GCC_493\Debug\Counter_exemple.a(CharLCD_1.o)
 .text.CharLCD_1_WrCntrlNib
                0x00000d28       0x60 .\CortexM3\ARM_GCC_493\Debug\Counter_exemple.a(CharLCD_1.o)
 .text.CharLCD_1_PrintInt8
                0x00000d88       0x38 .\CortexM3\ARM_GCC_493\Debug\Counter_exemple.a(CharLCD_1.o)
                0x00000d88                CharLCD_1_PrintInt8
 .text.CharLCD_1_LoadCustomFonts
                0x00000dc0       0x44 .\CortexM3\ARM_GCC_493\Debug\Counter_exemple.a(CharLCD_1_CustChars.o)
                0x00000dc0                CharLCD_1_LoadCustomFonts
 .text.CounterISR_StartEx
                0x00000e04       0x24 .\CortexM3\ARM_GCC_493\Debug\Counter_exemple.a(CounterISR.o)
                0x00000e04                CounterISR_StartEx
 .text.CounterISR_SetVector
                0x00000e28       0x24 .\CortexM3\ARM_GCC_493\Debug\Counter_exemple.a(CounterISR.o)
                0x00000e28                CounterISR_SetVector
 .text.CounterISR_SetPriority
                0x00000e4c       0x24 .\CortexM3\ARM_GCC_493\Debug\Counter_exemple.a(CounterISR.o)
                0x00000e4c                CounterISR_SetPriority
 .text.CounterISR_Enable
                0x00000e70       0x18 .\CortexM3\ARM_GCC_493\Debug\Counter_exemple.a(CounterISR.o)
                0x00000e70                CounterISR_Enable
 .text.CounterISR_Disable
                0x00000e88       0x18 .\CortexM3\ARM_GCC_493\Debug\Counter_exemple.a(CounterISR.o)
                0x00000e88                CounterISR_Disable
 .text.CyDelay  0x00000ea0       0x44 .\CortexM3\ARM_GCC_493\Debug\Counter_exemple.a(CyLib.o)
                0x00000ea0                CyDelay
 .text.CyDelayUs
                0x00000ee4       0x24 .\CortexM3\ARM_GCC_493\Debug\Counter_exemple.a(CyLib.o)
                0x00000ee4                CyDelayUs
 .text          0x00000f08       0x58 .\CortexM3\ARM_GCC_493\Debug\Counter_exemple.a(CyBootAsmGnu.o)
                0x00000f08                CyDelayCycles
                0x00000f46                CyEnterCriticalSection
                0x00000f4e                CyExitCriticalSection
 .text.__errno  0x00000f60        0xc c:/program files (x86)/cypress/psoc creator/4.0/psoc creator/import/gnu/arm/4.9.3/bin/../lib/gcc/arm-none-eabi/4.9.3/../../../../arm-none-eabi/lib/armv7-m\libg_nano.a(lib_a-errno.o)
                0x00000f60                __errno
 .text.__libc_init_array
                0x00000f6c       0x4c c:/program files (x86)/cypress/psoc creator/4.0/psoc creator/import/gnu/arm/4.9.3/bin/../lib/gcc/arm-none-eabi/4.9.3/../../../../arm-none-eabi/lib/armv7-m\libg_nano.a(lib_a-init.o)
                0x00000f6c                __libc_init_array
 .text.memcpy   0x00000fb8       0x16 c:/program files (x86)/cypress/psoc creator/4.0/psoc creator/import/gnu/arm/4.9.3/bin/../lib/gcc/arm-none-eabi/4.9.3/../../../../arm-none-eabi/lib/armv7-m\libg_nano.a(lib_a-memcpy.o)
                0x00000fb8                memcpy
 *(.plt)
 *(.gnu.warning)
 *(.glue_7t)
 .glue_7t       0x00000000        0x0 linker stubs
 *(.glue_7)
 .glue_7        0x00000000        0x0 linker stubs
 *(.vfp11_veneer)
 .vfp11_veneer  0x00000000        0x0 linker stubs
 *(.bootloader)
 *(.ARM.extab* .gnu.linkonce.armextab.*)
 *(.gcc_except_table)

.v4_bx          0x00000fd0        0x0
 .v4_bx         0x00000000        0x0 linker stubs

.iplt           0x00000fd0        0x0
 .iplt          0x00000000        0x0 c:/program files (x86)/cypress/psoc creator/4.0/psoc creator/import/gnu/arm/4.9.3/bin/../lib/gcc/arm-none-eabi/4.9.3/armv7-m/crtbegin.o

.eh_frame_hdr
 *(.eh_frame_hdr)

.eh_frame       0x00000fd0        0x4
 *(.eh_frame)
 .eh_frame      0x00000fd0        0x0 c:/program files (x86)/cypress/psoc creator/4.0/psoc creator/import/gnu/arm/4.9.3/bin/../lib/gcc/arm-none-eabi/4.9.3/armv7-m/crtbegin.o
 .eh_frame      0x00000fd0        0x4 c:/program files (x86)/cypress/psoc creator/4.0/psoc creator/import/gnu/arm/4.9.3/bin/../lib/gcc/arm-none-eabi/4.9.3/armv7-m/crtend.o
                0x00000fd4                PROVIDE (__exidx_start, .)

.ARM.exidx
 *(.ARM.exidx* .gnu.linkonce.armexidx.*)
                0x00000fd4                __exidx_end = .

.rodata         0x00000fd4      0x124
 *(.rodata .rodata.* .gnu.linkonce.r.*)
 .rodata        0x00000fd4       0x18 .\CortexM3\ARM_GCC_493\Debug\main.o
 .rodata        0x00000fec       0x84 .\CortexM3\ARM_GCC_493\Debug\Counter_exemple.a(cyfitter_cfg.o)
 .rodata        0x00001070       0x10 .\CortexM3\ARM_GCC_493\Debug\Counter_exemple.a(CharLCD_1.o)
 .rodata        0x00001080       0x40 .\CortexM3\ARM_GCC_493\Debug\Counter_exemple.a(CharLCD_1_CustChars.o)
                0x00001080                CharLCD_1_customFonts
 .rodata.str1.1
                0x000010c0        0x2 c:/program files (x86)/cypress/psoc creator/4.0/psoc creator/import/gnu/arm/4.9.3/bin/../lib/gcc/arm-none-eabi/4.9.3/../../../../arm-none-eabi/lib/armv7-m\libg_nano.a(lib_a-impure.o)
                0x000010c4                . = ALIGN (0x4)
 *fill*         0x000010c2        0x2 
 *(.init)
 .init          0x000010c4        0x4 c:/program files (x86)/cypress/psoc creator/4.0/psoc creator/import/gnu/arm/4.9.3/bin/../lib/gcc/arm-none-eabi/4.9.3/armv7-m/crti.o
                0x000010c4                _init
 .init          0x000010c8        0x8 c:/program files (x86)/cypress/psoc creator/4.0/psoc creator/import/gnu/arm/4.9.3/bin/../lib/gcc/arm-none-eabi/4.9.3/armv7-m/crtn.o
                0x000010d0                . = ALIGN (0x4)
                0x000010d0                __preinit_array_start = .
 *(.preinit_array)
                0x000010d0                __preinit_array_end = .
                0x000010d0                . = ALIGN (0x4)
                0x000010d0                __init_array_start = .
 *(SORT(.init_array.*))
 *(.init_array)
 .init_array    0x000010d0        0x4 c:/program files (x86)/cypress/psoc creator/4.0/psoc creator/import/gnu/arm/4.9.3/bin/../lib/gcc/arm-none-eabi/4.9.3/armv7-m/crtbegin.o
 .init_array    0x000010d4        0x4 .\CortexM3\ARM_GCC_493\Debug\Cm3Start.o
                0x000010d8                __init_array_end = .
                0x000010d8                . = ALIGN (0x4)
 *(.fini)
 .fini          0x000010d8        0x4 c:/program files (x86)/cypress/psoc creator/4.0/psoc creator/import/gnu/arm/4.9.3/bin/../lib/gcc/arm-none-eabi/4.9.3/armv7-m/crti.o
                0x000010d8                _fini
 .fini          0x000010dc        0x8 c:/program files (x86)/cypress/psoc creator/4.0/psoc creator/import/gnu/arm/4.9.3/bin/../lib/gcc/arm-none-eabi/4.9.3/armv7-m/crtn.o
                0x000010e4                . = ALIGN (0x4)
                0x000010e4                __fini_array_start = .
 *(.fini_array)
 .fini_array    0x000010e4        0x4 c:/program files (x86)/cypress/psoc creator/4.0/psoc creator/import/gnu/arm/4.9.3/bin/../lib/gcc/arm-none-eabi/4.9.3/armv7-m/crtbegin.o
 *(SORT(.fini_array.*))
                0x000010e8                __fini_array_end = .
                0x000010e8                . = ALIGN (0x4)
 *crtbegin.o(.ctors)
 *(EXCLUDE_FILE(*crtend.o) .ctors)
 *(SORT(.ctors.*))
 *crtend.o(.ctors)
                0x000010e8                . = ALIGN (0x4)
 *crtbegin.o(.dtors)
 *(EXCLUDE_FILE(*crtend.o) .dtors)
 *(SORT(.dtors.*))
 *crtend.o(.dtors)
                0x000010e8                . = ALIGN (0x4)
                0x000010e8                __cy_regions = .
                0x000010e8        0x4 LONG 0x10f8 __cy_region_init_ram
                0x000010ec        0x4 LONG 0x1fff8108 __cy_region_start_data
                0x000010f0        0x4 LONG 0x78 __cy_region_init_size_ram
                0x000010f4        0x4 LONG 0x30 __cy_region_zero_size_ram
                0x000010f8                __cy_regions_end = .
                0x000010f8                . = ALIGN (0x8)
                0x000010f8                _etext = .

.cy_checksum_exclude
                0x000010f8        0x0
 *(.cy_checksum_exclude)

.ramvectors     0x1fff8000      0x100
                0x1fff8000                __cy_region_start_ram = .
 *(.ramvectors)
 .ramvectors    0x1fff8000      0x100 .\CortexM3\ARM_GCC_493\Debug\Cm3Start.o
                0x1fff8000                CyRamVectors

.noinit         0x1fff8100        0x5
 *(.noinit)
 .noinit        0x1fff8100        0x4 .\CortexM3\ARM_GCC_493\Debug\Cm3Start.o
 .noinit        0x1fff8104        0x1 .\CortexM3\ARM_GCC_493\Debug\Counter_exemple.a(CyLib.o)
                0x1fff8104                CyResetStatus

.data           0x1fff8108       0x78 load address 0x000010f8
                0x1fff8108                __cy_region_start_data = .
 *(.jcr)
 .jcr           0x1fff8108        0x0 c:/program files (x86)/cypress/psoc creator/4.0/psoc creator/import/gnu/arm/4.9.3/bin/../lib/gcc/arm-none-eabi/4.9.3/armv7-m/crtbegin.o
 .jcr           0x1fff8108        0x4 c:/program files (x86)/cypress/psoc creator/4.0/psoc creator/import/gnu/arm/4.9.3/bin/../lib/gcc/arm-none-eabi/4.9.3/armv7-m/crtend.o
 *(.got.plt)
 *(.got)
 *(.shdata)
 *(.data .data.* .gnu.linkonce.d.*)
 .data          0x1fff810c       0x10 .\CortexM3\ARM_GCC_493\Debug\Counter_exemple.a(CyLib.o)
                0x1fff810c                cydelay_freq_hz
                0x1fff8110                cydelay_freq_khz
                0x1fff8114                cydelay_freq_mhz
                0x1fff8118                cydelay_32k_ms
 .data.impure_data
                0x1fff811c       0x60 c:/program files (x86)/cypress/psoc creator/4.0/psoc creator/import/gnu/arm/4.9.3/bin/../lib/gcc/arm-none-eabi/4.9.3/../../../../arm-none-eabi/lib/armv7-m\libg_nano.a(lib_a-impure.o)
 .data._impure_ptr
                0x1fff817c        0x4 c:/program files (x86)/cypress/psoc creator/4.0/psoc creator/import/gnu/arm/4.9.3/bin/../lib/gcc/arm-none-eabi/4.9.3/../../../../arm-none-eabi/lib/armv7-m\libg_nano.a(lib_a-impure.o)
                0x1fff817c                _impure_ptr
                0x1fff8180                . = ALIGN (0x8)
 *(.ram)
                0x1fff8180                _edata = .

.igot.plt       0x1fff8180        0x0 load address 0x00001170
 .igot.plt      0x00000000        0x0 c:/program files (x86)/cypress/psoc creator/4.0/psoc creator/import/gnu/arm/4.9.3/bin/../lib/gcc/arm-none-eabi/4.9.3/armv7-m/crtbegin.o

.bss            0x1fff8180       0x30 load address 0x00001170
                0x1fff8180                PROVIDE (__bss_start__, .)
 *(.shbss)
 *(.bss .bss.* .gnu.linkonce.b.*)
 .bss           0x1fff8180       0x1c c:/program files (x86)/cypress/psoc creator/4.0/psoc creator/import/gnu/arm/4.9.3/bin/../lib/gcc/arm-none-eabi/4.9.3/armv7-m/crtbegin.o
 *fill*         0x1fff819c        0x4 
 .bss           0x1fff81a0        0x8 .\CortexM3\ARM_GCC_493\Debug\Counter_exemple.a(cyfitter_cfg.o)
 .bss           0x1fff81a8        0x1 .\CortexM3\ARM_GCC_493\Debug\Counter_exemple.a(Counter_1.o)
                0x1fff81a8                Counter_1_initVar
 .bss           0x1fff81a9        0x2 .\CortexM3\ARM_GCC_493\Debug\Counter_exemple.a(CharLCD_1.o)
                0x1fff81a9                CharLCD_1_enableState
                0x1fff81aa                CharLCD_1_initVar
 *(COMMON)
 COMMON         0x1fff81ab        0x1 .\CortexM3\ARM_GCC_493\Debug\main.o
                0x1fff81ab                interruptCnt
                0x1fff81b0                . = ALIGN (0x8)
 *fill*         0x1fff81ac        0x4 
 *(.ram.b)
                0x1fff81b0                _end = .
                0x1fff81b0                __end = .
                0x1fff81b0                PROVIDE (end, .)
                0x1fff81b0                PROVIDE (__bss_end__, .)
                0x000010f8                __cy_region_init_ram = LOADADDR (.data)
                0x00000078                __cy_region_init_size_ram = (_edata - ADDR (.data))
                0x00000030                __cy_region_zero_size_ram = (_end - _edata)

.heap           0x1fff81b0       0x80 load address 0x00001170
                0x1fff81b0                . = _end
                0x1fff8230                . = (. + 0x80)
 *fill*         0x1fff81b0       0x80 
                0x1fff8230                __cy_heap_limit = .

.stack          0x20007800      0x800
                0x20007800                __cy_stack_limit = .
                0x20008000                . = (. + 0x800)
 *fill*         0x20007800      0x800 
                0x00000001                ASSERT ((__cy_stack_limit >= __cy_heap_limit), region RAM overflowed with stack)
                0x00000000                cy_checksum_exclude_size = (CY_APPL_LOADABLE == 0x1)?SIZEOF (.cy_checksum_exclude):0x0
                0x00000001                ASSERT ((cy_checksum_exclude_size <= CY_CHECKSUM_EXCLUDE_SIZE), CY_BOOT: Section .cy_checksum_exclude size exceedes specified limit.)

.cyloadermeta
 *(.cyloadermeta)

.cyloadablemeta
 *(.cyloadablemeta)

.cyconfigecc    0x80000000      0x558
 *(.cyconfigecc)
 .cyconfigecc   0x80000000      0x558 .\CortexM3\ARM_GCC_493\Debug\cymetadata.o
                0x80000000                cy_meta_configecc

.cycustnvl      0x90000000        0x4
 *(.cycustnvl)
 .cycustnvl     0x90000000        0x4 .\CortexM3\ARM_GCC_493\Debug\cymetadata.o
                0x90000000                cy_meta_custnvl

.cywolatch      0x90100000        0x4
 *(.cywolatch)
 .cywolatch     0x90100000        0x4 .\CortexM3\ARM_GCC_493\Debug\cymetadata.o
                0x90100000                cy_meta_wonvl

.cyeeprom       0x90200000        0x0
 *(.cyeeprom)
                0x00000001                ASSERT ((. <= ((0x90200000 + ee_offset) + ee_size)), .cyeeprom data will not fit in EEPROM)

.cyflashprotect
                0x90400000      0x100
 *(.cyflashprotect)
 .cyflashprotect
                0x90400000      0x100 .\CortexM3\ARM_GCC_493\Debug\cymetadata.o
                0x90400000                cy_meta_flashprotect

.cymeta         0x90500000        0xc
 *(.cymeta)
 .cymeta        0x90500000        0xc .\CortexM3\ARM_GCC_493\Debug\cymetadata.o
                0x90500000                cy_metadata

.rel.dyn        0x00001170        0x0 load address 0x9050000c
 .rel.iplt      0x00000000        0x0 c:/program files (x86)/cypress/psoc creator/4.0/psoc creator/import/gnu/arm/4.9.3/bin/../lib/gcc/arm-none-eabi/4.9.3/armv7-m/crtbegin.o

.stab
 *(.stab)

.stabstr
 *(.stabstr)

.debug
 *(.debug)

.line
 *(.line)

.debug_srcinfo
 *(.debug_srcinfo)

.debug_sfnames
 *(.debug_sfnames)

.debug_aranges  0x00000000      0x708
 *(.debug_aranges)
 .debug_aranges
                0x00000000       0x28 .\CortexM3\ARM_GCC_493\Debug\main.o
 .debug_aranges
                0x00000028       0x18 .\CortexM3\ARM_GCC_493\Debug\cymetadata.o
 .debug_aranges
                0x00000040       0x48 .\CortexM3\ARM_GCC_493\Debug\Cm3Start.o
 .debug_aranges
                0x00000088       0x60 .\CortexM3\ARM_GCC_493\Debug\Counter_exemple.a(cyfitter_cfg.o)
 .debug_aranges
                0x000000e8       0x98 .\CortexM3\ARM_GCC_493\Debug\Counter_exemple.a(Counter_1.o)
 .debug_aranges
                0x00000180       0x98 .\CortexM3\ARM_GCC_493\Debug\Counter_exemple.a(CharLCD_1.o)
 .debug_aranges
                0x00000218       0x20 .\CortexM3\ARM_GCC_493\Debug\Counter_exemple.a(CharLCD_1_CustChars.o)
 .debug_aranges
                0x00000238       0x80 .\CortexM3\ARM_GCC_493\Debug\Counter_exemple.a(CounterISR.o)
 .debug_aranges
                0x000002b8      0x2a0 .\CortexM3\ARM_GCC_493\Debug\Counter_exemple.a(CyLib.o)
 .debug_aranges
                0x00000558       0x98 .\CortexM3\ARM_GCC_493\Debug\Counter_exemple.a(cyPm.o)
 .debug_aranges
                0x000005f0       0x20 .\CortexM3\ARM_GCC_493\Debug\Counter_exemple.a(CyBootAsmGnu.o)
 .debug_aranges
                0x00000610       0x80 .\CortexM3\ARM_GCC_493\Debug\Counter_exemple.a(CyFlash.o)
 .debug_aranges
                0x00000690       0x78 .\CortexM3\ARM_GCC_493\Debug\Counter_exemple.a(CySpc.o)

.debug_pubnames
 *(.debug_pubnames)

.debug_info     0x00000000     0x2ea3
 *(.debug_info .gnu.linkonce.wi.*)
 .debug_info    0x00000000      0x103 .\CortexM3\ARM_GCC_493\Debug\main.o
 .debug_info    0x00000103      0x13c .\CortexM3\ARM_GCC_493\Debug\cymetadata.o
 .debug_info    0x0000023f      0x319 .\CortexM3\ARM_GCC_493\Debug\Cm3Start.o
 .debug_info    0x00000558      0x3ab .\CortexM3\ARM_GCC_493\Debug\Counter_exemple.a(cyfitter_cfg.o)
 .debug_info    0x00000903      0x26d .\CortexM3\ARM_GCC_493\Debug\Counter_exemple.a(Counter_1.o)
 .debug_info    0x00000b70      0x3e8 .\CortexM3\ARM_GCC_493\Debug\Counter_exemple.a(CharLCD_1.o)
 .debug_info    0x00000f58       0xf7 .\CortexM3\ARM_GCC_493\Debug\Counter_exemple.a(CharLCD_1_CustChars.o)
 .debug_info    0x0000104f      0x23a .\CortexM3\ARM_GCC_493\Debug\Counter_exemple.a(CounterISR.o)
 .debug_info    0x00001289      0xe4a .\CortexM3\ARM_GCC_493\Debug\Counter_exemple.a(CyLib.o)
 .debug_info    0x000020d3      0x561 .\CortexM3\ARM_GCC_493\Debug\Counter_exemple.a(cyPm.o)
 .debug_info    0x00002634       0xb2 .\CortexM3\ARM_GCC_493\Debug\Counter_exemple.a(CyBootAsmGnu.o)
 .debug_info    0x000026e6      0x36a .\CortexM3\ARM_GCC_493\Debug\Counter_exemple.a(CyFlash.o)
 .debug_info    0x00002a50      0x453 .\CortexM3\ARM_GCC_493\Debug\Counter_exemple.a(CySpc.o)

.debug_abbrev   0x00000000      0xf01
 *(.debug_abbrev)
 .debug_abbrev  0x00000000       0x9d .\CortexM3\ARM_GCC_493\Debug\main.o
 .debug_abbrev  0x0000009d       0x77 .\CortexM3\ARM_GCC_493\Debug\cymetadata.o
 .debug_abbrev  0x00000114      0x1b6 .\CortexM3\ARM_GCC_493\Debug\Cm3Start.o
 .debug_abbrev  0x000002ca      0x192 .\CortexM3\ARM_GCC_493\Debug\Counter_exemple.a(cyfitter_cfg.o)
 .debug_abbrev  0x0000045c      0x12c .\CortexM3\ARM_GCC_493\Debug\Counter_exemple.a(Counter_1.o)
 .debug_abbrev  0x00000588      0x131 .\CortexM3\ARM_GCC_493\Debug\Counter_exemple.a(CharLCD_1.o)
 .debug_abbrev  0x000006b9       0xa2 .\CortexM3\ARM_GCC_493\Debug\Counter_exemple.a(CharLCD_1_CustChars.o)
 .debug_abbrev  0x0000075b      0x172 .\CortexM3\ARM_GCC_493\Debug\Counter_exemple.a(CounterISR.o)
 .debug_abbrev  0x000008cd      0x217 .\CortexM3\ARM_GCC_493\Debug\Counter_exemple.a(CyLib.o)
 .debug_abbrev  0x00000ae4      0x161 .\CortexM3\ARM_GCC_493\Debug\Counter_exemple.a(cyPm.o)
 .debug_abbrev  0x00000c45       0x14 .\CortexM3\ARM_GCC_493\Debug\Counter_exemple.a(CyBootAsmGnu.o)
 .debug_abbrev  0x00000c59      0x13c .\CortexM3\ARM_GCC_493\Debug\Counter_exemple.a(CyFlash.o)
 .debug_abbrev  0x00000d95      0x16c .\CortexM3\ARM_GCC_493\Debug\Counter_exemple.a(CySpc.o)

.debug_line     0x00000000     0x1bbb
 *(.debug_line)
 .debug_line    0x00000000      0x199 .\CortexM3\ARM_GCC_493\Debug\main.o
 .debug_line    0x00000199       0x51 .\CortexM3\ARM_GCC_493\Debug\cymetadata.o
 .debug_line    0x000001ea      0x1dc .\CortexM3\ARM_GCC_493\Debug\Cm3Start.o
 .debug_line    0x000003c6      0x219 .\CortexM3\ARM_GCC_493\Debug\Counter_exemple.a(cyfitter_cfg.o)
 .debug_line    0x000005df      0x187 .\CortexM3\ARM_GCC_493\Debug\Counter_exemple.a(Counter_1.o)
 .debug_line    0x00000766      0x1f7 .\CortexM3\ARM_GCC_493\Debug\Counter_exemple.a(CharLCD_1.o)
 .debug_line    0x0000095d       0x81 .\CortexM3\ARM_GCC_493\Debug\Counter_exemple.a(CharLCD_1_CustChars.o)
 .debug_line    0x000009de      0x145 .\CortexM3\ARM_GCC_493\Debug\Counter_exemple.a(CounterISR.o)
 .debug_line    0x00000b23      0x882 .\CortexM3\ARM_GCC_493\Debug\Counter_exemple.a(CyLib.o)
 .debug_line    0x000013a5      0x37f .\CortexM3\ARM_GCC_493\Debug\Counter_exemple.a(cyPm.o)
 .debug_line    0x00001724       0x7d .\CortexM3\ARM_GCC_493\Debug\Counter_exemple.a(CyBootAsmGnu.o)
 .debug_line    0x000017a1      0x205 .\CortexM3\ARM_GCC_493\Debug\Counter_exemple.a(CyFlash.o)
 .debug_line    0x000019a6      0x215 .\CortexM3\ARM_GCC_493\Debug\Counter_exemple.a(CySpc.o)

.debug_frame    0x00000000     0x1c64
 *(.debug_frame)
 .debug_frame   0x00000000       0x50 .\CortexM3\ARM_GCC_493\Debug\main.o
 .debug_frame   0x00000050       0xd8 .\CortexM3\ARM_GCC_493\Debug\Cm3Start.o
 .debug_frame   0x00000128      0x160 .\CortexM3\ARM_GCC_493\Debug\Counter_exemple.a(cyfitter_cfg.o)
 .debug_frame   0x00000288      0x258 .\CortexM3\ARM_GCC_493\Debug\Counter_exemple.a(Counter_1.o)
 .debug_frame   0x000004e0      0x260 .\CortexM3\ARM_GCC_493\Debug\Counter_exemple.a(CharLCD_1.o)
 .debug_frame   0x00000740       0x38 .\CortexM3\ARM_GCC_493\Debug\Counter_exemple.a(CharLCD_1_CustChars.o)
 .debug_frame   0x00000778      0x1e8 .\CortexM3\ARM_GCC_493\Debug\Counter_exemple.a(CounterISR.o)
 .debug_frame   0x00000960      0xc0c .\CortexM3\ARM_GCC_493\Debug\Counter_exemple.a(CyLib.o)
 .debug_frame   0x0000156c      0x234 .\CortexM3\ARM_GCC_493\Debug\Counter_exemple.a(cyPm.o)
 .debug_frame   0x000017a0      0x210 .\CortexM3\ARM_GCC_493\Debug\Counter_exemple.a(CyFlash.o)
 .debug_frame   0x000019b0      0x1f8 .\CortexM3\ARM_GCC_493\Debug\Counter_exemple.a(CySpc.o)
 .debug_frame   0x00001ba8       0x20 c:/program files (x86)/cypress/psoc creator/4.0/psoc creator/import/gnu/arm/4.9.3/bin/../lib/gcc/arm-none-eabi/4.9.3/../../../../arm-none-eabi/lib/armv7-m\libg_nano.a(lib_a-errno.o)
 .debug_frame   0x00001bc8       0x28 c:/program files (x86)/cypress/psoc creator/4.0/psoc creator/import/gnu/arm/4.9.3/bin/../lib/gcc/arm-none-eabi/4.9.3/../../../../arm-none-eabi/lib/armv7-m\libg_nano.a(lib_a-exit.o)
 .debug_frame   0x00001bf0       0x2c c:/program files (x86)/cypress/psoc creator/4.0/psoc creator/import/gnu/arm/4.9.3/bin/../lib/gcc/arm-none-eabi/4.9.3/../../../../arm-none-eabi/lib/armv7-m\libg_nano.a(lib_a-init.o)
 .debug_frame   0x00001c1c       0x28 c:/program files (x86)/cypress/psoc creator/4.0/psoc creator/import/gnu/arm/4.9.3/bin/../lib/gcc/arm-none-eabi/4.9.3/../../../../arm-none-eabi/lib/armv7-m\libg_nano.a(lib_a-memcpy.o)
 .debug_frame   0x00001c44       0x20 c:/program files (x86)/cypress/psoc creator/4.0/psoc creator/import/gnu/arm/4.9.3/bin/../lib/gcc/arm-none-eabi/4.9.3/../../../../arm-none-eabi/lib/armv7-m\libg_nano.a(lib_a-memset.o)

.debug_str      0x00000000     0x17fc
 *(.debug_str)
 .debug_str     0x00000000      0x1a4 .\CortexM3\ARM_GCC_493\Debug\main.o
                                0x1e5 (size before relaxing)
 .debug_str     0x000001a4       0x75 .\CortexM3\ARM_GCC_493\Debug\cymetadata.o
                                0x20c (size before relaxing)
 .debug_str     0x00000219      0x132 .\CortexM3\ARM_GCC_493\Debug\Cm3Start.o
                                0x2ed (size before relaxing)
 .debug_str     0x0000034b      0x186 .\CortexM3\ARM_GCC_493\Debug\Counter_exemple.a(cyfitter_cfg.o)
                                0x335 (size before relaxing)
 .debug_str     0x000004d1      0x1e4 .\CortexM3\ARM_GCC_493\Debug\Counter_exemple.a(Counter_1.o)
                                0x380 (size before relaxing)
 .debug_str     0x000006b5      0x20b .\CortexM3\ARM_GCC_493\Debug\Counter_exemple.a(CharLCD_1.o)
                                0x3bd (size before relaxing)
 .debug_str     0x000008c0       0x52 .\CortexM3\ARM_GCC_493\Debug\Counter_exemple.a(CharLCD_1_CustChars.o)
                                0x207 (size before relaxing)
 .debug_str     0x00000912      0x144 .\CortexM3\ARM_GCC_493\Debug\Counter_exemple.a(CounterISR.o)
                                0x302 (size before relaxing)
 .debug_str     0x00000a56      0x7d6 .\CortexM3\ARM_GCC_493\Debug\Counter_exemple.a(CyLib.o)
                                0xa00 (size before relaxing)
 .debug_str     0x0000122c      0x365 .\CortexM3\ARM_GCC_493\Debug\Counter_exemple.a(cyPm.o)
                                0x54d (size before relaxing)
 .debug_str     0x00001591      0x145 .\CortexM3\ARM_GCC_493\Debug\Counter_exemple.a(CyFlash.o)
                                0x30c (size before relaxing)
 .debug_str     0x000016d6      0x126 .\CortexM3\ARM_GCC_493\Debug\Counter_exemple.a(CySpc.o)
                                0x309 (size before relaxing)

.debug_loc
 *(.debug_loc)

.debug_macinfo
 *(.debug_macinfo)

.debug_ranges   0x00000000      0x620
 *(.debug_ranges)
 .debug_ranges  0x00000000       0x18 .\CortexM3\ARM_GCC_493\Debug\main.o
 .debug_ranges  0x00000018       0x38 .\CortexM3\ARM_GCC_493\Debug\Cm3Start.o
 .debug_ranges  0x00000050       0x50 .\CortexM3\ARM_GCC_493\Debug\Counter_exemple.a(cyfitter_cfg.o)
 .debug_ranges  0x000000a0       0x88 .\CortexM3\ARM_GCC_493\Debug\Counter_exemple.a(Counter_1.o)
 .debug_ranges  0x00000128       0x88 .\CortexM3\ARM_GCC_493\Debug\Counter_exemple.a(CharLCD_1.o)
 .debug_ranges  0x000001b0       0x10 .\CortexM3\ARM_GCC_493\Debug\Counter_exemple.a(CharLCD_1_CustChars.o)
 .debug_ranges  0x000001c0       0x70 .\CortexM3\ARM_GCC_493\Debug\Counter_exemple.a(CounterISR.o)
 .debug_ranges  0x00000230      0x290 .\CortexM3\ARM_GCC_493\Debug\Counter_exemple.a(CyLib.o)
 .debug_ranges  0x000004c0       0x88 .\CortexM3\ARM_GCC_493\Debug\Counter_exemple.a(cyPm.o)
 .debug_ranges  0x00000548       0x70 .\CortexM3\ARM_GCC_493\Debug\Counter_exemple.a(CyFlash.o)
 .debug_ranges  0x000005b8       0x68 .\CortexM3\ARM_GCC_493\Debug\Counter_exemple.a(CySpc.o)

.comment        0x00000000       0x70
 .comment       0x00000000       0x70 .\CortexM3\ARM_GCC_493\Debug\main.o
                                 0x71 (size before relaxing)
 .comment       0x00000000       0x71 .\CortexM3\ARM_GCC_493\Debug\cymetadata.o
 .comment       0x00000000       0x71 .\CortexM3\ARM_GCC_493\Debug\Cm3Start.o
 .comment       0x00000000       0x71 .\CortexM3\ARM_GCC_493\Debug\Counter_exemple.a(cyfitter_cfg.o)
 .comment       0x00000000       0x71 .\CortexM3\ARM_GCC_493\Debug\Counter_exemple.a(Counter_1.o)
 .comment       0x00000000       0x71 .\CortexM3\ARM_GCC_493\Debug\Counter_exemple.a(CharLCD_1.o)
 .comment       0x00000000       0x71 .\CortexM3\ARM_GCC_493\Debug\Counter_exemple.a(CharLCD_1_CustChars.o)
 .comment       0x00000000       0x71 .\CortexM3\ARM_GCC_493\Debug\Counter_exemple.a(CounterISR.o)
 .comment       0x00000000       0x71 .\CortexM3\ARM_GCC_493\Debug\Counter_exemple.a(CyLib.o)
 .comment       0x00000000       0x71 .\CortexM3\ARM_GCC_493\Debug\Counter_exemple.a(cyPm.o)
 .comment       0x00000000       0x71 .\CortexM3\ARM_GCC_493\Debug\Counter_exemple.a(CyFlash.o)
 .comment       0x00000000       0x71 .\CortexM3\ARM_GCC_493\Debug\Counter_exemple.a(CySpc.o)

.debug_weaknames
 *(.debug_weaknames)

.debug_funcnames
 *(.debug_funcnames)

.debug_typenames
 *(.debug_typenames)

.debug_varnames
 *(.debug_varnames)

.note.gnu.arm.ident
 *(.note.gnu.arm.ident)

.ARM.attributes
                0x00000000       0x29
 *(.ARM.attributes)
 .ARM.attributes
                0x00000000       0x1d c:/program files (x86)/cypress/psoc creator/4.0/psoc creator/import/gnu/arm/4.9.3/bin/../lib/gcc/arm-none-eabi/4.9.3/armv7-m/crti.o
 .ARM.attributes
                0x0000001d       0x2d c:/program files (x86)/cypress/psoc creator/4.0/psoc creator/import/gnu/arm/4.9.3/bin/../lib/gcc/arm-none-eabi/4.9.3/armv7-m/crtbegin.o
 .ARM.attributes
                0x0000004a       0x1b c:/program files (x86)/cypress/psoc creator/4.0/psoc creator/import/gnu/arm/4.9.3/bin/../lib/gcc/arm-none-eabi/4.9.3/../../../../arm-none-eabi/lib/armv7-m/crt0.o
 .ARM.attributes
                0x00000065       0x33 .\CortexM3\ARM_GCC_493\Debug\main.o
 .ARM.attributes
                0x00000098       0x33 .\CortexM3\ARM_GCC_493\Debug\cymetadata.o
 .ARM.attributes
                0x000000cb       0x33 .\CortexM3\ARM_GCC_493\Debug\Cm3Start.o
 .ARM.attributes
                0x000000fe       0x33 .\CortexM3\ARM_GCC_493\Debug\Counter_exemple.a(cyfitter_cfg.o)
 .ARM.attributes
                0x00000131       0x33 .\CortexM3\ARM_GCC_493\Debug\Counter_exemple.a(Counter_1.o)
 .ARM.attributes
                0x00000164       0x33 .\CortexM3\ARM_GCC_493\Debug\Counter_exemple.a(CharLCD_1.o)
 .ARM.attributes
                0x00000197       0x33 .\CortexM3\ARM_GCC_493\Debug\Counter_exemple.a(CharLCD_1_CustChars.o)
 .ARM.attributes
                0x000001ca       0x33 .\CortexM3\ARM_GCC_493\Debug\Counter_exemple.a(CounterISR.o)
 .ARM.attributes
                0x000001fd       0x33 .\CortexM3\ARM_GCC_493\Debug\Counter_exemple.a(CyLib.o)
 .ARM.attributes
                0x00000230       0x33 .\CortexM3\ARM_GCC_493\Debug\Counter_exemple.a(cyPm.o)
 .ARM.attributes
                0x00000263       0x21 .\CortexM3\ARM_GCC_493\Debug\Counter_exemple.a(CyBootAsmGnu.o)
 .ARM.attributes
                0x00000284       0x33 .\CortexM3\ARM_GCC_493\Debug\Counter_exemple.a(CyFlash.o)
 .ARM.attributes
                0x000002b7       0x33 .\CortexM3\ARM_GCC_493\Debug\Counter_exemple.a(CySpc.o)
 .ARM.attributes
                0x000002ea       0x2d c:/program files (x86)/cypress/psoc creator/4.0/psoc creator/import/gnu/arm/4.9.3/bin/../lib/gcc/arm-none-eabi/4.9.3/../../../../arm-none-eabi/lib/armv7-m\libg_nano.a(lib_a-errno.o)
 .ARM.attributes
                0x00000317       0x2d c:/program files (x86)/cypress/psoc creator/4.0/psoc creator/import/gnu/arm/4.9.3/bin/../lib/gcc/arm-none-eabi/4.9.3/../../../../arm-none-eabi/lib/armv7-m\libg_nano.a(lib_a-exit.o)
 .ARM.attributes
                0x00000344       0x2d c:/program files (x86)/cypress/psoc creator/4.0/psoc creator/import/gnu/arm/4.9.3/bin/../lib/gcc/arm-none-eabi/4.9.3/../../../../arm-none-eabi/lib/armv7-m\libg_nano.a(lib_a-impure.o)
 .ARM.attributes
                0x00000371       0x2d c:/program files (x86)/cypress/psoc creator/4.0/psoc creator/import/gnu/arm/4.9.3/bin/../lib/gcc/arm-none-eabi/4.9.3/../../../../arm-none-eabi/lib/armv7-m\libg_nano.a(lib_a-init.o)
 .ARM.attributes
                0x0000039e       0x2d c:/program files (x86)/cypress/psoc creator/4.0/psoc creator/import/gnu/arm/4.9.3/bin/../lib/gcc/arm-none-eabi/4.9.3/../../../../arm-none-eabi/lib/armv7-m\libg_nano.a(lib_a-memcpy.o)
 .ARM.attributes
                0x000003cb       0x2d c:/program files (x86)/cypress/psoc creator/4.0/psoc creator/import/gnu/arm/4.9.3/bin/../lib/gcc/arm-none-eabi/4.9.3/../../../../arm-none-eabi/lib/armv7-m\libg_nano.a(lib_a-memset.o)
 .ARM.attributes
                0x000003f8       0x2d c:/program files (x86)/cypress/psoc creator/4.0/psoc creator/import/gnu/arm/4.9.3/bin/../lib/gcc/arm-none-eabi/4.9.3/armv7-m/crtend.o
 .ARM.attributes
                0x00000425       0x1d c:/program files (x86)/cypress/psoc creator/4.0/psoc creator/import/gnu/arm/4.9.3/bin/../lib/gcc/arm-none-eabi/4.9.3/armv7-m/crtn.o

/DISCARD/
 *(.note.GNU-stack)
OUTPUT(.\CortexM3\ARM_GCC_493\Debug\Counter_exemple.elf elf32-littlearm)
