Archive member included because of file (symbol)

.\CortexM3\ARM_GCC_493\Debug\Test_timer.a(cyfitter_cfg.o)
                              .\CortexM3\ARM_GCC_493\Debug\Cm3Start.o (cyfitter_cfg)
.\CortexM3\ARM_GCC_493\Debug\Test_timer.a(Timer_1.o)
                              .\CortexM3\ARM_GCC_493\Debug\main.o (Timer_1_ReadStatusRegister)
.\CortexM3\ARM_GCC_493\Debug\Test_timer.a(PWM_1.o)
                              .\CortexM3\ARM_GCC_493\Debug\main.o (PWM_1_Start)
.\CortexM3\ARM_GCC_493\Debug\Test_timer.a(stop_timer.o)
                              .\CortexM3\ARM_GCC_493\Debug\main.o (stop_timer_StartEx)
.\CortexM3\ARM_GCC_493\Debug\Test_timer.a(CyLib.o)
                              .\CortexM3\ARM_GCC_493\Debug\Cm3Start.o (CyHalt)
.\CortexM3\ARM_GCC_493\Debug\Test_timer.a(cyPm.o)
                              .\CortexM3\ARM_GCC_493\Debug\Test_timer.a(CyLib.o) (CyPmReadStatus)
.\CortexM3\ARM_GCC_493\Debug\Test_timer.a(cyutils.o)
                              .\CortexM3\ARM_GCC_493\Debug\Test_timer.a(Timer_1.o) (CySetReg24)
.\CortexM3\ARM_GCC_493\Debug\Test_timer.a(Control_Reg_1.o)
                              .\CortexM3\ARM_GCC_493\Debug\main.o (Control_Reg_1_Write)
.\CortexM3\ARM_GCC_493\Debug\Test_timer.a(interrupt_capture_out.o)
                              .\CortexM3\ARM_GCC_493\Debug\main.o (interrupt_capture_out_StartEx)
.\CortexM3\ARM_GCC_493\Debug\Test_timer.a(interrupt_tc.o)
                              .\CortexM3\ARM_GCC_493\Debug\main.o (interrupt_tc_StartEx)
.\CortexM3\ARM_GCC_493\Debug\Test_timer.a(CharLCD_1.o)
                              .\CortexM3\ARM_GCC_493\Debug\main.o (CharLCD_1_PrintString)
.\CortexM3\ARM_GCC_493\Debug\Test_timer.a(CharLCD_1_CustChars.o)
                              .\CortexM3\ARM_GCC_493\Debug\Test_timer.a(CharLCD_1.o) (CharLCD_1_LoadCustomFonts)
.\CortexM3\ARM_GCC_493\Debug\Test_timer.a(CyBootAsmGnu.o)
                              .\CortexM3\ARM_GCC_493\Debug\Test_timer.a(cyfitter_cfg.o) (CyDelayCycles)
.\CortexM3\ARM_GCC_493\Debug\Test_timer.a(CyFlash.o)
                              .\CortexM3\ARM_GCC_493\Debug\Test_timer.a(cyPm.o) (CyFlash_SetWaitCycles)
.\CortexM3\ARM_GCC_493\Debug\Test_timer.a(CySpc.o)
                              .\CortexM3\ARM_GCC_493\Debug\Test_timer.a(CyFlash.o) (CySpcStart)
c:/program files (x86)/cypress/psoc creator/4.0/psoc creator/import/gnu/arm/4.9.3/bin/../lib/gcc/arm-none-eabi/4.9.3/../../../../arm-none-eabi/lib/armv7-m\libg_nano.a(lib_a-errno.o)
                              .\CortexM3\ARM_GCC_493\Debug\Cm3Start.o (__errno)
c:/program files (x86)/cypress/psoc creator/4.0/psoc creator/import/gnu/arm/4.9.3/bin/../lib/gcc/arm-none-eabi/4.9.3/../../../../arm-none-eabi/lib/armv7-m\libg_nano.a(lib_a-exit.o)
                              c:/program files (x86)/cypress/psoc creator/4.0/psoc creator/import/gnu/arm/4.9.3/bin/../lib/gcc/arm-none-eabi/4.9.3/../../../../arm-none-eabi/lib/armv7-m/crt0.o (exit)
c:/program files (x86)/cypress/psoc creator/4.0/psoc creator/import/gnu/arm/4.9.3/bin/../lib/gcc/arm-none-eabi/4.9.3/../../../../arm-none-eabi/lib/armv7-m\libg_nano.a(lib_a-impure.o)
                              c:/program files (x86)/cypress/psoc creator/4.0/psoc creator/import/gnu/arm/4.9.3/bin/../lib/gcc/arm-none-eabi/4.9.3/../../../../arm-none-eabi/lib/armv7-m\libg_nano.a(lib_a-exit.o) (_global_impure_ptr)
c:/program files (x86)/cypress/psoc creator/4.0/psoc creator/import/gnu/arm/4.9.3/bin/../lib/gcc/arm-none-eabi/4.9.3/../../../../arm-none-eabi/lib/armv7-m\libg_nano.a(lib_a-init.o)
                              c:/program files (x86)/cypress/psoc creator/4.0/psoc creator/import/gnu/arm/4.9.3/bin/../lib/gcc/arm-none-eabi/4.9.3/../../../../arm-none-eabi/lib/armv7-m/crt0.o (__libc_init_array)
c:/program files (x86)/cypress/psoc creator/4.0/psoc creator/import/gnu/arm/4.9.3/bin/../lib/gcc/arm-none-eabi/4.9.3/../../../../arm-none-eabi/lib/armv7-m\libg_nano.a(lib_a-memcpy.o)
                              .\CortexM3\ARM_GCC_493\Debug\Test_timer.a(cyfitter_cfg.o) (memcpy)
c:/program files (x86)/cypress/psoc creator/4.0/psoc creator/import/gnu/arm/4.9.3/bin/../lib/gcc/arm-none-eabi/4.9.3/../../../../arm-none-eabi/lib/armv7-m\libg_nano.a(lib_a-memset.o)
                              c:/program files (x86)/cypress/psoc creator/4.0/psoc creator/import/gnu/arm/4.9.3/bin/../lib/gcc/arm-none-eabi/4.9.3/../../../../arm-none-eabi/lib/armv7-m/crt0.o (memset)

Allocating common symbols
Common symbol       size              file

timerCount          0x4               .\CortexM3\ARM_GCC_493\Debug\main.o
dieTemperature      0x2               .\CortexM3\ARM_GCC_493\Debug\Test_timer.a(CyFlash.o)

Discarded input sections

 .text          0x00000000        0x0 c:/program files (x86)/cypress/psoc creator/4.0/psoc creator/import/gnu/arm/4.9.3/bin/../lib/gcc/arm-none-eabi/4.9.3/armv7-m/crti.o
 .data          0x00000000        0x0 c:/program files (x86)/cypress/psoc creator/4.0/psoc creator/import/gnu/arm/4.9.3/bin/../lib/gcc/arm-none-eabi/4.9.3/armv7-m/crti.o
 .bss           0x00000000        0x0 c:/program files (x86)/cypress/psoc creator/4.0/psoc creator/import/gnu/arm/4.9.3/bin/../lib/gcc/arm-none-eabi/4.9.3/armv7-m/crti.o
 .data          0x00000000        0x4 c:/program files (x86)/cypress/psoc creator/4.0/psoc creator/import/gnu/arm/4.9.3/bin/../lib/gcc/arm-none-eabi/4.9.3/armv7-m/crtbegin.o
 .text          0x00000000       0x74 c:/program files (x86)/cypress/psoc creator/4.0/psoc creator/import/gnu/arm/4.9.3/bin/../lib/gcc/arm-none-eabi/4.9.3/../../../../arm-none-eabi/lib/armv7-m/crt0.o
 .data          0x00000000        0x0 c:/program files (x86)/cypress/psoc creator/4.0/psoc creator/import/gnu/arm/4.9.3/bin/../lib/gcc/arm-none-eabi/4.9.3/../../../../arm-none-eabi/lib/armv7-m/crt0.o
 .bss           0x00000000        0x0 c:/program files (x86)/cypress/psoc creator/4.0/psoc creator/import/gnu/arm/4.9.3/bin/../lib/gcc/arm-none-eabi/4.9.3/../../../../arm-none-eabi/lib/armv7-m/crt0.o
 .ARM.extab     0x00000000        0x0 c:/program files (x86)/cypress/psoc creator/4.0/psoc creator/import/gnu/arm/4.9.3/bin/../lib/gcc/arm-none-eabi/4.9.3/../../../../arm-none-eabi/lib/armv7-m/crt0.o
 .ARM.exidx     0x00000000        0x8 c:/program files (x86)/cypress/psoc creator/4.0/psoc creator/import/gnu/arm/4.9.3/bin/../lib/gcc/arm-none-eabi/4.9.3/../../../../arm-none-eabi/lib/armv7-m/crt0.o
 .text          0x00000000        0x0 .\CortexM3\ARM_GCC_493\Debug\main.o
 .data          0x00000000        0x0 .\CortexM3\ARM_GCC_493\Debug\main.o
 .bss           0x00000000        0x0 .\CortexM3\ARM_GCC_493\Debug\main.o
 .text          0x00000000        0x0 .\CortexM3\ARM_GCC_493\Debug\cymetadata.o
 .data          0x00000000        0x0 .\CortexM3\ARM_GCC_493\Debug\cymetadata.o
 .bss           0x00000000        0x0 .\CortexM3\ARM_GCC_493\Debug\cymetadata.o
 .text          0x00000000        0x0 .\CortexM3\ARM_GCC_493\Debug\Cm3Start.o
 .data          0x00000000        0x4 .\CortexM3\ARM_GCC_493\Debug\Cm3Start.o
 .bss           0x00000000        0x0 .\CortexM3\ARM_GCC_493\Debug\Cm3Start.o
 .text._exit    0x00000000        0xc .\CortexM3\ARM_GCC_493\Debug\Cm3Start.o
 .text._sbrk    0x00000000       0x30 .\CortexM3\ARM_GCC_493\Debug\Cm3Start.o
 .text          0x00000000        0x0 .\CortexM3\ARM_GCC_493\Debug\Test_timer.a(cyfitter_cfg.o)
 .data          0x00000000        0x0 .\CortexM3\ARM_GCC_493\Debug\Test_timer.a(cyfitter_cfg.o)
 .bss           0x00000000        0x0 .\CortexM3\ARM_GCC_493\Debug\Test_timer.a(cyfitter_cfg.o)
 .text.SetAnalogRoutingPumps
                0x00000000       0x10 .\CortexM3\ARM_GCC_493\Debug\Test_timer.a(cyfitter_cfg.o)
 .text          0x00000000        0x0 .\CortexM3\ARM_GCC_493\Debug\Test_timer.a(Timer_1.o)
 .data          0x00000000        0x0 .\CortexM3\ARM_GCC_493\Debug\Test_timer.a(Timer_1.o)
 .text.Timer_1_Enable
                0x00000000        0x4 .\CortexM3\ARM_GCC_493\Debug\Test_timer.a(Timer_1.o)
 .text.Timer_1_Stop
                0x00000000        0x4 .\CortexM3\ARM_GCC_493\Debug\Test_timer.a(Timer_1.o)
 .text.Timer_1_SoftwareCapture
                0x00000000        0xc .\CortexM3\ARM_GCC_493\Debug\Test_timer.a(Timer_1.o)
 .text.Timer_1_ReadPeriod
                0x00000000       0x10 .\CortexM3\ARM_GCC_493\Debug\Test_timer.a(Timer_1.o)
 .text.Timer_1_ReadCounter
                0x00000000       0x18 .\CortexM3\ARM_GCC_493\Debug\Test_timer.a(Timer_1.o)
 .text.Timer_1_SetInterruptCount
                0x00000000        0x4 .\CortexM3\ARM_GCC_493\Debug\Test_timer.a(Timer_1.o)
 .text          0x00000000        0x0 .\CortexM3\ARM_GCC_493\Debug\Test_timer.a(PWM_1.o)
 .data          0x00000000        0x0 .\CortexM3\ARM_GCC_493\Debug\Test_timer.a(PWM_1.o)
 .text.PWM_1_Stop
                0x00000000       0x10 .\CortexM3\ARM_GCC_493\Debug\Test_timer.a(PWM_1.o)
 .text.PWM_1_ReadCounter
                0x00000000       0x14 .\CortexM3\ARM_GCC_493\Debug\Test_timer.a(PWM_1.o)
 .text.PWM_1_ReadControlRegister
                0x00000000        0xc .\CortexM3\ARM_GCC_493\Debug\Test_timer.a(PWM_1.o)
 .text.PWM_1_WriteControlRegister
                0x00000000        0xc .\CortexM3\ARM_GCC_493\Debug\Test_timer.a(PWM_1.o)
 .text.PWM_1_ReadCompare1
                0x00000000        0xc .\CortexM3\ARM_GCC_493\Debug\Test_timer.a(PWM_1.o)
 .text.PWM_1_ReadCompare2
                0x00000000        0xc .\CortexM3\ARM_GCC_493\Debug\Test_timer.a(PWM_1.o)
 .text.PWM_1_ReadPeriod
                0x00000000        0xc .\CortexM3\ARM_GCC_493\Debug\Test_timer.a(PWM_1.o)
 .text          0x00000000        0x0 .\CortexM3\ARM_GCC_493\Debug\Test_timer.a(stop_timer.o)
 .data          0x00000000        0x0 .\CortexM3\ARM_GCC_493\Debug\Test_timer.a(stop_timer.o)
 .bss           0x00000000        0x0 .\CortexM3\ARM_GCC_493\Debug\Test_timer.a(stop_timer.o)
 .text.stop_timer_Interrupt
                0x00000000        0x4 .\CortexM3\ARM_GCC_493\Debug\Test_timer.a(stop_timer.o)
 .text.stop_timer_GetVector
                0x00000000        0xc .\CortexM3\ARM_GCC_493\Debug\Test_timer.a(stop_timer.o)
 .text.stop_timer_GetPriority
                0x00000000        0xc .\CortexM3\ARM_GCC_493\Debug\Test_timer.a(stop_timer.o)
 .text.stop_timer_GetState
                0x00000000       0x18 .\CortexM3\ARM_GCC_493\Debug\Test_timer.a(stop_timer.o)
 .text.stop_timer_Start
                0x00000000       0x1c .\CortexM3\ARM_GCC_493\Debug\Test_timer.a(stop_timer.o)
 .text.stop_timer_Stop
                0x00000000       0x14 .\CortexM3\ARM_GCC_493\Debug\Test_timer.a(stop_timer.o)
 .text.stop_timer_SetPending
                0x00000000        0xc .\CortexM3\ARM_GCC_493\Debug\Test_timer.a(stop_timer.o)
 .text.stop_timer_ClearPending
                0x00000000        0xc .\CortexM3\ARM_GCC_493\Debug\Test_timer.a(stop_timer.o)
 .text          0x00000000        0x0 .\CortexM3\ARM_GCC_493\Debug\Test_timer.a(CyLib.o)
 .bss           0x00000000       0x1c .\CortexM3\ARM_GCC_493\Debug\Test_timer.a(CyLib.o)
 .text.CyUSB_PowerOnCheck
                0x00000000       0x48 .\CortexM3\ARM_GCC_493\Debug\Test_timer.a(CyLib.o)
 .text.CyBusClk_Internal_SetDivider
                0x00000000       0x48 .\CortexM3\ARM_GCC_493\Debug\Test_timer.a(CyLib.o)
 .text.CyPLL_OUT_Stop
                0x00000000       0x10 .\CortexM3\ARM_GCC_493\Debug\Test_timer.a(CyLib.o)
 .text.CyIMO_Stop
                0x00000000       0x1c .\CortexM3\ARM_GCC_493\Debug\Test_timer.a(CyLib.o)
 .text.CyIMO_EnableDoubler
                0x00000000       0x10 .\CortexM3\ARM_GCC_493\Debug\Test_timer.a(CyLib.o)
 .text.CyIMO_DisableDoubler
                0x00000000       0x10 .\CortexM3\ARM_GCC_493\Debug\Test_timer.a(CyLib.o)
 .text.CyMasterClk_SetSource
                0x00000000       0x18 .\CortexM3\ARM_GCC_493\Debug\Test_timer.a(CyLib.o)
 .text.CyMasterClk_SetDivider
                0x00000000        0xc .\CortexM3\ARM_GCC_493\Debug\Test_timer.a(CyLib.o)
 .text.CyBusClk_SetDivider
                0x00000000       0x70 .\CortexM3\ARM_GCC_493\Debug\Test_timer.a(CyLib.o)
 .text.CyUsbClk_SetSource
                0x00000000       0x18 .\CortexM3\ARM_GCC_493\Debug\Test_timer.a(CyLib.o)
 .text.CyILO_Start1K
                0x00000000       0x10 .\CortexM3\ARM_GCC_493\Debug\Test_timer.a(CyLib.o)
 .text.CyILO_Stop1K
                0x00000000       0x10 .\CortexM3\ARM_GCC_493\Debug\Test_timer.a(CyLib.o)
 .text.CyILO_Start100K
                0x00000000       0x10 .\CortexM3\ARM_GCC_493\Debug\Test_timer.a(CyLib.o)
 .text.CyILO_Stop100K
                0x00000000       0x10 .\CortexM3\ARM_GCC_493\Debug\Test_timer.a(CyLib.o)
 .text.CyPLL_OUT_Start
                0x00000000       0x78 .\CortexM3\ARM_GCC_493\Debug\Test_timer.a(CyLib.o)
 .text.CyIMO_Start
                0x00000000       0x60 .\CortexM3\ARM_GCC_493\Debug\Test_timer.a(CyLib.o)
 .text.CyILO_Enable33K
                0x00000000       0x10 .\CortexM3\ARM_GCC_493\Debug\Test_timer.a(CyLib.o)
 .text.CyILO_Disable33K
                0x00000000       0x10 .\CortexM3\ARM_GCC_493\Debug\Test_timer.a(CyLib.o)
 .text.CyILO_SetSource
                0x00000000       0x18 .\CortexM3\ARM_GCC_493\Debug\Test_timer.a(CyLib.o)
 .text.CyILO_SetPowerMode
                0x00000000       0x24 .\CortexM3\ARM_GCC_493\Debug\Test_timer.a(CyLib.o)
 .text.CyXTAL_32KHZ_Stop
                0x00000000       0x30 .\CortexM3\ARM_GCC_493\Debug\Test_timer.a(CyLib.o)
 .text.CyXTAL_32KHZ_ReadStatus
                0x00000000       0x10 .\CortexM3\ARM_GCC_493\Debug\Test_timer.a(CyLib.o)
 .text.CyXTAL_Start
                0x00000000       0xac .\CortexM3\ARM_GCC_493\Debug\Test_timer.a(CyLib.o)
 .text.CyXTAL_Stop
                0x00000000       0x10 .\CortexM3\ARM_GCC_493\Debug\Test_timer.a(CyLib.o)
 .text.CyXTAL_EnableErrStatus
                0x00000000       0x10 .\CortexM3\ARM_GCC_493\Debug\Test_timer.a(CyLib.o)
 .text.CyXTAL_DisableErrStatus
                0x00000000       0x10 .\CortexM3\ARM_GCC_493\Debug\Test_timer.a(CyLib.o)
 .text.CyXTAL_ReadStatus
                0x00000000       0x18 .\CortexM3\ARM_GCC_493\Debug\Test_timer.a(CyLib.o)
 .text.CyXTAL_EnableFaultRecovery
                0x00000000       0x10 .\CortexM3\ARM_GCC_493\Debug\Test_timer.a(CyLib.o)
 .text.CyXTAL_DisableFaultRecovery
                0x00000000       0x10 .\CortexM3\ARM_GCC_493\Debug\Test_timer.a(CyLib.o)
 .text.CyXTAL_SetStartup
                0x00000000       0x18 .\CortexM3\ARM_GCC_493\Debug\Test_timer.a(CyLib.o)
 .text.CyXTAL_SetFbVoltage
                0x00000000       0x18 .\CortexM3\ARM_GCC_493\Debug\Test_timer.a(CyLib.o)
 .text.CyXTAL_SetWdVoltage
                0x00000000       0x18 .\CortexM3\ARM_GCC_493\Debug\Test_timer.a(CyLib.o)
 .text.CyHalt   0x00000000        0x4 .\CortexM3\ARM_GCC_493\Debug\Test_timer.a(CyLib.o)
 .text.CyPLL_OUT_SetPQ
                0x00000000       0x60 .\CortexM3\ARM_GCC_493\Debug\Test_timer.a(CyLib.o)
 .text.CyPLL_OUT_SetSource
                0x00000000       0x34 .\CortexM3\ARM_GCC_493\Debug\Test_timer.a(CyLib.o)
 .text.CyIMO_SetTrimValue
                0x00000000       0xcc .\CortexM3\ARM_GCC_493\Debug\Test_timer.a(CyLib.o)
 .text.CyIMO_SetFreq
                0x00000000       0xf4 .\CortexM3\ARM_GCC_493\Debug\Test_timer.a(CyLib.o)
 .text.CyIMO_SetSource
                0x00000000       0x58 .\CortexM3\ARM_GCC_493\Debug\Test_timer.a(CyLib.o)
 .text.CySoftwareReset
                0x00000000       0x10 .\CortexM3\ARM_GCC_493\Debug\Test_timer.a(CyLib.o)
 .text.CyXTAL_32KHZ_SetPowerMode
                0x00000000       0x84 .\CortexM3\ARM_GCC_493\Debug\Test_timer.a(CyLib.o)
 .text.CyXTAL_32KHZ_Start
                0x00000000       0x70 .\CortexM3\ARM_GCC_493\Debug\Test_timer.a(CyLib.o)
 .text.CyDelayFreq
                0x00000000       0x4c .\CortexM3\ARM_GCC_493\Debug\Test_timer.a(CyLib.o)
 .text.CyWdtStart
                0x00000000       0x40 .\CortexM3\ARM_GCC_493\Debug\Test_timer.a(CyLib.o)
 .text.CyWdtClear
                0x00000000        0xc .\CortexM3\ARM_GCC_493\Debug\Test_timer.a(CyLib.o)
 .text.CyVdStickyStatus
                0x00000000       0x2c .\CortexM3\ARM_GCC_493\Debug\Test_timer.a(CyLib.o)
 .text.CyVdLvDigitEnable
                0x00000000       0x84 .\CortexM3\ARM_GCC_493\Debug\Test_timer.a(CyLib.o)
 .text.CyVdLvAnalogEnable
                0x00000000       0x80 .\CortexM3\ARM_GCC_493\Debug\Test_timer.a(CyLib.o)
 .text.CyVdLvDigitDisable
                0x00000000       0x30 .\CortexM3\ARM_GCC_493\Debug\Test_timer.a(CyLib.o)
 .text.CyVdLvAnalogDisable
                0x00000000       0x28 .\CortexM3\ARM_GCC_493\Debug\Test_timer.a(CyLib.o)
 .text.CyVdHvAnalogEnable
                0x00000000       0x54 .\CortexM3\ARM_GCC_493\Debug\Test_timer.a(CyLib.o)
 .text.CyVdHvAnalogDisable
                0x00000000       0x20 .\CortexM3\ARM_GCC_493\Debug\Test_timer.a(CyLib.o)
 .text.CyVdRealTimeStatus
                0x00000000       0x1c .\CortexM3\ARM_GCC_493\Debug\Test_timer.a(CyLib.o)
 .text.CyDisableInts
                0x00000000       0x1c .\CortexM3\ARM_GCC_493\Debug\Test_timer.a(CyLib.o)
 .text.CyEnableInts
                0x00000000       0x18 .\CortexM3\ARM_GCC_493\Debug\Test_timer.a(CyLib.o)
 .text.CyFlushCache
                0x00000000       0x44 .\CortexM3\ARM_GCC_493\Debug\Test_timer.a(CyLib.o)
 .text.CyIntSetSysVector
                0x00000000       0x28 .\CortexM3\ARM_GCC_493\Debug\Test_timer.a(CyLib.o)
 .text.CyIntGetSysVector
                0x00000000       0x20 .\CortexM3\ARM_GCC_493\Debug\Test_timer.a(CyLib.o)
 .text.CyIntSetVector
                0x00000000       0x28 .\CortexM3\ARM_GCC_493\Debug\Test_timer.a(CyLib.o)
 .text.CyIntGetVector
                0x00000000       0x24 .\CortexM3\ARM_GCC_493\Debug\Test_timer.a(CyLib.o)
 .text.CyIntSetPriority
                0x00000000       0x30 .\CortexM3\ARM_GCC_493\Debug\Test_timer.a(CyLib.o)
 .text.CyIntGetPriority
                0x00000000       0x20 .\CortexM3\ARM_GCC_493\Debug\Test_timer.a(CyLib.o)
 .text.CyIntGetState
                0x00000000       0x24 .\CortexM3\ARM_GCC_493\Debug\Test_timer.a(CyLib.o)
 .text.CySysTickStop
                0x00000000       0x10 .\CortexM3\ARM_GCC_493\Debug\Test_timer.a(CyLib.o)
 .text.CySysTickEnableInterrupt
                0x00000000       0x10 .\CortexM3\ARM_GCC_493\Debug\Test_timer.a(CyLib.o)
 .text.CySysTickEnable
                0x00000000       0x18 .\CortexM3\ARM_GCC_493\Debug\Test_timer.a(CyLib.o)
 .text.CySysTickDisableInterrupt
                0x00000000       0x10 .\CortexM3\ARM_GCC_493\Debug\Test_timer.a(CyLib.o)
 .text.CySysTickSetReload
                0x00000000       0x10 .\CortexM3\ARM_GCC_493\Debug\Test_timer.a(CyLib.o)
 .text.CySysTickGetReload
                0x00000000       0x10 .\CortexM3\ARM_GCC_493\Debug\Test_timer.a(CyLib.o)
 .text.CySysTickGetValue
                0x00000000       0x10 .\CortexM3\ARM_GCC_493\Debug\Test_timer.a(CyLib.o)
 .text.CySysTickSetClockSource
                0x00000000       0x20 .\CortexM3\ARM_GCC_493\Debug\Test_timer.a(CyLib.o)
 .text.CySysTickGetClockSource
                0x00000000       0x10 .\CortexM3\ARM_GCC_493\Debug\Test_timer.a(CyLib.o)
 .text.CySysTickGetCountFlag
                0x00000000       0x10 .\CortexM3\ARM_GCC_493\Debug\Test_timer.a(CyLib.o)
 .text.CySysTickServiceCallbacks
                0x00000000       0x28 .\CortexM3\ARM_GCC_493\Debug\Test_timer.a(CyLib.o)
 .text.CySysTickClear
                0x00000000        0xc .\CortexM3\ARM_GCC_493\Debug\Test_timer.a(CyLib.o)
 .text.CySysTickInit
                0x00000000       0x58 .\CortexM3\ARM_GCC_493\Debug\Test_timer.a(CyLib.o)
 .text.CySysTickStart
                0x00000000       0x1c .\CortexM3\ARM_GCC_493\Debug\Test_timer.a(CyLib.o)
 .text.CySysTickSetCallback
                0x00000000       0x10 .\CortexM3\ARM_GCC_493\Debug\Test_timer.a(CyLib.o)
 .text.CySysTickGetCallback
                0x00000000       0x10 .\CortexM3\ARM_GCC_493\Debug\Test_timer.a(CyLib.o)
 .text.CyGetUniqueId
                0x00000000       0x70 .\CortexM3\ARM_GCC_493\Debug\Test_timer.a(CyLib.o)
 .text          0x00000000        0x0 .\CortexM3\ARM_GCC_493\Debug\Test_timer.a(cyPm.o)
 .data          0x00000000        0x0 .\CortexM3\ARM_GCC_493\Debug\Test_timer.a(cyPm.o)
 .bss           0x00000000       0x44 .\CortexM3\ARM_GCC_493\Debug\Test_timer.a(cyPm.o)
 .text.CyPmHibSlpSaveSet
                0x00000000      0x1dc .\CortexM3\ARM_GCC_493\Debug\Test_timer.a(cyPm.o)
 .text.CyPmHibSlpRestore
                0x00000000       0xd4 .\CortexM3\ARM_GCC_493\Debug\Test_timer.a(cyPm.o)
 .text.CyPmHviLviSaveDisable
                0x00000000       0xa0 .\CortexM3\ARM_GCC_493\Debug\Test_timer.a(cyPm.o)
 .text.CyPmHibSaveSet
                0x00000000       0x8c .\CortexM3\ARM_GCC_493\Debug\Test_timer.a(cyPm.o)
 .text.CyPmHviLviRestore
                0x00000000       0x48 .\CortexM3\ARM_GCC_493\Debug\Test_timer.a(cyPm.o)
 .text.CyPmHibRestore
                0x00000000       0x58 .\CortexM3\ARM_GCC_493\Debug\Test_timer.a(cyPm.o)
 .text.CyPmSaveClocks
                0x00000000      0x218 .\CortexM3\ARM_GCC_493\Debug\Test_timer.a(cyPm.o)
 .text.CyPmRestoreClocks
                0x00000000      0x24c .\CortexM3\ARM_GCC_493\Debug\Test_timer.a(cyPm.o)
 .text.CyPmAltAct
                0x00000000       0x6c .\CortexM3\ARM_GCC_493\Debug\Test_timer.a(cyPm.o)
 .text.CyPmSleep
                0x00000000       0xf4 .\CortexM3\ARM_GCC_493\Debug\Test_timer.a(cyPm.o)
 .text.CyPmHibernateEx
                0x00000000       0xf4 .\CortexM3\ARM_GCC_493\Debug\Test_timer.a(cyPm.o)
 .text.CyPmHibernate
                0x00000000        0xc .\CortexM3\ARM_GCC_493\Debug\Test_timer.a(cyPm.o)
 .text.CyPmReadStatus
                0x00000000       0x30 .\CortexM3\ARM_GCC_493\Debug\Test_timer.a(cyPm.o)
 .text.CyPmCtwSetInterval
                0x00000000       0x5c .\CortexM3\ARM_GCC_493\Debug\Test_timer.a(cyPm.o)
 .text.CyPmOppsSet
                0x00000000       0x2c .\CortexM3\ARM_GCC_493\Debug\Test_timer.a(cyPm.o)
 .text.CyPmFtwSetInterval
                0x00000000       0x5c .\CortexM3\ARM_GCC_493\Debug\Test_timer.a(cyPm.o)
 .rodata        0x00000000       0x10 .\CortexM3\ARM_GCC_493\Debug\Test_timer.a(cyPm.o)
 .text          0x00000000        0x0 .\CortexM3\ARM_GCC_493\Debug\Test_timer.a(cyutils.o)
 .data          0x00000000        0x0 .\CortexM3\ARM_GCC_493\Debug\Test_timer.a(cyutils.o)
 .bss           0x00000000        0x0 .\CortexM3\ARM_GCC_493\Debug\Test_timer.a(cyutils.o)
 .text          0x00000000        0x0 .\CortexM3\ARM_GCC_493\Debug\Test_timer.a(Control_Reg_1.o)
 .data          0x00000000        0x0 .\CortexM3\ARM_GCC_493\Debug\Test_timer.a(Control_Reg_1.o)
 .bss           0x00000000        0x0 .\CortexM3\ARM_GCC_493\Debug\Test_timer.a(Control_Reg_1.o)
 .text.Control_Reg_1_Read
                0x00000000        0xc .\CortexM3\ARM_GCC_493\Debug\Test_timer.a(Control_Reg_1.o)
 .text          0x00000000        0x0 .\CortexM3\ARM_GCC_493\Debug\Test_timer.a(interrupt_capture_out.o)
 .data          0x00000000        0x0 .\CortexM3\ARM_GCC_493\Debug\Test_timer.a(interrupt_capture_out.o)
 .bss           0x00000000        0x0 .\CortexM3\ARM_GCC_493\Debug\Test_timer.a(interrupt_capture_out.o)
 .text.interrupt_capture_out_Interrupt
                0x00000000        0x4 .\CortexM3\ARM_GCC_493\Debug\Test_timer.a(interrupt_capture_out.o)
 .text.interrupt_capture_out_GetVector
                0x00000000        0xc .\CortexM3\ARM_GCC_493\Debug\Test_timer.a(interrupt_capture_out.o)
 .text.interrupt_capture_out_GetPriority
                0x00000000        0xc .\CortexM3\ARM_GCC_493\Debug\Test_timer.a(interrupt_capture_out.o)
 .text.interrupt_capture_out_GetState
                0x00000000       0x10 .\CortexM3\ARM_GCC_493\Debug\Test_timer.a(interrupt_capture_out.o)
 .text.interrupt_capture_out_Start
                0x00000000       0x1c .\CortexM3\ARM_GCC_493\Debug\Test_timer.a(interrupt_capture_out.o)
 .text.interrupt_capture_out_Stop
                0x00000000       0x14 .\CortexM3\ARM_GCC_493\Debug\Test_timer.a(interrupt_capture_out.o)
 .text.interrupt_capture_out_SetPending
                0x00000000        0xc .\CortexM3\ARM_GCC_493\Debug\Test_timer.a(interrupt_capture_out.o)
 .text.interrupt_capture_out_ClearPending
                0x00000000        0xc .\CortexM3\ARM_GCC_493\Debug\Test_timer.a(interrupt_capture_out.o)
 .text          0x00000000        0x0 .\CortexM3\ARM_GCC_493\Debug\Test_timer.a(interrupt_tc.o)
 .data          0x00000000        0x0 .\CortexM3\ARM_GCC_493\Debug\Test_timer.a(interrupt_tc.o)
 .bss           0x00000000        0x0 .\CortexM3\ARM_GCC_493\Debug\Test_timer.a(interrupt_tc.o)
 .text.interrupt_tc_Interrupt
                0x00000000        0x4 .\CortexM3\ARM_GCC_493\Debug\Test_timer.a(interrupt_tc.o)
 .text.interrupt_tc_GetVector
                0x00000000        0xc .\CortexM3\ARM_GCC_493\Debug\Test_timer.a(interrupt_tc.o)
 .text.interrupt_tc_GetPriority
                0x00000000        0xc .\CortexM3\ARM_GCC_493\Debug\Test_timer.a(interrupt_tc.o)
 .text.interrupt_tc_GetState
                0x00000000       0x18 .\CortexM3\ARM_GCC_493\Debug\Test_timer.a(interrupt_tc.o)
 .text.interrupt_tc_Start
                0x00000000       0x1c .\CortexM3\ARM_GCC_493\Debug\Test_timer.a(interrupt_tc.o)
 .text.interrupt_tc_Stop
                0x00000000       0x14 .\CortexM3\ARM_GCC_493\Debug\Test_timer.a(interrupt_tc.o)
 .text.interrupt_tc_SetPending
                0x00000000        0xc .\CortexM3\ARM_GCC_493\Debug\Test_timer.a(interrupt_tc.o)
 .text.interrupt_tc_ClearPending
                0x00000000        0xc .\CortexM3\ARM_GCC_493\Debug\Test_timer.a(interrupt_tc.o)
 .text          0x00000000        0x0 .\CortexM3\ARM_GCC_493\Debug\Test_timer.a(CharLCD_1.o)
 .data          0x00000000        0x0 .\CortexM3\ARM_GCC_493\Debug\Test_timer.a(CharLCD_1.o)
 .text.CharLCD_1_Stop
                0x00000000       0x14 .\CortexM3\ARM_GCC_493\Debug\Test_timer.a(CharLCD_1.o)
 .text.CharLCD_1_PrintInt16
                0x00000000       0x14 .\CortexM3\ARM_GCC_493\Debug\Test_timer.a(CharLCD_1.o)
 .text.CharLCD_1_PrintU32Number
                0x00000000       0x60 .\CortexM3\ARM_GCC_493\Debug\Test_timer.a(CharLCD_1.o)
 .text          0x00000000        0x0 .\CortexM3\ARM_GCC_493\Debug\Test_timer.a(CharLCD_1_CustChars.o)
 .data          0x00000000        0x0 .\CortexM3\ARM_GCC_493\Debug\Test_timer.a(CharLCD_1_CustChars.o)
 .bss           0x00000000        0x0 .\CortexM3\ARM_GCC_493\Debug\Test_timer.a(CharLCD_1_CustChars.o)
 .data          0x00000000        0x0 .\CortexM3\ARM_GCC_493\Debug\Test_timer.a(CyBootAsmGnu.o)
 .bss           0x00000000        0x0 .\CortexM3\ARM_GCC_493\Debug\Test_timer.a(CyBootAsmGnu.o)
 .text          0x00000000        0x0 .\CortexM3\ARM_GCC_493\Debug\Test_timer.a(CyFlash.o)
 .data          0x00000000        0x0 .\CortexM3\ARM_GCC_493\Debug\Test_timer.a(CyFlash.o)
 .bss           0x00000000        0x4 .\CortexM3\ARM_GCC_493\Debug\Test_timer.a(CyFlash.o)
 .text.CyFlashGetSpcAlgorithm
                0x00000000       0x4c .\CortexM3\ARM_GCC_493\Debug\Test_timer.a(CyFlash.o)
 .text.CySetTempInt
                0x00000000       0x60 .\CortexM3\ARM_GCC_493\Debug\Test_timer.a(CyFlash.o)
 .text.CyFlash_Start
                0x00000000       0x54 .\CortexM3\ARM_GCC_493\Debug\Test_timer.a(CyFlash.o)
 .text.CyFlash_Stop
                0x00000000       0x24 .\CortexM3\ARM_GCC_493\Debug\Test_timer.a(CyFlash.o)
 .text.CySetTemp
                0x00000000       0x14 .\CortexM3\ARM_GCC_493\Debug\Test_timer.a(CyFlash.o)
 .text.CySetFlashEEBuffer
                0x00000000       0x28 .\CortexM3\ARM_GCC_493\Debug\Test_timer.a(CyFlash.o)
 .text.CyWriteRowFull
                0x00000000       0xf8 .\CortexM3\ARM_GCC_493\Debug\Test_timer.a(CyFlash.o)
 .text.CyWriteRowData
                0x00000000       0x14 .\CortexM3\ARM_GCC_493\Debug\Test_timer.a(CyFlash.o)
 .text.CyFlash_SetWaitCycles
                0x00000000       0x7c .\CortexM3\ARM_GCC_493\Debug\Test_timer.a(CyFlash.o)
 .text.CyEEPROM_Start
                0x00000000       0x54 .\CortexM3\ARM_GCC_493\Debug\Test_timer.a(CyFlash.o)
 .text.CyEEPROM_Stop
                0x00000000       0x24 .\CortexM3\ARM_GCC_493\Debug\Test_timer.a(CyFlash.o)
 .text.CyEEPROM_ReadReserve
                0x00000000       0x1c .\CortexM3\ARM_GCC_493\Debug\Test_timer.a(CyFlash.o)
 .text.CyEEPROM_ReadRelease
                0x00000000       0x10 .\CortexM3\ARM_GCC_493\Debug\Test_timer.a(CyFlash.o)
 COMMON         0x00000000        0x2 .\CortexM3\ARM_GCC_493\Debug\Test_timer.a(CyFlash.o)
 .text          0x00000000        0x0 .\CortexM3\ARM_GCC_493\Debug\Test_timer.a(CySpc.o)
 .data          0x00000000        0x0 .\CortexM3\ARM_GCC_493\Debug\Test_timer.a(CySpc.o)
 .bss           0x00000000        0x8 .\CortexM3\ARM_GCC_493\Debug\Test_timer.a(CySpc.o)
 .text.CySpcStart
                0x00000000       0x24 .\CortexM3\ARM_GCC_493\Debug\Test_timer.a(CySpc.o)
 .text.CySpcStop
                0x00000000       0x24 .\CortexM3\ARM_GCC_493\Debug\Test_timer.a(CySpc.o)
 .text.CySpcReadData
                0x00000000       0x34 .\CortexM3\ARM_GCC_493\Debug\Test_timer.a(CySpc.o)
 .text.CySpcLoadMultiByte
                0x00000000       0x78 .\CortexM3\ARM_GCC_493\Debug\Test_timer.a(CySpc.o)
 .text.CySpcLoadRow
                0x00000000       0x54 .\CortexM3\ARM_GCC_493\Debug\Test_timer.a(CySpc.o)
 .text.CySpcLoadRowFull
                0x00000000       0x80 .\CortexM3\ARM_GCC_493\Debug\Test_timer.a(CySpc.o)
 .text.CySpcWriteRow
                0x00000000       0x4c .\CortexM3\ARM_GCC_493\Debug\Test_timer.a(CySpc.o)
 .text.CySpcEraseSector
                0x00000000       0x3c .\CortexM3\ARM_GCC_493\Debug\Test_timer.a(CySpc.o)
 .text.CySpcGetTemp
                0x00000000       0x3c .\CortexM3\ARM_GCC_493\Debug\Test_timer.a(CySpc.o)
 .text.CySpcLock
                0x00000000       0x4c .\CortexM3\ARM_GCC_493\Debug\Test_timer.a(CySpc.o)
 .text.CySpcUnlock
                0x00000000       0x38 .\CortexM3\ARM_GCC_493\Debug\Test_timer.a(CySpc.o)
 .text.CySpcGetAlgorithm
                0x00000000       0x28 .\CortexM3\ARM_GCC_493\Debug\Test_timer.a(CySpc.o)
 .text          0x00000000        0x0 c:/program files (x86)/cypress/psoc creator/4.0/psoc creator/import/gnu/arm/4.9.3/bin/../lib/gcc/arm-none-eabi/4.9.3/../../../../arm-none-eabi/lib/armv7-m\libg_nano.a(lib_a-errno.o)
 .data          0x00000000        0x0 c:/program files (x86)/cypress/psoc creator/4.0/psoc creator/import/gnu/arm/4.9.3/bin/../lib/gcc/arm-none-eabi/4.9.3/../../../../arm-none-eabi/lib/armv7-m\libg_nano.a(lib_a-errno.o)
 .bss           0x00000000        0x0 c:/program files (x86)/cypress/psoc creator/4.0/psoc creator/import/gnu/arm/4.9.3/bin/../lib/gcc/arm-none-eabi/4.9.3/../../../../arm-none-eabi/lib/armv7-m\libg_nano.a(lib_a-errno.o)
 .text          0x00000000        0x0 c:/program files (x86)/cypress/psoc creator/4.0/psoc creator/import/gnu/arm/4.9.3/bin/../lib/gcc/arm-none-eabi/4.9.3/../../../../arm-none-eabi/lib/armv7-m\libg_nano.a(lib_a-exit.o)
 .data          0x00000000        0x0 c:/program files (x86)/cypress/psoc creator/4.0/psoc creator/import/gnu/arm/4.9.3/bin/../lib/gcc/arm-none-eabi/4.9.3/../../../../arm-none-eabi/lib/armv7-m\libg_nano.a(lib_a-exit.o)
 .bss           0x00000000        0x0 c:/program files (x86)/cypress/psoc creator/4.0/psoc creator/import/gnu/arm/4.9.3/bin/../lib/gcc/arm-none-eabi/4.9.3/../../../../arm-none-eabi/lib/armv7-m\libg_nano.a(lib_a-exit.o)
 .text.exit     0x00000000       0x28 c:/program files (x86)/cypress/psoc creator/4.0/psoc creator/import/gnu/arm/4.9.3/bin/../lib/gcc/arm-none-eabi/4.9.3/../../../../arm-none-eabi/lib/armv7-m\libg_nano.a(lib_a-exit.o)
 .text          0x00000000        0x0 c:/program files (x86)/cypress/psoc creator/4.0/psoc creator/import/gnu/arm/4.9.3/bin/../lib/gcc/arm-none-eabi/4.9.3/../../../../arm-none-eabi/lib/armv7-m\libg_nano.a(lib_a-impure.o)
 .data          0x00000000        0x0 c:/program files (x86)/cypress/psoc creator/4.0/psoc creator/import/gnu/arm/4.9.3/bin/../lib/gcc/arm-none-eabi/4.9.3/../../../../arm-none-eabi/lib/armv7-m\libg_nano.a(lib_a-impure.o)
 .bss           0x00000000        0x0 c:/program files (x86)/cypress/psoc creator/4.0/psoc creator/import/gnu/arm/4.9.3/bin/../lib/gcc/arm-none-eabi/4.9.3/../../../../arm-none-eabi/lib/armv7-m\libg_nano.a(lib_a-impure.o)
 .rodata._global_impure_ptr
                0x00000000        0x4 c:/program files (x86)/cypress/psoc creator/4.0/psoc creator/import/gnu/arm/4.9.3/bin/../lib/gcc/arm-none-eabi/4.9.3/../../../../arm-none-eabi/lib/armv7-m\libg_nano.a(lib_a-impure.o)
 .text          0x00000000        0x0 c:/program files (x86)/cypress/psoc creator/4.0/psoc creator/import/gnu/arm/4.9.3/bin/../lib/gcc/arm-none-eabi/4.9.3/../../../../arm-none-eabi/lib/armv7-m\libg_nano.a(lib_a-init.o)
 .data          0x00000000        0x0 c:/program files (x86)/cypress/psoc creator/4.0/psoc creator/import/gnu/arm/4.9.3/bin/../lib/gcc/arm-none-eabi/4.9.3/../../../../arm-none-eabi/lib/armv7-m\libg_nano.a(lib_a-init.o)
 .bss           0x00000000        0x0 c:/program files (x86)/cypress/psoc creator/4.0/psoc creator/import/gnu/arm/4.9.3/bin/../lib/gcc/arm-none-eabi/4.9.3/../../../../arm-none-eabi/lib/armv7-m\libg_nano.a(lib_a-init.o)
 .text          0x00000000        0x0 c:/program files (x86)/cypress/psoc creator/4.0/psoc creator/import/gnu/arm/4.9.3/bin/../lib/gcc/arm-none-eabi/4.9.3/../../../../arm-none-eabi/lib/armv7-m\libg_nano.a(lib_a-memcpy.o)
 .data          0x00000000        0x0 c:/program files (x86)/cypress/psoc creator/4.0/psoc creator/import/gnu/arm/4.9.3/bin/../lib/gcc/arm-none-eabi/4.9.3/../../../../arm-none-eabi/lib/armv7-m\libg_nano.a(lib_a-memcpy.o)
 .bss           0x00000000        0x0 c:/program files (x86)/cypress/psoc creator/4.0/psoc creator/import/gnu/arm/4.9.3/bin/../lib/gcc/arm-none-eabi/4.9.3/../../../../arm-none-eabi/lib/armv7-m\libg_nano.a(lib_a-memcpy.o)
 .text          0x00000000        0x0 c:/program files (x86)/cypress/psoc creator/4.0/psoc creator/import/gnu/arm/4.9.3/bin/../lib/gcc/arm-none-eabi/4.9.3/../../../../arm-none-eabi/lib/armv7-m\libg_nano.a(lib_a-memset.o)
 .data          0x00000000        0x0 c:/program files (x86)/cypress/psoc creator/4.0/psoc creator/import/gnu/arm/4.9.3/bin/../lib/gcc/arm-none-eabi/4.9.3/../../../../arm-none-eabi/lib/armv7-m\libg_nano.a(lib_a-memset.o)
 .bss           0x00000000        0x0 c:/program files (x86)/cypress/psoc creator/4.0/psoc creator/import/gnu/arm/4.9.3/bin/../lib/gcc/arm-none-eabi/4.9.3/../../../../arm-none-eabi/lib/armv7-m\libg_nano.a(lib_a-memset.o)
 .text          0x00000000        0x0 c:/program files (x86)/cypress/psoc creator/4.0/psoc creator/import/gnu/arm/4.9.3/bin/../lib/gcc/arm-none-eabi/4.9.3/armv7-m/crtend.o
 .data          0x00000000        0x0 c:/program files (x86)/cypress/psoc creator/4.0/psoc creator/import/gnu/arm/4.9.3/bin/../lib/gcc/arm-none-eabi/4.9.3/armv7-m/crtend.o
 .bss           0x00000000        0x0 c:/program files (x86)/cypress/psoc creator/4.0/psoc creator/import/gnu/arm/4.9.3/bin/../lib/gcc/arm-none-eabi/4.9.3/armv7-m/crtend.o
 .text          0x00000000        0x0 c:/program files (x86)/cypress/psoc creator/4.0/psoc creator/import/gnu/arm/4.9.3/bin/../lib/gcc/arm-none-eabi/4.9.3/armv7-m/crtn.o
 .data          0x00000000        0x0 c:/program files (x86)/cypress/psoc creator/4.0/psoc creator/import/gnu/arm/4.9.3/bin/../lib/gcc/arm-none-eabi/4.9.3/armv7-m/crtn.o
 .bss           0x00000000        0x0 c:/program files (x86)/cypress/psoc creator/4.0/psoc creator/import/gnu/arm/4.9.3/bin/../lib/gcc/arm-none-eabi/4.9.3/armv7-m/crtn.o

Memory Configuration

Name             Origin             Length             Attributes
rom              0x00000000         0x00040000         xr
ram              0x1fff8000         0x00010000         xrw
*default*        0x00000000         0xffffffff

Linker script and memory map

LOAD c:/program files (x86)/cypress/psoc creator/4.0/psoc creator/import/gnu/arm/4.9.3/bin/../lib/gcc/arm-none-eabi/4.9.3/armv7-m/crti.o
LOAD c:/program files (x86)/cypress/psoc creator/4.0/psoc creator/import/gnu/arm/4.9.3/bin/../lib/gcc/arm-none-eabi/4.9.3/armv7-m/crtbegin.o
LOAD c:/program files (x86)/cypress/psoc creator/4.0/psoc creator/import/gnu/arm/4.9.3/bin/../lib/gcc/arm-none-eabi/4.9.3/../../../../arm-none-eabi/lib/armv7-m/crt0.o
START GROUP
LOAD .\CortexM3\ARM_GCC_493\Debug\main.o
LOAD .\CortexM3\ARM_GCC_493\Debug\cymetadata.o
LOAD .\CortexM3\ARM_GCC_493\Debug\Cm3Start.o
LOAD .\CortexM3\ARM_GCC_493\Debug\Test_timer.a
LOAD C:\Program Files (x86)\Cypress\PSoC Creator\4.0\PSoC Creator\psoc\content\cycomponentlibrary\CyComponentLibrary.cylib\CortexM3\ARM_GCC_493\Debug\CyComponentLibrary.a
END GROUP
START GROUP
LOAD c:/program files (x86)/cypress/psoc creator/4.0/psoc creator/import/gnu/arm/4.9.3/bin/../lib/gcc/arm-none-eabi/4.9.3/armv7-m\libgcc.a
LOAD c:/program files (x86)/cypress/psoc creator/4.0/psoc creator/import/gnu/arm/4.9.3/bin/../lib/gcc/arm-none-eabi/4.9.3/../../../../arm-none-eabi/lib/armv7-m\libg_nano.a
LOAD c:/program files (x86)/cypress/psoc creator/4.0/psoc creator/import/gnu/arm/4.9.3/bin/../lib/gcc/arm-none-eabi/4.9.3/../../../../arm-none-eabi/lib/armv7-m\libc_nano.a
END GROUP
START GROUP
LOAD c:/program files (x86)/cypress/psoc creator/4.0/psoc creator/import/gnu/arm/4.9.3/bin/../lib/gcc/arm-none-eabi/4.9.3/armv7-m\libgcc.a
LOAD c:/program files (x86)/cypress/psoc creator/4.0/psoc creator/import/gnu/arm/4.9.3/bin/../lib/gcc/arm-none-eabi/4.9.3/../../../../arm-none-eabi/lib/armv7-m\libc_nano.a
END GROUP
LOAD c:/program files (x86)/cypress/psoc creator/4.0/psoc creator/import/gnu/arm/4.9.3/bin/../lib/gcc/arm-none-eabi/4.9.3/armv7-m/crtend.o
LOAD c:/program files (x86)/cypress/psoc creator/4.0/psoc creator/import/gnu/arm/4.9.3/bin/../lib/gcc/arm-none-eabi/4.9.3/armv7-m/crtn.o
START GROUP
LOAD c:/program files (x86)/cypress/psoc creator/4.0/psoc creator/import/gnu/arm/4.9.3/bin/../lib/gcc/arm-none-eabi/4.9.3/armv7-m\libgcc.a
LOAD c:/program files (x86)/cypress/psoc creator/4.0/psoc creator/import/gnu/arm/4.9.3/bin/../lib/gcc/arm-none-eabi/4.9.3/../../../../arm-none-eabi/lib/armv7-m\libc.a
LOAD c:/program files (x86)/cypress/psoc creator/4.0/psoc creator/import/gnu/arm/4.9.3/bin/../lib/gcc/arm-none-eabi/4.9.3/../../../../arm-none-eabi/lib/armv7-m\libnosys.a
END GROUP
                0x00000000                CY_APPL_ORIGIN = 0x0
                0x00000100                CY_FLASH_ROW_SIZE = 0x100
                0x00000020                CY_ECC_ROW_SIZE = 0x20
                0x00000000                CY_EE_IN_BTLDR = 0x0
                0x00000000                CY_APPL_LOADABLE = 0x0
                0x00000800                CY_EE_SIZE = 0x800
                0x00000001                CY_APPL_NUM = 0x1
                0x00000001                CY_APPL_MAX = 0x1
                0x00000040                CY_METADATA_SIZE = 0x40
                0x00000000                CY_APPL_LOADABLE = 0x0
                0x00000000                CY_CHECKSUM_EXCLUDE_SIZE = ALIGN (0x0, CY_FLASH_ROW_SIZE)
                0x1fff81a8                PROVIDE (__cy_heap_start, _end)
                0x00000001                PROVIDE (__cy_region_num, ((__cy_regions_end - __cy_regions) / 0x10))
                0x20008000                PROVIDE (__cy_stack, (ORIGIN (ram) + 0x10000))
                0x20007800                PROVIDE (__cy_heap_end, (__cy_stack - 0x800))

.cybootloader   0x00000000        0x0
 *(.cybootloader)
                0x00000000                appl1_start = CY_APPL_ORIGIN?CY_APPL_ORIGIN:ALIGN (CY_FLASH_ROW_SIZE)
                0x0001ff00                appl2_start = (appl1_start + ALIGN ((((0x40000 - appl1_start) - (0x2 * CY_FLASH_ROW_SIZE)) / 0x2), CY_FLASH_ROW_SIZE))
                0x00000000                appl_start = (CY_APPL_NUM == 0x1)?appl1_start:appl2_start
                0x00000000                ecc_offset = ((appl_start / CY_FLASH_ROW_SIZE) * CY_ECC_ROW_SIZE)
                0x00000000                ee_offset = (CY_APPL_LOADABLE && ! (CY_EE_IN_BTLDR))?((CY_EE_SIZE / CY_APPL_MAX) * (CY_APPL_NUM - 0x1)):0x0
                0x00000800                ee_size = (CY_APPL_LOADABLE && ! (CY_EE_IN_BTLDR))?(CY_EE_SIZE / CY_APPL_MAX):CY_EE_SIZE
                0x00000000                PROVIDE (CY_ECC_OFFSET, ecc_offset)

.text           0x00000000      0xa86
 CREATE_OBJECT_SYMBOLS
                0x00000000                PROVIDE (__cy_interrupt_vector, RomVectors)
 *(.romvectors)
 .romvectors    0x00000000       0x10 .\CortexM3\ARM_GCC_493\Debug\Cm3Start.o
                0x00000000                RomVectors
                0x00000001                ASSERT ((. != __cy_interrupt_vector), No interrupt vector)
                0x00000001                ASSERT (CY_APPL_ORIGIN?(SIZEOF (.cybootloader) <= CY_APPL_ORIGIN):0x1, Wrong image location)
                0x00000010                PROVIDE (__cy_reset, Reset)
 *(.text.Reset)
 .text.Reset    0x00000010       0x18 .\CortexM3\ARM_GCC_493\Debug\Cm3Start.o
                0x00000010                Reset
                0x00000001                ASSERT ((. != __cy_reset), No reset code)
 *(.dma_init)
                0x00000001                ASSERT ((((appl_start + .) <= 0x10000) || 0x1), DMA Init must be within the first 64k of flash)
 *(.text .text.* .gnu.linkonce.t.*)
 .text          0x00000028       0x5c c:/program files (x86)/cypress/psoc creator/4.0/psoc creator/import/gnu/arm/4.9.3/bin/../lib/gcc/arm-none-eabi/4.9.3/armv7-m/crtbegin.o
 .text.interrupt_capture_out_func
                0x00000084        0x4 .\CortexM3\ARM_GCC_493\Debug\main.o
                0x00000084                interrupt_capture_out_func
 .text.interrupt_tc_func
                0x00000088        0x4 .\CortexM3\ARM_GCC_493\Debug\main.o
                0x00000088                interrupt_tc_func
 .text.stop_timer_Inter
                0x0000008c       0x1c .\CortexM3\ARM_GCC_493\Debug\main.o
                0x0000008c                stop_timer_Inter
 .text.main     0x000000a8       0x68 .\CortexM3\ARM_GCC_493\Debug\main.o
                0x000000a8                main
 .text.IntDefaultHandler
                0x00000110       0x10 .\CortexM3\ARM_GCC_493\Debug\Cm3Start.o
                0x00000110                IntDefaultHandler
 .text.Start_c  0x00000120       0x4c .\CortexM3\ARM_GCC_493\Debug\Cm3Start.o
                0x00000120                Start_c
 .text.initialize_psoc
                0x0000016c       0x74 .\CortexM3\ARM_GCC_493\Debug\Cm3Start.o
                0x0000016c                initialize_psoc
 .text.CyClockStartupError
                0x000001e0        0x4 .\CortexM3\ARM_GCC_493\Debug\Test_timer.a(cyfitter_cfg.o)
 .text.cfg_write_bytes32
                0x000001e4       0x34 .\CortexM3\ARM_GCC_493\Debug\Test_timer.a(cyfitter_cfg.o)
 .text.AnalogSetDefault
                0x00000218       0x28 .\CortexM3\ARM_GCC_493\Debug\Test_timer.a(cyfitter_cfg.o)
 .text.CYMEMZERO
                0x00000240        0xc .\CortexM3\ARM_GCC_493\Debug\Test_timer.a(cyfitter_cfg.o)
 .text.ClockSetup
                0x0000024c       0xb8 .\CortexM3\ARM_GCC_493\Debug\Test_timer.a(cyfitter_cfg.o)
 .text.CYCONFIGCPY
                0x00000304        0x8 .\CortexM3\ARM_GCC_493\Debug\Test_timer.a(cyfitter_cfg.o)
 .text.cyfitter_cfg
                0x0000030c       0xec .\CortexM3\ARM_GCC_493\Debug\Test_timer.a(cyfitter_cfg.o)
                0x0000030c                cyfitter_cfg
 .text.Timer_1_SetInterruptMode
                0x000003f8        0xc .\CortexM3\ARM_GCC_493\Debug\Test_timer.a(Timer_1.o)
                0x000003f8                Timer_1_SetInterruptMode
 .text.Timer_1_ReadStatusRegister
                0x00000404        0xc .\CortexM3\ARM_GCC_493\Debug\Test_timer.a(Timer_1.o)
                0x00000404                Timer_1_ReadStatusRegister
 .text.Timer_1_WritePeriod
                0x00000410       0x10 .\CortexM3\ARM_GCC_493\Debug\Test_timer.a(Timer_1.o)
                0x00000410                Timer_1_WritePeriod
 .text.Timer_1_ReadCapture
                0x00000420       0x10 .\CortexM3\ARM_GCC_493\Debug\Test_timer.a(Timer_1.o)
                0x00000420                Timer_1_ReadCapture
 .text.Timer_1_WriteCounter
                0x00000430       0x10 .\CortexM3\ARM_GCC_493\Debug\Test_timer.a(Timer_1.o)
                0x00000430                Timer_1_WriteCounter
 .text.Timer_1_ClearFIFO
                0x00000440       0x14 .\CortexM3\ARM_GCC_493\Debug\Test_timer.a(Timer_1.o)
                0x00000440                Timer_1_ClearFIFO
 .text.Timer_1_Init
                0x00000454       0x38 .\CortexM3\ARM_GCC_493\Debug\Test_timer.a(Timer_1.o)
                0x00000454                Timer_1_Init
 .text.Timer_1_Start
                0x0000048c       0x18 .\CortexM3\ARM_GCC_493\Debug\Test_timer.a(Timer_1.o)
                0x0000048c                Timer_1_Start
 .text.PWM_1_Enable
                0x000004a4       0x10 .\CortexM3\ARM_GCC_493\Debug\Test_timer.a(PWM_1.o)
                0x000004a4                PWM_1_Enable
 .text.PWM_1_WriteCounter
                0x000004b4        0xc .\CortexM3\ARM_GCC_493\Debug\Test_timer.a(PWM_1.o)
                0x000004b4                PWM_1_WriteCounter
 .text.PWM_1_WritePeriod
                0x000004c0        0xc .\CortexM3\ARM_GCC_493\Debug\Test_timer.a(PWM_1.o)
                0x000004c0                PWM_1_WritePeriod
 .text.PWM_1_WriteCompare1
                0x000004cc        0xc .\CortexM3\ARM_GCC_493\Debug\Test_timer.a(PWM_1.o)
                0x000004cc                PWM_1_WriteCompare1
 .text.PWM_1_WriteCompare2
                0x000004d8        0xc .\CortexM3\ARM_GCC_493\Debug\Test_timer.a(PWM_1.o)
                0x000004d8                PWM_1_WriteCompare2
 .text.PWM_1_SetInterruptMode
                0x000004e4        0xc .\CortexM3\ARM_GCC_493\Debug\Test_timer.a(PWM_1.o)
                0x000004e4                PWM_1_SetInterruptMode
 .text.PWM_1_ReadStatusRegister
                0x000004f0        0xc .\CortexM3\ARM_GCC_493\Debug\Test_timer.a(PWM_1.o)
                0x000004f0                PWM_1_ReadStatusRegister
 .text.PWM_1_ReadCapture
                0x000004fc        0xc .\CortexM3\ARM_GCC_493\Debug\Test_timer.a(PWM_1.o)
                0x000004fc                PWM_1_ReadCapture
 .text.PWM_1_ClearFIFO
                0x00000508       0x14 .\CortexM3\ARM_GCC_493\Debug\Test_timer.a(PWM_1.o)
                0x00000508                PWM_1_ClearFIFO
 .text.PWM_1_Init
                0x0000051c       0x68 .\CortexM3\ARM_GCC_493\Debug\Test_timer.a(PWM_1.o)
                0x0000051c                PWM_1_Init
 .text.PWM_1_Start
                0x00000584       0x1c .\CortexM3\ARM_GCC_493\Debug\Test_timer.a(PWM_1.o)
                0x00000584                PWM_1_Start
 .text.stop_timer_SetVector
                0x000005a0        0xc .\CortexM3\ARM_GCC_493\Debug\Test_timer.a(stop_timer.o)
                0x000005a0                stop_timer_SetVector
 .text.stop_timer_SetPriority
                0x000005ac       0x10 .\CortexM3\ARM_GCC_493\Debug\Test_timer.a(stop_timer.o)
                0x000005ac                stop_timer_SetPriority
 .text.stop_timer_Enable
                0x000005bc        0xc .\CortexM3\ARM_GCC_493\Debug\Test_timer.a(stop_timer.o)
                0x000005bc                stop_timer_Enable
 .text.stop_timer_Disable
                0x000005c8        0xc .\CortexM3\ARM_GCC_493\Debug\Test_timer.a(stop_timer.o)
                0x000005c8                stop_timer_Disable
 .text.stop_timer_StartEx
                0x000005d4       0x1c .\CortexM3\ARM_GCC_493\Debug\Test_timer.a(stop_timer.o)
                0x000005d4                stop_timer_StartEx
 .text.CyDelay  0x000005f0       0x2c .\CortexM3\ARM_GCC_493\Debug\Test_timer.a(CyLib.o)
                0x000005f0                CyDelay
 .text.CyDelayUs
                0x0000061c       0x14 .\CortexM3\ARM_GCC_493\Debug\Test_timer.a(CyLib.o)
                0x0000061c                CyDelayUs
 .text.CySetReg24
                0x00000630       0x14 .\CortexM3\ARM_GCC_493\Debug\Test_timer.a(cyutils.o)
                0x00000630                CySetReg24
 .text.Control_Reg_1_Write
                0x00000644        0xc .\CortexM3\ARM_GCC_493\Debug\Test_timer.a(Control_Reg_1.o)
                0x00000644                Control_Reg_1_Write
 .text.interrupt_capture_out_SetVector
                0x00000650        0xc .\CortexM3\ARM_GCC_493\Debug\Test_timer.a(interrupt_capture_out.o)
                0x00000650                interrupt_capture_out_SetVector
 .text.interrupt_capture_out_SetPriority
                0x0000065c       0x10 .\CortexM3\ARM_GCC_493\Debug\Test_timer.a(interrupt_capture_out.o)
                0x0000065c                interrupt_capture_out_SetPriority
 .text.interrupt_capture_out_Enable
                0x0000066c        0xc .\CortexM3\ARM_GCC_493\Debug\Test_timer.a(interrupt_capture_out.o)
                0x0000066c                interrupt_capture_out_Enable
 .text.interrupt_capture_out_Disable
                0x00000678        0xc .\CortexM3\ARM_GCC_493\Debug\Test_timer.a(interrupt_capture_out.o)
                0x00000678                interrupt_capture_out_Disable
 .text.interrupt_capture_out_StartEx
                0x00000684       0x1c .\CortexM3\ARM_GCC_493\Debug\Test_timer.a(interrupt_capture_out.o)
                0x00000684                interrupt_capture_out_StartEx
 .text.interrupt_tc_SetVector
                0x000006a0        0xc .\CortexM3\ARM_GCC_493\Debug\Test_timer.a(interrupt_tc.o)
                0x000006a0                interrupt_tc_SetVector
 .text.interrupt_tc_SetPriority
                0x000006ac       0x10 .\CortexM3\ARM_GCC_493\Debug\Test_timer.a(interrupt_tc.o)
                0x000006ac                interrupt_tc_SetPriority
 .text.interrupt_tc_Enable
                0x000006bc        0xc .\CortexM3\ARM_GCC_493\Debug\Test_timer.a(interrupt_tc.o)
                0x000006bc                interrupt_tc_Enable
 .text.interrupt_tc_Disable
                0x000006c8        0xc .\CortexM3\ARM_GCC_493\Debug\Test_timer.a(interrupt_tc.o)
                0x000006c8                interrupt_tc_Disable
 .text.interrupt_tc_StartEx
                0x000006d4       0x1c .\CortexM3\ARM_GCC_493\Debug\Test_timer.a(interrupt_tc.o)
                0x000006d4                interrupt_tc_StartEx
 .text.CharLCD_1_WrCntrlNib
                0x000006f0       0x34 .\CortexM3\ARM_GCC_493\Debug\Test_timer.a(CharLCD_1.o)
 .text.CharLCD_1_WrDatNib
                0x00000724       0x44 .\CortexM3\ARM_GCC_493\Debug\Test_timer.a(CharLCD_1.o)
 .text.CharLCD_1_IsReady
                0x00000768       0xe4 .\CortexM3\ARM_GCC_493\Debug\Test_timer.a(CharLCD_1.o)
                0x00000768                CharLCD_1_IsReady
 .text.CharLCD_1_WriteData
                0x0000084c       0x18 .\CortexM3\ARM_GCC_493\Debug\Test_timer.a(CharLCD_1.o)
                0x0000084c                CharLCD_1_WriteData
 .text.CharLCD_1_PrintString
                0x00000864       0x1c .\CortexM3\ARM_GCC_493\Debug\Test_timer.a(CharLCD_1.o)
                0x00000864                CharLCD_1_PrintString
 .text.CharLCD_1_PutChar
                0x00000880        0x8 .\CortexM3\ARM_GCC_493\Debug\Test_timer.a(CharLCD_1.o)
                0x00000880                CharLCD_1_PutChar
 .text.CharLCD_1_WriteControl
                0x00000888       0x18 .\CortexM3\ARM_GCC_493\Debug\Test_timer.a(CharLCD_1.o)
                0x00000888                CharLCD_1_WriteControl
 .text.CharLCD_1_Init
                0x000008a0       0x74 .\CortexM3\ARM_GCC_493\Debug\Test_timer.a(CharLCD_1.o)
                0x000008a0                CharLCD_1_Init
 .text.CharLCD_1_Enable
                0x00000914       0x14 .\CortexM3\ARM_GCC_493\Debug\Test_timer.a(CharLCD_1.o)
                0x00000914                CharLCD_1_Enable
 .text.CharLCD_1_Start
                0x00000928       0x1c .\CortexM3\ARM_GCC_493\Debug\Test_timer.a(CharLCD_1.o)
                0x00000928                CharLCD_1_Start
 .text.CharLCD_1_Position
                0x00000944       0x3c .\CortexM3\ARM_GCC_493\Debug\Test_timer.a(CharLCD_1.o)
                0x00000944                CharLCD_1_Position
 .text.CharLCD_1_PrintInt8
                0x00000980       0x20 .\CortexM3\ARM_GCC_493\Debug\Test_timer.a(CharLCD_1.o)
                0x00000980                CharLCD_1_PrintInt8
 .text.CharLCD_1_PrintInt32
                0x000009a0       0x1c .\CortexM3\ARM_GCC_493\Debug\Test_timer.a(CharLCD_1.o)
                0x000009a0                CharLCD_1_PrintInt32
 .text.CharLCD_1_LoadCustomFonts
                0x000009bc       0x2c .\CortexM3\ARM_GCC_493\Debug\Test_timer.a(CharLCD_1_CustChars.o)
                0x000009bc                CharLCD_1_LoadCustomFonts
 .text          0x000009e8       0x20 .\CortexM3\ARM_GCC_493\Debug\Test_timer.a(CyBootAsmGnu.o)
                0x000009e8                CyDelayCycles
                0x000009f8                CyEnterCriticalSection
                0x00000a00                CyExitCriticalSection
 .text.__errno  0x00000a08        0xc c:/program files (x86)/cypress/psoc creator/4.0/psoc creator/import/gnu/arm/4.9.3/bin/../lib/gcc/arm-none-eabi/4.9.3/../../../../arm-none-eabi/lib/armv7-m\libg_nano.a(lib_a-errno.o)
                0x00000a08                __errno
 .text.__libc_init_array
                0x00000a14       0x4c c:/program files (x86)/cypress/psoc creator/4.0/psoc creator/import/gnu/arm/4.9.3/bin/../lib/gcc/arm-none-eabi/4.9.3/../../../../arm-none-eabi/lib/armv7-m\libg_nano.a(lib_a-init.o)
                0x00000a14                __libc_init_array
 .text.memcpy   0x00000a60       0x16 c:/program files (x86)/cypress/psoc creator/4.0/psoc creator/import/gnu/arm/4.9.3/bin/../lib/gcc/arm-none-eabi/4.9.3/../../../../arm-none-eabi/lib/armv7-m\libg_nano.a(lib_a-memcpy.o)
                0x00000a60                memcpy
 .text.memset   0x00000a76       0x10 c:/program files (x86)/cypress/psoc creator/4.0/psoc creator/import/gnu/arm/4.9.3/bin/../lib/gcc/arm-none-eabi/4.9.3/../../../../arm-none-eabi/lib/armv7-m\libg_nano.a(lib_a-memset.o)
                0x00000a76                memset
 *(.plt)
 *(.gnu.warning)
 *(.glue_7t)
 .glue_7t       0x00000000        0x0 linker stubs
 *(.glue_7)
 .glue_7        0x00000000        0x0 linker stubs
 *(.vfp11_veneer)
 .vfp11_veneer  0x00000000        0x0 linker stubs
 *(.bootloader)
 *(.ARM.extab* .gnu.linkonce.armextab.*)
 *(.gcc_except_table)

.v4_bx          0x00000a88        0x0
 .v4_bx         0x00000000        0x0 linker stubs

.iplt           0x00000a88        0x0
 .iplt          0x00000000        0x0 c:/program files (x86)/cypress/psoc creator/4.0/psoc creator/import/gnu/arm/4.9.3/bin/../lib/gcc/arm-none-eabi/4.9.3/armv7-m/crtbegin.o

.eh_frame_hdr
 *(.eh_frame_hdr)

.eh_frame       0x00000a88        0x4
 *(.eh_frame)
 .eh_frame      0x00000a88        0x0 c:/program files (x86)/cypress/psoc creator/4.0/psoc creator/import/gnu/arm/4.9.3/bin/../lib/gcc/arm-none-eabi/4.9.3/armv7-m/crtbegin.o
 .eh_frame      0x00000a88        0x4 c:/program files (x86)/cypress/psoc creator/4.0/psoc creator/import/gnu/arm/4.9.3/bin/../lib/gcc/arm-none-eabi/4.9.3/armv7-m/crtend.o
                0x00000a8c                PROVIDE (__exidx_start, .)

.ARM.exidx
 *(.ARM.exidx* .gnu.linkonce.armexidx.*)
                0x00000a8c                __exidx_end = .

.rodata         0x00000a8c       0xc4
 *(.rodata .rodata.* .gnu.linkonce.r.*)
 .rodata.str1.4
                0x00000a8c        0x8 .\CortexM3\ARM_GCC_493\Debug\main.o
 .rodata        0x00000a94       0x30 .\CortexM3\ARM_GCC_493\Debug\Test_timer.a(cyfitter_cfg.o)
 .rodata        0x00000ac4       0x10 .\CortexM3\ARM_GCC_493\Debug\Test_timer.a(CharLCD_1.o)
 .rodata        0x00000ad4       0x40 .\CortexM3\ARM_GCC_493\Debug\Test_timer.a(CharLCD_1_CustChars.o)
                0x00000ad4                CharLCD_1_customFonts
 .rodata.str1.1
                0x00000b14        0x2 c:/program files (x86)/cypress/psoc creator/4.0/psoc creator/import/gnu/arm/4.9.3/bin/../lib/gcc/arm-none-eabi/4.9.3/../../../../arm-none-eabi/lib/armv7-m\libg_nano.a(lib_a-impure.o)
                0x00000b18                . = ALIGN (0x4)
 *fill*         0x00000b16        0x2 
 *(.init)
 .init          0x00000b18        0x4 c:/program files (x86)/cypress/psoc creator/4.0/psoc creator/import/gnu/arm/4.9.3/bin/../lib/gcc/arm-none-eabi/4.9.3/armv7-m/crti.o
                0x00000b18                _init
 .init          0x00000b1c        0x8 c:/program files (x86)/cypress/psoc creator/4.0/psoc creator/import/gnu/arm/4.9.3/bin/../lib/gcc/arm-none-eabi/4.9.3/armv7-m/crtn.o
                0x00000b24                . = ALIGN (0x4)
                0x00000b24                __preinit_array_start = .
 *(.preinit_array)
                0x00000b24                __preinit_array_end = .
                0x00000b24                . = ALIGN (0x4)
                0x00000b24                __init_array_start = .
 *(SORT(.init_array.*))
 *(.init_array)
 .init_array    0x00000b24        0x4 c:/program files (x86)/cypress/psoc creator/4.0/psoc creator/import/gnu/arm/4.9.3/bin/../lib/gcc/arm-none-eabi/4.9.3/armv7-m/crtbegin.o
 .init_array    0x00000b28        0x4 .\CortexM3\ARM_GCC_493\Debug\Cm3Start.o
                0x00000b2c                __init_array_end = .
                0x00000b2c                . = ALIGN (0x4)
 *(.fini)
 .fini          0x00000b2c        0x4 c:/program files (x86)/cypress/psoc creator/4.0/psoc creator/import/gnu/arm/4.9.3/bin/../lib/gcc/arm-none-eabi/4.9.3/armv7-m/crti.o
                0x00000b2c                _fini
 .fini          0x00000b30        0x8 c:/program files (x86)/cypress/psoc creator/4.0/psoc creator/import/gnu/arm/4.9.3/bin/../lib/gcc/arm-none-eabi/4.9.3/armv7-m/crtn.o
                0x00000b38                . = ALIGN (0x4)
                0x00000b38                __fini_array_start = .
 *(.fini_array)
 .fini_array    0x00000b38        0x4 c:/program files (x86)/cypress/psoc creator/4.0/psoc creator/import/gnu/arm/4.9.3/bin/../lib/gcc/arm-none-eabi/4.9.3/armv7-m/crtbegin.o
 *(SORT(.fini_array.*))
                0x00000b3c                __fini_array_end = .
                0x00000b3c                . = ALIGN (0x4)
 *crtbegin.o(.ctors)
 *(EXCLUDE_FILE(*crtend.o) .ctors)
 *(SORT(.ctors.*))
 *crtend.o(.ctors)
                0x00000b3c                . = ALIGN (0x4)
 *crtbegin.o(.dtors)
 *(EXCLUDE_FILE(*crtend.o) .dtors)
 *(SORT(.dtors.*))
 *crtend.o(.dtors)
                0x00000b3c                . = ALIGN (0x4)
                0x00000b3c                __cy_regions = .
                0x00000b3c        0x4 LONG 0xb50 __cy_region_init_ram
                0x00000b40        0x4 LONG 0x1fff8108 __cy_region_start_data
                0x00000b44        0x4 LONG 0x78 __cy_region_init_size_ram
                0x00000b48        0x4 LONG 0x28 __cy_region_zero_size_ram
                0x00000b4c                __cy_regions_end = .
                0x00000b50                . = ALIGN (0x8)
 *fill*         0x00000b4c        0x4 
                0x00000b50                _etext = .

.cy_checksum_exclude
                0x00000b50        0x0
 *(.cy_checksum_exclude)

.ramvectors     0x1fff8000      0x100
                0x1fff8000                __cy_region_start_ram = .
 *(.ramvectors)
 .ramvectors    0x1fff8000      0x100 .\CortexM3\ARM_GCC_493\Debug\Cm3Start.o
                0x1fff8000                CyRamVectors

.noinit         0x1fff8100        0x5
 *(.noinit)
 .noinit        0x1fff8100        0x4 .\CortexM3\ARM_GCC_493\Debug\Cm3Start.o
 .noinit        0x1fff8104        0x1 .\CortexM3\ARM_GCC_493\Debug\Test_timer.a(CyLib.o)
                0x1fff8104                CyResetStatus

.data           0x1fff8108       0x78 load address 0x00000b50
                0x1fff8108                __cy_region_start_data = .
 *(.jcr)
 .jcr           0x1fff8108        0x0 c:/program files (x86)/cypress/psoc creator/4.0/psoc creator/import/gnu/arm/4.9.3/bin/../lib/gcc/arm-none-eabi/4.9.3/armv7-m/crtbegin.o
 .jcr           0x1fff8108        0x4 c:/program files (x86)/cypress/psoc creator/4.0/psoc creator/import/gnu/arm/4.9.3/bin/../lib/gcc/arm-none-eabi/4.9.3/armv7-m/crtend.o
 *(.got.plt)
 *(.got)
 *(.shdata)
 *(.data .data.* .gnu.linkonce.d.*)
 .data          0x1fff810c       0x10 .\CortexM3\ARM_GCC_493\Debug\Test_timer.a(CyLib.o)
                0x1fff810c                cydelay_32k_ms
                0x1fff8110                cydelay_freq_khz
                0x1fff8114                cydelay_freq_mhz
                0x1fff8118                cydelay_freq_hz
 .data.impure_data
                0x1fff811c       0x60 c:/program files (x86)/cypress/psoc creator/4.0/psoc creator/import/gnu/arm/4.9.3/bin/../lib/gcc/arm-none-eabi/4.9.3/../../../../arm-none-eabi/lib/armv7-m\libg_nano.a(lib_a-impure.o)
 .data._impure_ptr
                0x1fff817c        0x4 c:/program files (x86)/cypress/psoc creator/4.0/psoc creator/import/gnu/arm/4.9.3/bin/../lib/gcc/arm-none-eabi/4.9.3/../../../../arm-none-eabi/lib/armv7-m\libg_nano.a(lib_a-impure.o)
                0x1fff817c                _impure_ptr
                0x1fff8180                . = ALIGN (0x8)
 *(.ram)
                0x1fff8180                _edata = .

.igot.plt       0x1fff8180        0x0 load address 0x00000bc8
 .igot.plt      0x00000000        0x0 c:/program files (x86)/cypress/psoc creator/4.0/psoc creator/import/gnu/arm/4.9.3/bin/../lib/gcc/arm-none-eabi/4.9.3/armv7-m/crtbegin.o

.bss            0x1fff8180       0x28 load address 0x00000bc8
                0x1fff8180                PROVIDE (__bss_start__, .)
 *(.shbss)
 *(.bss .bss.* .gnu.linkonce.b.*)
 .bss           0x1fff8180       0x1c c:/program files (x86)/cypress/psoc creator/4.0/psoc creator/import/gnu/arm/4.9.3/bin/../lib/gcc/arm-none-eabi/4.9.3/armv7-m/crtbegin.o
 .bss           0x1fff819c        0x1 .\CortexM3\ARM_GCC_493\Debug\Test_timer.a(Timer_1.o)
                0x1fff819c                Timer_1_initVar
 .bss           0x1fff819d        0x1 .\CortexM3\ARM_GCC_493\Debug\Test_timer.a(PWM_1.o)
                0x1fff819d                PWM_1_initVar
 .bss           0x1fff819e        0x2 .\CortexM3\ARM_GCC_493\Debug\Test_timer.a(CharLCD_1.o)
                0x1fff819e                CharLCD_1_enableState
                0x1fff819f                CharLCD_1_initVar
 *(COMMON)
 COMMON         0x1fff81a0        0x4 .\CortexM3\ARM_GCC_493\Debug\main.o
                0x1fff81a0                timerCount
                0x1fff81a8                . = ALIGN (0x8)
 *fill*         0x1fff81a4        0x4 
 *(.ram.b)
                0x1fff81a8                _end = .
                0x1fff81a8                __end = .
                0x1fff81a8                PROVIDE (end, .)
                0x1fff81a8                PROVIDE (__bss_end__, .)
                0x00000b50                __cy_region_init_ram = LOADADDR (.data)
                0x00000078                __cy_region_init_size_ram = (_edata - ADDR (.data))
                0x00000028                __cy_region_zero_size_ram = (_end - _edata)

.heap           0x1fff81a8       0x80 load address 0x00000bc8
                0x1fff81a8                . = _end
                0x1fff8228                . = (. + 0x80)
 *fill*         0x1fff81a8       0x80 
                0x1fff8228                __cy_heap_limit = .

.stack          0x20007800      0x800
                0x20007800                __cy_stack_limit = .
                0x20008000                . = (. + 0x800)
 *fill*         0x20007800      0x800 
                0x00000001                ASSERT ((__cy_stack_limit >= __cy_heap_limit), region RAM overflowed with stack)
                0x00000000                cy_checksum_exclude_size = (CY_APPL_LOADABLE == 0x1)?SIZEOF (.cy_checksum_exclude):0x0
                0x00000001                ASSERT ((cy_checksum_exclude_size <= CY_CHECKSUM_EXCLUDE_SIZE), CY_BOOT: Section .cy_checksum_exclude size exceedes specified limit.)

.cyloadermeta
 *(.cyloadermeta)

.cyloadablemeta
 *(.cyloadablemeta)

.cyconfigecc    0x80000000      0x30c
 *(.cyconfigecc)
 .cyconfigecc   0x80000000      0x30c .\CortexM3\ARM_GCC_493\Debug\cymetadata.o
                0x80000000                cy_meta_configecc

.cycustnvl      0x90000000        0x4
 *(.cycustnvl)
 .cycustnvl     0x90000000        0x4 .\CortexM3\ARM_GCC_493\Debug\cymetadata.o
                0x90000000                cy_meta_custnvl

.cywolatch      0x90100000        0x4
 *(.cywolatch)
 .cywolatch     0x90100000        0x4 .\CortexM3\ARM_GCC_493\Debug\cymetadata.o
                0x90100000                cy_meta_wonvl

.cyeeprom       0x90200000        0x0
 *(.cyeeprom)
                0x00000001                ASSERT ((. <= ((0x90200000 + ee_offset) + ee_size)), .cyeeprom data will not fit in EEPROM)

.cyflashprotect
                0x90400000      0x100
 *(.cyflashprotect)
 .cyflashprotect
                0x90400000      0x100 .\CortexM3\ARM_GCC_493\Debug\cymetadata.o
                0x90400000                cy_meta_flashprotect

.cymeta         0x90500000        0xc
 *(.cymeta)
 .cymeta        0x90500000        0xc .\CortexM3\ARM_GCC_493\Debug\cymetadata.o
                0x90500000                cy_metadata

.rel.dyn        0x00000bc8        0x0 load address 0x9050000c
 .rel.iplt      0x00000000        0x0 c:/program files (x86)/cypress/psoc creator/4.0/psoc creator/import/gnu/arm/4.9.3/bin/../lib/gcc/arm-none-eabi/4.9.3/armv7-m/crtbegin.o

.stab
 *(.stab)

.stabstr
 *(.stabstr)

.debug
 *(.debug)

.line
 *(.line)

.debug_srcinfo
 *(.debug_srcinfo)

.debug_sfnames
 *(.debug_sfnames)

.debug_aranges  0x00000000      0x8f0
 *(.debug_aranges)
 .debug_aranges
                0x00000000       0x38 .\CortexM3\ARM_GCC_493\Debug\main.o
 .debug_aranges
                0x00000038       0x18 .\CortexM3\ARM_GCC_493\Debug\cymetadata.o
 .debug_aranges
                0x00000050       0x48 .\CortexM3\ARM_GCC_493\Debug\Cm3Start.o
 .debug_aranges
                0x00000098       0x58 .\CortexM3\ARM_GCC_493\Debug\Test_timer.a(cyfitter_cfg.o)
 .debug_aranges
                0x000000f0       0x88 .\CortexM3\ARM_GCC_493\Debug\Test_timer.a(Timer_1.o)
 .debug_aranges
                0x00000178       0xa8 .\CortexM3\ARM_GCC_493\Debug\Test_timer.a(PWM_1.o)
 .debug_aranges
                0x00000220       0x80 .\CortexM3\ARM_GCC_493\Debug\Test_timer.a(stop_timer.o)
 .debug_aranges
                0x000002a0      0x2a0 .\CortexM3\ARM_GCC_493\Debug\Test_timer.a(CyLib.o)
 .debug_aranges
                0x00000540       0x98 .\CortexM3\ARM_GCC_493\Debug\Test_timer.a(cyPm.o)
 .debug_aranges
                0x000005d8       0x20 .\CortexM3\ARM_GCC_493\Debug\Test_timer.a(cyutils.o)
 .debug_aranges
                0x000005f8       0x28 .\CortexM3\ARM_GCC_493\Debug\Test_timer.a(Control_Reg_1.o)
 .debug_aranges
                0x00000620       0x80 .\CortexM3\ARM_GCC_493\Debug\Test_timer.a(interrupt_capture_out.o)
 .debug_aranges
                0x000006a0       0x80 .\CortexM3\ARM_GCC_493\Debug\Test_timer.a(interrupt_tc.o)
 .debug_aranges
                0x00000720       0x98 .\CortexM3\ARM_GCC_493\Debug\Test_timer.a(CharLCD_1.o)
 .debug_aranges
                0x000007b8       0x20 .\CortexM3\ARM_GCC_493\Debug\Test_timer.a(CharLCD_1_CustChars.o)
 .debug_aranges
                0x000007d8       0x20 .\CortexM3\ARM_GCC_493\Debug\Test_timer.a(CyBootAsmGnu.o)
 .debug_aranges
                0x000007f8       0x80 .\CortexM3\ARM_GCC_493\Debug\Test_timer.a(CyFlash.o)
 .debug_aranges
                0x00000878       0x78 .\CortexM3\ARM_GCC_493\Debug\Test_timer.a(CySpc.o)

.debug_pubnames
 *(.debug_pubnames)

.debug_info     0x00000000     0x4fcf
 *(.debug_info .gnu.linkonce.wi.*)
 .debug_info    0x00000000      0x2f0 .\CortexM3\ARM_GCC_493\Debug\main.o
 .debug_info    0x000002f0      0x13b .\CortexM3\ARM_GCC_493\Debug\cymetadata.o
 .debug_info    0x0000042b      0x3b3 .\CortexM3\ARM_GCC_493\Debug\Cm3Start.o
 .debug_info    0x000007de      0x4d3 .\CortexM3\ARM_GCC_493\Debug\Test_timer.a(cyfitter_cfg.o)
 .debug_info    0x00000cb1      0x321 .\CortexM3\ARM_GCC_493\Debug\Test_timer.a(Timer_1.o)
 .debug_info    0x00000fd2      0x39d .\CortexM3\ARM_GCC_493\Debug\Test_timer.a(PWM_1.o)
 .debug_info    0x0000136f      0x2cb .\CortexM3\ARM_GCC_493\Debug\Test_timer.a(stop_timer.o)
 .debug_info    0x0000163a     0x1385 .\CortexM3\ARM_GCC_493\Debug\Test_timer.a(CyLib.o)
 .debug_info    0x000029bf      0xa57 .\CortexM3\ARM_GCC_493\Debug\Test_timer.a(cyPm.o)
 .debug_info    0x00003416       0xee .\CortexM3\ARM_GCC_493\Debug\Test_timer.a(cyutils.o)
 .debug_info    0x00003504       0xd6 .\CortexM3\ARM_GCC_493\Debug\Test_timer.a(Control_Reg_1.o)
 .debug_info    0x000035da      0x2cb .\CortexM3\ARM_GCC_493\Debug\Test_timer.a(interrupt_capture_out.o)
 .debug_info    0x000038a5      0x2cb .\CortexM3\ARM_GCC_493\Debug\Test_timer.a(interrupt_tc.o)
 .debug_info    0x00003b70      0x763 .\CortexM3\ARM_GCC_493\Debug\Test_timer.a(CharLCD_1.o)
 .debug_info    0x000042d3      0x15d .\CortexM3\ARM_GCC_493\Debug\Test_timer.a(CharLCD_1_CustChars.o)
 .debug_info    0x00004430       0xad .\CortexM3\ARM_GCC_493\Debug\Test_timer.a(CyBootAsmGnu.o)
 .debug_info    0x000044dd      0x608 .\CortexM3\ARM_GCC_493\Debug\Test_timer.a(CyFlash.o)
 .debug_info    0x00004ae5      0x4ea .\CortexM3\ARM_GCC_493\Debug\Test_timer.a(CySpc.o)

.debug_abbrev   0x00000000     0x1898
 *(.debug_abbrev)
 .debug_abbrev  0x00000000      0x150 .\CortexM3\ARM_GCC_493\Debug\main.o
 .debug_abbrev  0x00000150       0x66 .\CortexM3\ARM_GCC_493\Debug\cymetadata.o
 .debug_abbrev  0x000001b6      0x1f7 .\CortexM3\ARM_GCC_493\Debug\Cm3Start.o
 .debug_abbrev  0x000003ad      0x203 .\CortexM3\ARM_GCC_493\Debug\Test_timer.a(cyfitter_cfg.o)
 .debug_abbrev  0x000005b0      0x170 .\CortexM3\ARM_GCC_493\Debug\Test_timer.a(Timer_1.o)
 .debug_abbrev  0x00000720      0x14d .\CortexM3\ARM_GCC_493\Debug\Test_timer.a(PWM_1.o)
 .debug_abbrev  0x0000086d      0x173 .\CortexM3\ARM_GCC_493\Debug\Test_timer.a(stop_timer.o)
 .debug_abbrev  0x000009e0      0x296 .\CortexM3\ARM_GCC_493\Debug\Test_timer.a(CyLib.o)
 .debug_abbrev  0x00000c76      0x1ed .\CortexM3\ARM_GCC_493\Debug\Test_timer.a(cyPm.o)
 .debug_abbrev  0x00000e63       0x8e .\CortexM3\ARM_GCC_493\Debug\Test_timer.a(cyutils.o)
 .debug_abbrev  0x00000ef1       0x81 .\CortexM3\ARM_GCC_493\Debug\Test_timer.a(Control_Reg_1.o)
 .debug_abbrev  0x00000f72      0x173 .\CortexM3\ARM_GCC_493\Debug\Test_timer.a(interrupt_capture_out.o)
 .debug_abbrev  0x000010e5      0x173 .\CortexM3\ARM_GCC_493\Debug\Test_timer.a(interrupt_tc.o)
 .debug_abbrev  0x00001258      0x171 .\CortexM3\ARM_GCC_493\Debug\Test_timer.a(CharLCD_1.o)
 .debug_abbrev  0x000013c9      0x10d .\CortexM3\ARM_GCC_493\Debug\Test_timer.a(CharLCD_1_CustChars.o)
 .debug_abbrev  0x000014d6       0x14 .\CortexM3\ARM_GCC_493\Debug\Test_timer.a(CyBootAsmGnu.o)
 .debug_abbrev  0x000014ea      0x1ed .\CortexM3\ARM_GCC_493\Debug\Test_timer.a(CyFlash.o)
 .debug_abbrev  0x000016d7      0x1c1 .\CortexM3\ARM_GCC_493\Debug\Test_timer.a(CySpc.o)

.debug_line     0x00000000     0x20b8
 *(.debug_line)
 .debug_line    0x00000000      0x227 .\CortexM3\ARM_GCC_493\Debug\main.o
 .debug_line    0x00000227       0x51 .\CortexM3\ARM_GCC_493\Debug\cymetadata.o
 .debug_line    0x00000278      0x24f .\CortexM3\ARM_GCC_493\Debug\Cm3Start.o
 .debug_line    0x000004c7      0x1dc .\CortexM3\ARM_GCC_493\Debug\Test_timer.a(cyfitter_cfg.o)
 .debug_line    0x000006a3      0x15b .\CortexM3\ARM_GCC_493\Debug\Test_timer.a(Timer_1.o)
 .debug_line    0x000007fe      0x1ac .\CortexM3\ARM_GCC_493\Debug\Test_timer.a(PWM_1.o)
 .debug_line    0x000009aa      0x137 .\CortexM3\ARM_GCC_493\Debug\Test_timer.a(stop_timer.o)
 .debug_line    0x00000ae1      0x816 .\CortexM3\ARM_GCC_493\Debug\Test_timer.a(CyLib.o)
 .debug_line    0x000012f7      0x364 .\CortexM3\ARM_GCC_493\Debug\Test_timer.a(cyPm.o)
 .debug_line    0x0000165b       0x60 .\CortexM3\ARM_GCC_493\Debug\Test_timer.a(cyutils.o)
 .debug_line    0x000016bb       0x75 .\CortexM3\ARM_GCC_493\Debug\Test_timer.a(Control_Reg_1.o)
 .debug_line    0x00001730      0x142 .\CortexM3\ARM_GCC_493\Debug\Test_timer.a(interrupt_capture_out.o)
 .debug_line    0x00001872      0x139 .\CortexM3\ARM_GCC_493\Debug\Test_timer.a(interrupt_tc.o)
 .debug_line    0x000019ab      0x1f2 .\CortexM3\ARM_GCC_493\Debug\Test_timer.a(CharLCD_1.o)
 .debug_line    0x00001b9d       0x8f .\CortexM3\ARM_GCC_493\Debug\Test_timer.a(CharLCD_1_CustChars.o)
 .debug_line    0x00001c2c       0x66 .\CortexM3\ARM_GCC_493\Debug\Test_timer.a(CyBootAsmGnu.o)
 .debug_line    0x00001c92      0x1ea .\CortexM3\ARM_GCC_493\Debug\Test_timer.a(CyFlash.o)
 .debug_line    0x00001e7c      0x23c .\CortexM3\ARM_GCC_493\Debug\Test_timer.a(CySpc.o)

.debug_frame    0x00000000     0x16b4
 *(.debug_frame)
 .debug_frame   0x00000000       0x68 .\CortexM3\ARM_GCC_493\Debug\main.o
 .debug_frame   0x00000068       0xb8 .\CortexM3\ARM_GCC_493\Debug\Cm3Start.o
 .debug_frame   0x00000120       0xe4 .\CortexM3\ARM_GCC_493\Debug\Test_timer.a(cyfitter_cfg.o)
 .debug_frame   0x00000204      0x12c .\CortexM3\ARM_GCC_493\Debug\Test_timer.a(Timer_1.o)
 .debug_frame   0x00000330      0x154 .\CortexM3\ARM_GCC_493\Debug\Test_timer.a(PWM_1.o)
 .debug_frame   0x00000484      0x104 .\CortexM3\ARM_GCC_493\Debug\Test_timer.a(stop_timer.o)
 .debug_frame   0x00000588      0x738 .\CortexM3\ARM_GCC_493\Debug\Test_timer.a(CyLib.o)
 .debug_frame   0x00000cc0      0x1f8 .\CortexM3\ARM_GCC_493\Debug\Test_timer.a(cyPm.o)
 .debug_frame   0x00000eb8       0x20 .\CortexM3\ARM_GCC_493\Debug\Test_timer.a(cyutils.o)
 .debug_frame   0x00000ed8       0x30 .\CortexM3\ARM_GCC_493\Debug\Test_timer.a(Control_Reg_1.o)
 .debug_frame   0x00000f08      0x104 .\CortexM3\ARM_GCC_493\Debug\Test_timer.a(interrupt_capture_out.o)
 .debug_frame   0x0000100c      0x104 .\CortexM3\ARM_GCC_493\Debug\Test_timer.a(interrupt_tc.o)
 .debug_frame   0x00001110      0x1e4 .\CortexM3\ARM_GCC_493\Debug\Test_timer.a(CharLCD_1.o)
 .debug_frame   0x000012f4       0x30 .\CortexM3\ARM_GCC_493\Debug\Test_timer.a(CharLCD_1_CustChars.o)
 .debug_frame   0x00001324      0x174 .\CortexM3\ARM_GCC_493\Debug\Test_timer.a(CyFlash.o)
 .debug_frame   0x00001498      0x160 .\CortexM3\ARM_GCC_493\Debug\Test_timer.a(CySpc.o)
 .debug_frame   0x000015f8       0x20 c:/program files (x86)/cypress/psoc creator/4.0/psoc creator/import/gnu/arm/4.9.3/bin/../lib/gcc/arm-none-eabi/4.9.3/../../../../arm-none-eabi/lib/armv7-m\libg_nano.a(lib_a-errno.o)
 .debug_frame   0x00001618       0x28 c:/program files (x86)/cypress/psoc creator/4.0/psoc creator/import/gnu/arm/4.9.3/bin/../lib/gcc/arm-none-eabi/4.9.3/../../../../arm-none-eabi/lib/armv7-m\libg_nano.a(lib_a-exit.o)
 .debug_frame   0x00001640       0x2c c:/program files (x86)/cypress/psoc creator/4.0/psoc creator/import/gnu/arm/4.9.3/bin/../lib/gcc/arm-none-eabi/4.9.3/../../../../arm-none-eabi/lib/armv7-m\libg_nano.a(lib_a-init.o)
 .debug_frame   0x0000166c       0x28 c:/program files (x86)/cypress/psoc creator/4.0/psoc creator/import/gnu/arm/4.9.3/bin/../lib/gcc/arm-none-eabi/4.9.3/../../../../arm-none-eabi/lib/armv7-m\libg_nano.a(lib_a-memcpy.o)
 .debug_frame   0x00001694       0x20 c:/program files (x86)/cypress/psoc creator/4.0/psoc creator/import/gnu/arm/4.9.3/bin/../lib/gcc/arm-none-eabi/4.9.3/../../../../arm-none-eabi/lib/armv7-m\libg_nano.a(lib_a-memset.o)

.debug_str      0x00000000     0x1d1f
 *(.debug_str)
 .debug_str     0x00000000      0x2d0 .\CortexM3\ARM_GCC_493\Debug\main.o
                                0x311 (size before relaxing)
 .debug_str     0x000002d0       0x75 .\CortexM3\ARM_GCC_493\Debug\cymetadata.o
                                0x207 (size before relaxing)
 .debug_str     0x00000345      0x156 .\CortexM3\ARM_GCC_493\Debug\Cm3Start.o
                                0x31b (size before relaxing)
 .debug_str     0x0000049b      0x15b .\CortexM3\ARM_GCC_493\Debug\Test_timer.a(cyfitter_cfg.o)
                                0x320 (size before relaxing)
 .debug_str     0x000005f6      0x182 .\CortexM3\ARM_GCC_493\Debug\Test_timer.a(Timer_1.o)
                                0x363 (size before relaxing)
 .debug_str     0x00000778      0x19e .\CortexM3\ARM_GCC_493\Debug\Test_timer.a(PWM_1.o)
                                0x398 (size before relaxing)
 .debug_str     0x00000916      0x131 .\CortexM3\ARM_GCC_493\Debug\Test_timer.a(stop_timer.o)
                                0x2fd (size before relaxing)
 .debug_str     0x00000a47      0x800 .\CortexM3\ARM_GCC_493\Debug\Test_timer.a(CyLib.o)
                                0xa58 (size before relaxing)
 .debug_str     0x00001247      0x359 .\CortexM3\ARM_GCC_493\Debug\Test_timer.a(cyPm.o)
                                0x738 (size before relaxing)
 .debug_str     0x000015a0       0x2e .\CortexM3\ARM_GCC_493\Debug\Test_timer.a(cyutils.o)
                                0x1cf (size before relaxing)
 .debug_str     0x000015ce       0x3a .\CortexM3\ARM_GCC_493\Debug\Test_timer.a(Control_Reg_1.o)
                                0x1e4 (size before relaxing)
 .debug_str     0x00001608      0x1a8 .\CortexM3\ARM_GCC_493\Debug\Test_timer.a(interrupt_capture_out.o)
                                0x397 (size before relaxing)
 .debug_str     0x000017b0      0x133 .\CortexM3\ARM_GCC_493\Debug\Test_timer.a(interrupt_tc.o)
                                0x319 (size before relaxing)
 .debug_str     0x000018e3      0x1bc .\CortexM3\ARM_GCC_493\Debug\Test_timer.a(CharLCD_1.o)
                                0x3e4 (size before relaxing)
 .debug_str     0x00001a9f       0x38 .\CortexM3\ARM_GCC_493\Debug\Test_timer.a(CharLCD_1_CustChars.o)
                                0x23f (size before relaxing)
 .debug_str     0x00001ad7      0x19c .\CortexM3\ARM_GCC_493\Debug\Test_timer.a(CyFlash.o)
                                0x3b2 (size before relaxing)
 .debug_str     0x00001c73       0xac .\CortexM3\ARM_GCC_493\Debug\Test_timer.a(CySpc.o)
                                0x33b (size before relaxing)

.debug_loc      0x00000000     0x1e42
 *(.debug_loc)
 .debug_loc     0x00000000      0x144 .\CortexM3\ARM_GCC_493\Debug\Cm3Start.o
 .debug_loc     0x00000144      0x1d7 .\CortexM3\ARM_GCC_493\Debug\Test_timer.a(cyfitter_cfg.o)
 .debug_loc     0x0000031b       0x8e .\CortexM3\ARM_GCC_493\Debug\Test_timer.a(Timer_1.o)
 .debug_loc     0x000003a9       0x26 .\CortexM3\ARM_GCC_493\Debug\Test_timer.a(PWM_1.o)
 .debug_loc     0x000003cf       0x56 .\CortexM3\ARM_GCC_493\Debug\Test_timer.a(stop_timer.o)
 .debug_loc     0x00000425      0xa11 .\CortexM3\ARM_GCC_493\Debug\Test_timer.a(CyLib.o)
 .debug_loc     0x00000e36      0x1e4 .\CortexM3\ARM_GCC_493\Debug\Test_timer.a(cyPm.o)
 .debug_loc     0x0000101a       0x21 .\CortexM3\ARM_GCC_493\Debug\Test_timer.a(cyutils.o)
 .debug_loc     0x0000103b       0x56 .\CortexM3\ARM_GCC_493\Debug\Test_timer.a(interrupt_capture_out.o)
 .debug_loc     0x00001091       0x56 .\CortexM3\ARM_GCC_493\Debug\Test_timer.a(interrupt_tc.o)
 .debug_loc     0x000010e7      0x3c6 .\CortexM3\ARM_GCC_493\Debug\Test_timer.a(CharLCD_1.o)
 .debug_loc     0x000014ad       0x48 .\CortexM3\ARM_GCC_493\Debug\Test_timer.a(CharLCD_1_CustChars.o)
 .debug_loc     0x000014f5      0x300 .\CortexM3\ARM_GCC_493\Debug\Test_timer.a(CyFlash.o)
 .debug_loc     0x000017f5      0x64d .\CortexM3\ARM_GCC_493\Debug\Test_timer.a(CySpc.o)

.debug_macinfo
 *(.debug_macinfo)

.debug_ranges   0x00000000      0x7b8
 *(.debug_ranges)
 .debug_ranges  0x00000000       0x28 .\CortexM3\ARM_GCC_493\Debug\main.o
 .debug_ranges  0x00000028       0x38 .\CortexM3\ARM_GCC_493\Debug\Cm3Start.o
 .debug_ranges  0x00000060       0x48 .\CortexM3\ARM_GCC_493\Debug\Test_timer.a(cyfitter_cfg.o)
 .debug_ranges  0x000000a8       0x78 .\CortexM3\ARM_GCC_493\Debug\Test_timer.a(Timer_1.o)
 .debug_ranges  0x00000120       0x98 .\CortexM3\ARM_GCC_493\Debug\Test_timer.a(PWM_1.o)
 .debug_ranges  0x000001b8       0x70 .\CortexM3\ARM_GCC_493\Debug\Test_timer.a(stop_timer.o)
 .debug_ranges  0x00000228      0x290 .\CortexM3\ARM_GCC_493\Debug\Test_timer.a(CyLib.o)
 .debug_ranges  0x000004b8       0x88 .\CortexM3\ARM_GCC_493\Debug\Test_timer.a(cyPm.o)
 .debug_ranges  0x00000540       0x10 .\CortexM3\ARM_GCC_493\Debug\Test_timer.a(cyutils.o)
 .debug_ranges  0x00000550       0x18 .\CortexM3\ARM_GCC_493\Debug\Test_timer.a(Control_Reg_1.o)
 .debug_ranges  0x00000568       0x70 .\CortexM3\ARM_GCC_493\Debug\Test_timer.a(interrupt_capture_out.o)
 .debug_ranges  0x000005d8       0x70 .\CortexM3\ARM_GCC_493\Debug\Test_timer.a(interrupt_tc.o)
 .debug_ranges  0x00000648       0x88 .\CortexM3\ARM_GCC_493\Debug\Test_timer.a(CharLCD_1.o)
 .debug_ranges  0x000006d0       0x10 .\CortexM3\ARM_GCC_493\Debug\Test_timer.a(CharLCD_1_CustChars.o)
 .debug_ranges  0x000006e0       0x70 .\CortexM3\ARM_GCC_493\Debug\Test_timer.a(CyFlash.o)
 .debug_ranges  0x00000750       0x68 .\CortexM3\ARM_GCC_493\Debug\Test_timer.a(CySpc.o)

.comment        0x00000000       0x70
 .comment       0x00000000       0x70 .\CortexM3\ARM_GCC_493\Debug\main.o
                                 0x71 (size before relaxing)
 .comment       0x00000000       0x71 .\CortexM3\ARM_GCC_493\Debug\cymetadata.o
 .comment       0x00000000       0x71 .\CortexM3\ARM_GCC_493\Debug\Cm3Start.o
 .comment       0x00000000       0x71 .\CortexM3\ARM_GCC_493\Debug\Test_timer.a(cyfitter_cfg.o)
 .comment       0x00000000       0x71 .\CortexM3\ARM_GCC_493\Debug\Test_timer.a(Timer_1.o)
 .comment       0x00000000       0x71 .\CortexM3\ARM_GCC_493\Debug\Test_timer.a(PWM_1.o)
 .comment       0x00000000       0x71 .\CortexM3\ARM_GCC_493\Debug\Test_timer.a(stop_timer.o)
 .comment       0x00000000       0x71 .\CortexM3\ARM_GCC_493\Debug\Test_timer.a(CyLib.o)
 .comment       0x00000000       0x71 .\CortexM3\ARM_GCC_493\Debug\Test_timer.a(cyPm.o)
 .comment       0x00000000       0x71 .\CortexM3\ARM_GCC_493\Debug\Test_timer.a(cyutils.o)
 .comment       0x00000000       0x71 .\CortexM3\ARM_GCC_493\Debug\Test_timer.a(Control_Reg_1.o)
 .comment       0x00000000       0x71 .\CortexM3\ARM_GCC_493\Debug\Test_timer.a(interrupt_capture_out.o)
 .comment       0x00000000       0x71 .\CortexM3\ARM_GCC_493\Debug\Test_timer.a(interrupt_tc.o)
 .comment       0x00000000       0x71 .\CortexM3\ARM_GCC_493\Debug\Test_timer.a(CharLCD_1.o)
 .comment       0x00000000       0x71 .\CortexM3\ARM_GCC_493\Debug\Test_timer.a(CharLCD_1_CustChars.o)
 .comment       0x00000000       0x71 .\CortexM3\ARM_GCC_493\Debug\Test_timer.a(CyFlash.o)
 .comment       0x00000000       0x71 .\CortexM3\ARM_GCC_493\Debug\Test_timer.a(CySpc.o)

.debug_weaknames
 *(.debug_weaknames)

.debug_funcnames
 *(.debug_funcnames)

.debug_typenames
 *(.debug_typenames)

.debug_varnames
 *(.debug_varnames)

.note.gnu.arm.ident
 *(.note.gnu.arm.ident)

.ARM.attributes
                0x00000000       0x29
 *(.ARM.attributes)
 .ARM.attributes
                0x00000000       0x1d c:/program files (x86)/cypress/psoc creator/4.0/psoc creator/import/gnu/arm/4.9.3/bin/../lib/gcc/arm-none-eabi/4.9.3/armv7-m/crti.o
 .ARM.attributes
                0x0000001d       0x2d c:/program files (x86)/cypress/psoc creator/4.0/psoc creator/import/gnu/arm/4.9.3/bin/../lib/gcc/arm-none-eabi/4.9.3/armv7-m/crtbegin.o
 .ARM.attributes
                0x0000004a       0x1b c:/program files (x86)/cypress/psoc creator/4.0/psoc creator/import/gnu/arm/4.9.3/bin/../lib/gcc/arm-none-eabi/4.9.3/../../../../arm-none-eabi/lib/armv7-m/crt0.o
 .ARM.attributes
                0x00000065       0x33 .\CortexM3\ARM_GCC_493\Debug\main.o
 .ARM.attributes
                0x00000098       0x33 .\CortexM3\ARM_GCC_493\Debug\cymetadata.o
 .ARM.attributes
                0x000000cb       0x33 .\CortexM3\ARM_GCC_493\Debug\Cm3Start.o
 .ARM.attributes
                0x000000fe       0x33 .\CortexM3\ARM_GCC_493\Debug\Test_timer.a(cyfitter_cfg.o)
 .ARM.attributes
                0x00000131       0x33 .\CortexM3\ARM_GCC_493\Debug\Test_timer.a(Timer_1.o)
 .ARM.attributes
                0x00000164       0x33 .\CortexM3\ARM_GCC_493\Debug\Test_timer.a(PWM_1.o)
 .ARM.attributes
                0x00000197       0x33 .\CortexM3\ARM_GCC_493\Debug\Test_timer.a(stop_timer.o)
 .ARM.attributes
                0x000001ca       0x33 .\CortexM3\ARM_GCC_493\Debug\Test_timer.a(CyLib.o)
 .ARM.attributes
                0x000001fd       0x33 .\CortexM3\ARM_GCC_493\Debug\Test_timer.a(cyPm.o)
 .ARM.attributes
                0x00000230       0x33 .\CortexM3\ARM_GCC_493\Debug\Test_timer.a(cyutils.o)
 .ARM.attributes
                0x00000263       0x33 .\CortexM3\ARM_GCC_493\Debug\Test_timer.a(Control_Reg_1.o)
 .ARM.attributes
                0x00000296       0x33 .\CortexM3\ARM_GCC_493\Debug\Test_timer.a(interrupt_capture_out.o)
 .ARM.attributes
                0x000002c9       0x33 .\CortexM3\ARM_GCC_493\Debug\Test_timer.a(interrupt_tc.o)
 .ARM.attributes
                0x000002fc       0x33 .\CortexM3\ARM_GCC_493\Debug\Test_timer.a(CharLCD_1.o)
 .ARM.attributes
                0x0000032f       0x33 .\CortexM3\ARM_GCC_493\Debug\Test_timer.a(CharLCD_1_CustChars.o)
 .ARM.attributes
                0x00000362       0x21 .\CortexM3\ARM_GCC_493\Debug\Test_timer.a(CyBootAsmGnu.o)
 .ARM.attributes
                0x00000383       0x33 .\CortexM3\ARM_GCC_493\Debug\Test_timer.a(CyFlash.o)
 .ARM.attributes
                0x000003b6       0x33 .\CortexM3\ARM_GCC_493\Debug\Test_timer.a(CySpc.o)
 .ARM.attributes
                0x000003e9       0x2d c:/program files (x86)/cypress/psoc creator/4.0/psoc creator/import/gnu/arm/4.9.3/bin/../lib/gcc/arm-none-eabi/4.9.3/../../../../arm-none-eabi/lib/armv7-m\libg_nano.a(lib_a-errno.o)
 .ARM.attributes
                0x00000416       0x2d c:/program files (x86)/cypress/psoc creator/4.0/psoc creator/import/gnu/arm/4.9.3/bin/../lib/gcc/arm-none-eabi/4.9.3/../../../../arm-none-eabi/lib/armv7-m\libg_nano.a(lib_a-exit.o)
 .ARM.attributes
                0x00000443       0x2d c:/program files (x86)/cypress/psoc creator/4.0/psoc creator/import/gnu/arm/4.9.3/bin/../lib/gcc/arm-none-eabi/4.9.3/../../../../arm-none-eabi/lib/armv7-m\libg_nano.a(lib_a-impure.o)
 .ARM.attributes
                0x00000470       0x2d c:/program files (x86)/cypress/psoc creator/4.0/psoc creator/import/gnu/arm/4.9.3/bin/../lib/gcc/arm-none-eabi/4.9.3/../../../../arm-none-eabi/lib/armv7-m\libg_nano.a(lib_a-init.o)
 .ARM.attributes
                0x0000049d       0x2d c:/program files (x86)/cypress/psoc creator/4.0/psoc creator/import/gnu/arm/4.9.3/bin/../lib/gcc/arm-none-eabi/4.9.3/../../../../arm-none-eabi/lib/armv7-m\libg_nano.a(lib_a-memcpy.o)
 .ARM.attributes
                0x000004ca       0x2d c:/program files (x86)/cypress/psoc creator/4.0/psoc creator/import/gnu/arm/4.9.3/bin/../lib/gcc/arm-none-eabi/4.9.3/../../../../arm-none-eabi/lib/armv7-m\libg_nano.a(lib_a-memset.o)
 .ARM.attributes
                0x000004f7       0x2d c:/program files (x86)/cypress/psoc creator/4.0/psoc creator/import/gnu/arm/4.9.3/bin/../lib/gcc/arm-none-eabi/4.9.3/armv7-m/crtend.o
 .ARM.attributes
                0x00000524       0x1d c:/program files (x86)/cypress/psoc creator/4.0/psoc creator/import/gnu/arm/4.9.3/bin/../lib/gcc/arm-none-eabi/4.9.3/armv7-m/crtn.o

/DISCARD/
 *(.note.GNU-stack)
OUTPUT(.\CortexM3\ARM_GCC_493\Debug\Test_timer.elf elf32-littlearm)
