Archive member included because of file (symbol)

.\CortexM3\ARM_GCC_493\Debug\projet_entier.a(cyfitter_cfg.o)
                              .\CortexM3\ARM_GCC_493\Debug\Cm3Start.o (cyfitter_cfg)
.\CortexM3\ARM_GCC_493\Debug\projet_entier.a(CyLib.o)
                              .\CortexM3\ARM_GCC_493\Debug\Cm3Start.o (CyHalt)
.\CortexM3\ARM_GCC_493\Debug\projet_entier.a(cyPm.o)
                              .\CortexM3\ARM_GCC_493\Debug\projet_entier.a(CyLib.o) (CyPmReadStatus)
.\CortexM3\ARM_GCC_493\Debug\projet_entier.a(US_40kHz.o)
                              .\CortexM3\ARM_GCC_493\Debug\ultrason.o (US_40kHz_Start)
.\CortexM3\ARM_GCC_493\Debug\projet_entier.a(Detect_Seuil_Recept.o)
                              .\CortexM3\ARM_GCC_493\Debug\ultrason.o (Detect_Seuil_Recept_Stop)
.\CortexM3\ARM_GCC_493\Debug\projet_entier.a(V_seuil.o)
                              .\CortexM3\ARM_GCC_493\Debug\ultrason.o (V_seuil_Start)
.\CortexM3\ARM_GCC_493\Debug\projet_entier.a(Timer_US.o)
                              .\CortexM3\ARM_GCC_493\Debug\ultrason.o (Timer_US_ReadStatusRegister)
.\CortexM3\ARM_GCC_493\Debug\projet_entier.a(Ampli_Recept.o)
                              .\CortexM3\ARM_GCC_493\Debug\ultrason.o (Ampli_Recept_Start)
.\CortexM3\ARM_GCC_493\Debug\projet_entier.a(TimerISR.o)
                              .\CortexM3\ARM_GCC_493\Debug\ultrason.o (TimerISR_StartEx)
.\CortexM3\ARM_GCC_493\Debug\projet_entier.a(CharLCD_1.o)
                              .\CortexM3\ARM_GCC_493\Debug\ultrason.o (CharLCD_1_PrintString)
.\CortexM3\ARM_GCC_493\Debug\projet_entier.a(CharLCD_1_CustChars.o)
                              .\CortexM3\ARM_GCC_493\Debug\projet_entier.a(CharLCD_1.o) (CharLCD_1_LoadCustomFonts)
.\CortexM3\ARM_GCC_493\Debug\projet_entier.a(Control_Reg_1.o)
                              .\CortexM3\ARM_GCC_493\Debug\ultrason.o (Control_Reg_1_Write)
.\CortexM3\ARM_GCC_493\Debug\projet_entier.a(Counter_1.o)
                              .\CortexM3\ARM_GCC_493\Debug\ultrason.o (Counter_1_Start)
.\CortexM3\ARM_GCC_493\Debug\projet_entier.a(CounterISR.o)
                              .\CortexM3\ARM_GCC_493\Debug\ultrason.o (CounterISR_StartEx)
.\CortexM3\ARM_GCC_493\Debug\projet_entier.a(Timer_periode.o)
                              .\CortexM3\ARM_GCC_493\Debug\ultrason.o (Timer_periode_ReadStatusRegister)
.\CortexM3\ARM_GCC_493\Debug\projet_entier.a(periodeISR.o)
                              .\CortexM3\ARM_GCC_493\Debug\ultrason.o (periodeISR_StartEx)
.\CortexM3\ARM_GCC_493\Debug\projet_entier.a(PWM_Front.o)
                              .\CortexM3\ARM_GCC_493\Debug\motor_management.o (PWM_Front_WriteCompare1)
.\CortexM3\ARM_GCC_493\Debug\projet_entier.a(PWM_Back.o)
                              .\CortexM3\ARM_GCC_493\Debug\motor_management.o (PWM_Back_WriteCompare1)
.\CortexM3\ARM_GCC_493\Debug\projet_entier.a(XBee_UART.o)
                              .\CortexM3\ARM_GCC_493\Debug\motor_management.o (XBee_UART_Init)
.\CortexM3\ARM_GCC_493\Debug\projet_entier.a(ctrl_moteur.o)
                              .\CortexM3\ARM_GCC_493\Debug\motor_management.o (ctrl_moteur_Write)
.\CortexM3\ARM_GCC_493\Debug\projet_entier.a(XBee_UART_IntClock.o)
                              .\CortexM3\ARM_GCC_493\Debug\projet_entier.a(XBee_UART.o) (XBee_UART_IntClock_Start)
.\CortexM3\ARM_GCC_493\Debug\projet_entier.a(CyBootAsmGnu.o)
                              .\CortexM3\ARM_GCC_493\Debug\projet_entier.a(cyfitter_cfg.o) (CyDelayCycles)
.\CortexM3\ARM_GCC_493\Debug\projet_entier.a(CyFlash.o)
                              .\CortexM3\ARM_GCC_493\Debug\projet_entier.a(cyPm.o) (CyFlash_SetWaitCycles)
.\CortexM3\ARM_GCC_493\Debug\projet_entier.a(CySpc.o)
                              .\CortexM3\ARM_GCC_493\Debug\projet_entier.a(CyFlash.o) (CySpcStart)
.\CortexM3\ARM_GCC_493\Debug\projet_entier.a(cyutils.o)
                              .\CortexM3\ARM_GCC_493\Debug\projet_entier.a(Timer_US.o) (CySetReg24)
c:/program files (x86)/cypress/psoc creator/4.0/psoc creator/import/gnu/arm/4.9.3/bin/../lib/gcc/arm-none-eabi/4.9.3/armv7-m\libgcc.a(_arm_addsubdf3.o)
                              .\CortexM3\ARM_GCC_493\Debug\ultrason.o (__aeabi_i2d)
c:/program files (x86)/cypress/psoc creator/4.0/psoc creator/import/gnu/arm/4.9.3/bin/../lib/gcc/arm-none-eabi/4.9.3/armv7-m\libgcc.a(_arm_muldivdf3.o)
                              .\CortexM3\ARM_GCC_493\Debug\ultrason.o (__aeabi_dmul)
c:/program files (x86)/cypress/psoc creator/4.0/psoc creator/import/gnu/arm/4.9.3/bin/../lib/gcc/arm-none-eabi/4.9.3/armv7-m\libgcc.a(_arm_fixunsdfsi.o)
                              .\CortexM3\ARM_GCC_493\Debug\ultrason.o (__aeabi_d2uiz)
c:/program files (x86)/cypress/psoc creator/4.0/psoc creator/import/gnu/arm/4.9.3/bin/../lib/gcc/arm-none-eabi/4.9.3/../../../../arm-none-eabi/lib/armv7-m\libg_nano.a(lib_a-errno.o)
                              .\CortexM3\ARM_GCC_493\Debug\Cm3Start.o (__errno)
[...]
Memory Configuration

Name             Origin             Length             Attributes
rom              0x00000000         0x00040000         xr
ram              0x1fff8000         0x00010000         xrw
*default*        0x00000000         0xffffffff

Linker script and memory map

LOAD c:/program files (x86)/cypress/psoc creator/4.0/psoc creator/import/gnu/arm/4.9.3/bin/../lib/gcc/arm-none-eabi/4.9.3/armv7-m/crti.o
LOAD c:/program files (x86)/cypress/psoc creator/4.0/psoc creator/import/gnu/arm/4.9.3/bin/../lib/gcc/arm-none-eabi/4.9.3/armv7-m/crtbegin.o
LOAD c:/program files (x86)/cypress/psoc creator/4.0/psoc creator/import/gnu/arm/4.9.3/bin/../lib/gcc/arm-none-eabi/4.9.3/../../../../arm-none-eabi/lib/armv7-m/crt0.o
START GROUP
LOAD .\CortexM3\ARM_GCC_493\Debug\main.o
LOAD .\CortexM3\ARM_GCC_493\Debug\motor_management.o
LOAD .\CortexM3\ARM_GCC_493\Debug\ultrason.o
LOAD .\CortexM3\ARM_GCC_493\Debug\cymetadata.o
LOAD .\CortexM3\ARM_GCC_493\Debug\Cm3Start.o
LOAD .\CortexM3\ARM_GCC_493\Debug\projet_entier.a
LOAD C:\Program Files (x86)\Cypress\PSoC Creator\4.0\PSoC Creator\psoc\content\cycomponentlibrary\CyComponentLibrary.cylib\CortexM3\ARM_GCC_493\Debug\CyComponentLibrary.a
END GROUP
START GROUP
LOAD c:/program files (x86)/cypress/psoc creator/4.0/psoc creator/import/gnu/arm/4.9.3/bin/../lib/gcc/arm-none-eabi/4.9.3/armv7-m\libgcc.a
LOAD c:/program files (x86)/cypress/psoc creator/4.0/psoc creator/import/gnu/arm/4.9.3/bin/../lib/gcc/arm-none-eabi/4.9.3/../../../../arm-none-eabi/lib/armv7-m\libg_nano.a
LOAD c:/program files (x86)/cypress/psoc creator/4.0/psoc creator/import/gnu/arm/4.9.3/bin/../lib/gcc/arm-none-eabi/4.9.3/../../../../arm-none-eabi/lib/armv7-m\libc_nano.a
END GROUP
START GROUP
LOAD c:/program files (x86)/cypress/psoc creator/4.0/psoc creator/import/gnu/arm/4.9.3/bin/../lib/gcc/arm-none-eabi/4.9.3/armv7-m\libgcc.a
LOAD c:/program files (x86)/cypress/psoc creator/4.0/psoc creator/import/gnu/arm/4.9.3/bin/../lib/gcc/arm-none-eabi/4.9.3/../../../../arm-none-eabi/lib/armv7-m\libc_nano.a
END GROUP
LOAD c:/program files (x86)/cypress/psoc creator/4.0/psoc creator/import/gnu/arm/4.9.3/bin/../lib/gcc/arm-none-eabi/4.9.3/armv7-m/crtend.o
LOAD c:/program files (x86)/cypress/psoc creator/4.0/psoc creator/import/gnu/arm/4.9.3/bin/../lib/gcc/arm-none-eabi/4.9.3/armv7-m/crtn.o
START GROUP
LOAD c:/program files (x86)/cypress/psoc creator/4.0/psoc creator/import/gnu/arm/4.9.3/bin/../lib/gcc/arm-none-eabi/4.9.3/armv7-m\libgcc.a
LOAD c:/program files (x86)/cypress/psoc creator/4.0/psoc creator/import/gnu/arm/4.9.3/bin/../lib/gcc/arm-none-eabi/4.9.3/../../../../arm-none-eabi/lib/armv7-m\libc.a
LOAD c:/program files (x86)/cypress/psoc creator/4.0/psoc creator/import/gnu/arm/4.9.3/bin/../lib/gcc/arm-none-eabi/4.9.3/../../../../arm-none-eabi/lib/armv7-m\libnosys.a
END GROUP
                0x00000000                CY_APPL_ORIGIN = 0x0
                0x00000100                CY_FLASH_ROW_SIZE = 0x100
                0x00000020                CY_ECC_ROW_SIZE = 0x20
                0x00000000                CY_EE_IN_BTLDR = 0x0
                0x00000000                CY_APPL_LOADABLE = 0x0
                0x00000800                CY_EE_SIZE = 0x800
                0x00000001                CY_APPL_NUM = 0x1
                0x00000001                CY_APPL_MAX = 0x1
                0x00000040                CY_METADATA_SIZE = 0x40
                0x00000000                CY_APPL_LOADABLE = 0x0
                0x00000000                CY_CHECKSUM_EXCLUDE_SIZE = ALIGN (0x0, CY_FLASH_ROW_SIZE)
                0x1fff81b0                PROVIDE (__cy_heap_start, _end)
                0x00000001                PROVIDE (__cy_region_num, ((__cy_regions_end - __cy_regions) / 0x10))
                0x20008000                PROVIDE (__cy_stack, (ORIGIN (ram) + 0x10000))
                0x20007800                PROVIDE (__cy_heap_end, (__cy_stack - 0x800))

.cybootloader   0x00000000        0x0
 *(.cybootloader)
                0x00000000                appl1_start = CY_APPL_ORIGIN?CY_APPL_ORIGIN:ALIGN (CY_FLASH_ROW_SIZE)
                0x0001ff00                appl2_start = (appl1_start + ALIGN ((((0x40000 - appl1_start) - (0x2 * CY_FLASH_ROW_SIZE)) / 0x2), CY_FLASH_ROW_SIZE))
                0x00000000                appl_start = (CY_APPL_NUM == 0x1)?appl1_start:appl2_start
                0x00000000                ecc_offset = ((appl_start / CY_FLASH_ROW_SIZE) * CY_ECC_ROW_SIZE)
                0x00000000                ee_offset = (CY_APPL_LOADABLE && ! (CY_EE_IN_BTLDR))?((CY_EE_SIZE / CY_APPL_MAX) * (CY_APPL_NUM - 0x1)):0x0
                0x00000800                ee_size = (CY_APPL_LOADABLE && ! (CY_EE_IN_BTLDR))?(CY_EE_SIZE / CY_APPL_MAX):CY_EE_SIZE
                0x00000000                PROVIDE (CY_ECC_OFFSET, ecc_offset)

.text           0x00000000     0x1b8e
 CREATE_OBJECT_SYMBOLS
                0x00000000                PROVIDE (__cy_interrupt_vector, RomVectors)
 *(.romvectors)
 .romvectors    0x00000000       0x10 .\CortexM3\ARM_GCC_493\Debug\Cm3Start.o
                0x00000000                RomVectors
                0x00000001                ASSERT ((. != __cy_interrupt_vector), No interrupt vector)
                0x00000001                ASSERT (CY_APPL_ORIGIN?(SIZEOF (.cybootloader) <= CY_APPL_ORIGIN):0x1, Wrong image location)
                0x00000010                PROVIDE (__cy_reset, Reset)
 *(.text.Reset)
 .text.Reset    0x00000010       0x18 .\CortexM3\ARM_GCC_493\Debug\Cm3Start.o
                0x00000010                Reset
                0x00000001                ASSERT ((. != __cy_reset), No reset code)
 *(.dma_init)
                0x00000001                ASSERT ((((appl_start + .) <= 0x10000) || 0x1), DMA Init must be within the first 64k of flash)
 *(.text .text.* .gnu.linkonce.t.*)
 .text          0x00000028       0x5c c:/program files (x86)/cypress/psoc creator/4.0/psoc creator/import/gnu/arm/4.9.3/bin/../lib/gcc/arm-none-eabi/4.9.3/armv7-m/crtbegin.o
 .text.main     0x00000084       0x14 .\CortexM3\ARM_GCC_493\Debug\main.o
                0x00000084                main
 .text.init_motor_management
                0x00000098       0x1c .\CortexM3\ARM_GCC_493\Debug\motor_management.o
                0x00000098                init_motor_management
 .text.avance_moteurs
                0x000000b4       0x24 .\CortexM3\ARM_GCC_493\Debug\motor_management.o
                0x000000b4                avance_moteurs
 .text.recule_moteurs
                0x000000d8       0x24 .\CortexM3\ARM_GCC_493\Debug\motor_management.o
                0x000000d8                recule_moteurs
 .text.tourner_droite
                0x000000fc       0x24 .\CortexM3\ARM_GCC_493\Debug\motor_management.o
                0x000000fc                tourner_droite
 .text.tourner_gauche
                0x00000120       0x24 .\CortexM3\ARM_GCC_493\Debug\motor_management.o
                0x00000120                tourner_gauche
 .text.control_moteurs
                0x00000144       0x34 .\CortexM3\ARM_GCC_493\Debug\motor_management.o
                0x00000144                control_moteurs
 .text.timerInterrupt
                0x00000178       0x80 .\CortexM3\ARM_GCC_493\Debug\ultrason.o
                0x00000178                timerInterrupt
 .text.counterInterrupt
                0x000001f8       0x2c .\CortexM3\ARM_GCC_493\Debug\ultrason.o
                0x000001f8                counterInterrupt
 .text.periodeInterrupt
                0x00000224       0x14 .\CortexM3\ARM_GCC_493\Debug\ultrason.o
                0x00000224                periodeInterrupt
 .text.init_ultrason
                0x00000238       0x5c .\CortexM3\ARM_GCC_493\Debug\ultrason.o
                0x00000238                init_ultrason
 .text.IntDefaultHandler
                0x00000294       0x10 .\CortexM3\ARM_GCC_493\Debug\Cm3Start.o
                0x00000294                IntDefaultHandler
 .text.Start_c  0x000002a4       0x4c .\CortexM3\ARM_GCC_493\Debug\Cm3Start.o
                0x000002a4                Start_c
 .text.initialize_psoc
                0x000002f0       0x74 .\CortexM3\ARM_GCC_493\Debug\Cm3Start.o
                0x000002f0                initialize_psoc
 .text.CyClockStartupError
                0x00000364        0x4 .\CortexM3\ARM_GCC_493\Debug\projet_entier.a(cyfitter_cfg.o)
 .text.cfg_write_bytes32
                0x00000368       0x34 .\CortexM3\ARM_GCC_493\Debug\projet_entier.a(cyfitter_cfg.o)
 .text.AnalogSetDefault
                0x0000039c       0x68 .\CortexM3\ARM_GCC_493\Debug\projet_entier.a(cyfitter_cfg.o)
 .text.CYMEMZERO
                0x00000404        0xc .\CortexM3\ARM_GCC_493\Debug\projet_entier.a(cyfitter_cfg.o)
 .text.ClockSetup
                0x00000410       0xd4 .\CortexM3\ARM_GCC_493\Debug\projet_entier.a(cyfitter_cfg.o)
 .text.CYCONFIGCPY
                0x000004e4        0x8 .\CortexM3\ARM_GCC_493\Debug\projet_entier.a(cyfitter_cfg.o)
 .text.cyfitter_cfg
                0x000004ec      0x164 .\CortexM3\ARM_GCC_493\Debug\projet_entier.a(cyfitter_cfg.o)
                0x000004ec                cyfitter_cfg
 .text.CyDelay  0x00000650       0x2c .\CortexM3\ARM_GCC_493\Debug\projet_entier.a(CyLib.o)
                0x00000650                CyDelay
 .text.CyDelayUs
                0x0000067c       0x14 .\CortexM3\ARM_GCC_493\Debug\projet_entier.a(CyLib.o)
                0x0000067c                CyDelayUs
 .text.US_40kHz_WriteCounter
                0x00000690        0xc .\CortexM3\ARM_GCC_493\Debug\projet_entier.a(US_40kHz.o)
                0x00000690                US_40kHz_WriteCounter
 .text.US_40kHz_WritePeriod
                0x0000069c        0xc .\CortexM3\ARM_GCC_493\Debug\projet_entier.a(US_40kHz.o)
                0x0000069c                US_40kHz_WritePeriod
 .text.US_40kHz_WriteCompare1
                0x000006a8        0xc .\CortexM3\ARM_GCC_493\Debug\projet_entier.a(US_40kHz.o)
                0x000006a8                US_40kHz_WriteCompare1
 .text.US_40kHz_WriteCompare2
                0x000006b4        0xc .\CortexM3\ARM_GCC_493\Debug\projet_entier.a(US_40kHz.o)
                0x000006b4                US_40kHz_WriteCompare2
 .text.US_40kHz_SetInterruptMode
                0x000006c0        0xc .\CortexM3\ARM_GCC_493\Debug\projet_entier.a(US_40kHz.o)
                0x000006c0                US_40kHz_SetInterruptMode
 .text.US_40kHz_ReadStatusRegister
                0x000006cc        0xc .\CortexM3\ARM_GCC_493\Debug\projet_entier.a(US_40kHz.o)
                0x000006cc                US_40kHz_ReadStatusRegister
 .text.US_40kHz_ReadCapture
                0x000006d8        0xc .\CortexM3\ARM_GCC_493\Debug\projet_entier.a(US_40kHz.o)
                0x000006d8                US_40kHz_ReadCapture
 .text.US_40kHz_ClearFIFO
                0x000006e4       0x14 .\CortexM3\ARM_GCC_493\Debug\projet_entier.a(US_40kHz.o)
                0x000006e4                US_40kHz_ClearFIFO
 .text.US_40kHz_Init
                0x000006f8       0x58 .\CortexM3\ARM_GCC_493\Debug\projet_entier.a(US_40kHz.o)
                0x000006f8                US_40kHz_Init
 .text.US_40kHz_Start
                0x00000750       0x18 .\CortexM3\ARM_GCC_493\Debug\projet_entier.a(US_40kHz.o)
                0x00000750                US_40kHz_Start
 .text.Detect_Seuil_Recept_Enable
                0x00000768       0x1c .\CortexM3\ARM_GCC_493\Debug\projet_entier.a(Detect_Seuil_Recept.o)
                0x00000768                Detect_Seuil_Recept_Enable
 .text.Detect_Seuil_Recept_Stop
                0x00000784       0x1c .\CortexM3\ARM_GCC_493\Debug\projet_entier.a(Detect_Seuil_Recept.o)
                0x00000784                Detect_Seuil_Recept_Stop
 .text.Detect_Seuil_Recept_SetSpeed
                0x000007a0       0x58 .\CortexM3\ARM_GCC_493\Debug\projet_entier.a(Detect_Seuil_Recept.o)
                0x000007a0                Detect_Seuil_Recept_SetSpeed
 .text.Detect_Seuil_Recept_Init
                0x000007f8       0x3c .\CortexM3\ARM_GCC_493\Debug\projet_entier.a(Detect_Seuil_Recept.o)
                0x000007f8                Detect_Seuil_Recept_Init
 .text.Detect_Seuil_Recept_Start
                0x00000834       0x1c .\CortexM3\ARM_GCC_493\Debug\projet_entier.a(Detect_Seuil_Recept.o)
                0x00000834                Detect_Seuil_Recept_Start
 .text.V_seuil_Enable
                0x00000850       0x1c .\CortexM3\ARM_GCC_493\Debug\projet_entier.a(V_seuil.o)
                0x00000850                V_seuil_Enable
 .text.V_seuil_SetSpeed
                0x0000086c       0x1c .\CortexM3\ARM_GCC_493\Debug\projet_entier.a(V_seuil.o)
                0x0000086c                V_seuil_SetSpeed
 .text.V_seuil_SetValue
                0x00000888        0xc .\CortexM3\ARM_GCC_493\Debug\projet_entier.a(V_seuil.o)
                0x00000888                V_seuil_SetValue
 .text.V_seuil_DacTrim
                0x00000894       0x24 .\CortexM3\ARM_GCC_493\Debug\projet_entier.a(V_seuil.o)
                0x00000894                V_seuil_DacTrim
 .text.V_seuil_SetRange
                0x000008b8       0x20 .\CortexM3\ARM_GCC_493\Debug\projet_entier.a(V_seuil.o)
                0x000008b8                V_seuil_SetRange
 .text.V_seuil_Init
                0x000008d8       0x20 .\CortexM3\ARM_GCC_493\Debug\projet_entier.a(V_seuil.o)
                0x000008d8                V_seuil_Init
 .text.V_seuil_Start
                0x000008f8       0x24 .\CortexM3\ARM_GCC_493\Debug\projet_entier.a(V_seuil.o)
                0x000008f8                V_seuil_Start
 .text.Timer_US_SetInterruptMode
                0x0000091c        0xc .\CortexM3\ARM_GCC_493\Debug\projet_entier.a(Timer_US.o)
                0x0000091c                Timer_US_SetInterruptMode
 .text.Timer_US_ReadStatusRegister
                0x00000928        0xc .\CortexM3\ARM_GCC_493\Debug\projet_entier.a(Timer_US.o)
                0x00000928                Timer_US_ReadStatusRegister
 .text.Timer_US_WritePeriod
                0x00000934       0x10 .\CortexM3\ARM_GCC_493\Debug\projet_entier.a(Timer_US.o)
                0x00000934                Timer_US_WritePeriod
 .text.Timer_US_ReadCapture
                0x00000944       0x10 .\CortexM3\ARM_GCC_493\Debug\projet_entier.a(Timer_US.o)
                0x00000944                Timer_US_ReadCapture
 .text.Timer_US_WriteCounter
                0x00000954       0x10 .\CortexM3\ARM_GCC_493\Debug\projet_entier.a(Timer_US.o)
                0x00000954                Timer_US_WriteCounter
 .text.Timer_US_ClearFIFO
                0x00000964       0x14 .\CortexM3\ARM_GCC_493\Debug\projet_entier.a(Timer_US.o)
                0x00000964                Timer_US_ClearFIFO
 .text.Timer_US_Init
                0x00000978       0x34 .\CortexM3\ARM_GCC_493\Debug\projet_entier.a(Timer_US.o)
                0x00000978                Timer_US_Init
 .text.Timer_US_Start
                0x000009ac       0x18 .\CortexM3\ARM_GCC_493\Debug\projet_entier.a(Timer_US.o)
                0x000009ac                Timer_US_Start
 .text.Ampli_Recept_Enable
                0x000009c4       0x28 .\CortexM3\ARM_GCC_493\Debug\projet_entier.a(Ampli_Recept.o)
                0x000009c4                Ampli_Recept_Enable
 .text.Ampli_Recept_SetPower
                0x000009ec       0x18 .\CortexM3\ARM_GCC_493\Debug\projet_entier.a(Ampli_Recept.o)
                0x000009ec                Ampli_Recept_SetPower
 .text.Ampli_Recept_SetGain
                0x00000a04       0x78 .\CortexM3\ARM_GCC_493\Debug\projet_entier.a(Ampli_Recept.o)
                0x00000a04                Ampli_Recept_SetGain
 .text.Ampli_Recept_Init
                0x00000a7c       0x28 .\CortexM3\ARM_GCC_493\Debug\projet_entier.a(Ampli_Recept.o)
                0x00000a7c                Ampli_Recept_Init
 .text.Ampli_Recept_Start
                0x00000aa4       0x1c .\CortexM3\ARM_GCC_493\Debug\projet_entier.a(Ampli_Recept.o)
                0x00000aa4                Ampli_Recept_Start
 .text.TimerISR_SetVector
                0x00000ac0        0xc .\CortexM3\ARM_GCC_493\Debug\projet_entier.a(TimerISR.o)
                0x00000ac0                TimerISR_SetVector
 .text.TimerISR_SetPriority
                0x00000acc       0x10 .\CortexM3\ARM_GCC_493\Debug\projet_entier.a(TimerISR.o)
                0x00000acc                TimerISR_SetPriority
 .text.TimerISR_Enable
                0x00000adc        0xc .\CortexM3\ARM_GCC_493\Debug\projet_entier.a(TimerISR.o)
                0x00000adc                TimerISR_Enable
 .text.TimerISR_Disable
                0x00000ae8        0xc .\CortexM3\ARM_GCC_493\Debug\projet_entier.a(TimerISR.o)
                0x00000ae8                TimerISR_Disable
 .text.TimerISR_StartEx
                0x00000af4       0x1c .\CortexM3\ARM_GCC_493\Debug\projet_entier.a(TimerISR.o)
                0x00000af4                TimerISR_StartEx
 .text.CharLCD_1_WrCntrlNib
                0x00000b10       0x34 .\CortexM3\ARM_GCC_493\Debug\projet_entier.a(CharLCD_1.o)
 .text.CharLCD_1_WrDatNib
                0x00000b44       0x44 .\CortexM3\ARM_GCC_493\Debug\projet_entier.a(CharLCD_1.o)
 .text.CharLCD_1_IsReady
                0x00000b88       0xe4 .\CortexM3\ARM_GCC_493\Debug\projet_entier.a(CharLCD_1.o)
                0x00000b88                CharLCD_1_IsReady
 .text.CharLCD_1_WriteData
                0x00000c6c       0x18 .\CortexM3\ARM_GCC_493\Debug\projet_entier.a(CharLCD_1.o)
                0x00000c6c                CharLCD_1_WriteData
 .text.CharLCD_1_PrintString
                0x00000c84       0x1c .\CortexM3\ARM_GCC_493\Debug\projet_entier.a(CharLCD_1.o)
                0x00000c84                CharLCD_1_PrintString
 .text.CharLCD_1_WriteControl
                0x00000ca0       0x18 .\CortexM3\ARM_GCC_493\Debug\projet_entier.a(CharLCD_1.o)
                0x00000ca0                CharLCD_1_WriteControl
 .text.CharLCD_1_Init
                0x00000cb8       0x74 .\CortexM3\ARM_GCC_493\Debug\projet_entier.a(CharLCD_1.o)
                0x00000cb8                CharLCD_1_Init
 .text.CharLCD_1_Enable
                0x00000d2c       0x14 .\CortexM3\ARM_GCC_493\Debug\projet_entier.a(CharLCD_1.o)
                0x00000d2c                CharLCD_1_Enable
 .text.CharLCD_1_Start
                0x00000d40       0x1c .\CortexM3\ARM_GCC_493\Debug\projet_entier.a(CharLCD_1.o)
                0x00000d40                CharLCD_1_Start
 .text.CharLCD_1_Position
                0x00000d5c       0x3c .\CortexM3\ARM_GCC_493\Debug\projet_entier.a(CharLCD_1.o)
                0x00000d5c                CharLCD_1_Position
 .text.CharLCD_1_PrintU32Number
                0x00000d98       0x60 .\CortexM3\ARM_GCC_493\Debug\projet_entier.a(CharLCD_1.o)
                0x00000d98                CharLCD_1_PrintU32Number
 .text.CharLCD_1_LoadCustomFonts
                0x00000df8       0x2c .\CortexM3\ARM_GCC_493\Debug\projet_entier.a(CharLCD_1_CustChars.o)
                0x00000df8                CharLCD_1_LoadCustomFonts
 .text.Control_Reg_1_Write
                0x00000e24        0xc .\CortexM3\ARM_GCC_493\Debug\projet_entier.a(Control_Reg_1.o)
                0x00000e24                Control_Reg_1_Write
 .text.Counter_1_Enable
                0x00000e30       0x10 .\CortexM3\ARM_GCC_493\Debug\projet_entier.a(Counter_1.o)
                0x00000e30                Counter_1_Enable
 .text.Counter_1_SetInterruptMode
                0x00000e40        0xc .\CortexM3\ARM_GCC_493\Debug\projet_entier.a(Counter_1.o)
                0x00000e40                Counter_1_SetInterruptMode
 .text.Counter_1_ReadStatusRegister
                0x00000e4c        0xc .\CortexM3\ARM_GCC_493\Debug\projet_entier.a(Counter_1.o)
                0x00000e4c                Counter_1_ReadStatusRegister
 .text.Counter_1_WriteCounter
                0x00000e58        0xc .\CortexM3\ARM_GCC_493\Debug\projet_entier.a(Counter_1.o)
                0x00000e58                Counter_1_WriteCounter
 .text.Counter_1_ReadCapture
                0x00000e64        0xc .\CortexM3\ARM_GCC_493\Debug\projet_entier.a(Counter_1.o)
                0x00000e64                Counter_1_ReadCapture
 .text.Counter_1_WritePeriod
                0x00000e70        0xc .\CortexM3\ARM_GCC_493\Debug\projet_entier.a(Counter_1.o)
                0x00000e70                Counter_1_WritePeriod
 .text.Counter_1_WriteCompare
                0x00000e7c        0xc .\CortexM3\ARM_GCC_493\Debug\projet_entier.a(Counter_1.o)
                0x00000e7c                Counter_1_WriteCompare
 .text.Counter_1_ClearFIFO
                0x00000e88       0x14 .\CortexM3\ARM_GCC_493\Debug\projet_entier.a(Counter_1.o)
                0x00000e88                Counter_1_ClearFIFO
 .text.Counter_1_Init
                0x00000e9c       0x50 .\CortexM3\ARM_GCC_493\Debug\projet_entier.a(Counter_1.o)
                0x00000e9c                Counter_1_Init
 .text.Counter_1_Start
                0x00000eec       0x1c .\CortexM3\ARM_GCC_493\Debug\projet_entier.a(Counter_1.o)
                0x00000eec                Counter_1_Start
 .text.CounterISR_SetVector
                0x00000f08        0xc .\CortexM3\ARM_GCC_493\Debug\projet_entier.a(CounterISR.o)
                0x00000f08                CounterISR_SetVector
 .text.CounterISR_SetPriority
                0x00000f14       0x10 .\CortexM3\ARM_GCC_493\Debug\projet_entier.a(CounterISR.o)
                0x00000f14                CounterISR_SetPriority
 .text.CounterISR_Enable
                0x00000f24        0xc .\CortexM3\ARM_GCC_493\Debug\projet_entier.a(CounterISR.o)
                0x00000f24                CounterISR_Enable
 .text.CounterISR_Disable
                0x00000f30        0xc .\CortexM3\ARM_GCC_493\Debug\projet_entier.a(CounterISR.o)
                0x00000f30                CounterISR_Disable
 .text.CounterISR_StartEx
                0x00000f3c       0x1c .\CortexM3\ARM_GCC_493\Debug\projet_entier.a(CounterISR.o)
                0x00000f3c                CounterISR_StartEx
 .text.Timer_periode_Enable
                0x00000f58       0x10 .\CortexM3\ARM_GCC_493\Debug\projet_entier.a(Timer_periode.o)
                0x00000f58                Timer_periode_Enable
 .text.Timer_periode_SetInterruptMode
                0x00000f68        0xc .\CortexM3\ARM_GCC_493\Debug\projet_entier.a(Timer_periode.o)
                0x00000f68                Timer_periode_SetInterruptMode
 .text.Timer_periode_ReadStatusRegister
                0x00000f74        0xc .\CortexM3\ARM_GCC_493\Debug\projet_entier.a(Timer_periode.o)
                0x00000f74                Timer_periode_ReadStatusRegister
 .text.Timer_periode_WritePeriod
                0x00000f80       0x10 .\CortexM3\ARM_GCC_493\Debug\projet_entier.a(Timer_periode.o)
                0x00000f80                Timer_periode_WritePeriod
 .text.Timer_periode_ReadCapture
                0x00000f90       0x10 .\CortexM3\ARM_GCC_493\Debug\projet_entier.a(Timer_periode.o)
                0x00000f90                Timer_periode_ReadCapture
 .text.Timer_periode_WriteCounter
                0x00000fa0       0x10 .\CortexM3\ARM_GCC_493\Debug\projet_entier.a(Timer_periode.o)
                0x00000fa0                Timer_periode_WriteCounter
 .text.Timer_periode_ClearFIFO
                0x00000fb0       0x14 .\CortexM3\ARM_GCC_493\Debug\projet_entier.a(Timer_periode.o)
                0x00000fb0                Timer_periode_ClearFIFO
 .text.Timer_periode_Init
                0x00000fc4       0x38 .\CortexM3\ARM_GCC_493\Debug\projet_entier.a(Timer_periode.o)
                0x00000fc4                Timer_periode_Init
 .text.Timer_periode_Start
                0x00000ffc       0x1c .\CortexM3\ARM_GCC_493\Debug\projet_entier.a(Timer_periode.o)
                0x00000ffc                Timer_periode_Start
 .text.periodeISR_SetVector
                0x00001018        0xc .\CortexM3\ARM_GCC_493\Debug\projet_entier.a(periodeISR.o)
                0x00001018                periodeISR_SetVector
 .text.periodeISR_SetPriority
                0x00001024       0x10 .\CortexM3\ARM_GCC_493\Debug\projet_entier.a(periodeISR.o)
                0x00001024                periodeISR_SetPriority
 .text.periodeISR_Enable
                0x00001034        0xc .\CortexM3\ARM_GCC_493\Debug\projet_entier.a(periodeISR.o)
                0x00001034                periodeISR_Enable
 .text.periodeISR_Disable
                0x00001040        0xc .\CortexM3\ARM_GCC_493\Debug\projet_entier.a(periodeISR.o)
                0x00001040                periodeISR_Disable
 .text.periodeISR_StartEx
                0x0000104c       0x1c .\CortexM3\ARM_GCC_493\Debug\projet_entier.a(periodeISR.o)
                0x0000104c                periodeISR_StartEx
 .text.PWM_Front_Enable
                0x00001068       0x10 .\CortexM3\ARM_GCC_493\Debug\projet_entier.a(PWM_Front.o)
                0x00001068                PWM_Front_Enable
 .text.PWM_Front_WriteCounter
                0x00001078        0xc .\CortexM3\ARM_GCC_493\Debug\projet_entier.a(PWM_Front.o)
                0x00001078                PWM_Front_WriteCounter
 .text.PWM_Front_WritePeriod
                0x00001084        0xc .\CortexM3\ARM_GCC_493\Debug\projet_entier.a(PWM_Front.o)
                0x00001084                PWM_Front_WritePeriod
 .text.PWM_Front_WriteCompare1
                0x00001090        0xc .\CortexM3\ARM_GCC_493\Debug\projet_entier.a(PWM_Front.o)
                0x00001090                PWM_Front_WriteCompare1
 .text.PWM_Front_WriteCompare2
                0x0000109c        0xc .\CortexM3\ARM_GCC_493\Debug\projet_entier.a(PWM_Front.o)
                0x0000109c                PWM_Front_WriteCompare2
 .text.PWM_Front_SetInterruptMode
                0x000010a8        0xc .\CortexM3\ARM_GCC_493\Debug\projet_entier.a(PWM_Front.o)
                0x000010a8                PWM_Front_SetInterruptMode
 .text.PWM_Front_ReadStatusRegister
                0x000010b4        0xc .\CortexM3\ARM_GCC_493\Debug\projet_entier.a(PWM_Front.o)
                0x000010b4                PWM_Front_ReadStatusRegister
 .text.PWM_Front_ReadCapture
                0x000010c0        0xc .\CortexM3\ARM_GCC_493\Debug\projet_entier.a(PWM_Front.o)
                0x000010c0                PWM_Front_ReadCapture
 .text.PWM_Front_ClearFIFO
                0x000010cc       0x14 .\CortexM3\ARM_GCC_493\Debug\projet_entier.a(PWM_Front.o)
                0x000010cc                PWM_Front_ClearFIFO
 .text.PWM_Front_Init
                0x000010e0       0x58 .\CortexM3\ARM_GCC_493\Debug\projet_entier.a(PWM_Front.o)
                0x000010e0                PWM_Front_Init
 .text.PWM_Front_Start
                0x00001138       0x1c .\CortexM3\ARM_GCC_493\Debug\projet_entier.a(PWM_Front.o)
                0x00001138                PWM_Front_Start
 .text.PWM_Back_Enable
                0x00001154       0x10 .\CortexM3\ARM_GCC_493\Debug\projet_entier.a(PWM_Back.o)
                0x00001154                PWM_Back_Enable
 .text.PWM_Back_WriteCounter
                0x00001164        0xc .\CortexM3\ARM_GCC_493\Debug\projet_entier.a(PWM_Back.o)
                0x00001164                PWM_Back_WriteCounter
 .text.PWM_Back_WritePeriod
                0x00001170        0xc .\CortexM3\ARM_GCC_493\Debug\projet_entier.a(PWM_Back.o)
                0x00001170                PWM_Back_WritePeriod
 .text.PWM_Back_WriteCompare1
                0x0000117c        0xc .\CortexM3\ARM_GCC_493\Debug\projet_entier.a(PWM_Back.o)
                0x0000117c                PWM_Back_WriteCompare1
 .text.PWM_Back_WriteCompare2
                0x00001188        0xc .\CortexM3\ARM_GCC_493\Debug\projet_entier.a(PWM_Back.o)
                0x00001188                PWM_Back_WriteCompare2
 .text.PWM_Back_SetInterruptMode
                0x00001194        0xc .\CortexM3\ARM_GCC_493\Debug\projet_entier.a(PWM_Back.o)
                0x00001194                PWM_Back_SetInterruptMode
 .text.PWM_Back_ReadStatusRegister
                0x000011a0        0xc .\CortexM3\ARM_GCC_493\Debug\projet_entier.a(PWM_Back.o)
                0x000011a0                PWM_Back_ReadStatusRegister
 .text.PWM_Back_ReadCapture
                0x000011ac        0xc .\CortexM3\ARM_GCC_493\Debug\projet_entier.a(PWM_Back.o)
                0x000011ac                PWM_Back_ReadCapture
 .text.PWM_Back_ClearFIFO
                0x000011b8       0x14 .\CortexM3\ARM_GCC_493\Debug\projet_entier.a(PWM_Back.o)
                0x000011b8                PWM_Back_ClearFIFO
 .text.PWM_Back_Init
                0x000011cc       0x58 .\CortexM3\ARM_GCC_493\Debug\projet_entier.a(PWM_Back.o)
                0x000011cc                PWM_Back_Init
 .text.PWM_Back_Start
                0x00001224       0x1c .\CortexM3\ARM_GCC_493\Debug\projet_entier.a(PWM_Back.o)
                0x00001224                PWM_Back_Start
 .text.XBee_UART_Init
                0x00001240       0x14 .\CortexM3\ARM_GCC_493\Debug\projet_entier.a(XBee_UART.o)
                0x00001240                XBee_UART_Init
 .text.XBee_UART_Enable
                0x00001254       0x2c .\CortexM3\ARM_GCC_493\Debug\projet_entier.a(XBee_UART.o)
                0x00001254                XBee_UART_Enable
 .text.XBee_UART_Start
                0x00001280       0x1c .\CortexM3\ARM_GCC_493\Debug\projet_entier.a(XBee_UART.o)
                0x00001280                XBee_UART_Start
 .text.XBee_UART_GetChar
                0x0000129c       0x2c .\CortexM3\ARM_GCC_493\Debug\projet_entier.a(XBee_UART.o)
                0x0000129c                XBee_UART_GetChar
 .text.XBee_UART_GetRxBufferSize
                0x000012c8       0x18 .\CortexM3\ARM_GCC_493\Debug\projet_entier.a(XBee_UART.o)
                0x000012c8                XBee_UART_GetRxBufferSize
 .text.ctrl_moteur_Write
                0x000012e0        0xc .\CortexM3\ARM_GCC_493\Debug\projet_entier.a(ctrl_moteur.o)
                0x000012e0                ctrl_moteur_Write
 .text.XBee_UART_IntClock_Start
                0x000012ec       0x1c .\CortexM3\ARM_GCC_493\Debug\projet_entier.a(XBee_UART_IntClock.o)
                0x000012ec                XBee_UART_IntClock_Start
 .text          0x00001308       0x20 .\CortexM3\ARM_GCC_493\Debug\projet_entier.a(CyBootAsmGnu.o)
                0x00001308                CyDelayCycles
                0x00001318                CyEnterCriticalSection
                0x00001320                CyExitCriticalSection
 .text.CySetReg24
                0x00001328       0x14 .\CortexM3\ARM_GCC_493\Debug\projet_entier.a(cyutils.o)
                0x00001328                CySetReg24
 .text          0x0000133c      0x370 c:/program files (x86)/cypress/psoc creator/4.0/psoc creator/import/gnu/arm/4.9.3/bin/../lib/gcc/arm-none-eabi/4.9.3/armv7-m\libgcc.a(_arm_addsubdf3.o)
                0x0000133c                __aeabi_drsub
                0x00001344                __aeabi_dsub
                0x00001344                __subdf3
                0x00001348                __aeabi_dadd
                0x00001348                __adddf3
                0x000015c0                __floatunsidf
                0x000015c0                __aeabi_ui2d
                0x000015e0                __floatsidf
                0x000015e0                __aeabi_i2d
                0x00001604                __aeabi_f2d
                0x00001604                __extendsfdf2
                0x00001640                __floatundidf
                0x00001640                __aeabi_ul2d
                0x00001650                __floatdidf
                0x00001650                __aeabi_l2d
 .text          0x000016ac      0x424 c:/program files (x86)/cypress/psoc creator/4.0/psoc creator/import/gnu/arm/4.9.3/bin/../lib/gcc/arm-none-eabi/4.9.3/armv7-m\libgcc.a(_arm_muldivdf3.o)
                0x000016ac                __aeabi_dmul
                0x000016ac                __muldf3
                0x00001900                __divdf3
                0x00001900                __aeabi_ddiv
 .text          0x00001ad0       0x40 c:/program files (x86)/cypress/psoc creator/4.0/psoc creator/import/gnu/arm/4.9.3/bin/../lib/gcc/arm-none-eabi/4.9.3/armv7-m\libgcc.a(_arm_fixunsdfsi.o)
                0x00001ad0                __aeabi_d2uiz
                0x00001ad0                __fixunsdfsi
 .text.__errno  0x00001b10        0xc c:/program files (x86)/cypress/psoc creator/4.0/psoc creator/import/gnu/arm/4.9.3/bin/../lib/gcc/arm-none-eabi/4.9.3/../../../../arm-none-eabi/lib/armv7-m\libg_nano.a(lib_a-errno.o)
                0x00001b10                __errno
 .text.__libc_init_array
                0x00001b1c       0x4c c:/program files (x86)/cypress/psoc creator/4.0/psoc creator/import/gnu/arm/4.9.3/bin/../lib/gcc/arm-none-eabi/4.9.3/../../../../arm-none-eabi/lib/armv7-m\libg_nano.a(lib_a-init.o)
                0x00001b1c                __libc_init_array
 .text.memcpy   0x00001b68       0x16 c:/program files (x86)/cypress/psoc creator/4.0/psoc creator/import/gnu/arm/4.9.3/bin/../lib/gcc/arm-none-eabi/4.9.3/../../../../arm-none-eabi/lib/armv7-m\libg_nano.a(lib_a-memcpy.o)
                0x00001b68                memcpy
 .text.memset   0x00001b7e       0x10 c:/program files (x86)/cypress/psoc creator/4.0/psoc creator/import/gnu/arm/4.9.3/bin/../lib/gcc/arm-none-eabi/4.9.3/../../../../arm-none-eabi/lib/armv7-m\libg_nano.a(lib_a-memset.o)
                0x00001b7e                memset
 *(.plt)
 *(.gnu.warning)
 *(.glue_7t)
 .glue_7t       0x00000000        0x0 linker stubs
 *(.glue_7)
 .glue_7        0x00000000        0x0 linker stubs
 *(.vfp11_veneer)
 .vfp11_veneer  0x00000000        0x0 linker stubs
 *(.bootloader)
 *(.ARM.extab* .gnu.linkonce.armextab.*)
 *(.gcc_except_table)

.v4_bx          0x00001b90        0x0
 .v4_bx         0x00000000        0x0 linker stubs

.iplt           0x00001b90        0x0
 .iplt          0x00000000        0x0 c:/program files (x86)/cypress/psoc creator/4.0/psoc creator/import/gnu/arm/4.9.3/bin/../lib/gcc/arm-none-eabi/4.9.3/armv7-m/crtbegin.o

.eh_frame_hdr
 *(.eh_frame_hdr)

.eh_frame       0x00001b90        0x4
 *(.eh_frame)
 .eh_frame      0x00001b90        0x0 c:/program files (x86)/cypress/psoc creator/4.0/psoc creator/import/gnu/arm/4.9.3/bin/../lib/gcc/arm-none-eabi/4.9.3/armv7-m/crtbegin.o
 .eh_frame      0x00001b90        0x4 c:/program files (x86)/cypress/psoc creator/4.0/psoc creator/import/gnu/arm/4.9.3/bin/../lib/gcc/arm-none-eabi/4.9.3/armv7-m/crtend.o
                0x00001b94                PROVIDE (__exidx_start, .)

.ARM.exidx
 *(.ARM.exidx* .gnu.linkonce.armexidx.*)
                0x00001b94                __exidx_end = .

.rodata         0x00001b94       0xe4
 *(.rodata .rodata.* .gnu.linkonce.r.*)
 .rodata.str1.4
                0x00001b94       0x1c .\CortexM3\ARM_GCC_493\Debug\ultrason.o
 .rodata        0x00001bb0       0x38 .\CortexM3\ARM_GCC_493\Debug\projet_entier.a(cyfitter_cfg.o)
 .rodata        0x00001be8       0x18 .\CortexM3\ARM_GCC_493\Debug\projet_entier.a(Ampli_Recept.o)
 .rodata        0x00001c00       0x40 .\CortexM3\ARM_GCC_493\Debug\projet_entier.a(CharLCD_1_CustChars.o)
                0x00001c00                CharLCD_1_customFonts
 .rodata.str1.1
                0x00001c40        0x2 c:/program files (x86)/cypress/psoc creator/4.0/psoc creator/import/gnu/arm/4.9.3/bin/../lib/gcc/arm-none-eabi/4.9.3/../../../../arm-none-eabi/lib/armv7-m\libg_nano.a(lib_a-impure.o)
                0x00001c44                . = ALIGN (0x4)
 *fill*         0x00001c42        0x2 
 *(.init)
 .init          0x00001c44        0x4 c:/program files (x86)/cypress/psoc creator/4.0/psoc creator/import/gnu/arm/4.9.3/bin/../lib/gcc/arm-none-eabi/4.9.3/armv7-m/crti.o
                0x00001c44                _init
 .init          0x00001c48        0x8 c:/program files (x86)/cypress/psoc creator/4.0/psoc creator/import/gnu/arm/4.9.3/bin/../lib/gcc/arm-none-eabi/4.9.3/armv7-m/crtn.o
                0x00001c50                . = ALIGN (0x4)
                0x00001c50                __preinit_array_start = .
 *(.preinit_array)
                0x00001c50                __preinit_array_end = .
                0x00001c50                . = ALIGN (0x4)
                0x00001c50                __init_array_start = .
 *(SORT(.init_array.*))
 *(.init_array)
 .init_array    0x00001c50        0x4 c:/program files (x86)/cypress/psoc creator/4.0/psoc creator/import/gnu/arm/4.9.3/bin/../lib/gcc/arm-none-eabi/4.9.3/armv7-m/crtbegin.o
 .init_array    0x00001c54        0x4 .\CortexM3\ARM_GCC_493\Debug\Cm3Start.o
                0x00001c58                __init_array_end = .
                0x00001c58                . = ALIGN (0x4)
 *(.fini)
 .fini          0x00001c58        0x4 c:/program files (x86)/cypress/psoc creator/4.0/psoc creator/import/gnu/arm/4.9.3/bin/../lib/gcc/arm-none-eabi/4.9.3/armv7-m/crti.o
                0x00001c58                _fini
 .fini          0x00001c5c        0x8 c:/program files (x86)/cypress/psoc creator/4.0/psoc creator/import/gnu/arm/4.9.3/bin/../lib/gcc/arm-none-eabi/4.9.3/armv7-m/crtn.o
                0x00001c64                . = ALIGN (0x4)
                0x00001c64                __fini_array_start = .
 *(.fini_array)
 .fini_array    0x00001c64        0x4 c:/program files (x86)/cypress/psoc creator/4.0/psoc creator/import/gnu/arm/4.9.3/bin/../lib/gcc/arm-none-eabi/4.9.3/armv7-m/crtbegin.o
 *(SORT(.fini_array.*))
                0x00001c68                __fini_array_end = .
                0x00001c68                . = ALIGN (0x4)
 *crtbegin.o(.ctors)
 *(EXCLUDE_FILE(*crtend.o) .ctors)
 *(SORT(.ctors.*))
 *crtend.o(.ctors)
                0x00001c68                . = ALIGN (0x4)
 *crtbegin.o(.dtors)
 *(EXCLUDE_FILE(*crtend.o) .dtors)
 *(SORT(.dtors.*))
 *crtend.o(.dtors)
                0x00001c68                . = ALIGN (0x4)
                0x00001c68                __cy_regions = .
                0x00001c68        0x4 LONG 0x1c78 __cy_region_init_ram
                0x00001c6c        0x4 LONG 0x1fff8108 __cy_region_start_data
                0x00001c70        0x4 LONG 0x78 __cy_region_init_size_ram
                0x00001c74        0x4 LONG 0x30 __cy_region_zero_size_ram
                0x00001c78                __cy_regions_end = .
                0x00001c78                . = ALIGN (0x8)
                0x00001c78                _etext = .

.cy_checksum_exclude
                0x00001c78        0x0
 *(.cy_checksum_exclude)

.ramvectors     0x1fff8000      0x100
                0x1fff8000                __cy_region_start_ram = .
 *(.ramvectors)
 .ramvectors    0x1fff8000      0x100 .\CortexM3\ARM_GCC_493\Debug\Cm3Start.o
                0x1fff8000                CyRamVectors

.noinit         0x1fff8100        0x5
 *(.noinit)
 .noinit        0x1fff8100        0x4 .\CortexM3\ARM_GCC_493\Debug\Cm3Start.o
 .noinit        0x1fff8104        0x1 .\CortexM3\ARM_GCC_493\Debug\projet_entier.a(CyLib.o)
                0x1fff8104                CyResetStatus

.data           0x1fff8108       0x78 load address 0x00001c78
                0x1fff8108                __cy_region_start_data = .
 *(.jcr)
 .jcr           0x1fff8108        0x0 c:/program files (x86)/cypress/psoc creator/4.0/psoc creator/import/gnu/arm/4.9.3/bin/../lib/gcc/arm-none-eabi/4.9.3/armv7-m/crtbegin.o
 .jcr           0x1fff8108        0x4 c:/program files (x86)/cypress/psoc creator/4.0/psoc creator/import/gnu/arm/4.9.3/bin/../lib/gcc/arm-none-eabi/4.9.3/armv7-m/crtend.o
 *(.got.plt)
 *(.got)
 *(.shdata)
 *(.data .data.* .gnu.linkonce.d.*)
 .data          0x1fff810c       0x10 .\CortexM3\ARM_GCC_493\Debug\projet_entier.a(CyLib.o)
                0x1fff810c                cydelay_32k_ms
                0x1fff8110                cydelay_freq_khz
                0x1fff8114                cydelay_freq_mhz
                0x1fff8118                cydelay_freq_hz
 .data.impure_data
                0x1fff811c       0x60 c:/program files (x86)/cypress/psoc creator/4.0/psoc creator/import/gnu/arm/4.9.3/bin/../lib/gcc/arm-none-eabi/4.9.3/../../../../arm-none-eabi/lib/armv7-m\libg_nano.a(lib_a-impure.o)
 .data._impure_ptr
                0x1fff817c        0x4 c:/program files (x86)/cypress/psoc creator/4.0/psoc creator/import/gnu/arm/4.9.3/bin/../lib/gcc/arm-none-eabi/4.9.3/../../../../arm-none-eabi/lib/armv7-m\libg_nano.a(lib_a-impure.o)
                0x1fff817c                _impure_ptr
                0x1fff8180                . = ALIGN (0x8)
 *(.ram)
                0x1fff8180                _edata = .

.igot.plt       0x1fff8180        0x0 load address 0x00001cf0
 .igot.plt      0x00000000        0x0 c:/program files (x86)/cypress/psoc creator/4.0/psoc creator/import/gnu/arm/4.9.3/bin/../lib/gcc/arm-none-eabi/4.9.3/armv7-m/crtbegin.o

.bss            0x1fff8180       0x30 load address 0x00001cf0
                0x1fff8180                PROVIDE (__bss_start__, .)
 *(.shbss)
 *(.bss .bss.* .gnu.linkonce.b.*)
 .bss           0x1fff8180       0x1c c:/program files (x86)/cypress/psoc creator/4.0/psoc creator/import/gnu/arm/4.9.3/bin/../lib/gcc/arm-none-eabi/4.9.3/armv7-m/crtbegin.o
 .bss           0x1fff819c        0x1 .\CortexM3\ARM_GCC_493\Debug\projet_entier.a(US_40kHz.o)
                0x1fff819c                US_40kHz_initVar
 .bss           0x1fff819d        0x1 .\CortexM3\ARM_GCC_493\Debug\projet_entier.a(Detect_Seuil_Recept.o)
                0x1fff819d                Detect_Seuil_Recept_initVar
 .bss           0x1fff819e        0x1 .\CortexM3\ARM_GCC_493\Debug\projet_entier.a(V_seuil.o)
                0x1fff819e                V_seuil_initVar
 .bss           0x1fff819f        0x1 .\CortexM3\ARM_GCC_493\Debug\projet_entier.a(Timer_US.o)
                0x1fff819f                Timer_US_initVar
 .bss           0x1fff81a0        0x1 .\CortexM3\ARM_GCC_493\Debug\projet_entier.a(Ampli_Recept.o)
                0x1fff81a0                Ampli_Recept_initVar
 .bss           0x1fff81a1        0x2 .\CortexM3\ARM_GCC_493\Debug\projet_entier.a(CharLCD_1.o)
                0x1fff81a1                CharLCD_1_enableState
                0x1fff81a2                CharLCD_1_initVar
 .bss           0x1fff81a3        0x1 .\CortexM3\ARM_GCC_493\Debug\projet_entier.a(Counter_1.o)
                0x1fff81a3                Counter_1_initVar
 .bss           0x1fff81a4        0x1 .\CortexM3\ARM_GCC_493\Debug\projet_entier.a(Timer_periode.o)
                0x1fff81a4                Timer_periode_initVar
 .bss           0x1fff81a5        0x1 .\CortexM3\ARM_GCC_493\Debug\projet_entier.a(PWM_Front.o)
                0x1fff81a5                PWM_Front_initVar
 .bss           0x1fff81a6        0x1 .\CortexM3\ARM_GCC_493\Debug\projet_entier.a(PWM_Back.o)
                0x1fff81a6                PWM_Back_initVar
 .bss           0x1fff81a7        0x1 .\CortexM3\ARM_GCC_493\Debug\projet_entier.a(XBee_UART.o)
                0x1fff81a7                XBee_UART_initVar
 *(COMMON)
 COMMON         0x1fff81a8        0x8 .\CortexM3\ARM_GCC_493\Debug\ultrason.o
                0x1fff81a8                distance
                0x1fff81aa                recu
                0x1fff81ac                timerCount
                0x1fff81b0                . = ALIGN (0x8)
 *(.ram.b)
                0x1fff81b0                _end = .
                0x1fff81b0                __end = .
                0x1fff81b0                PROVIDE (end, .)
                0x1fff81b0                PROVIDE (__bss_end__, .)
                0x00001c78                __cy_region_init_ram = LOADADDR (.data)
                0x00000078                __cy_region_init_size_ram = (_edata - ADDR (.data))
                0x00000030                __cy_region_zero_size_ram = (_end - _edata)

.heap           0x1fff81b0       0x80 load address 0x00001cf0
                0x1fff81b0                . = _end
                0x1fff8230                . = (. + 0x80)
 *fill*         0x1fff81b0       0x80 
                0x1fff8230                __cy_heap_limit = .

.stack          0x20007800      0x800
                0x20007800                __cy_stack_limit = .
                0x20008000                . = (. + 0x800)
 *fill*         0x20007800      0x800 
                0x00000001                ASSERT ((__cy_stack_limit >= __cy_heap_limit), region RAM overflowed with stack)
                0x00000000                cy_checksum_exclude_size = (CY_APPL_LOADABLE == 0x1)?SIZEOF (.cy_checksum_exclude):0x0
                0x00000001                ASSERT ((cy_checksum_exclude_size <= CY_CHECKSUM_EXCLUDE_SIZE), CY_BOOT: Section .cy_checksum_exclude size exceedes specified limit.)

.cyloadermeta
 *(.cyloadermeta)

.cyloadablemeta
 *(.cyloadablemeta)

.cyconfigecc    0x80000000      0x948
 *(.cyconfigecc)
 .cyconfigecc   0x80000000      0x948 .\CortexM3\ARM_GCC_493\Debug\cymetadata.o
                0x80000000                cy_meta_configecc

.cycustnvl      0x90000000        0x4
 *(.cycustnvl)
 .cycustnvl     0x90000000        0x4 .\CortexM3\ARM_GCC_493\Debug\cymetadata.o
                0x90000000                cy_meta_custnvl

.cywolatch      0x90100000        0x4
 *(.cywolatch)
 .cywolatch     0x90100000        0x4 .\CortexM3\ARM_GCC_493\Debug\cymetadata.o
                0x90100000                cy_meta_wonvl

.cyeeprom       0x90200000        0x0
 *(.cyeeprom)
                0x00000001                ASSERT ((. <= ((0x90200000 + ee_offset) + ee_size)), .cyeeprom data will not fit in EEPROM)

.cyflashprotect
                0x90400000      0x100
 *(.cyflashprotect)
 .cyflashprotect
                0x90400000      0x100 .\CortexM3\ARM_GCC_493\Debug\cymetadata.o
                0x90400000                cy_meta_flashprotect

.cymeta         0x90500000        0xc
 *(.cymeta)
 .cymeta        0x90500000        0xc .\CortexM3\ARM_GCC_493\Debug\cymetadata.o
                0x90500000                cy_metadata

.rel.dyn        0x00001cf0        0x0 load address 0x9050000c
 .rel.iplt      0x00000000        0x0 c:/program files (x86)/cypress/psoc creator/4.0/psoc creator/import/gnu/arm/4.9.3/bin/../lib/gcc/arm-none-eabi/4.9.3/armv7-m/crtbegin.o

.stab
 *(.stab)

.stabstr
 *(.stabstr)

.debug
 *(.debug)

.line
 *(.line)

.debug_srcinfo
 *(.debug_srcinfo)

.debug_sfnames
 *(.debug_sfnames)

.debug_aranges  0x00000000      0xe00
 *(.debug_aranges)
 .debug_aranges
                0x00000000       0x20 .\CortexM3\ARM_GCC_493\Debug\main.o
 .debug_aranges
                0x00000020       0x48 .\CortexM3\ARM_GCC_493\Debug\motor_management.o
 .debug_aranges
                0x00000068       0x38 .\CortexM3\ARM_GCC_493\Debug\ultrason.o
 .debug_aranges
                0x000000a0       0x18 .\CortexM3\ARM_GCC_493\Debug\cymetadata.o
 .debug_aranges
                0x000000b8       0x48 .\CortexM3\ARM_GCC_493\Debug\Cm3Start.o
 .debug_aranges
                0x00000100       0x58 .\CortexM3\ARM_GCC_493\Debug\projet_entier.a(cyfitter_cfg.o)
 .debug_aranges
                0x00000158      0x2a0 .\CortexM3\ARM_GCC_493\Debug\projet_entier.a(CyLib.o)
 .debug_aranges
                0x000003f8       0x98 .\CortexM3\ARM_GCC_493\Debug\projet_entier.a(cyPm.o)
 .debug_aranges
                0x00000490       0x98 .\CortexM3\ARM_GCC_493\Debug\projet_entier.a(US_40kHz.o)
 .debug_aranges
                0x00000528       0x70 .\CortexM3\ARM_GCC_493\Debug\projet_entier.a(Detect_Seuil_Recept.o)
 .debug_aranges
                0x00000598       0x58 .\CortexM3\ARM_GCC_493\Debug\projet_entier.a(V_seuil.o)
 .debug_aranges
                0x000005f0       0x88 .\CortexM3\ARM_GCC_493\Debug\projet_entier.a(Timer_US.o)
 .debug_aranges
                0x00000678       0x48 .\CortexM3\ARM_GCC_493\Debug\projet_entier.a(Ampli_Recept.o)
 .debug_aranges
                0x000006c0       0x80 .\CortexM3\ARM_GCC_493\Debug\projet_entier.a(TimerISR.o)
 .debug_aranges
                0x00000740       0x98 .\CortexM3\ARM_GCC_493\Debug\projet_entier.a(CharLCD_1.o)
 .debug_aranges
                0x000007d8       0x20 .\CortexM3\ARM_GCC_493\Debug\projet_entier.a(CharLCD_1_CustChars.o)
 .debug_aranges
                0x000007f8       0x28 .\CortexM3\ARM_GCC_493\Debug\projet_entier.a(Control_Reg_1.o)
 .debug_aranges
                0x00000820       0x98 .\CortexM3\ARM_GCC_493\Debug\projet_entier.a(Counter_1.o)
 .debug_aranges
                0x000008b8       0x80 .\CortexM3\ARM_GCC_493\Debug\projet_entier.a(CounterISR.o)
 .debug_aranges
                0x00000938       0x90 .\CortexM3\ARM_GCC_493\Debug\projet_entier.a(Timer_periode.o)
 .debug_aranges
                0x000009c8       0x80 .\CortexM3\ARM_GCC_493\Debug\projet_entier.a(periodeISR.o)
 .debug_aranges
                0x00000a48       0xa8 .\CortexM3\ARM_GCC_493\Debug\projet_entier.a(PWM_Front.o)
 .debug_aranges
                0x00000af0       0xa8 .\CortexM3\ARM_GCC_493\Debug\projet_entier.a(PWM_Back.o)
 .debug_aranges
                0x00000b98       0x98 .\CortexM3\ARM_GCC_493\Debug\projet_entier.a(XBee_UART.o)
 .debug_aranges
                0x00000c30       0x28 .\CortexM3\ARM_GCC_493\Debug\projet_entier.a(ctrl_moteur.o)
 .debug_aranges
                0x00000c58       0x70 .\CortexM3\ARM_GCC_493\Debug\projet_entier.a(XBee_UART_IntClock.o)
 .debug_aranges
                0x00000cc8       0x20 .\CortexM3\ARM_GCC_493\Debug\projet_entier.a(CyBootAsmGnu.o)
 .debug_aranges
                0x00000ce8       0x80 .\CortexM3\ARM_GCC_493\Debug\projet_entier.a(CyFlash.o)
 .debug_aranges
                0x00000d68       0x78 .\CortexM3\ARM_GCC_493\Debug\projet_entier.a(CySpc.o)
 .debug_aranges
                0x00000de0       0x20 .\CortexM3\ARM_GCC_493\Debug\projet_entier.a(cyutils.o)

.debug_pubnames
 *(.debug_pubnames)

.debug_info     0x00000000     0x7173
 *(.debug_info .gnu.linkonce.wi.*)
 .debug_info    0x00000000      0x11f .\CortexM3\ARM_GCC_493\Debug\main.o
 .debug_info    0x0000011f      0x3ca .\CortexM3\ARM_GCC_493\Debug\motor_management.o
 .debug_info    0x000004e9      0x3ea .\CortexM3\ARM_GCC_493\Debug\ultrason.o
 .debug_info    0x000008d3      0x13f .\CortexM3\ARM_GCC_493\Debug\cymetadata.o
 .debug_info    0x00000a12      0x3b3 .\CortexM3\ARM_GCC_493\Debug\Cm3Start.o
 .debug_info    0x00000dc5      0x632 .\CortexM3\ARM_GCC_493\Debug\projet_entier.a(cyfitter_cfg.o)
 .debug_info    0x000013f7     0x1385 .\CortexM3\ARM_GCC_493\Debug\projet_entier.a(CyLib.o)
 .debug_info    0x0000277c      0xa57 .\CortexM3\ARM_GCC_493\Debug\projet_entier.a(cyPm.o)
 .debug_info    0x000031d3      0x337 .\CortexM3\ARM_GCC_493\Debug\projet_entier.a(US_40kHz.o)
 .debug_info    0x0000350a      0x2c3 .\CortexM3\ARM_GCC_493\Debug\projet_entier.a(Detect_Seuil_Recept.o)
 .debug_info    0x000037cd      0x1df .\CortexM3\ARM_GCC_493\Debug\projet_entier.a(V_seuil.o)
 .debug_info    0x000039ac      0x327 .\CortexM3\ARM_GCC_493\Debug\projet_entier.a(Timer_US.o)
 .debug_info    0x00003cd3      0x1c8 .\CortexM3\ARM_GCC_493\Debug\projet_entier.a(Ampli_Recept.o)
 .debug_info    0x00003e9b      0x2cb .\CortexM3\ARM_GCC_493\Debug\projet_entier.a(TimerISR.o)
 .debug_info    0x00004166      0x763 .\CortexM3\ARM_GCC_493\Debug\projet_entier.a(CharLCD_1.o)
 .debug_info    0x000048c9      0x15d .\CortexM3\ARM_GCC_493\Debug\projet_entier.a(CharLCD_1_CustChars.o)
 .debug_info    0x00004a26       0xd6 .\CortexM3\ARM_GCC_493\Debug\projet_entier.a(Control_Reg_1.o)
 .debug_info    0x00004afc      0x320 .\CortexM3\ARM_GCC_493\Debug\projet_entier.a(Counter_1.o)
 .debug_info    0x00004e1c      0x2cb .\CortexM3\ARM_GCC_493\Debug\projet_entier.a(CounterISR.o)
 .debug_info    0x000050e7      0x33e .\CortexM3\ARM_GCC_493\Debug\projet_entier.a(Timer_periode.o)
 .debug_info    0x00005425      0x2cb .\CortexM3\ARM_GCC_493\Debug\projet_entier.a(periodeISR.o)
 .debug_info    0x000056f0      0x37e .\CortexM3\ARM_GCC_493\Debug\projet_entier.a(PWM_Front.o)
 .debug_info    0x00005a6e      0x37e .\CortexM3\ARM_GCC_493\Debug\projet_entier.a(PWM_Back.o)
 .debug_info    0x00005dec      0x39e .\CortexM3\ARM_GCC_493\Debug\projet_entier.a(XBee_UART.o)
 .debug_info    0x0000618a       0xd6 .\CortexM3\ARM_GCC_493\Debug\projet_entier.a(ctrl_moteur.o)
 .debug_info    0x00006260      0x283 .\CortexM3\ARM_GCC_493\Debug\projet_entier.a(XBee_UART_IntClock.o)
 .debug_info    0x000064e3       0xb0 .\CortexM3\ARM_GCC_493\Debug\projet_entier.a(CyBootAsmGnu.o)
 .debug_info    0x00006593      0x608 .\CortexM3\ARM_GCC_493\Debug\projet_entier.a(CyFlash.o)
 .debug_info    0x00006b9b      0x4ea .\CortexM3\ARM_GCC_493\Debug\projet_entier.a(CySpc.o)
 .debug_info    0x00007085       0xee .\CortexM3\ARM_GCC_493\Debug\projet_entier.a(cyutils.o)

.debug_abbrev   0x00000000     0x260e
 *(.debug_abbrev)
 .debug_abbrev  0x00000000       0xb7 .\CortexM3\ARM_GCC_493\Debug\main.o
 .debug_abbrev  0x000000b7      0x10a .\CortexM3\ARM_GCC_493\Debug\motor_management.o
 .debug_abbrev  0x000001c1      0x13d .\CortexM3\ARM_GCC_493\Debug\ultrason.o
 .debug_abbrev  0x000002fe       0x77 .\CortexM3\ARM_GCC_493\Debug\cymetadata.o
 .debug_abbrev  0x00000375      0x1f7 .\CortexM3\ARM_GCC_493\Debug\Cm3Start.o
 .debug_abbrev  0x0000056c      0x212 .\CortexM3\ARM_GCC_493\Debug\projet_entier.a(cyfitter_cfg.o)
 .debug_abbrev  0x0000077e      0x296 .\CortexM3\ARM_GCC_493\Debug\projet_entier.a(CyLib.o)
 .debug_abbrev  0x00000a14      0x1ed .\CortexM3\ARM_GCC_493\Debug\projet_entier.a(cyPm.o)
 .debug_abbrev  0x00000c01      0x122 .\CortexM3\ARM_GCC_493\Debug\projet_entier.a(US_40kHz.o)
 .debug_abbrev  0x00000d23      0x175 .\CortexM3\ARM_GCC_493\Debug\projet_entier.a(Detect_Seuil_Recept.o)
 .debug_abbrev  0x00000e98       0xf7 .\CortexM3\ARM_GCC_493\Debug\projet_entier.a(V_seuil.o)
 .debug_abbrev  0x00000f8f      0x170 .\CortexM3\ARM_GCC_493\Debug\projet_entier.a(Timer_US.o)
 .debug_abbrev  0x000010ff      0x105 .\CortexM3\ARM_GCC_493\Debug\projet_entier.a(Ampli_Recept.o)
 .debug_abbrev  0x00001204      0x173 .\CortexM3\ARM_GCC_493\Debug\projet_entier.a(TimerISR.o)
 .debug_abbrev  0x00001377      0x171 .\CortexM3\ARM_GCC_493\Debug\projet_entier.a(CharLCD_1.o)
 .debug_abbrev  0x000014e8      0x10d .\CortexM3\ARM_GCC_493\Debug\projet_entier.a(CharLCD_1_CustChars.o)
 .debug_abbrev  0x000015f5       0x81 .\CortexM3\ARM_GCC_493\Debug\projet_entier.a(Control_Reg_1.o)
 .debug_abbrev  0x00001676      0x131 .\CortexM3\ARM_GCC_493\Debug\projet_entier.a(Counter_1.o)
 .debug_abbrev  0x000017a7      0x173 .\CortexM3\ARM_GCC_493\Debug\projet_entier.a(CounterISR.o)
 .debug_abbrev  0x0000191a      0x170 .\CortexM3\ARM_GCC_493\Debug\projet_entier.a(Timer_periode.o)
 .debug_abbrev  0x00001a8a      0x173 .\CortexM3\ARM_GCC_493\Debug\projet_entier.a(periodeISR.o)
 .debug_abbrev  0x00001bfd      0x14d .\CortexM3\ARM_GCC_493\Debug\projet_entier.a(PWM_Front.o)
 .debug_abbrev  0x00001d4a      0x14d .\CortexM3\ARM_GCC_493\Debug\projet_entier.a(PWM_Back.o)
 .debug_abbrev  0x00001e97      0x16d .\CortexM3\ARM_GCC_493\Debug\projet_entier.a(XBee_UART.o)
 .debug_abbrev  0x00002004       0x81 .\CortexM3\ARM_GCC_493\Debug\projet_entier.a(ctrl_moteur.o)
 .debug_abbrev  0x00002085      0x139 .\CortexM3\ARM_GCC_493\Debug\projet_entier.a(XBee_UART_IntClock.o)
 .debug_abbrev  0x000021be       0x14 .\CortexM3\ARM_GCC_493\Debug\projet_entier.a(CyBootAsmGnu.o)
 .debug_abbrev  0x000021d2      0x1ed .\CortexM3\ARM_GCC_493\Debug\projet_entier.a(CyFlash.o)
 .debug_abbrev  0x000023bf      0x1c1 .\CortexM3\ARM_GCC_493\Debug\projet_entier.a(CySpc.o)
 .debug_abbrev  0x00002580       0x8e .\CortexM3\ARM_GCC_493\Debug\projet_entier.a(cyutils.o)

.debug_line     0x00000000     0x31d5
 *(.debug_line)
 .debug_line    0x00000000      0x191 .\CortexM3\ARM_GCC_493\Debug\main.o
 .debug_line    0x00000191      0x21c .\CortexM3\ARM_GCC_493\Debug\motor_management.o
 .debug_line    0x000003ad      0x278 .\CortexM3\ARM_GCC_493\Debug\ultrason.o
 .debug_line    0x00000625       0x51 .\CortexM3\ARM_GCC_493\Debug\cymetadata.o
 .debug_line    0x00000676      0x24f .\CortexM3\ARM_GCC_493\Debug\Cm3Start.o
 .debug_line    0x000008c5      0x20a .\CortexM3\ARM_GCC_493\Debug\projet_entier.a(cyfitter_cfg.o)
 .debug_line    0x00000acf      0x816 .\CortexM3\ARM_GCC_493\Debug\projet_entier.a(CyLib.o)
 .debug_line    0x000012e5      0x364 .\CortexM3\ARM_GCC_493\Debug\projet_entier.a(cyPm.o)
 .debug_line    0x00001649      0x183 .\CortexM3\ARM_GCC_493\Debug\projet_entier.a(US_40kHz.o)
 .debug_line    0x000017cc      0x172 .\CortexM3\ARM_GCC_493\Debug\projet_entier.a(Detect_Seuil_Recept.o)
 .debug_line    0x0000193e       0xe4 .\CortexM3\ARM_GCC_493\Debug\projet_entier.a(V_seuil.o)
 .debug_line    0x00001a22      0x15c .\CortexM3\ARM_GCC_493\Debug\projet_entier.a(Timer_US.o)
 .debug_line    0x00001b7e       0xd2 .\CortexM3\ARM_GCC_493\Debug\projet_entier.a(Ampli_Recept.o)
 .debug_line    0x00001c50      0x135 .\CortexM3\ARM_GCC_493\Debug\projet_entier.a(TimerISR.o)
 .debug_line    0x00001d85      0x1f2 .\CortexM3\ARM_GCC_493\Debug\projet_entier.a(CharLCD_1.o)
 .debug_line    0x00001f77       0x8f .\CortexM3\ARM_GCC_493\Debug\projet_entier.a(CharLCD_1_CustChars.o)
 .debug_line    0x00002006       0x75 .\CortexM3\ARM_GCC_493\Debug\projet_entier.a(Control_Reg_1.o)
 .debug_line    0x0000207b      0x189 .\CortexM3\ARM_GCC_493\Debug\projet_entier.a(Counter_1.o)
 .debug_line    0x00002204      0x137 .\CortexM3\ARM_GCC_493\Debug\projet_entier.a(CounterISR.o)
 .debug_line    0x0000233b      0x178 .\CortexM3\ARM_GCC_493\Debug\projet_entier.a(Timer_periode.o)
 .debug_line    0x000024b3      0x137 .\CortexM3\ARM_GCC_493\Debug\projet_entier.a(periodeISR.o)
 .debug_line    0x000025ea      0x1ad .\CortexM3\ARM_GCC_493\Debug\projet_entier.a(PWM_Front.o)
 .debug_line    0x00002797      0x1ac .\CortexM3\ARM_GCC_493\Debug\projet_entier.a(PWM_Back.o)
 .debug_line    0x00002943      0x1b2 .\CortexM3\ARM_GCC_493\Debug\projet_entier.a(XBee_UART.o)
 .debug_line    0x00002af5       0x73 .\CortexM3\ARM_GCC_493\Debug\projet_entier.a(ctrl_moteur.o)
 .debug_line    0x00002b68      0x181 .\CortexM3\ARM_GCC_493\Debug\projet_entier.a(XBee_UART_IntClock.o)
 .debug_line    0x00002ce9       0x66 .\CortexM3\ARM_GCC_493\Debug\projet_entier.a(CyBootAsmGnu.o)
 .debug_line    0x00002d4f      0x1ea .\CortexM3\ARM_GCC_493\Debug\projet_entier.a(CyFlash.o)
 .debug_line    0x00002f39      0x23c .\CortexM3\ARM_GCC_493\Debug\projet_entier.a(CySpc.o)
 .debug_line    0x00003175       0x60 .\CortexM3\ARM_GCC_493\Debug\projet_entier.a(cyutils.o)

.debug_frame    0x00000000     0x2160
 *(.debug_frame)
 .debug_frame   0x00000000       0x2c .\CortexM3\ARM_GCC_493\Debug\main.o
 .debug_frame   0x0000002c       0xb8 .\CortexM3\ARM_GCC_493\Debug\motor_management.o
 .debug_frame   0x000000e4       0x84 .\CortexM3\ARM_GCC_493\Debug\ultrason.o
 .debug_frame   0x00000168       0xb8 .\CortexM3\ARM_GCC_493\Debug\Cm3Start.o
 .debug_frame   0x00000220       0xe4 .\CortexM3\ARM_GCC_493\Debug\projet_entier.a(cyfitter_cfg.o)
 .debug_frame   0x00000304      0x738 .\CortexM3\ARM_GCC_493\Debug\projet_entier.a(CyLib.o)
 .debug_frame   0x00000a3c      0x1f8 .\CortexM3\ARM_GCC_493\Debug\projet_entier.a(cyPm.o)
 .debug_frame   0x00000c34      0x134 .\CortexM3\ARM_GCC_493\Debug\projet_entier.a(US_40kHz.o)
 .debug_frame   0x00000d68      0x108 .\CortexM3\ARM_GCC_493\Debug\projet_entier.a(Detect_Seuil_Recept.o)
 .debug_frame   0x00000e70       0xb4 .\CortexM3\ARM_GCC_493\Debug\projet_entier.a(V_seuil.o)
 .debug_frame   0x00000f24      0x12c .\CortexM3\ARM_GCC_493\Debug\projet_entier.a(Timer_US.o)
 .debug_frame   0x00001050       0x9c .\CortexM3\ARM_GCC_493\Debug\projet_entier.a(Ampli_Recept.o)
 .debug_frame   0x000010ec      0x104 .\CortexM3\ARM_GCC_493\Debug\projet_entier.a(TimerISR.o)
 .debug_frame   0x000011f0      0x1e4 .\CortexM3\ARM_GCC_493\Debug\projet_entier.a(CharLCD_1.o)
 .debug_frame   0x000013d4       0x30 .\CortexM3\ARM_GCC_493\Debug\projet_entier.a(CharLCD_1_CustChars.o)
 .debug_frame   0x00001404       0x30 .\CortexM3\ARM_GCC_493\Debug\projet_entier.a(Control_Reg_1.o)
 .debug_frame   0x00001434      0x134 .\CortexM3\ARM_GCC_493\Debug\projet_entier.a(Counter_1.o)
 .debug_frame   0x00001568      0x104 .\CortexM3\ARM_GCC_493\Debug\projet_entier.a(CounterISR.o)
 .debug_frame   0x0000166c      0x13c .\CortexM3\ARM_GCC_493\Debug\projet_entier.a(Timer_periode.o)
 .debug_frame   0x000017a8      0x104 .\CortexM3\ARM_GCC_493\Debug\projet_entier.a(periodeISR.o)
 .debug_frame   0x000018ac      0x154 .\CortexM3\ARM_GCC_493\Debug\projet_entier.a(PWM_Front.o)
 .debug_frame   0x00001a00      0x154 .\CortexM3\ARM_GCC_493\Debug\projet_entier.a(PWM_Back.o)
 .debug_frame   0x00001b54      0x14c .\CortexM3\ARM_GCC_493\Debug\projet_entier.a(XBee_UART.o)
 .debug_frame   0x00001ca0       0x30 .\CortexM3\ARM_GCC_493\Debug\projet_entier.a(ctrl_moteur.o)
 .debug_frame   0x00001cd0       0xe0 .\CortexM3\ARM_GCC_493\Debug\projet_entier.a(XBee_UART_IntClock.o)
 .debug_frame   0x00001db0      0x174 .\CortexM3\ARM_GCC_493\Debug\projet_entier.a(CyFlash.o)
 .debug_frame   0x00001f24      0x160 .\CortexM3\ARM_GCC_493\Debug\projet_entier.a(CySpc.o)
 .debug_frame   0x00002084       0x20 .\CortexM3\ARM_GCC_493\Debug\projet_entier.a(cyutils.o)
 .debug_frame   0x000020a4       0x20 c:/program files (x86)/cypress/psoc creator/4.0/psoc creator/import/gnu/arm/4.9.3/bin/../lib/gcc/arm-none-eabi/4.9.3/../../../../arm-none-eabi/lib/armv7-m\libg_nano.a(lib_a-errno.o)
 .debug_frame   0x000020c4       0x28 c:/program files (x86)/cypress/psoc creator/4.0/psoc creator/import/gnu/arm/4.9.3/bin/../lib/gcc/arm-none-eabi/4.9.3/../../../../arm-none-eabi/lib/armv7-m\libg_nano.a(lib_a-exit.o)
 .debug_frame   0x000020ec       0x2c c:/program files (x86)/cypress/psoc creator/4.0/psoc creator/import/gnu/arm/4.9.3/bin/../lib/gcc/arm-none-eabi/4.9.3/../../../../arm-none-eabi/lib/armv7-m\libg_nano.a(lib_a-init.o)
 .debug_frame   0x00002118       0x28 c:/program files (x86)/cypress/psoc creator/4.0/psoc creator/import/gnu/arm/4.9.3/bin/../lib/gcc/arm-none-eabi/4.9.3/../../../../arm-none-eabi/lib/armv7-m\libg_nano.a(lib_a-memcpy.o)
 .debug_frame   0x00002140       0x20 c:/program files (x86)/cypress/psoc creator/4.0/psoc creator/import/gnu/arm/4.9.3/bin/../lib/gcc/arm-none-eabi/4.9.3/../../../../arm-none-eabi/lib/armv7-m\libg_nano.a(lib_a-memset.o)

.debug_str      0x00000000     0x2bff
 *(.debug_str)
 .debug_str     0x00000000      0x1c1 .\CortexM3\ARM_GCC_493\Debug\main.o
                                0x202 (size before relaxing)
 .debug_str     0x000001c1      0x146 .\CortexM3\ARM_GCC_493\Debug\motor_management.o
                                0x32e (size before relaxing)
 .debug_str     0x00000307      0x1fb .\CortexM3\ARM_GCC_493\Debug\ultrason.o
                                0x3bd (size before relaxing)
 .debug_str     0x00000502       0x75 .\CortexM3\ARM_GCC_493\Debug\cymetadata.o
                                0x20a (size before relaxing)
 .debug_str     0x00000577      0x156 .\CortexM3\ARM_GCC_493\Debug\Cm3Start.o
                                0x31e (size before relaxing)
 .debug_str     0x000006cd      0x189 .\CortexM3\ARM_GCC_493\Debug\projet_entier.a(cyfitter_cfg.o)
                                0x358 (size before relaxing)
 .debug_str     0x00000856      0x845 .\CortexM3\ARM_GCC_493\Debug\projet_entier.a(CyLib.o)
                                0xa5b (size before relaxing)
 .debug_str     0x0000109b      0x359 .\CortexM3\ARM_GCC_493\Debug\projet_entier.a(cyPm.o)
                                0x73b (size before relaxing)
 .debug_str     0x000013f4      0x1a8 .\CortexM3\ARM_GCC_493\Debug\projet_entier.a(US_40kHz.o)
                                0x38b (size before relaxing)
 .debug_str     0x0000159c      0x1b0 .\CortexM3\ARM_GCC_493\Debug\projet_entier.a(Detect_Seuil_Recept.o)
                                0x395 (size before relaxing)
 .debug_str     0x0000174c       0xa3 .\CortexM3\ARM_GCC_493\Debug\projet_entier.a(V_seuil.o)
                                0x253 (size before relaxing)
 .debug_str     0x000017ef      0x146 .\CortexM3\ARM_GCC_493\Debug\projet_entier.a(Timer_US.o)
                                0x377 (size before relaxing)
 .debug_str     0x00001935       0xd6 .\CortexM3\ARM_GCC_493\Debug\projet_entier.a(Ampli_Recept.o)
                                0x289 (size before relaxing)
 .debug_str     0x00001a0b       0xff .\CortexM3\ARM_GCC_493\Debug\projet_entier.a(TimerISR.o)
                                0x2e4 (size before relaxing)
 .debug_str     0x00001b0a      0x1b1 .\CortexM3\ARM_GCC_493\Debug\projet_entier.a(CharLCD_1.o)
                                0x3e7 (size before relaxing)
 .debug_str     0x00001cbb       0x38 .\CortexM3\ARM_GCC_493\Debug\projet_entier.a(CharLCD_1_CustChars.o)
                                0x242 (size before relaxing)
 .debug_str     0x00001cf3       0x42 .\CortexM3\ARM_GCC_493\Debug\projet_entier.a(Control_Reg_1.o)
                                0x1e7 (size before relaxing)
 .debug_str     0x00001d35      0x1b5 .\CortexM3\ARM_GCC_493\Debug\projet_entier.a(Counter_1.o)
                                0x3ab (size before relaxing)
 .debug_str     0x00001eea      0x119 .\CortexM3\ARM_GCC_493\Debug\projet_entier.a(CounterISR.o)
                                0x300 (size before relaxing)
 .debug_str     0x00002003      0x1b1 .\CortexM3\ARM_GCC_493\Debug\projet_entier.a(Timer_periode.o)
                                0x3ea (size before relaxing)
 .debug_str     0x000021b4      0x119 .\CortexM3\ARM_GCC_493\Debug\projet_entier.a(periodeISR.o)
                                0x300 (size before relaxing)
 .debug_str     0x000022cd      0x19a .\CortexM3\ARM_GCC_493\Debug\projet_entier.a(PWM_Front.o)
                                0x3e2 (size before relaxing)
 .debug_str     0x00002467      0x182 .\CortexM3\ARM_GCC_493\Debug\projet_entier.a(PWM_Back.o)
                                0x3cd (size before relaxing)
 .debug_str     0x000025e9      0x1b5 .\CortexM3\ARM_GCC_493\Debug\projet_entier.a(XBee_UART.o)
                                0x3ea (size before relaxing)
 .debug_str     0x0000279e       0x36 .\CortexM3\ARM_GCC_493\Debug\projet_entier.a(ctrl_moteur.o)
                                0x1e1 (size before relaxing)
 .debug_str     0x000027d4      0x1b5 .\CortexM3\ARM_GCC_493\Debug\projet_entier.a(XBee_UART_IntClock.o)
                                0x392 (size before relaxing)
 .debug_str     0x00002989      0x19c .\CortexM3\ARM_GCC_493\Debug\projet_entier.a(CyFlash.o)
                                0x3b5 (size before relaxing)
 .debug_str     0x00002b25       0xac .\CortexM3\ARM_GCC_493\Debug\projet_entier.a(CySpc.o)
                                0x33e (size before relaxing)
 .debug_str     0x00002bd1       0x2e .\CortexM3\ARM_GCC_493\Debug\projet_entier.a(cyutils.o)
                                0x1d2 (size before relaxing)

.debug_loc      0x00000000     0x234e
 *(.debug_loc)
 .debug_loc     0x00000000       0x34 .\CortexM3\ARM_GCC_493\Debug\motor_management.o
 .debug_loc     0x00000034      0x144 .\CortexM3\ARM_GCC_493\Debug\Cm3Start.o
 .debug_loc     0x00000178      0x259 .\CortexM3\ARM_GCC_493\Debug\projet_entier.a(cyfitter_cfg.o)
 .debug_loc     0x000003d1      0xa11 .\CortexM3\ARM_GCC_493\Debug\projet_entier.a(CyLib.o)
 .debug_loc     0x00000de2      0x1e4 .\CortexM3\ARM_GCC_493\Debug\projet_entier.a(cyPm.o)
 .debug_loc     0x00000fc6       0x13 .\CortexM3\ARM_GCC_493\Debug\projet_entier.a(US_40kHz.o)
 .debug_loc     0x00000fd9       0xed .\CortexM3\ARM_GCC_493\Debug\projet_entier.a(Detect_Seuil_Recept.o)
 .debug_loc     0x000010c6       0x79 .\CortexM3\ARM_GCC_493\Debug\projet_entier.a(V_seuil.o)
 .debug_loc     0x0000113f       0x8e .\CortexM3\ARM_GCC_493\Debug\projet_entier.a(Timer_US.o)
 .debug_loc     0x000011cd       0x60 .\CortexM3\ARM_GCC_493\Debug\projet_entier.a(Ampli_Recept.o)
 .debug_loc     0x0000122d       0x56 .\CortexM3\ARM_GCC_493\Debug\projet_entier.a(TimerISR.o)
 .debug_loc     0x00001283      0x3c6 .\CortexM3\ARM_GCC_493\Debug\projet_entier.a(CharLCD_1.o)
 .debug_loc     0x00001649       0x48 .\CortexM3\ARM_GCC_493\Debug\projet_entier.a(CharLCD_1_CustChars.o)
 .debug_loc     0x00001691       0x3d .\CortexM3\ARM_GCC_493\Debug\projet_entier.a(Counter_1.o)
 .debug_loc     0x000016ce       0x56 .\CortexM3\ARM_GCC_493\Debug\projet_entier.a(CounterISR.o)
 .debug_loc     0x00001724       0x6b .\CortexM3\ARM_GCC_493\Debug\projet_entier.a(Timer_periode.o)
 .debug_loc     0x0000178f       0x56 .\CortexM3\ARM_GCC_493\Debug\projet_entier.a(periodeISR.o)
 .debug_loc     0x000017e5       0x26 .\CortexM3\ARM_GCC_493\Debug\projet_entier.a(PWM_Front.o)
 .debug_loc     0x0000180b       0x26 .\CortexM3\ARM_GCC_493\Debug\projet_entier.a(PWM_Back.o)
 .debug_loc     0x00001831       0x87 .\CortexM3\ARM_GCC_493\Debug\projet_entier.a(XBee_UART.o)
 .debug_loc     0x000018b8      0x128 .\CortexM3\ARM_GCC_493\Debug\projet_entier.a(XBee_UART_IntClock.o)
 .debug_loc     0x000019e0      0x300 .\CortexM3\ARM_GCC_493\Debug\projet_entier.a(CyFlash.o)
 .debug_loc     0x00001ce0      0x64d .\CortexM3\ARM_GCC_493\Debug\projet_entier.a(CySpc.o)
 .debug_loc     0x0000232d       0x21 .\CortexM3\ARM_GCC_493\Debug\projet_entier.a(cyutils.o)

.debug_macinfo
 *(.debug_macinfo)

.debug_ranges   0x00000000      0xc08
 *(.debug_ranges)
 .debug_ranges  0x00000000       0x10 .\CortexM3\ARM_GCC_493\Debug\main.o
 .debug_ranges  0x00000010       0x38 .\CortexM3\ARM_GCC_493\Debug\motor_management.o
 .debug_ranges  0x00000048       0x28 .\CortexM3\ARM_GCC_493\Debug\ultrason.o
 .debug_ranges  0x00000070       0x38 .\CortexM3\ARM_GCC_493\Debug\Cm3Start.o
 .debug_ranges  0x000000a8       0x48 .\CortexM3\ARM_GCC_493\Debug\projet_entier.a(cyfitter_cfg.o)
 .debug_ranges  0x000000f0      0x290 .\CortexM3\ARM_GCC_493\Debug\projet_entier.a(CyLib.o)
 .debug_ranges  0x00000380       0x88 .\CortexM3\ARM_GCC_493\Debug\projet_entier.a(cyPm.o)
 .debug_ranges  0x00000408       0x88 .\CortexM3\ARM_GCC_493\Debug\projet_entier.a(US_40kHz.o)
 .debug_ranges  0x00000490       0x60 .\CortexM3\ARM_GCC_493\Debug\projet_entier.a(Detect_Seuil_Recept.o)
 .debug_ranges  0x000004f0       0x48 .\CortexM3\ARM_GCC_493\Debug\projet_entier.a(V_seuil.o)
 .debug_ranges  0x00000538       0x78 .\CortexM3\ARM_GCC_493\Debug\projet_entier.a(Timer_US.o)
 .debug_ranges  0x000005b0       0x38 .\CortexM3\ARM_GCC_493\Debug\projet_entier.a(Ampli_Recept.o)
 .debug_ranges  0x000005e8       0x70 .\CortexM3\ARM_GCC_493\Debug\projet_entier.a(TimerISR.o)
 .debug_ranges  0x00000658       0x88 .\CortexM3\ARM_GCC_493\Debug\projet_entier.a(CharLCD_1.o)
 .debug_ranges  0x000006e0       0x10 .\CortexM3\ARM_GCC_493\Debug\projet_entier.a(CharLCD_1_CustChars.o)
 .debug_ranges  0x000006f0       0x18 .\CortexM3\ARM_GCC_493\Debug\projet_entier.a(Control_Reg_1.o)
 .debug_ranges  0x00000708       0x88 .\CortexM3\ARM_GCC_493\Debug\projet_entier.a(Counter_1.o)
 .debug_ranges  0x00000790       0x70 .\CortexM3\ARM_GCC_493\Debug\projet_entier.a(CounterISR.o)
 .debug_ranges  0x00000800       0x80 .\CortexM3\ARM_GCC_493\Debug\projet_entier.a(Timer_periode.o)
 .debug_ranges  0x00000880       0x70 .\CortexM3\ARM_GCC_493\Debug\projet_entier.a(periodeISR.o)
 .debug_ranges  0x000008f0       0x98 .\CortexM3\ARM_GCC_493\Debug\projet_entier.a(PWM_Front.o)
 .debug_ranges  0x00000988       0x98 .\CortexM3\ARM_GCC_493\Debug\projet_entier.a(PWM_Back.o)
 .debug_ranges  0x00000a20       0x88 .\CortexM3\ARM_GCC_493\Debug\projet_entier.a(XBee_UART.o)
 .debug_ranges  0x00000aa8       0x18 .\CortexM3\ARM_GCC_493\Debug\projet_entier.a(ctrl_moteur.o)
 .debug_ranges  0x00000ac0       0x60 .\CortexM3\ARM_GCC_493\Debug\projet_entier.a(XBee_UART_IntClock.o)
 .debug_ranges  0x00000b20       0x70 .\CortexM3\ARM_GCC_493\Debug\projet_entier.a(CyFlash.o)
 .debug_ranges  0x00000b90       0x68 .\CortexM3\ARM_GCC_493\Debug\projet_entier.a(CySpc.o)
 .debug_ranges  0x00000bf8       0x10 .\CortexM3\ARM_GCC_493\Debug\projet_entier.a(cyutils.o)

.comment        0x00000000       0x70
 .comment       0x00000000       0x70 .\CortexM3\ARM_GCC_493\Debug\main.o
                                 0x71 (size before relaxing)
 .comment       0x00000000       0x71 .\CortexM3\ARM_GCC_493\Debug\motor_management.o
 .comment       0x00000000       0x71 .\CortexM3\ARM_GCC_493\Debug\ultrason.o
 .comment       0x00000000       0x71 .\CortexM3\ARM_GCC_493\Debug\cymetadata.o
 .comment       0x00000000       0x71 .\CortexM3\ARM_GCC_493\Debug\Cm3Start.o
 .comment       0x00000000       0x71 .\CortexM3\ARM_GCC_493\Debug\projet_entier.a(cyfitter_cfg.o)
 .comment       0x00000000       0x71 .\CortexM3\ARM_GCC_493\Debug\projet_entier.a(CyLib.o)
 .comment       0x00000000       0x71 .\CortexM3\ARM_GCC_493\Debug\projet_entier.a(cyPm.o)
 .comment       0x00000000       0x71 .\CortexM3\ARM_GCC_493\Debug\projet_entier.a(US_40kHz.o)
 .comment       0x00000000       0x71 .\CortexM3\ARM_GCC_493\Debug\projet_entier.a(Detect_Seuil_Recept.o)
 .comment       0x00000000       0x71 .\CortexM3\ARM_GCC_493\Debug\projet_entier.a(V_seuil.o)
 .comment       0x00000000       0x71 .\CortexM3\ARM_GCC_493\Debug\projet_entier.a(Timer_US.o)
 .comment       0x00000000       0x71 .\CortexM3\ARM_GCC_493\Debug\projet_entier.a(Ampli_Recept.o)
 .comment       0x00000000       0x71 .\CortexM3\ARM_GCC_493\Debug\projet_entier.a(TimerISR.o)
 .comment       0x00000000       0x71 .\CortexM3\ARM_GCC_493\Debug\projet_entier.a(CharLCD_1.o)
 .comment       0x00000000       0x71 .\CortexM3\ARM_GCC_493\Debug\projet_entier.a(CharLCD_1_CustChars.o)
 .comment       0x00000000       0x71 .\CortexM3\ARM_GCC_493\Debug\projet_entier.a(Control_Reg_1.o)
 .comment       0x00000000       0x71 .\CortexM3\ARM_GCC_493\Debug\projet_entier.a(Counter_1.o)
 .comment       0x00000000       0x71 .\CortexM3\ARM_GCC_493\Debug\projet_entier.a(CounterISR.o)
 .comment       0x00000000       0x71 .\CortexM3\ARM_GCC_493\Debug\projet_entier.a(Timer_periode.o)
 .comment       0x00000000       0x71 .\CortexM3\ARM_GCC_493\Debug\projet_entier.a(periodeISR.o)
 .comment       0x00000000       0x71 .\CortexM3\ARM_GCC_493\Debug\projet_entier.a(PWM_Front.o)
 .comment       0x00000000       0x71 .\CortexM3\ARM_GCC_493\Debug\projet_entier.a(PWM_Back.o)
 .comment       0x00000000       0x71 .\CortexM3\ARM_GCC_493\Debug\projet_entier.a(XBee_UART.o)
 .comment       0x00000000       0x71 .\CortexM3\ARM_GCC_493\Debug\projet_entier.a(ctrl_moteur.o)
 .comment       0x00000000       0x71 .\CortexM3\ARM_GCC_493\Debug\projet_entier.a(XBee_UART_IntClock.o)
 .comment       0x00000000       0x71 .\CortexM3\ARM_GCC_493\Debug\projet_entier.a(CyFlash.o)
 .comment       0x00000000       0x71 .\CortexM3\ARM_GCC_493\Debug\projet_entier.a(CySpc.o)
 .comment       0x00000000       0x71 .\CortexM3\ARM_GCC_493\Debug\projet_entier.a(cyutils.o)

.debug_weaknames
 *(.debug_weaknames)

.debug_funcnames
 *(.debug_funcnames)

.debug_typenames
 *(.debug_typenames)

.debug_varnames
 *(.debug_varnames)

.note.gnu.arm.ident
 *(.note.gnu.arm.ident)

.ARM.attributes
                0x00000000       0x29
 *(.ARM.attributes)
 .ARM.attributes
                0x00000000       0x1d c:/program files (x86)/cypress/psoc creator/4.0/psoc creator/import/gnu/arm/4.9.3/bin/../lib/gcc/arm-none-eabi/4.9.3/armv7-m/crti.o
 .ARM.attributes
                0x0000001d       0x2d c:/program files (x86)/cypress/psoc creator/4.0/psoc creator/import/gnu/arm/4.9.3/bin/../lib/gcc/arm-none-eabi/4.9.3/armv7-m/crtbegin.o
 .ARM.attributes
                0x0000004a       0x1b c:/program files (x86)/cypress/psoc creator/4.0/psoc creator/import/gnu/arm/4.9.3/bin/../lib/gcc/arm-none-eabi/4.9.3/../../../../arm-none-eabi/lib/armv7-m/crt0.o
 .ARM.attributes
                0x00000065       0x33 .\CortexM3\ARM_GCC_493\Debug\main.o
 .ARM.attributes
                0x00000098       0x33 .\CortexM3\ARM_GCC_493\Debug\motor_management.o
 .ARM.attributes
                0x000000cb       0x33 .\CortexM3\ARM_GCC_493\Debug\ultrason.o
 .ARM.attributes
                0x000000fe       0x33 .\CortexM3\ARM_GCC_493\Debug\cymetadata.o
 .ARM.attributes
                0x00000131       0x33 .\CortexM3\ARM_GCC_493\Debug\Cm3Start.o
 .ARM.attributes
                0x00000164       0x33 .\CortexM3\ARM_GCC_493\Debug\projet_entier.a(cyfitter_cfg.o)
 .ARM.attributes
                0x00000197       0x33 .\CortexM3\ARM_GCC_493\Debug\projet_entier.a(CyLib.o)
 .ARM.attributes
                0x000001ca       0x33 .\CortexM3\ARM_GCC_493\Debug\projet_entier.a(cyPm.o)
 .ARM.attributes
                0x000001fd       0x33 .\CortexM3\ARM_GCC_493\Debug\projet_entier.a(US_40kHz.o)
 .ARM.attributes
                0x00000230       0x33 .\CortexM3\ARM_GCC_493\Debug\projet_entier.a(Detect_Seuil_Recept.o)
 .ARM.attributes
                0x00000263       0x33 .\CortexM3\ARM_GCC_493\Debug\projet_entier.a(V_seuil.o)
 .ARM.attributes
                0x00000296       0x33 .\CortexM3\ARM_GCC_493\Debug\projet_entier.a(Timer_US.o)
 .ARM.attributes
                0x000002c9       0x33 .\CortexM3\ARM_GCC_493\Debug\projet_entier.a(Ampli_Recept.o)
 .ARM.attributes
                0x000002fc       0x33 .\CortexM3\ARM_GCC_493\Debug\projet_entier.a(TimerISR.o)
 .ARM.attributes
                0x0000032f       0x33 .\CortexM3\ARM_GCC_493\Debug\projet_entier.a(CharLCD_1.o)
 .ARM.attributes
                0x00000362       0x33 .\CortexM3\ARM_GCC_493\Debug\projet_entier.a(CharLCD_1_CustChars.o)
 .ARM.attributes
                0x00000395       0x33 .\CortexM3\ARM_GCC_493\Debug\projet_entier.a(Control_Reg_1.o)
 .ARM.attributes
                0x000003c8       0x33 .\CortexM3\ARM_GCC_493\Debug\projet_entier.a(Counter_1.o)
 .ARM.attributes
                0x000003fb       0x33 .\CortexM3\ARM_GCC_493\Debug\projet_entier.a(CounterISR.o)
 .ARM.attributes
                0x0000042e       0x33 .\CortexM3\ARM_GCC_493\Debug\projet_entier.a(Timer_periode.o)
 .ARM.attributes
                0x00000461       0x33 .\CortexM3\ARM_GCC_493\Debug\projet_entier.a(periodeISR.o)
 .ARM.attributes
                0x00000494       0x33 .\CortexM3\ARM_GCC_493\Debug\projet_entier.a(PWM_Front.o)
 .ARM.attributes
                0x000004c7       0x33 .\CortexM3\ARM_GCC_493\Debug\projet_entier.a(PWM_Back.o)
 .ARM.attributes
                0x000004fa       0x33 .\CortexM3\ARM_GCC_493\Debug\projet_entier.a(XBee_UART.o)
 .ARM.attributes
                0x0000052d       0x33 .\CortexM3\ARM_GCC_493\Debug\projet_entier.a(ctrl_moteur.o)
 .ARM.attributes
                0x00000560       0x33 .\CortexM3\ARM_GCC_493\Debug\projet_entier.a(XBee_UART_IntClock.o)
 .ARM.attributes
                0x00000593       0x21 .\CortexM3\ARM_GCC_493\Debug\projet_entier.a(CyBootAsmGnu.o)
 .ARM.attributes
                0x000005b4       0x33 .\CortexM3\ARM_GCC_493\Debug\projet_entier.a(CyFlash.o)
 .ARM.attributes
                0x000005e7       0x33 .\CortexM3\ARM_GCC_493\Debug\projet_entier.a(CySpc.o)
 .ARM.attributes
                0x0000061a       0x33 .\CortexM3\ARM_GCC_493\Debug\projet_entier.a(cyutils.o)
 .ARM.attributes
                0x0000064d       0x1d c:/program files (x86)/cypress/psoc creator/4.0/psoc creator/import/gnu/arm/4.9.3/bin/../lib/gcc/arm-none-eabi/4.9.3/armv7-m\libgcc.a(_arm_addsubdf3.o)
 .ARM.attributes
                0x0000066a       0x1d c:/program files (x86)/cypress/psoc creator/4.0/psoc creator/import/gnu/arm/4.9.3/bin/../lib/gcc/arm-none-eabi/4.9.3/armv7-m\libgcc.a(_arm_muldivdf3.o)
 .ARM.attributes
                0x00000687       0x1d c:/program files (x86)/cypress/psoc creator/4.0/psoc creator/import/gnu/arm/4.9.3/bin/../lib/gcc/arm-none-eabi/4.9.3/armv7-m\libgcc.a(_arm_fixunsdfsi.o)
 .ARM.attributes
                0x000006a4       0x2d c:/program files (x86)/cypress/psoc creator/4.0/psoc creator/import/gnu/arm/4.9.3/bin/../lib/gcc/arm-none-eabi/4.9.3/../../../../arm-none-eabi/lib/armv7-m\libg_nano.a(lib_a-errno.o)
 .ARM.attributes
                0x000006d1       0x2d c:/program files (x86)/cypress/psoc creator/4.0/psoc creator/import/gnu/arm/4.9.3/bin/../lib/gcc/arm-none-eabi/4.9.3/../../../../arm-none-eabi/lib/armv7-m\libg_nano.a(lib_a-exit.o)
 .ARM.attributes
                0x000006fe       0x2d c:/program files (x86)/cypress/psoc creator/4.0/psoc creator/import/gnu/arm/4.9.3/bin/../lib/gcc/arm-none-eabi/4.9.3/../../../../arm-none-eabi/lib/armv7-m\libg_nano.a(lib_a-impure.o)
 .ARM.attributes
                0x0000072b       0x2d c:/program files (x86)/cypress/psoc creator/4.0/psoc creator/import/gnu/arm/4.9.3/bin/../lib/gcc/arm-none-eabi/4.9.3/../../../../arm-none-eabi/lib/armv7-m\libg_nano.a(lib_a-init.o)
 .ARM.attributes
                0x00000758       0x2d c:/program files (x86)/cypress/psoc creator/4.0/psoc creator/import/gnu/arm/4.9.3/bin/../lib/gcc/arm-none-eabi/4.9.3/../../../../arm-none-eabi/lib/armv7-m\libg_nano.a(lib_a-memcpy.o)
 .ARM.attributes
                0x00000785       0x2d c:/program files (x86)/cypress/psoc creator/4.0/psoc creator/import/gnu/arm/4.9.3/bin/../lib/gcc/arm-none-eabi/4.9.3/../../../../arm-none-eabi/lib/armv7-m\libg_nano.a(lib_a-memset.o)
 .ARM.attributes
                0x000007b2       0x2d c:/program files (x86)/cypress/psoc creator/4.0/psoc creator/import/gnu/arm/4.9.3/bin/../lib/gcc/arm-none-eabi/4.9.3/armv7-m/crtend.o
 .ARM.attributes
                0x000007df       0x1d c:/program files (x86)/cypress/psoc creator/4.0/psoc creator/import/gnu/arm/4.9.3/bin/../lib/gcc/arm-none-eabi/4.9.3/armv7-m/crtn.o

/DISCARD/
 *(.note.GNU-stack)
OUTPUT(.\CortexM3\ARM_GCC_493\Debug\projet_entier.elf elf32-littlearm)
